---
http_interactions:
- request:
    method: post
    uri: https://api.sandbox.paypal.com/v1/oauth2/token
    body:
      encoding: UTF-8
      string: grant_type=client_credentials
    headers:
      Accept:
      - application/json
      Accept-Language:
      - en_US
      Accept-Encoding:
      - gzip;q=1.0,deflate;q=0.6,identity;q=0.3
      User-Agent:
      - Ruby
      Authorization:
      - Basic QWFEdkxJeUYwVFRlVUJqUEIwM3BBVkdjRFM1S0JNenFkcktyNU9VRXN2TWdBNnM5czNTNHdaY1U0cm1VUDI0WjczeEk2eHRlY2I2MjVibDY6RVBMQ2dJOE9CY2g2RzUyeHRTeHNBSVVDbGdobVJqZ3o2T2FvNndmT1RXMGtZN3F1UXFCa1ZsT3c0RFdqU2NlWnNQQ0x4OWczSEEyOFhUbzU=
  response:
    status:
      code: 200
      message: OK
    headers:
      Content-Type:
      - application/json
      Content-Length:
      - '1667'
      Connection:
      - keep-alive
      Date:
      - Mon, 30 Oct 2023 12:10:36 GMT
      X-Datadome:
      - protected
      Accept-Ch:
      - Sec-CH-UA,Sec-CH-UA-Mobile,Sec-CH-UA-Platform,Sec-CH-UA-Arch,Sec-CH-UA-Full-Version-List,Sec-CH-UA-Model,Sec-CH-Device-Memory
      Set-Cookie:
      - datadome=LAVh5XrMPKI8LAHqB3SFgKOEsfjpxTg7YCyvTDShigcWqApAZQ~hExOFgyYKuwjCNk1lh91stsEjzrsX_gIqf5O07xCYEVqv9JXPFXFUEb608I6b9EIVrTqxiqZ8gche;
        Max-Age=31536000; Domain=.paypal.com; Path=/; Secure; SameSite=Lax; HttpOnly
      Cache-Control:
      - max-age=0, no-cache, no-store, must-revalidate
      Paypal-Debug-Id:
      - 2ec6f5c21599f
      Pragma:
      - no-cache
      Vary:
      - Accept-Encoding
      X-Paypal-Token-Service:
      - IAAS
      Strict-Transport-Security:
      - max-age=31536000; includeSubDomains
    body:
      encoding: UTF-8
      string: '{"scope":"https://uri.paypal.com/services/customer/partner-referrals/readwrite
        https://uri.paypal.com/services/payments/partnerfee https://uri.paypal.com/services/invoicing
        https://uri.paypal.com/services/payments/realtimepayment https://uri.paypal.com/services/customer/onboarding/user
        https://api.paypal.com/v1/vault/credit-card https://api.paypal.com/v1/payments/.*
        https://uri.paypal.com/services/payments/referenced-payouts-items/readwrite
        https://uri.paypal.com/services/reporting/search/read https://uri.paypal.com/services/customer/partner
        https://uri.paypal.com/services/customer/merchant-integrations/read https://uri.paypal.com/services/applications/webhooks
        https://uri.paypal.com/services/disputes/update-seller https://uri.paypal.com/services/payments/payment/authcapture
        openid https://uri.paypal.com/services/disputes/read-seller https://uri.paypal.com/services/payments/refund
        https://uri.paypal.com/services/risk/raas/transaction-context https://uri.paypal.com/services/customer/consumer-referrals/create
        https://uri.paypal.com/services/partners/merchant-accounts/readwrite https://uri.paypal.com/services/identity/grantdelegation
        https://uri.paypal.com/services/customer/onboarding/account https://uri.paypal.com/payments/payouts
        https://uri.paypal.com/services/customer/onboarding/sessions https://api.paypal.com/v1/vault/credit-card/.*
        https://uri.paypal.com/services/subscriptions","access_token":"A21AAIU_43Ti5IuCSSOJ0ZHI73euYJ18ZxAxoF5QxUZbGJDlHTlHxzwwgUE6h-drCQNcPVOFPuqDor0WWqo9tkcjMUXzh4kPQ","token_type":"Bearer","app_id":"APP-80W284485P519543T","expires_in":32185,"nonce":"2023-10-30T12:07:01ZhpzQBHZs6Myel0WV3jjmP_95TwsfpSEQ0mGiutExVa8"}'
  recorded_at: Sat, 30 Sep 2023 12:10:35 GMT
- request:
    method: post
    uri: https://api.sandbox.paypal.com/v2/checkout/orders
    body:
      encoding: UTF-8
      string: '{"intent":"CAPTURE","purchase_units":[{"amount":{"currency_code":"gbp","value":"6.53","breakdown":{"shipping":{"currency_code":"GBP","value":"0.0"},"tax_total":{"currency_code":"GBP","value":"0.0"},"item_total":{"currency_code":"GBP","value":"6.53"}}},"payee":{"merchant_id":"CJS32DZ7NDN5L"},"items":[{"name":"Hunting
        Capybaras For Fun And Profit","unit_amount":{"currency_code":"GBP","value":"6.53"},"quantity":1,"sku":"w"}],"soft_descriptor":"Gumbot","payment_instruction":{"platform_fees":[{"amount":{"currency_code":"GBP","value":"0.46"},"payee":{"email_address":"paypal-api-facilitator@gumroad.com"}}]},"invoice_id":"06J-t3UfgpiLO1FwpWT01w=="}],"application_context":{"brand_name":"Gumroad","shipping_preference":"NO_SHIPPING"}}'
    headers:
      Accept:
      - application/json
      Accept-Language:
      - en_US
      Authorization:
      - Bearer A21AAIU_43Ti5IuCSSOJ0ZHI73euYJ18ZxAxoF5QxUZbGJDlHTlHxzwwgUE6h-drCQNcPVOFPuqDor0WWqo9tkcjMUXzh4kPQ
      Content-Type:
      - application/json
      Paypal-Partner-Attribution-Id:
      - Gumroad_SP_PCPP
      Paypal-Request-Id:
      - '16960758350'
      Prefer:
      - return=representation
      Accept-Encoding:
      - gzip
      Sdk-Name:
      - Checkout SDK
      Sdk-Version:
      - 1.0.4
      Sdk-Tech-Stack:
      - Ruby3.2.2
      Api-Integration-Type:
      - PAYPALSDK
      User-Agent:
      - PayPalSDK/rest-sdk-ruby 1.0.4 (paypal-checkout-sdk 1.0.4; ruby 3.2.2p53-arm64-darwin20;OpenSSL
        3.1.0 14 Mar 2023)
  response:
    status:
      code: 201
      message: Created
    headers:
      Content-Type:
      - application/json
      Content-Length:
      - '1216'
      Connection:
      - keep-alive
      Date:
      - Mon, 30 Oct 2023 12:10:38 GMT
      X-Datadome:
      - protected
      Accept-Ch:
      - Sec-CH-UA,Sec-CH-UA-Mobile,Sec-CH-UA-Platform,Sec-CH-UA-Arch,Sec-CH-UA-Full-Version-List,Sec-CH-UA-Model,Sec-CH-Device-Memory
      Set-Cookie:
      - datadome=Frj42nwabAWjEtG2X2EHwaibdk0xZKOQ4bSe6MTBV3x_wC6jy6auDTAAjoQKIRw60s6vYaCl5b9AKgyZdVB1IKuj72f1rE3ZhjgR6UDA7uIuXIouxodaPXo3qEWyyr7Y;
        Max-Age=31536000; Domain=.paypal.com; Path=/; Secure; SameSite=Lax; HttpOnly
      Access-Control-Expose-Headers:
      - Server-Timing
      Application-Id:
      - APP-80W284485P519543T
      Cache-Control:
      - max-age=0, no-cache, no-store, must-revalidate
      Caller-Acct-Num:
      - HU29XVVCZXNFN
      Paypal-Debug-Id:
      - e557ffeaa698b
      Server-Timing:
      - traceparent;desc="00-0000000000000000000e557ffeaa698b-7cf07ff71d168af8-01"
      Vary:
      - Accept-Encoding
      Strict-Transport-Security:
      - max-age=31536000; includeSubDomains
    body:
      encoding: UTF-8
      string: '{"id":"1SK99398BM889502B","intent":"CAPTURE","status":"CREATED","purchase_units":[{"reference_id":"default","amount":{"currency_code":"GBP","value":"6.53","breakdown":{"item_total":{"currency_code":"GBP","value":"6.53"},"shipping":{"currency_code":"GBP","value":"0.00"},"tax_total":{"currency_code":"GBP","value":"0.00"}}},"payee":{"merchant_id":"CJS32DZ7NDN5L"},"payment_instruction":{"platform_fees":[{"amount":{"currency_code":"GBP","value":"0.46"},"payee":{"email_address":"paypal-api-facilitator@gumroad.com"}}]},"invoice_id":"06J-t3UfgpiLO1FwpWT01w==","soft_descriptor":"Gumbot","items":[{"name":"Hunting
        Capybaras For Fun And Profit","unit_amount":{"currency_code":"GBP","value":"6.53"},"quantity":"1","sku":"w"}]}],"create_time":"2023-10-30T12:10:38Z","links":[{"href":"https://api.sandbox.paypal.com/v2/checkout/orders/1SK99398BM889502B","rel":"self","method":"GET"},{"href":"https://www.sandbox.paypal.com/checkoutnow?token=1SK99398BM889502B","rel":"approve","method":"GET"},{"href":"https://api.sandbox.paypal.com/v2/checkout/orders/1SK99398BM889502B","rel":"update","method":"PATCH"},{"href":"https://api.sandbox.paypal.com/v2/checkout/orders/1SK99398BM889502B/capture","rel":"capture","method":"POST"}]}'
  recorded_at: Sat, 30 Sep 2023 12:10:35 GMT
- request:
    method: post
    uri: https://api.sandbox.paypal.com/v2/checkout/orders/1SK99398BM889502B/capture
    body:
      encoding: UTF-8
      string: '{"payment_source":{"token":{"id":"B-8AM85704X2276171X","type":"BILLING_AGREEMENT"}}}'
    headers:
      Accept:
      - application/json
      Accept-Language:
      - en_US
      Authorization:
      - Bearer A21AAIU_43Ti5IuCSSOJ0ZHI73euYJ18ZxAxoF5QxUZbGJDlHTlHxzwwgUE6h-drCQNcPVOFPuqDor0WWqo9tkcjMUXzh4kPQ
      Content-Type:
      - application/json
      Paypal-Partner-Attribution-Id:
      - Gumroad_SP_PCPP
      Paypal-Request-Id:
      - capture-1SK99398BM889502B
      Prefer:
      - return=representation
      Accept-Encoding:
      - gzip
      Sdk-Name:
      - Checkout SDK
      Sdk-Version:
      - 1.0.4
      Sdk-Tech-Stack:
      - Ruby3.2.2
      Api-Integration-Type:
      - PAYPALSDK
      User-Agent:
      - PayPalSDK/rest-sdk-ruby 1.0.4 (paypal-checkout-sdk 1.0.4; ruby 3.2.2p53-arm64-darwin20;OpenSSL
        3.1.0 14 Mar 2023)
  response:
    status:
      code: 201
      message: Created
    headers:
      Content-Type:
      - application/json
      Content-Length:
      - '2912'
      Connection:
      - keep-alive
      Date:
      - Mon, 30 Oct 2023 12:10:41 GMT
      X-Datadome:
      - protected
      Accept-Ch:
      - Sec-CH-UA,Sec-CH-UA-Mobile,Sec-CH-UA-Platform,Sec-CH-UA-Arch,Sec-CH-UA-Full-Version-List,Sec-CH-UA-Model,Sec-CH-Device-Memory
      Set-Cookie:
      - datadome=GM8queQtWI06~~dJ3DDYiN8a3suwCF8mdPZINxO0lE6EozfZdwrkw6ogUBKo1gZv9O0~eNAReuZeLi1FPNQPaAepdry9c7HxtQDUOmrlehBlgwQ8bvBkCd4l7u3TaDpO;
        Max-Age=31536000; Domain=.paypal.com; Path=/; Secure; SameSite=Lax; HttpOnly
      Access-Control-Expose-Headers:
      - Server-Timing
      Application-Id:
      - APP-80W284485P519543T
      Cache-Control:
      - max-age=0, no-cache, no-store, must-revalidate
      Caller-Acct-Num:
      - HU29XVVCZXNFN
      Paypal-Debug-Id:
      - 341507a0d4277
      Server-Timing:
      - traceparent;desc="00-0000000000000000000341507a0d4277-28a7de158d49a1e7-01"
      Vary:
      - Accept-Encoding
      Strict-Transport-Security:
      - max-age=31536000; includeSubDomains
    body:
      encoding: UTF-8
      string: '{"id":"1SK99398BM889502B","intent":"CAPTURE","status":"COMPLETED","payment_source":{"paypal":{"email_address":"paypal-gr-integspecs@gumroad.com","account_id":"92SVVJSWYT72E","account_status":"VERIFIED","name":{"given_name":"Gumbot","surname":"Gumstein"},"address":{"address_line_1":"1
        Main St","admin_area_2":"San Jose","admin_area_1":"CA","postal_code":"95131","country_code":"US"}}},"purchase_units":[{"reference_id":"default","amount":{"currency_code":"GBP","value":"6.53","breakdown":{"item_total":{"currency_code":"GBP","value":"6.53"},"shipping":{"currency_code":"GBP","value":"0.00"},"handling":{"currency_code":"GBP","value":"0.00"},"tax_total":{"currency_code":"GBP","value":"0.00"},"insurance":{"currency_code":"GBP","value":"0.00"},"shipping_discount":{"currency_code":"GBP","value":"0.00"}}},"payee":{"email_address":"sb-cuv033075110@personal.example.com","merchant_id":"CJS32DZ7NDN5L"},"payment_instruction":{"platform_fees":[{"amount":{"currency_code":"GBP","value":"0.46"},"payee":{"email_address":"paypal-api-facilitator@gumroad.com","merchant_id":"HU29XVVCZXNFN"}}]},"description":"Hunting
        Capybaras For Fun And Profit","invoice_id":"06J-t3UfgpiLO1FwpWT01w==","items":[{"name":"Hunting
        Capybaras For Fun And Profit","unit_amount":{"currency_code":"GBP","value":"6.53"},"tax":{"currency_code":"GBP","value":"0.00"},"quantity":"1","sku":"w"}],"shipping":{"name":{"full_name":"Gumbot
        Gumstein"}},"payments":{"captures":[{"id":"87L53328JP551000P","status":"COMPLETED","amount":{"currency_code":"GBP","value":"6.53"},"final_capture":true,"disbursement_mode":"INSTANT","seller_protection":{"status":"ELIGIBLE","dispute_categories":["ITEM_NOT_RECEIVED","UNAUTHORIZED_TRANSACTION"]},"seller_receivable_breakdown":{"gross_amount":{"currency_code":"GBP","value":"6.53"},"paypal_fee":{"currency_code":"GBP","value":"0.45"},"platform_fees":[{"amount":{"currency_code":"GBP","value":"0.46"},"payee":{"merchant_id":"HU29XVVCZXNFN"}}],"net_amount":{"currency_code":"GBP","value":"5.62"}},"invoice_id":"06J-t3UfgpiLO1FwpWT01w==","links":[{"href":"https://api.sandbox.paypal.com/v2/payments/captures/87L53328JP551000P","rel":"self","method":"GET"},{"href":"https://api.sandbox.paypal.com/v2/payments/captures/87L53328JP551000P/refund","rel":"refund","method":"POST"},{"href":"https://api.sandbox.paypal.com/v2/checkout/orders/1SK99398BM889502B","rel":"up","method":"GET"}],"create_time":"2023-10-30T12:10:40Z","update_time":"2023-10-30T12:10:40Z"}]}}],"payer":{"name":{"given_name":"Gumbot","surname":"Gumstein"},"email_address":"paypal-gr-integspecs@gumroad.com","payer_id":"92SVVJSWYT72E","address":{"address_line_1":"1
        Main St","admin_area_2":"San Jose","admin_area_1":"CA","postal_code":"95131","country_code":"US"}},"create_time":"2023-10-30T12:10:38Z","update_time":"2023-10-30T12:10:40Z","links":[{"href":"https://api.sandbox.paypal.com/v2/checkout/orders/1SK99398BM889502B","rel":"self","method":"GET"}]}'
  recorded_at: Sat, 30 Sep 2023 12:10:35 GMT
- request:
    method: post
    uri: https://api.stripe.com/v1/payment_methods
    body:
      encoding: UTF-8
      string: type=card&card[number]=4242+4242+4242+4242&card[exp_month]=12&card[exp_year]=2023&card[cvc]=123
    headers:
      User-Agent:
      - Stripe/v1 RubyBindings/10.0.0
      Authorization:
      - Bearer sk_test_4MnOc1f1gf16nKP6dyvP4TAD
      Content-Type:
      - application/x-www-form-urlencoded
      X-Stripe-Client-Telemetry:
      - '{"last_request_metrics":{"request_id":"req_62bB70YGxcFteg","request_duration_ms":397}}'
      Idempotency-Key:
      - 3ca8be80-eef0-4aff-a887-57eaab00cca7
      Stripe-Version:
      - '2023-10-16'
      X-Stripe-Client-User-Agent:
      - '{"bindings_version":"10.0.0","lang":"ruby","lang_version":"3.2.2 p53 (2023-03-30)","platform":"arm64-darwin20","engine":"ruby","publisher":"stripe","uname":"Darwin
        Harbakshs-MacBook-Air.local 20.5.0 Darwin Kernel Version 20.5.0: Sat May  8
        05:10:31 PDT 2021; root:xnu-7195.121.3~9/RELEASE_ARM64_T8101 arm64","hostname":"Harbakshs-MacBook-Air.local"}'
      Accept-Encoding:
      - gzip;q=1.0,deflate;q=0.6,identity;q=0.3
      Accept:
      - "*/*"
  response:
    status:
      code: 200
      message: OK
    headers:
      Server:
      - nginx
      Date:
      - Mon, 30 Oct 2023 12:10:42 GMT
      Content-Type:
      - application/json
      Content-Length:
      - '931'
      Connection:
      - keep-alive
      Access-Control-Allow-Credentials:
      - 'true'
      Access-Control-Allow-Methods:
      - GET,HEAD,PUT,PATCH,POST,DELETE
      Access-Control-Allow-Origin:
      - "*"
      Access-Control-Expose-Headers:
      - Request-Id, Stripe-Manage-Version, Stripe-Should-Retry, X-Stripe-External-Auth-Required,
        X-Stripe-Privileged-Session-Required
      Access-Control-Max-Age:
      - '300'
      Cache-Control:
      - no-cache, no-store
      Content-Security-Policy-Report-Only:
      - report-uri https://q.stripe.com/csp-report?p=v1%2Fpayment_methods; block-all-mixed-content;
        default-src 'none'; base-uri 'none'; form-action 'none'; frame-ancestors 'none';
        img-src 'self'; script-src 'self' 'report-sample'; style-src 'self'
      Idempotency-Key:
      - 3ca8be80-eef0-4aff-a887-57eaab00cca7
      Original-Request:
      - req_hCPzzHaEgBZNu9
      Request-Id:
      - req_hCPzzHaEgBZNu9
      Stripe-Should-Retry:
      - 'false'
      Stripe-Version:
      - '2023-10-16'
      Vary:
      - Origin
      X-Stripe-Routing-Context-Priority-Tier:
      - api-testmode
      Strict-Transport-Security:
      - max-age=63072000; includeSubDomains; preload
    body:
      encoding: UTF-8
      string: |-
        {
          "id": "pm_0O6uIo9e1RjUNIyYgxfHemF5",
          "object": "payment_method",
          "billing_details": {
            "address": {
              "city": null,
              "country": null,
              "line1": null,
              "line2": null,
              "postal_code": null,
              "state": null
            },
            "email": null,
            "name": null,
            "phone": null
          },
          "card": {
            "brand": "visa",
            "checks": {
              "address_line1_check": null,
              "address_postal_code_check": null,
              "cvc_check": "unchecked"
            },
            "country": "US",
            "exp_month": 12,
            "exp_year": 2023,
            "fingerprint": "W691J2Ye3VDoq6Ij",
            "funding": "credit",
            "generated_from": null,
            "last4": "4242",
            "networks": {
              "available": [
                "visa"
              ],
              "preferred": null
            },
            "three_d_secure_usage": {
              "supported": true
            },
            "wallet": null
          },
          "created": 1698667842,
          "customer": null,
          "livemode": false,
          "metadata": {},
          "type": "card"
        }
  recorded_at: Sat, 30 Sep 2023 12:10:35 GMT
- request:
    method: get
    uri: https://api.stripe.com/v1/payment_methods/pm_0O6uIo9e1RjUNIyYgxfHemF5
    body:
      encoding: US-ASCII
      string: ''
    headers:
      User-Agent:
      - Stripe/v1 RubyBindings/10.0.0
      Authorization:
      - Bearer sk_test_4MnOc1f1gf16nKP6dyvP4TAD
      Content-Type:
      - application/x-www-form-urlencoded
      X-Stripe-Client-Telemetry:
      - '{"last_request_metrics":{"request_id":"req_hCPzzHaEgBZNu9","request_duration_ms":678}}'
      Stripe-Version:
      - '2023-10-16'
      X-Stripe-Client-User-Agent:
      - '{"bindings_version":"10.0.0","lang":"ruby","lang_version":"3.2.2 p53 (2023-03-30)","platform":"arm64-darwin20","engine":"ruby","publisher":"stripe","uname":"Darwin
        Harbakshs-MacBook-Air.local 20.5.0 Darwin Kernel Version 20.5.0: Sat May  8
        05:10:31 PDT 2021; root:xnu-7195.121.3~9/RELEASE_ARM64_T8101 arm64","hostname":"Harbakshs-MacBook-Air.local"}'
      Accept-Encoding:
      - gzip;q=1.0,deflate;q=0.6,identity;q=0.3
      Accept:
      - "*/*"
  response:
    status:
      code: 200
      message: OK
    headers:
      Server:
      - nginx
      Date:
      - Mon, 30 Oct 2023 12:10:43 GMT
      Content-Type:
      - application/json
      Content-Length:
      - '931'
      Connection:
      - keep-alive
      Access-Control-Allow-Credentials:
      - 'true'
      Access-Control-Allow-Methods:
      - GET,HEAD,PUT,PATCH,POST,DELETE
      Access-Control-Allow-Origin:
      - "*"
      Access-Control-Expose-Headers:
      - Request-Id, Stripe-Manage-Version, Stripe-Should-Retry, X-Stripe-External-Auth-Required,
        X-Stripe-Privileged-Session-Required
      Access-Control-Max-Age:
      - '300'
      Cache-Control:
      - no-cache, no-store
      Content-Security-Policy-Report-Only:
      - report-uri https://q.stripe.com/csp-report?p=v1%2Fpayment_methods%2F%3Apayment_method;
        block-all-mixed-content; default-src 'none'; base-uri 'none'; form-action
        'none'; frame-ancestors 'none'; img-src 'self'; script-src 'self' 'report-sample';
        style-src 'self'
      Request-Id:
      - req_MUZyThe2RAqCaT
      Stripe-Version:
      - '2023-10-16'
      Vary:
      - Origin
      X-Stripe-Routing-Context-Priority-Tier:
      - api-testmode
      Strict-Transport-Security:
      - max-age=63072000; includeSubDomains; preload
    body:
      encoding: UTF-8
      string: |-
        {
          "id": "pm_0O6uIo9e1RjUNIyYgxfHemF5",
          "object": "payment_method",
          "billing_details": {
            "address": {
              "city": null,
              "country": null,
              "line1": null,
              "line2": null,
              "postal_code": null,
              "state": null
            },
            "email": null,
            "name": null,
            "phone": null
          },
          "card": {
            "brand": "visa",
            "checks": {
              "address_line1_check": null,
              "address_postal_code_check": null,
              "cvc_check": "unchecked"
            },
            "country": "US",
            "exp_month": 12,
            "exp_year": 2023,
            "fingerprint": "W691J2Ye3VDoq6Ij",
            "funding": "credit",
            "generated_from": null,
            "last4": "4242",
            "networks": {
              "available": [
                "visa"
              ],
              "preferred": null
            },
            "three_d_secure_usage": {
              "supported": true
            },
            "wallet": null
          },
          "created": 1698667842,
          "customer": null,
          "livemode": false,
          "metadata": {},
          "type": "card"
        }
  recorded_at: Sat, 30 Sep 2023 12:10:35 GMT
- request:
    method: post
    uri: https://api.stripe.com/v1/payment_intents
    body:
      encoding: UTF-8
      string: amount=1000&currency=usd&description=You+bought+http%3A%2F%2Fedgar5.test.gumroad.com%3A31337%2Fl%2Fw&metadata[purchase]=CtsHatsaPp04w6OhgcIcAQ%3D%3D&transfer_group=23&payment_method_types[0]=card&confirmation_method=manual&confirm=true&off_session=true&payment_method=pm_0O6uIo9e1RjUNIyYgxfHemF5&statement_descriptor_suffix=Gumbot
    headers:
      User-Agent:
      - Stripe/v1 RubyBindings/10.0.0
      Authorization:
      - Bearer sk_test_4MnOc1f1gf16nKP6dyvP4TAD
      Content-Type:
      - application/x-www-form-urlencoded
      X-Stripe-Client-Telemetry:
      - '{"last_request_metrics":{"request_id":"req_MUZyThe2RAqCaT","request_duration_ms":343}}'
      Idempotency-Key:
      - 6c5335cd-a2fb-4d70-88ab-8e129fb92686
      Stripe-Version:
      - '2023-10-16'
      X-Stripe-Client-User-Agent:
      - '{"bindings_version":"10.0.0","lang":"ruby","lang_version":"3.2.2 p53 (2023-03-30)","platform":"arm64-darwin20","engine":"ruby","publisher":"stripe","uname":"Darwin
        Harbakshs-MacBook-Air.local 20.5.0 Darwin Kernel Version 20.5.0: Sat May  8
        05:10:31 PDT 2021; root:xnu-7195.121.3~9/RELEASE_ARM64_T8101 arm64","hostname":"Harbakshs-MacBook-Air.local"}'
      Accept-Encoding:
      - gzip;q=1.0,deflate;q=0.6,identity;q=0.3
      Accept:
      - "*/*"
  response:
    status:
      code: 200
      message: OK
    headers:
      Server:
      - nginx
      Date:
      - Mon, 30 Oct 2023 12:10:44 GMT
      Content-Type:
      - application/json
      Content-Length:
      - '1459'
      Connection:
      - keep-alive
      Access-Control-Allow-Credentials:
      - 'true'
      Access-Control-Allow-Methods:
      - GET,HEAD,PUT,PATCH,POST,DELETE
      Access-Control-Allow-Origin:
      - "*"
      Access-Control-Expose-Headers:
      - Request-Id, Stripe-Manage-Version, Stripe-Should-Retry, X-Stripe-External-Auth-Required,
        X-Stripe-Privileged-Session-Required
      Access-Control-Max-Age:
      - '300'
      Cache-Control:
      - no-cache, no-store
      Content-Security-Policy-Report-Only:
      - report-uri https://q.stripe.com/csp-report?p=v1%2Fpayment_intents; block-all-mixed-content;
        default-src 'none'; base-uri 'none'; form-action 'none'; frame-ancestors 'none';
        img-src 'self'; script-src 'self' 'report-sample'; style-src 'self'
      Idempotency-Key:
      - 6c5335cd-a2fb-4d70-88ab-8e129fb92686
      Original-Request:
      - req_ATck0mSMLC9IlZ
      Request-Id:
      - req_ATck0mSMLC9IlZ
      Stripe-Should-Retry:
      - 'false'
      Stripe-Version:
      - '2023-10-16'
      Vary:
      - Origin
      X-Stripe-Routing-Context-Priority-Tier:
      - api-testmode
      Strict-Transport-Security:
      - max-age=63072000; includeSubDomains; preload
    body:
      encoding: UTF-8
      string: |-
        {
          "id": "pi_2O6uIp9e1RjUNIyY1bi37ETp",
          "object": "payment_intent",
          "amount": 1000,
          "amount_capturable": 0,
          "amount_details": {
            "tip": {}
          },
          "amount_received": 1000,
          "application": null,
          "application_fee_amount": null,
          "automatic_payment_methods": null,
          "canceled_at": null,
          "cancellation_reason": null,
          "capture_method": "automatic",
          "client_secret": "pi_2O6uIp9e1RjUNIyY1bi37ETp_secret_aUhX1fiyATFcy6F3s96ROfFIi",
          "confirmation_method": "manual",
          "created": 1698667843,
          "currency": "usd",
          "customer": null,
          "description": "You bought http://edgar5.test.gumroad.com:31337/l/w",
          "invoice": null,
          "last_payment_error": null,
          "latest_charge": "ch_2O6uIp9e1RjUNIyY1G2Mf6y6",
          "livemode": false,
          "metadata": {
            "purchase": "CtsHatsaPp04w6OhgcIcAQ=="
          },
          "next_action": null,
          "on_behalf_of": null,
          "payment_method": "pm_0O6uIo9e1RjUNIyYgxfHemF5",
          "payment_method_configuration_details": null,
          "payment_method_options": {
            "card": {
              "installments": null,
              "mandate_options": null,
              "network": null,
              "request_three_d_secure": "automatic"
            }
          },
          "payment_method_types": [
            "card"
          ],
          "processing": null,
          "receipt_email": null,
          "review": null,
          "setup_future_usage": null,
          "shipping": null,
          "source": null,
          "statement_descriptor": null,
          "statement_descriptor_suffix": "Gumbot",
          "status": "succeeded",
          "transfer_data": null,
          "transfer_group": "23"
        }
  recorded_at: Sat, 30 Sep 2023 12:10:35 GMT
- request:
    method: get
    uri: https://api.stripe.com/v1/charges/ch_2O6uIp9e1RjUNIyY1G2Mf6y6?expand%5B%5D=application_fee.balance_transaction&expand%5B%5D=balance_transaction
    body:
      encoding: US-ASCII
      string: ''
    headers:
      User-Agent:
      - Stripe/v1 RubyBindings/10.0.0
      Authorization:
      - Bearer sk_test_4MnOc1f1gf16nKP6dyvP4TAD
      Content-Type:
      - application/x-www-form-urlencoded
      X-Stripe-Client-Telemetry:
      - '{"last_request_metrics":{"request_id":"req_ATck0mSMLC9IlZ","request_duration_ms":1183}}'
      Stripe-Version:
      - '2023-10-16'
      X-Stripe-Client-User-Agent:
      - '{"bindings_version":"10.0.0","lang":"ruby","lang_version":"3.2.2 p53 (2023-03-30)","platform":"arm64-darwin20","engine":"ruby","publisher":"stripe","uname":"Darwin
        Harbakshs-MacBook-Air.local 20.5.0 Darwin Kernel Version 20.5.0: Sat May  8
        05:10:31 PDT 2021; root:xnu-7195.121.3~9/RELEASE_ARM64_T8101 arm64","hostname":"Harbakshs-MacBook-Air.local"}'
      Accept-Encoding:
      - gzip;q=1.0,deflate;q=0.6,identity;q=0.3
      Accept:
      - "*/*"
  response:
    status:
      code: 200
      message: OK
    headers:
      Server:
      - nginx
      Date:
      - Mon, 30 Oct 2023 12:10:45 GMT
      Content-Type:
      - application/json
      Content-Length:
      - '3439'
      Connection:
      - keep-alive
      Access-Control-Allow-Credentials:
      - 'true'
      Access-Control-Allow-Methods:
      - GET,HEAD,PUT,PATCH,POST,DELETE
      Access-Control-Allow-Origin:
      - "*"
      Access-Control-Expose-Headers:
      - Request-Id, Stripe-Manage-Version, Stripe-Should-Retry, X-Stripe-External-Auth-Required,
        X-Stripe-Privileged-Session-Required
      Access-Control-Max-Age:
      - '300'
      Cache-Control:
      - no-cache, no-store
      Content-Security-Policy-Report-Only:
      - report-uri https://q.stripe.com/csp-report?p=v1%2Fcharges%2F%3Acharge; block-all-mixed-content;
        default-src 'none'; base-uri 'none'; form-action 'none'; frame-ancestors 'none';
        img-src 'self'; script-src 'self' 'report-sample'; style-src 'self'
      Request-Id:
      - req_PuEYSSfxAJHkzl
      Stripe-Version:
      - '2023-10-16'
      Vary:
      - Origin
      X-Stripe-Routing-Context-Priority-Tier:
      - api-testmode
      Strict-Transport-Security:
      - max-age=63072000; includeSubDomains; preload
    body:
      encoding: UTF-8
      string: |-
        {
          "id": "ch_2O6uIp9e1RjUNIyY1G2Mf6y6",
          "object": "charge",
          "amount": 1000,
          "amount_captured": 1000,
          "amount_refunded": 0,
          "amount_updates": [],
          "application": null,
          "application_fee": null,
          "application_fee_amount": null,
          "balance_transaction": {
            "id": "txn_2O6uIp9e1RjUNIyY10B0VxPJ",
            "object": "balance_transaction",
            "amount": 1000,
            "available_on": 1698796800,
            "created": 1698667843,
            "currency": "usd",
            "description": "You bought http://edgar5.test.gumroad.com:31337/l/w",
            "exchange_rate": null,
            "fee": 50,
            "fee_details": [
              {
                "amount": 50,
                "application": null,
                "currency": "usd",
                "description": "Stripe processing fees",
                "type": "stripe_fee"
              }
            ],
            "net": 950,
            "reporting_category": "charge",
            "source": "ch_2O6uIp9e1RjUNIyY1G2Mf6y6",
            "status": "pending",
            "type": "charge"
          },
          "billing_details": {
            "address": {
              "city": null,
              "country": null,
              "line1": null,
              "line2": null,
              "postal_code": null,
              "state": null
            },
            "email": null,
            "name": null,
            "phone": null
          },
          "calculated_statement_descriptor": "GUMRD.COM* GUMBOT",
          "captured": true,
          "created": 1698667843,
          "currency": "usd",
          "customer": null,
          "description": "You bought http://edgar5.test.gumroad.com:31337/l/w",
          "destination": null,
          "dispute": null,
          "disputed": false,
          "failure_balance_transaction": null,
          "failure_code": null,
          "failure_message": null,
          "fraud_details": {},
          "invoice": null,
          "livemode": false,
          "metadata": {
            "purchase": "CtsHatsaPp04w6OhgcIcAQ=="
          },
          "on_behalf_of": null,
          "order": null,
          "outcome": {
            "network_status": "approved_by_network",
            "reason": null,
            "risk_level": "normal",
            "risk_score": 37,
            "seller_message": "Payment complete.",
            "type": "authorized"
          },
          "paid": true,
          "payment_intent": "pi_2O6uIp9e1RjUNIyY1bi37ETp",
          "payment_method": "pm_0O6uIo9e1RjUNIyYgxfHemF5",
          "payment_method_details": {
            "card": {
              "amount_authorized": 1000,
              "brand": "visa",
              "checks": {
                "address_line1_check": null,
                "address_postal_code_check": null,
                "cvc_check": "pass"
              },
              "country": "US",
              "exp_month": 12,
              "exp_year": 2023,
              "extended_authorization": {
                "status": "disabled"
              },
              "fingerprint": "W691J2Ye3VDoq6Ij",
              "funding": "credit",
              "incremental_authorization": {
                "status": "unavailable"
              },
              "installments": null,
              "last4": "4242",
              "mandate": null,
              "multicapture": {
                "status": "unavailable"
              },
              "network": "visa",
              "network_token": {
                "used": false
              },
              "overcapture": {
                "maximum_amount_capturable": 1000,
                "status": "unavailable"
              },
              "three_d_secure": null,
              "wallet": null
            },
            "type": "card"
          },
          "receipt_email": null,
          "receipt_number": null,
          "receipt_url": "https://pay.stripe.com/receipts/payment/CAcaIgogOWUxUmpVTkl5WUdwQTlDZmgzUm1ReHhUemIxYWFrcEUoxbr-qQYyBilKMZdDnDosFrMuanVxHCicQVfa3Hq61jsD68_2y9RX-Wfqv3szAGvkCDn2VanZJTudP2I",
          "refunded": false,
          "review": null,
          "shipping": null,
          "source": null,
          "source_transfer": null,
          "statement_descriptor": null,
          "statement_descriptor_suffix": "Gumbot",
          "status": "succeeded",
          "transfer_data": null,
          "transfer_group": "23"
        }
  recorded_at: Sat, 30 Sep 2023 12:10:35 GMT
- request:
    method: get
    uri: https://api.stripe.com/v1/charges/ch_2O6uIp9e1RjUNIyY1G2Mf6y6
    body:
      encoding: US-ASCII
      string: ''
    headers:
      User-Agent:
      - Stripe/v1 RubyBindings/10.0.0
      Authorization:
      - Bearer sk_test_4MnOc1f1gf16nKP6dyvP4TAD
      Content-Type:
      - application/x-www-form-urlencoded
      X-Stripe-Client-Telemetry:
      - '{"last_request_metrics":{"request_id":"req_PuEYSSfxAJHkzl","request_duration_ms":780}}'
      Stripe-Version:
      - '2023-10-16'
      X-Stripe-Client-User-Agent:
      - '{"bindings_version":"10.0.0","lang":"ruby","lang_version":"3.2.2 p53 (2023-03-30)","platform":"arm64-darwin20","engine":"ruby","publisher":"stripe","uname":"Darwin
        Harbakshs-MacBook-Air.local 20.5.0 Darwin Kernel Version 20.5.0: Sat May  8
        05:10:31 PDT 2021; root:xnu-7195.121.3~9/RELEASE_ARM64_T8101 arm64","hostname":"Harbakshs-MacBook-Air.local"}'
      Accept-Encoding:
      - gzip;q=1.0,deflate;q=0.6,identity;q=0.3
      Accept:
      - "*/*"
  response:
    status:
      code: 200
      message: OK
    headers:
      Server:
      - nginx
      Date:
      - Mon, 30 Oct 2023 12:10:45 GMT
      Content-Type:
      - application/json
      Content-Length:
      - '2824'
      Connection:
      - keep-alive
      Access-Control-Allow-Credentials:
      - 'true'
      Access-Control-Allow-Methods:
      - GET,HEAD,PUT,PATCH,POST,DELETE
      Access-Control-Allow-Origin:
      - "*"
      Access-Control-Expose-Headers:
      - Request-Id, Stripe-Manage-Version, Stripe-Should-Retry, X-Stripe-External-Auth-Required,
        X-Stripe-Privileged-Session-Required
      Access-Control-Max-Age:
      - '300'
      Cache-Control:
      - no-cache, no-store
      Content-Security-Policy-Report-Only:
      - report-uri https://q.stripe.com/csp-report?p=v1%2Fcharges%2F%3Acharge; block-all-mixed-content;
        default-src 'none'; base-uri 'none'; form-action 'none'; frame-ancestors 'none';
        img-src 'self'; script-src 'self' 'report-sample'; style-src 'self'
      Request-Id:
      - req_D8yM5kPkAFeONn
      Stripe-Version:
      - '2023-10-16'
      Vary:
      - Origin
      X-Stripe-Routing-Context-Priority-Tier:
      - api-testmode
      Strict-Transport-Security:
      - max-age=63072000; includeSubDomains; preload
    body:
      encoding: UTF-8
      string: |-
        {
          "id": "ch_2O6uIp9e1RjUNIyY1G2Mf6y6",
          "object": "charge",
          "amount": 1000,
          "amount_captured": 1000,
          "amount_refunded": 0,
          "amount_updates": [],
          "application": null,
          "application_fee": null,
          "application_fee_amount": null,
          "balance_transaction": "txn_2O6uIp9e1RjUNIyY10B0VxPJ",
          "billing_details": {
            "address": {
              "city": null,
              "country": null,
              "line1": null,
              "line2": null,
              "postal_code": null,
              "state": null
            },
            "email": null,
            "name": null,
            "phone": null
          },
          "calculated_statement_descriptor": "GUMRD.COM* GUMBOT",
          "captured": true,
          "created": 1698667843,
          "currency": "usd",
          "customer": null,
          "description": "You bought http://edgar5.test.gumroad.com:31337/l/w",
          "destination": null,
          "dispute": null,
          "disputed": false,
          "failure_balance_transaction": null,
          "failure_code": null,
          "failure_message": null,
          "fraud_details": {},
          "invoice": null,
          "livemode": false,
          "metadata": {
            "purchase": "CtsHatsaPp04w6OhgcIcAQ=="
          },
          "on_behalf_of": null,
          "order": null,
          "outcome": {
            "network_status": "approved_by_network",
            "reason": null,
            "risk_level": "normal",
            "risk_score": 37,
            "seller_message": "Payment complete.",
            "type": "authorized"
          },
          "paid": true,
          "payment_intent": "pi_2O6uIp9e1RjUNIyY1bi37ETp",
          "payment_method": "pm_0O6uIo9e1RjUNIyYgxfHemF5",
          "payment_method_details": {
            "card": {
              "amount_authorized": 1000,
              "brand": "visa",
              "checks": {
                "address_line1_check": null,
                "address_postal_code_check": null,
                "cvc_check": "pass"
              },
              "country": "US",
              "exp_month": 12,
              "exp_year": 2023,
              "extended_authorization": {
                "status": "disabled"
              },
              "fingerprint": "W691J2Ye3VDoq6Ij",
              "funding": "credit",
              "incremental_authorization": {
                "status": "unavailable"
              },
              "installments": null,
              "last4": "4242",
              "mandate": null,
              "multicapture": {
                "status": "unavailable"
              },
              "network": "visa",
              "network_token": {
                "used": false
              },
              "overcapture": {
                "maximum_amount_capturable": 1000,
                "status": "unavailable"
              },
              "three_d_secure": null,
              "wallet": null
            },
            "type": "card"
          },
          "receipt_email": null,
          "receipt_number": null,
          "receipt_url": "https://pay.stripe.com/receipts/payment/CAcaIgogOWUxUmpVTkl5WUdwQTlDZmgzUm1ReHhUemIxYWFrcEUoxbr-qQYyBv7MNHI6vDosFkpjSvuFWSucIZxVGAdon5UPwOY8AlCppPrj4fe68uHY4sqhB4ORihCGE8k",
          "refunded": false,
          "review": null,
          "shipping": null,
          "source": null,
          "source_transfer": null,
          "statement_descriptor": null,
          "statement_descriptor_suffix": "Gumbot",
          "status": "succeeded",
          "transfer_data": null,
          "transfer_group": "23"
        }
  recorded_at: Sun, 01 Oct 2023 12:10:35 GMT
- request:
    method: post
    uri: https://api.stripe.com/v1/refunds
    body:
      encoding: UTF-8
      string: charge=ch_2O6uIp9e1RjUNIyY1G2Mf6y6&amount=350
    headers:
      User-Agent:
      - Stripe/v1 RubyBindings/10.0.0
      Authorization:
      - Bearer sk_test_4MnOc1f1gf16nKP6dyvP4TAD
      Content-Type:
      - application/x-www-form-urlencoded
      X-Stripe-Client-Telemetry:
      - '{"last_request_metrics":{"request_id":"req_D8yM5kPkAFeONn","request_duration_ms":410}}'
      Idempotency-Key:
      - c7119dee-4623-4e9d-92c2-99b3e95fbe9f
      Stripe-Version:
      - '2023-10-16'
      X-Stripe-Client-User-Agent:
      - '{"bindings_version":"10.0.0","lang":"ruby","lang_version":"3.2.2 p53 (2023-03-30)","platform":"arm64-darwin20","engine":"ruby","publisher":"stripe","uname":"Darwin
        Harbakshs-MacBook-Air.local 20.5.0 Darwin Kernel Version 20.5.0: Sat May  8
        05:10:31 PDT 2021; root:xnu-7195.121.3~9/RELEASE_ARM64_T8101 arm64","hostname":"Harbakshs-MacBook-Air.local"}'
      Accept-Encoding:
      - gzip;q=1.0,deflate;q=0.6,identity;q=0.3
      Accept:
      - "*/*"
  response:
    status:
      code: 200
      message: OK
    headers:
      Server:
      - nginx
      Date:
      - Mon, 30 Oct 2023 12:10:47 GMT
      Content-Type:
      - application/json
      Content-Length:
      - '429'
      Connection:
      - keep-alive
      Access-Control-Allow-Credentials:
      - 'true'
      Access-Control-Allow-Methods:
      - GET,HEAD,PUT,PATCH,POST,DELETE
      Access-Control-Allow-Origin:
      - "*"
      Access-Control-Expose-Headers:
      - Request-Id, Stripe-Manage-Version, Stripe-Should-Retry, X-Stripe-External-Auth-Required,
        X-Stripe-Privileged-Session-Required
      Access-Control-Max-Age:
      - '300'
      Cache-Control:
      - no-cache, no-store
      Content-Security-Policy-Report-Only:
      - report-uri https://q.stripe.com/csp-report?p=v1%2Frefunds; block-all-mixed-content;
        default-src 'none'; base-uri 'none'; form-action 'none'; frame-ancestors 'none';
        img-src 'self'; script-src 'self' 'report-sample'; style-src 'self'
      Idempotency-Key:
      - c7119dee-4623-4e9d-92c2-99b3e95fbe9f
      Original-Request:
      - req_0dM1Z5OblkCMpx
      Request-Id:
      - req_0dM1Z5OblkCMpx
      Stripe-Should-Retry:
      - 'false'
      Stripe-Version:
      - '2023-10-16'
      Vary:
      - Origin
      X-Stripe-Routing-Context-Priority-Tier:
      - api-testmode
      Strict-Transport-Security:
      - max-age=63072000; includeSubDomains; preload
    body:
      encoding: UTF-8
      string: |-
        {
          "id": "re_2O6uIp9e1RjUNIyY1abxQ7wk",
          "object": "refund",
          "amount": 350,
          "balance_transaction": "txn_2O6uIp9e1RjUNIyY14fwXCg7",
          "charge": "ch_2O6uIp9e1RjUNIyY1G2Mf6y6",
          "created": 1698667846,
          "currency": "usd",
          "metadata": {},
          "payment_intent": "pi_2O6uIp9e1RjUNIyY1bi37ETp",
          "reason": null,
          "receipt_number": null,
          "source_transfer_reversal": null,
          "status": "succeeded",
          "transfer_reversal": null
        }
  recorded_at: Sun, 01 Oct 2023 12:10:35 GMT
- request:
    method: get
    uri: https://api.stripe.com/v1/refunds/re_2O6uIp9e1RjUNIyY1abxQ7wk?expand%5B%5D=balance_transaction
    body:
      encoding: US-ASCII
      string: ''
    headers:
      User-Agent:
      - Stripe/v1 RubyBindings/10.0.0
      Authorization:
      - Bearer sk_test_4MnOc1f1gf16nKP6dyvP4TAD
      Content-Type:
      - application/x-www-form-urlencoded
      X-Stripe-Client-Telemetry:
      - '{"last_request_metrics":{"request_id":"req_0dM1Z5OblkCMpx","request_duration_ms":1235}}'
      Stripe-Version:
      - '2023-10-16'
      X-Stripe-Client-User-Agent:
      - '{"bindings_version":"10.0.0","lang":"ruby","lang_version":"3.2.2 p53 (2023-03-30)","platform":"arm64-darwin20","engine":"ruby","publisher":"stripe","uname":"Darwin
        Harbakshs-MacBook-Air.local 20.5.0 Darwin Kernel Version 20.5.0: Sat May  8
        05:10:31 PDT 2021; root:xnu-7195.121.3~9/RELEASE_ARM64_T8101 arm64","hostname":"Harbakshs-MacBook-Air.local"}'
      Accept-Encoding:
      - gzip;q=1.0,deflate;q=0.6,identity;q=0.3
      Accept:
      - "*/*"
  response:
    status:
      code: 200
      message: OK
    headers:
      Server:
      - nginx
      Date:
      - Mon, 30 Oct 2023 12:10:47 GMT
      Content-Type:
      - application/json
      Content-Length:
      - '1073'
      Connection:
      - keep-alive
      Access-Control-Allow-Credentials:
      - 'true'
      Access-Control-Allow-Methods:
      - GET,HEAD,PUT,PATCH,POST,DELETE
      Access-Control-Allow-Origin:
      - "*"
      Access-Control-Expose-Headers:
      - Request-Id, Stripe-Manage-Version, Stripe-Should-Retry, X-Stripe-External-Auth-Required,
        X-Stripe-Privileged-Session-Required
      Access-Control-Max-Age:
      - '300'
      Cache-Control:
      - no-cache, no-store
      Content-Security-Policy-Report-Only:
      - report-uri https://q.stripe.com/csp-report?p=v1%2Frefunds%2F%3Arefund; block-all-mixed-content;
        default-src 'none'; base-uri 'none'; form-action 'none'; frame-ancestors 'none';
        img-src 'self'; script-src 'self' 'report-sample'; style-src 'self'
      Request-Id:
      - req_6CZTH3YYuHNJgz
      Stripe-Version:
      - '2023-10-16'
      Vary:
      - Origin
      X-Stripe-Routing-Context-Priority-Tier:
      - api-testmode
      Strict-Transport-Security:
      - max-age=63072000; includeSubDomains; preload
    body:
      encoding: UTF-8
      string: |-
        {
          "id": "re_2O6uIp9e1RjUNIyY1abxQ7wk",
          "object": "refund",
          "amount": 350,
          "balance_transaction": {
            "id": "txn_2O6uIp9e1RjUNIyY14fwXCg7",
            "object": "balance_transaction",
            "amount": -350,
            "available_on": 1698796800,
            "created": 1698667846,
            "currency": "usd",
            "description": "REFUND FOR CHARGE (You bought http://edgar5.test.gumroad.com:31337/l/w)",
            "exchange_rate": null,
            "fee": -12,
            "fee_details": [
              {
                "amount": -12,
                "application": null,
                "currency": "usd",
                "description": "Stripe processing fee refund",
                "type": "stripe_fee"
              }
            ],
            "net": -338,
            "reporting_category": "refund",
            "source": "re_2O6uIp9e1RjUNIyY1abxQ7wk",
            "status": "pending",
            "type": "refund"
          },
          "charge": "ch_2O6uIp9e1RjUNIyY1G2Mf6y6",
          "created": 1698667846,
          "currency": "usd",
          "metadata": {},
          "payment_intent": "pi_2O6uIp9e1RjUNIyY1bi37ETp",
          "reason": null,
          "receipt_number": null,
          "source_transfer_reversal": null,
          "status": "succeeded",
          "transfer_reversal": null
        }
  recorded_at: Sun, 01 Oct 2023 12:10:35 GMT
- request:
    method: get
    uri: https://api.stripe.com/v1/charges/ch_2O6uIp9e1RjUNIyY1G2Mf6y6?expand%5B%5D=application_fee.refunds.data.balance_transaction&expand%5B%5D=balance_transaction
    body:
      encoding: US-ASCII
      string: ''
    headers:
      User-Agent:
      - Stripe/v1 RubyBindings/10.0.0
      Authorization:
      - Bearer sk_test_4MnOc1f1gf16nKP6dyvP4TAD
      Content-Type:
      - application/x-www-form-urlencoded
      X-Stripe-Client-Telemetry:
      - '{"last_request_metrics":{"request_id":"req_6CZTH3YYuHNJgz","request_duration_ms":354}}'
      Stripe-Version:
      - '2023-10-16'
      X-Stripe-Client-User-Agent:
      - '{"bindings_version":"10.0.0","lang":"ruby","lang_version":"3.2.2 p53 (2023-03-30)","platform":"arm64-darwin20","engine":"ruby","publisher":"stripe","uname":"Darwin
        Harbakshs-MacBook-Air.local 20.5.0 Darwin Kernel Version 20.5.0: Sat May  8
        05:10:31 PDT 2021; root:xnu-7195.121.3~9/RELEASE_ARM64_T8101 arm64","hostname":"Harbakshs-MacBook-Air.local"}'
      Accept-Encoding:
      - gzip;q=1.0,deflate;q=0.6,identity;q=0.3
      Accept:
      - "*/*"
  response:
    status:
      code: 200
      message: OK
    headers:
      Server:
      - nginx
      Date:
      - Mon, 30 Oct 2023 12:10:48 GMT
      Content-Type:
      - application/json
      Content-Length:
      - '3441'
      Connection:
      - keep-alive
      Access-Control-Allow-Credentials:
      - 'true'
      Access-Control-Allow-Methods:
      - GET,HEAD,PUT,PATCH,POST,DELETE
      Access-Control-Allow-Origin:
      - "*"
      Access-Control-Expose-Headers:
      - Request-Id, Stripe-Manage-Version, Stripe-Should-Retry, X-Stripe-External-Auth-Required,
        X-Stripe-Privileged-Session-Required
      Access-Control-Max-Age:
      - '300'
      Cache-Control:
      - no-cache, no-store
      Content-Security-Policy-Report-Only:
      - report-uri https://q.stripe.com/csp-report?p=v1%2Fcharges%2F%3Acharge; block-all-mixed-content;
        default-src 'none'; base-uri 'none'; form-action 'none'; frame-ancestors 'none';
        img-src 'self'; script-src 'self' 'report-sample'; style-src 'self'
      Request-Id:
      - req_5IzKi6ZZv8osDV
      Stripe-Version:
      - '2023-10-16'
      Vary:
      - Origin
      X-Stripe-Routing-Context-Priority-Tier:
      - api-testmode
      Strict-Transport-Security:
      - max-age=63072000; includeSubDomains; preload
    body:
      encoding: UTF-8
      string: |-
        {
          "id": "ch_2O6uIp9e1RjUNIyY1G2Mf6y6",
          "object": "charge",
          "amount": 1000,
          "amount_captured": 1000,
          "amount_refunded": 350,
          "amount_updates": [],
          "application": null,
          "application_fee": null,
          "application_fee_amount": null,
          "balance_transaction": {
            "id": "txn_2O6uIp9e1RjUNIyY10B0VxPJ",
            "object": "balance_transaction",
            "amount": 1000,
            "available_on": 1698796800,
            "created": 1698667843,
            "currency": "usd",
            "description": "You bought http://edgar5.test.gumroad.com:31337/l/w",
            "exchange_rate": null,
            "fee": 50,
            "fee_details": [
              {
                "amount": 50,
                "application": null,
                "currency": "usd",
                "description": "Stripe processing fees",
                "type": "stripe_fee"
              }
            ],
            "net": 950,
            "reporting_category": "charge",
            "source": "ch_2O6uIp9e1RjUNIyY1G2Mf6y6",
            "status": "pending",
            "type": "charge"
          },
          "billing_details": {
            "address": {
              "city": null,
              "country": null,
              "line1": null,
              "line2": null,
              "postal_code": null,
              "state": null
            },
            "email": null,
            "name": null,
            "phone": null
          },
          "calculated_statement_descriptor": "GUMRD.COM* GUMBOT",
          "captured": true,
          "created": 1698667843,
          "currency": "usd",
          "customer": null,
          "description": "You bought http://edgar5.test.gumroad.com:31337/l/w",
          "destination": null,
          "dispute": null,
          "disputed": false,
          "failure_balance_transaction": null,
          "failure_code": null,
          "failure_message": null,
          "fraud_details": {},
          "invoice": null,
          "livemode": false,
          "metadata": {
            "purchase": "CtsHatsaPp04w6OhgcIcAQ=="
          },
          "on_behalf_of": null,
          "order": null,
          "outcome": {
            "network_status": "approved_by_network",
            "reason": null,
            "risk_level": "normal",
            "risk_score": 37,
            "seller_message": "Payment complete.",
            "type": "authorized"
          },
          "paid": true,
          "payment_intent": "pi_2O6uIp9e1RjUNIyY1bi37ETp",
          "payment_method": "pm_0O6uIo9e1RjUNIyYgxfHemF5",
          "payment_method_details": {
            "card": {
              "amount_authorized": 1000,
              "brand": "visa",
              "checks": {
                "address_line1_check": null,
                "address_postal_code_check": null,
                "cvc_check": "pass"
              },
              "country": "US",
              "exp_month": 12,
              "exp_year": 2023,
              "extended_authorization": {
                "status": "disabled"
              },
              "fingerprint": "W691J2Ye3VDoq6Ij",
              "funding": "credit",
              "incremental_authorization": {
                "status": "unavailable"
              },
              "installments": null,
              "last4": "4242",
              "mandate": null,
              "multicapture": {
                "status": "unavailable"
              },
              "network": "visa",
              "network_token": {
                "used": false
              },
              "overcapture": {
                "maximum_amount_capturable": 1000,
                "status": "unavailable"
              },
              "three_d_secure": null,
              "wallet": null
            },
            "type": "card"
          },
          "receipt_email": null,
          "receipt_number": null,
          "receipt_url": "https://pay.stripe.com/receipts/payment/CAcaIgogOWUxUmpVTkl5WUdwQTlDZmgzUm1ReHhUemIxYWFrcEUox7r-qQYyBhq9itrQ8josFuH0dhSbgm2inqP_jIsqcKSrxjTGUppPG9fO4EZJo5gqM_f9HztKB8AvW4I",
          "refunded": false,
          "review": null,
          "shipping": null,
          "source": null,
          "source_transfer": null,
          "statement_descriptor": null,
          "statement_descriptor_suffix": "Gumbot",
          "status": "succeeded",
          "transfer_data": null,
          "transfer_group": "23"
        }
  recorded_at: Sun, 01 Oct 2023 12:10:35 GMT
recorded_with: VCR 6.2.0
