---
http_interactions:
- request:
    method: post
    uri: https://api.stripe.com/v1/payment_methods
    body:
      encoding: UTF-8
      string: type=card&card[number]=4242+4242+4242+4242&card[exp_month]=12&card[exp_year]=2024&card[cvc]=123
    headers:
      User-Agent:
      - Stripe/v1 RubyBindings/10.14.0
      Authorization:
      - Bearer sk_test_4MnOc1f1gf16nKP6dyvP4TAD
      Content-Type:
      - application/x-www-form-urlencoded
      X-Stripe-Client-Telemetry:
      - '{"last_request_metrics":{"request_id":"req_u49RUl7HnF9j62","request_duration_ms":0}}'
      Idempotency-Key:
      - 378200ee-3a2e-44cd-8fe1-f398ee676def
      Stripe-Version:
      - '2023-10-16'
      X-Stripe-Client-User-Agent:
      - '{"bindings_version":"10.14.0","lang":"ruby","lang_version":"3.2.2 p53 (2023-03-30)","platform":"x86_64-linux","engine":"ruby","publisher":"stripe","uname":"Linux
        version 6.5.0-26-generic (buildd@lcy02-amd64-070) (x86_64-linux-gnu-gcc-13
        (Ubuntu 13.2.0-4ubuntu3) 13.2.0, GNU ld (GNU Binutils for Ubuntu) 2.41) #26-Ubuntu
        SMP PREEMPT_DYNAMIC Tue Mar  5 21:19:28 UTC 2024","hostname":"dell"}'
      Accept-Encoding:
      - gzip;q=1.0,deflate;q=0.6,identity;q=0.3
      Accept:
      - "*/*"
  response:
    status:
      code: 200
      message: OK
    headers:
      Server:
      - nginx
      Date:
      - Fri, 05 Apr 2024 11:35:47 GMT
      Content-Type:
      - application/json
      Content-Length:
      - '960'
      Connection:
      - keep-alive
      Access-Control-Allow-Credentials:
      - 'true'
      Access-Control-Allow-Methods:
      - GET,HEAD,PUT,PATCH,POST,DELETE
      Access-Control-Allow-Origin:
      - "*"
      Access-Control-Expose-Headers:
      - Request-Id, Stripe-Manage-Version, Stripe-Should-Retry, X-Stripe-External-Auth-Required,
        X-Stripe-Privileged-Session-Required
      Access-Control-Max-Age:
      - '300'
      Cache-Control:
      - no-cache, no-store
      Content-Security-Policy:
      - report-uri https://q.stripe.com/csp-report?p=v1%2Fpayment_methods; block-all-mixed-content;
        default-src 'none'; base-uri 'none'; form-action 'none'; frame-ancestors 'none';
        img-src 'self'; script-src 'self' 'report-sample'; style-src 'self'
      Cross-Origin-Opener-Policy-Report-Only:
      - same-origin; report-to="coop"
      Idempotency-Key:
      - 378200ee-3a2e-44cd-8fe1-f398ee676def
      Original-Request:
      - req_kEdkJCRZH3mbzs
      Report-To:
      - '{"group":"coop","max_age":8640,"endpoints":[{"url":"https://q.stripe.com/coop-report"}],"include_subdomains":true}'
      Reporting-Endpoints:
      - coop="https://q.stripe.com/coop-report"
      Request-Id:
      - req_kEdkJCRZH3mbzs
      Stripe-Should-Retry:
      - 'false'
      Stripe-Version:
      - '2023-10-16'
      Vary:
      - Origin
      X-Stripe-Routing-Context-Priority-Tier:
      - api-testmode
      Strict-Transport-Security:
      - max-age=63072000; includeSubDomains; preload
    body:
      encoding: UTF-8
      string: |-
        {
          "id": "pm_0P2B3f9e1RjUNIyYMGNsOjcb",
          "object": "payment_method",
          "billing_details": {
            "address": {
              "city": null,
              "country": null,
              "line1": null,
              "line2": null,
              "postal_code": null,
              "state": null
            },
            "email": null,
            "name": null,
            "phone": null
          },
          "card": {
            "brand": "visa",
            "checks": {
              "address_line1_check": null,
              "address_postal_code_check": null,
              "cvc_check": "unchecked"
            },
            "country": "US",
            "display_brand": "visa",
            "exp_month": 12,
            "exp_year": 2024,
            "fingerprint": "W691J2Ye3VDoq6Ij",
            "funding": "credit",
            "generated_from": null,
            "last4": "4242",
            "networks": {
              "available": [
                "visa"
              ],
              "preferred": null
            },
            "three_d_secure_usage": {
              "supported": true
            },
            "wallet": null
          },
          "created": 1712316947,
          "customer": null,
          "livemode": false,
          "metadata": {},
          "type": "card"
        }
  recorded_at: Fri, 05 Apr 2024 11:35:47 GMT
- request:
    method: get
    uri: https://api.stripe.com/v1/payment_methods/pm_0P2B3f9e1RjUNIyYMGNsOjcb
    body:
      encoding: US-ASCII
      string: ''
    headers:
      User-Agent:
      - Stripe/v1 RubyBindings/10.14.0
      Authorization:
      - Bearer sk_test_4MnOc1f1gf16nKP6dyvP4TAD
      Content-Type:
      - application/x-www-form-urlencoded
      X-Stripe-Client-Telemetry:
      - '{"last_request_metrics":{"request_id":"req_kEdkJCRZH3mbzs","request_duration_ms":709}}'
      Stripe-Version:
      - '2023-10-16'
      X-Stripe-Client-User-Agent:
      - '{"bindings_version":"10.14.0","lang":"ruby","lang_version":"3.2.2 p53 (2023-03-30)","platform":"x86_64-linux","engine":"ruby","publisher":"stripe","uname":"Linux
        version 6.5.0-26-generic (buildd@lcy02-amd64-070) (x86_64-linux-gnu-gcc-13
        (Ubuntu 13.2.0-4ubuntu3) 13.2.0, GNU ld (GNU Binutils for Ubuntu) 2.41) #26-Ubuntu
        SMP PREEMPT_DYNAMIC Tue Mar  5 21:19:28 UTC 2024","hostname":"dell"}'
      Accept-Encoding:
      - gzip;q=1.0,deflate;q=0.6,identity;q=0.3
      Accept:
      - "*/*"
  response:
    status:
      code: 200
      message: OK
    headers:
      Server:
      - nginx
      Date:
      - Fri, 05 Apr 2024 11:35:48 GMT
      Content-Type:
      - application/json
      Content-Length:
      - '960'
      Connection:
      - keep-alive
      Access-Control-Allow-Credentials:
      - 'true'
      Access-Control-Allow-Methods:
      - GET,HEAD,PUT,PATCH,POST,DELETE
      Access-Control-Allow-Origin:
      - "*"
      Access-Control-Expose-Headers:
      - Request-Id, Stripe-Manage-Version, Stripe-Should-Retry, X-Stripe-External-Auth-Required,
        X-Stripe-Privileged-Session-Required
      Access-Control-Max-Age:
      - '300'
      Cache-Control:
      - no-cache, no-store
      Content-Security-Policy:
      - report-uri https://q.stripe.com/csp-report?p=v1%2Fpayment_methods%2F%3Apayment_method;
        block-all-mixed-content; default-src 'none'; base-uri 'none'; form-action
        'none'; frame-ancestors 'none'; img-src 'self'; script-src 'self' 'report-sample';
        style-src 'self'
      Cross-Origin-Opener-Policy-Report-Only:
      - same-origin; report-to="coop"
      Report-To:
      - '{"group":"coop","max_age":8640,"endpoints":[{"url":"https://q.stripe.com/coop-report"}],"include_subdomains":true}'
      Reporting-Endpoints:
      - coop="https://q.stripe.com/coop-report"
      Request-Id:
      - req_WIzKsz8yiuaQZ8
      Stripe-Version:
      - '2023-10-16'
      Vary:
      - Origin
      X-Stripe-Routing-Context-Priority-Tier:
      - api-testmode
      Strict-Transport-Security:
      - max-age=63072000; includeSubDomains; preload
    body:
      encoding: UTF-8
      string: |-
        {
          "id": "pm_0P2B3f9e1RjUNIyYMGNsOjcb",
          "object": "payment_method",
          "billing_details": {
            "address": {
              "city": null,
              "country": null,
              "line1": null,
              "line2": null,
              "postal_code": null,
              "state": null
            },
            "email": null,
            "name": null,
            "phone": null
          },
          "card": {
            "brand": "visa",
            "checks": {
              "address_line1_check": null,
              "address_postal_code_check": null,
              "cvc_check": "unchecked"
            },
            "country": "US",
            "display_brand": "visa",
            "exp_month": 12,
            "exp_year": 2024,
            "fingerprint": "W691J2Ye3VDoq6Ij",
            "funding": "credit",
            "generated_from": null,
            "last4": "4242",
            "networks": {
              "available": [
                "visa"
              ],
              "preferred": null
            },
            "three_d_secure_usage": {
              "supported": true
            },
            "wallet": null
          },
          "created": 1712316947,
          "customer": null,
          "livemode": false,
          "metadata": {},
          "type": "card"
        }
  recorded_at: Fri, 05 Apr 2024 11:35:48 GMT
- request:
    method: post
    uri: https://api.stripe.com/v1/customers
    body:
      encoding: UTF-8
      string: description=&payment_method=pm_0P2B3f9e1RjUNIyYMGNsOjcb
    headers:
      User-Agent:
      - Stripe/v1 RubyBindings/10.14.0
      Authorization:
      - Bearer sk_test_4MnOc1f1gf16nKP6dyvP4TAD
      Content-Type:
      - application/x-www-form-urlencoded
      X-Stripe-Client-Telemetry:
      - '{"last_request_metrics":{"request_id":"req_WIzKsz8yiuaQZ8","request_duration_ms":401}}'
      Idempotency-Key:
      - e8e9ad27-6bb6-4c4d-8a61-0cc3afa7495d
      Stripe-Version:
      - '2023-10-16'
      X-Stripe-Client-User-Agent:
      - '{"bindings_version":"10.14.0","lang":"ruby","lang_version":"3.2.2 p53 (2023-03-30)","platform":"x86_64-linux","engine":"ruby","publisher":"stripe","uname":"Linux
        version 6.5.0-26-generic (buildd@lcy02-amd64-070) (x86_64-linux-gnu-gcc-13
        (Ubuntu 13.2.0-4ubuntu3) 13.2.0, GNU ld (GNU Binutils for Ubuntu) 2.41) #26-Ubuntu
        SMP PREEMPT_DYNAMIC Tue Mar  5 21:19:28 UTC 2024","hostname":"dell"}'
      Accept-Encoding:
      - gzip;q=1.0,deflate;q=0.6,identity;q=0.3
      Accept:
      - "*/*"
  response:
    status:
      code: 200
      message: OK
    headers:
      Server:
      - nginx
      Date:
      - Fri, 05 Apr 2024 11:35:49 GMT
      Content-Type:
      - application/json
      Content-Length:
      - '614'
      Connection:
      - keep-alive
      Access-Control-Allow-Credentials:
      - 'true'
      Access-Control-Allow-Methods:
      - GET,HEAD,PUT,PATCH,POST,DELETE
      Access-Control-Allow-Origin:
      - "*"
      Access-Control-Expose-Headers:
      - Request-Id, Stripe-Manage-Version, Stripe-Should-Retry, X-Stripe-External-Auth-Required,
        X-Stripe-Privileged-Session-Required
      Access-Control-Max-Age:
      - '300'
      Cache-Control:
      - no-cache, no-store
      Content-Security-Policy:
      - report-uri https://q.stripe.com/csp-report?p=v1%2Fcustomers; block-all-mixed-content;
        default-src 'none'; base-uri 'none'; form-action 'none'; frame-ancestors 'none';
        img-src 'self'; script-src 'self' 'report-sample'; style-src 'self'
      Cross-Origin-Opener-Policy-Report-Only:
      - same-origin; report-to="coop"
      Idempotency-Key:
      - e8e9ad27-6bb6-4c4d-8a61-0cc3afa7495d
      Original-Request:
      - req_N4FDxmCGCRBK9t
      Report-To:
      - '{"group":"coop","max_age":8640,"endpoints":[{"url":"https://q.stripe.com/coop-report"}],"include_subdomains":true}'
      Reporting-Endpoints:
      - coop="https://q.stripe.com/coop-report"
      Request-Id:
      - req_N4FDxmCGCRBK9t
      Stripe-Should-Retry:
      - 'false'
      Stripe-Version:
      - '2023-10-16'
      Vary:
      - Origin
      X-Stripe-Routing-Context-Priority-Tier:
      - api-testmode
      Strict-Transport-Security:
      - max-age=63072000; includeSubDomains; preload
    body:
      encoding: UTF-8
      string: |-
        {
          "id": "cus_PrutmjIP782Uvg",
          "object": "customer",
          "address": null,
          "balance": 0,
          "created": 1712316948,
          "currency": null,
          "default_source": null,
          "delinquent": false,
          "description": null,
          "discount": null,
          "email": null,
          "invoice_prefix": "A0F2A018",
          "invoice_settings": {
            "custom_fields": null,
            "default_payment_method": null,
            "footer": null,
            "rendering_options": null
          },
          "livemode": false,
          "metadata": {},
          "name": null,
          "next_invoice_sequence": 1,
          "phone": null,
          "preferred_locales": [],
          "shipping": null,
          "tax_exempt": "none",
          "test_clock": null
        }
  recorded_at: Fri, 05 Apr 2024 11:35:49 GMT
recorded_with: VCR 6.2.0
