---
http_interactions:
- request:
    method: post
    uri: https://api.stripe.com/v1/payment_methods
    body:
      encoding: UTF-8
      string: type=card&card[number]=4242+4242+4242+4242&card[exp_month]=12&card[exp_year]=2023&card[cvc]=123
    headers:
      User-Agent:
      - Stripe/v1 RubyBindings/10.4.0
      Authorization:
      - Bearer sk_test_4MnOc1f1gf16nKP6dyvP4TAD
      Content-Type:
      - application/x-www-form-urlencoded
      X-Stripe-Client-Telemetry:
      - '{"last_request_metrics":{"request_id":"req_jP8SEvRyquhMH0","request_duration_ms":530}}'
      Idempotency-Key:
      - b5ce6e16-6ee0-4957-b684-eca29223c177
      Stripe-Version:
      - '2023-10-16'
      X-Stripe-Client-User-Agent:
      - '{"bindings_version":"10.4.0","lang":"ruby","lang_version":"3.2.2 p53 (2023-03-30)","platform":"arm64-darwin20","engine":"ruby","publisher":"stripe","uname":"Darwin
        Harbakshs-MacBook-Air.local 20.5.0 Darwin Kernel Version 20.5.0: Sat May  8
        05:10:31 PDT 2021; root:xnu-7195.121.3~9/RELEASE_ARM64_T8101 arm64","hostname":"Harbakshs-MacBook-Air.local"}'
      Accept-Encoding:
      - gzip;q=1.0,deflate;q=0.6,identity;q=0.3
      Accept:
      - "*/*"
  response:
    status:
      code: 200
      message: OK
    headers:
      Server:
      - nginx
      Date:
      - Fri, 29 Dec 2023 12:14:26 GMT
      Content-Type:
      - application/json
      Content-Length:
      - '931'
      Connection:
      - keep-alive
      Access-Control-Allow-Credentials:
      - 'true'
      Access-Control-Allow-Methods:
      - GET,HEAD,PUT,PATCH,POST,DELETE
      Access-Control-Allow-Origin:
      - "*"
      Access-Control-Expose-Headers:
      - Request-Id, Stripe-Manage-Version, Stripe-Should-Retry, X-Stripe-External-Auth-Required,
        X-Stripe-Privileged-Session-Required
      Access-Control-Max-Age:
      - '300'
      Cache-Control:
      - no-cache, no-store
      Content-Security-Policy:
      - report-uri https://q.stripe.com/csp-report?p=v1%2Fpayment_methods; block-all-mixed-content;
        default-src 'none'; base-uri 'none'; form-action 'none'; frame-ancestors 'none';
        img-src 'self'; script-src 'self' 'report-sample'; style-src 'self'
      Idempotency-Key:
      - b5ce6e16-6ee0-4957-b684-eca29223c177
      Original-Request:
      - req_s8KCb5sUWFBdk4
      Request-Id:
      - req_s8KCb5sUWFBdk4
      Stripe-Should-Retry:
      - 'false'
      Stripe-Version:
      - '2023-10-16'
      Vary:
      - Origin
      X-Stripe-Routing-Context-Priority-Tier:
      - api-testmode
      Strict-Transport-Security:
      - max-age=63072000; includeSubDomains; preload
    body:
      encoding: UTF-8
      string: |-
        {
          "id": "pm_0OSexJ9e1RjUNIyYl2K3jDMw",
          "object": "payment_method",
          "billing_details": {
            "address": {
              "city": null,
              "country": null,
              "line1": null,
              "line2": null,
              "postal_code": null,
              "state": null
            },
            "email": null,
            "name": null,
            "phone": null
          },
          "card": {
            "brand": "visa",
            "checks": {
              "address_line1_check": null,
              "address_postal_code_check": null,
              "cvc_check": "unchecked"
            },
            "country": "US",
            "exp_month": 12,
            "exp_year": 2023,
            "fingerprint": "W691J2Ye3VDoq6Ij",
            "funding": "credit",
            "generated_from": null,
            "last4": "4242",
            "networks": {
              "available": [
                "visa"
              ],
              "preferred": null
            },
            "three_d_secure_usage": {
              "supported": true
            },
            "wallet": null
          },
          "created": 1703852066,
          "customer": null,
          "livemode": false,
          "metadata": {},
          "type": "card"
        }
  recorded_at: Fri, 29 Dec 2023 12:14:26 GMT
- request:
    method: post
    uri: https://api.stripe.com/v1/customers
    body:
      encoding: UTF-8
      string: payment_method=pm_0OSexJ9e1RjUNIyYl2K3jDMw
    headers:
      User-Agent:
      - Stripe/v1 RubyBindings/10.4.0
      Authorization:
      - Bearer sk_test_4MnOc1f1gf16nKP6dyvP4TAD
      Content-Type:
      - application/x-www-form-urlencoded
      X-Stripe-Client-Telemetry:
      - '{"last_request_metrics":{"request_id":"req_s8KCb5sUWFBdk4","request_duration_ms":591}}'
      Idempotency-Key:
      - a9526ef0-8fe8-45c0-a6b9-b187ba1f4afe
      Stripe-Version:
      - '2023-10-16'
      X-Stripe-Client-User-Agent:
      - '{"bindings_version":"10.4.0","lang":"ruby","lang_version":"3.2.2 p53 (2023-03-30)","platform":"arm64-darwin20","engine":"ruby","publisher":"stripe","uname":"Darwin
        Harbakshs-MacBook-Air.local 20.5.0 Darwin Kernel Version 20.5.0: Sat May  8
        05:10:31 PDT 2021; root:xnu-7195.121.3~9/RELEASE_ARM64_T8101 arm64","hostname":"Harbakshs-MacBook-Air.local"}'
      Accept-Encoding:
      - gzip;q=1.0,deflate;q=0.6,identity;q=0.3
      Accept:
      - "*/*"
  response:
    status:
      code: 200
      message: OK
    headers:
      Server:
      - nginx
      Date:
      - Fri, 29 Dec 2023 12:14:27 GMT
      Content-Type:
      - application/json
      Content-Length:
      - '614'
      Connection:
      - keep-alive
      Access-Control-Allow-Credentials:
      - 'true'
      Access-Control-Allow-Methods:
      - GET,HEAD,PUT,PATCH,POST,DELETE
      Access-Control-Allow-Origin:
      - "*"
      Access-Control-Expose-Headers:
      - Request-Id, Stripe-Manage-Version, Stripe-Should-Retry, X-Stripe-External-Auth-Required,
        X-Stripe-Privileged-Session-Required
      Access-Control-Max-Age:
      - '300'
      Cache-Control:
      - no-cache, no-store
      Content-Security-Policy:
      - report-uri https://q.stripe.com/csp-report?p=v1%2Fcustomers; block-all-mixed-content;
        default-src 'none'; base-uri 'none'; form-action 'none'; frame-ancestors 'none';
        img-src 'self'; script-src 'self' 'report-sample'; style-src 'self'
      Idempotency-Key:
      - a9526ef0-8fe8-45c0-a6b9-b187ba1f4afe
      Original-Request:
      - req_qr8qEZpya3Wcg2
      Request-Id:
      - req_qr8qEZpya3Wcg2
      Stripe-Should-Retry:
      - 'false'
      Stripe-Version:
      - '2023-10-16'
      Vary:
      - Origin
      X-Stripe-Routing-Context-Priority-Tier:
      - api-testmode
      Strict-Transport-Security:
      - max-age=63072000; includeSubDomains; preload
    body:
      encoding: UTF-8
      string: |-
        {
          "id": "cus_PHDOVakKeeNXwR",
          "object": "customer",
          "address": null,
          "balance": 0,
          "created": 1703852066,
          "currency": null,
          "default_source": null,
          "delinquent": false,
          "description": null,
          "discount": null,
          "email": null,
          "invoice_prefix": "15E8C5EE",
          "invoice_settings": {
            "custom_fields": null,
            "default_payment_method": null,
            "footer": null,
            "rendering_options": null
          },
          "livemode": false,
          "metadata": {},
          "name": null,
          "next_invoice_sequence": 1,
          "phone": null,
          "preferred_locales": [],
          "shipping": null,
          "tax_exempt": "none",
          "test_clock": null
        }
  recorded_at: Fri, 29 Dec 2023 12:14:27 GMT
- request:
    method: post
    uri: https://api.stripe.com/v1/setup_intents
    body:
      encoding: UTF-8
      string: payment_method=pm_0OSexJ9e1RjUNIyYl2K3jDMw&customer=cus_PHDOVakKeeNXwR&payment_method_types[0]=card&confirm=true&usage=off_session
    headers:
      User-Agent:
      - Stripe/v1 RubyBindings/10.4.0
      Authorization:
      - Bearer sk_test_4MnOc1f1gf16nKP6dyvP4TAD
      Content-Type:
      - application/x-www-form-urlencoded
      X-Stripe-Client-Telemetry:
      - '{"last_request_metrics":{"request_id":"req_qr8qEZpya3Wcg2","request_duration_ms":839}}'
      Idempotency-Key:
      - 3ef5427c-12d5-427f-9b42-f11e5617c8d5
      Stripe-Version:
      - '2023-10-16'
      X-Stripe-Client-User-Agent:
      - '{"bindings_version":"10.4.0","lang":"ruby","lang_version":"3.2.2 p53 (2023-03-30)","platform":"arm64-darwin20","engine":"ruby","publisher":"stripe","uname":"Darwin
        Harbakshs-MacBook-Air.local 20.5.0 Darwin Kernel Version 20.5.0: Sat May  8
        05:10:31 PDT 2021; root:xnu-7195.121.3~9/RELEASE_ARM64_T8101 arm64","hostname":"Harbakshs-MacBook-Air.local"}'
      Accept-Encoding:
      - gzip;q=1.0,deflate;q=0.6,identity;q=0.3
      Accept:
      - "*/*"
  response:
    status:
      code: 200
      message: OK
    headers:
      Server:
      - nginx
      Date:
      - Fri, 29 Dec 2023 12:14:28 GMT
      Content-Type:
      - application/json
      Content-Length:
      - '929'
      Connection:
      - keep-alive
      Access-Control-Allow-Credentials:
      - 'true'
      Access-Control-Allow-Methods:
      - GET,HEAD,PUT,PATCH,POST,DELETE
      Access-Control-Allow-Origin:
      - "*"
      Access-Control-Expose-Headers:
      - Request-Id, Stripe-Manage-Version, Stripe-Should-Retry, X-Stripe-External-Auth-Required,
        X-Stripe-Privileged-Session-Required
      Access-Control-Max-Age:
      - '300'
      Cache-Control:
      - no-cache, no-store
      Content-Security-Policy:
      - report-uri https://q.stripe.com/csp-report?p=v1%2Fsetup_intents; block-all-mixed-content;
        default-src 'none'; base-uri 'none'; form-action 'none'; frame-ancestors 'none';
        img-src 'self'; script-src 'self' 'report-sample'; style-src 'self'
      Idempotency-Key:
      - 3ef5427c-12d5-427f-9b42-f11e5617c8d5
      Original-Request:
      - req_4e0UrheYczqhEH
      Request-Id:
      - req_4e0UrheYczqhEH
      Stripe-Should-Retry:
      - 'false'
      Stripe-Version:
      - '2023-10-16'
      Vary:
      - Origin
      X-Stripe-Routing-Context-Priority-Tier:
      - api-testmode
      Strict-Transport-Security:
      - max-age=63072000; includeSubDomains; preload
    body:
      encoding: UTF-8
      string: |-
        {
          "id": "seti_0OSexL9e1RjUNIyYv2Exscou",
          "object": "setup_intent",
          "application": null,
          "automatic_payment_methods": null,
          "cancellation_reason": null,
          "client_secret": "seti_0OSexL9e1RjUNIyYv2Exscou_secret_PHDO5vp5jHRQn7678U4tRllrIOxg3cp",
          "created": 1703852067,
          "customer": "cus_PHDOVakKeeNXwR",
          "description": null,
          "flow_directions": null,
          "last_setup_error": null,
          "latest_attempt": "setatt_0OSexL9e1RjUNIyY8OZCwEqu",
          "livemode": false,
          "mandate": null,
          "metadata": {},
          "next_action": null,
          "on_behalf_of": null,
          "payment_method": "pm_0OSexJ9e1RjUNIyYl2K3jDMw",
          "payment_method_configuration_details": null,
          "payment_method_options": {
            "card": {
              "mandate_options": null,
              "network": null,
              "request_three_d_secure": "automatic"
            }
          },
          "payment_method_types": [
            "card"
          ],
          "single_use_mandate": null,
          "status": "succeeded",
          "usage": "off_session"
        }
  recorded_at: Fri, 29 Dec 2023 12:14:28 GMT
- request:
    method: get
    uri: https://api.stripe.com/v1/payment_methods/pm_0OSexJ9e1RjUNIyYl2K3jDMw
    body:
      encoding: US-ASCII
      string: ''
    headers:
      User-Agent:
      - Stripe/v1 RubyBindings/10.4.0
      Authorization:
      - Bearer sk_test_4MnOc1f1gf16nKP6dyvP4TAD
      Content-Type:
      - application/x-www-form-urlencoded
      X-Stripe-Client-Telemetry:
      - '{"last_request_metrics":{"request_id":"req_4e0UrheYczqhEH","request_duration_ms":1002}}'
      Stripe-Version:
      - '2023-10-16'
      X-Stripe-Client-User-Agent:
      - '{"bindings_version":"10.4.0","lang":"ruby","lang_version":"3.2.2 p53 (2023-03-30)","platform":"arm64-darwin20","engine":"ruby","publisher":"stripe","uname":"Darwin
        Harbakshs-MacBook-Air.local 20.5.0 Darwin Kernel Version 20.5.0: Sat May  8
        05:10:31 PDT 2021; root:xnu-7195.121.3~9/RELEASE_ARM64_T8101 arm64","hostname":"Harbakshs-MacBook-Air.local"}'
      Accept-Encoding:
      - gzip;q=1.0,deflate;q=0.6,identity;q=0.3
      Accept:
      - "*/*"
  response:
    status:
      code: 200
      message: OK
    headers:
      Server:
      - nginx
      Date:
      - Fri, 29 Dec 2023 12:14:28 GMT
      Content-Type:
      - application/json
      Content-Length:
      - '942'
      Connection:
      - keep-alive
      Access-Control-Allow-Credentials:
      - 'true'
      Access-Control-Allow-Methods:
      - GET,HEAD,PUT,PATCH,POST,DELETE
      Access-Control-Allow-Origin:
      - "*"
      Access-Control-Expose-Headers:
      - Request-Id, Stripe-Manage-Version, Stripe-Should-Retry, X-Stripe-External-Auth-Required,
        X-Stripe-Privileged-Session-Required
      Access-Control-Max-Age:
      - '300'
      Cache-Control:
      - no-cache, no-store
      Content-Security-Policy:
      - report-uri https://q.stripe.com/csp-report?p=v1%2Fpayment_methods%2F%3Apayment_method;
        block-all-mixed-content; default-src 'none'; base-uri 'none'; form-action
        'none'; frame-ancestors 'none'; img-src 'self'; script-src 'self' 'report-sample';
        style-src 'self'
      Request-Id:
      - req_f7RG0UAQtCjgbQ
      Stripe-Version:
      - '2023-10-16'
      Vary:
      - Origin
      X-Stripe-Routing-Context-Priority-Tier:
      - api-testmode
      Strict-Transport-Security:
      - max-age=63072000; includeSubDomains; preload
    body:
      encoding: UTF-8
      string: |-
        {
          "id": "pm_0OSexJ9e1RjUNIyYl2K3jDMw",
          "object": "payment_method",
          "billing_details": {
            "address": {
              "city": null,
              "country": null,
              "line1": null,
              "line2": null,
              "postal_code": null,
              "state": null
            },
            "email": null,
            "name": null,
            "phone": null
          },
          "card": {
            "brand": "visa",
            "checks": {
              "address_line1_check": null,
              "address_postal_code_check": null,
              "cvc_check": "pass"
            },
            "country": "US",
            "exp_month": 12,
            "exp_year": 2023,
            "fingerprint": "W691J2Ye3VDoq6Ij",
            "funding": "credit",
            "generated_from": null,
            "last4": "4242",
            "networks": {
              "available": [
                "visa"
              ],
              "preferred": null
            },
            "three_d_secure_usage": {
              "supported": true
            },
            "wallet": null
          },
          "created": 1703852066,
          "customer": "cus_PHDOVakKeeNXwR",
          "livemode": false,
          "metadata": {},
          "type": "card"
        }
  recorded_at: Fri, 29 Dec 2023 12:14:28 GMT
- request:
    method: post
    uri: https://api.stripe.com/v1/payment_intents
    body:
      encoding: UTF-8
      string: amount=1500&currency=usd&description=Gumroad+Charge+mN7CdHiwHaR9FlxKvF-n-g%3D%3D&metadata[mN7CdHiwHaR9FlxKvF-n-g%3D%3D]=%7B%3Aprice_cents%3D%3E500%2C+%3Afee_cents%3D%3E75%2C+%3Aaffiliate_credit_cents%3D%3E0%2C+%3Agumroad_tax_cents%3D%3E0%2C+%3Atotal_transaction_cents%3D%3E500%7D&metadata[RwtKZN3ru9U9In38aZSD2g%3D%3D]=%7B%3Aprice_cents%3D%3E1000%2C+%3Afee_cents%3D%3E120%2C+%3Aaffiliate_credit_cents%3D%3E0%2C+%3Agumroad_tax_cents%3D%3E0%2C+%3Atotal_transaction_cents%3D%3E1000%7D&transfer_group=CH-4&payment_method_types[0]=card&off_session=false&customer=cus_PHDOVakKeeNXwR&payment_method=pm_0OSexJ9e1RjUNIyYl2K3jDMw&statement_descriptor_suffix=edgar40abea174
    headers:
      User-Agent:
      - Stripe/v1 RubyBindings/10.4.0
      Authorization:
      - Bearer sk_test_4MnOc1f1gf16nKP6dyvP4TAD
      Content-Type:
      - application/x-www-form-urlencoded
      X-Stripe-Client-Telemetry:
      - '{"last_request_metrics":{"request_id":"req_f7RG0UAQtCjgbQ","request_duration_ms":343}}'
      Idempotency-Key:
      - 9741cd7b-7823-412d-a54c-b298cd88d92b
      Stripe-Version:
      - '2023-10-16'
      X-Stripe-Client-User-Agent:
      - '{"bindings_version":"10.4.0","lang":"ruby","lang_version":"3.2.2 p53 (2023-03-30)","platform":"arm64-darwin20","engine":"ruby","publisher":"stripe","uname":"Darwin
        Harbakshs-MacBook-Air.local 20.5.0 Darwin Kernel Version 20.5.0: Sat May  8
        05:10:31 PDT 2021; root:xnu-7195.121.3~9/RELEASE_ARM64_T8101 arm64","hostname":"Harbakshs-MacBook-Air.local"}'
      Accept-Encoding:
      - gzip;q=1.0,deflate;q=0.6,identity;q=0.3
      Accept:
      - "*/*"
  response:
    status:
      code: 200
      message: OK
    headers:
      Server:
      - nginx
      Date:
      - Fri, 29 Dec 2023 12:14:29 GMT
      Content-Type:
      - application/json
      Content-Length:
      - '1725'
      Connection:
      - keep-alive
      Access-Control-Allow-Credentials:
      - 'true'
      Access-Control-Allow-Methods:
      - GET,HEAD,PUT,PATCH,POST,DELETE
      Access-Control-Allow-Origin:
      - "*"
      Access-Control-Expose-Headers:
      - Request-Id, Stripe-Manage-Version, Stripe-Should-Retry, X-Stripe-External-Auth-Required,
        X-Stripe-Privileged-Session-Required
      Access-Control-Max-Age:
      - '300'
      Cache-Control:
      - no-cache, no-store
      Content-Security-Policy:
      - report-uri https://q.stripe.com/csp-report?p=v1%2Fpayment_intents; block-all-mixed-content;
        default-src 'none'; base-uri 'none'; form-action 'none'; frame-ancestors 'none';
        img-src 'self'; script-src 'self' 'report-sample'; style-src 'self'
      Idempotency-Key:
      - 9741cd7b-7823-412d-a54c-b298cd88d92b
      Original-Request:
      - req_eiq0X28VUeakq6
      Request-Id:
      - req_eiq0X28VUeakq6
      Stripe-Should-Retry:
      - 'false'
      Stripe-Version:
      - '2023-10-16'
      Vary:
      - Origin
      X-Stripe-Routing-Context-Priority-Tier:
      - api-testmode
      Strict-Transport-Security:
      - max-age=63072000; includeSubDomains; preload
    body:
      encoding: UTF-8
      string: |-
        {
          "id": "pi_2OSexN9e1RjUNIyY1aHlTr5H",
          "object": "payment_intent",
          "amount": 1500,
          "amount_capturable": 0,
          "amount_details": {
            "tip": {}
          },
          "amount_received": 0,
          "application": null,
          "application_fee_amount": null,
          "automatic_payment_methods": null,
          "canceled_at": null,
          "cancellation_reason": null,
          "capture_method": "automatic",
          "client_secret": "pi_2OSexN9e1RjUNIyY1aHlTr5H_secret_T0uoGbTGwuCSwHmUFIhM0EunL",
          "confirmation_method": "automatic",
          "created": 1703852069,
          "currency": "usd",
          "customer": "cus_PHDOVakKeeNXwR",
          "description": "Gumroad Charge mN7CdHiwHaR9FlxKvF-n-g==",
          "invoice": null,
          "last_payment_error": null,
          "latest_charge": null,
          "livemode": false,
          "metadata": {
            "RwtKZN3ru9U9In38aZSD2g==": "{:price_cents=>1000, :fee_cents=>120, :affiliate_credit_cents=>0, :gumroad_tax_cents=>0, :total_transaction_cents=>1000}",
            "mN7CdHiwHaR9FlxKvF-n-g==": "{:price_cents=>500, :fee_cents=>75, :affiliate_credit_cents=>0, :gumroad_tax_cents=>0, :total_transaction_cents=>500}"
          },
          "next_action": null,
          "on_behalf_of": null,
          "payment_method": "pm_0OSexJ9e1RjUNIyYl2K3jDMw",
          "payment_method_configuration_details": null,
          "payment_method_options": {
            "card": {
              "installments": null,
              "mandate_options": null,
              "network": null,
              "request_three_d_secure": "automatic"
            }
          },
          "payment_method_types": [
            "card"
          ],
          "processing": null,
          "receipt_email": null,
          "review": null,
          "setup_future_usage": null,
          "shipping": null,
          "source": null,
          "statement_descriptor": null,
          "statement_descriptor_suffix": "edgar40abea174",
          "status": "requires_confirmation",
          "transfer_data": null,
          "transfer_group": "CH-4"
        }
  recorded_at: Fri, 29 Dec 2023 12:14:29 GMT
- request:
    method: post
    uri: https://api.stripe.com/v1/payment_intents/pi_2OSexN9e1RjUNIyY1aHlTr5H/confirm
    body:
      encoding: US-ASCII
      string: ''
    headers:
      User-Agent:
      - Stripe/v1 RubyBindings/10.4.0
      Authorization:
      - Bearer sk_test_4MnOc1f1gf16nKP6dyvP4TAD
      Content-Type:
      - application/x-www-form-urlencoded
      X-Stripe-Client-Telemetry:
      - '{"last_request_metrics":{"request_id":"req_eiq0X28VUeakq6","request_duration_ms":471}}'
      Idempotency-Key:
      - 73d0905e-1445-4c5e-8ff3-046712b5a035
      Stripe-Version:
      - '2023-10-16'
      X-Stripe-Client-User-Agent:
      - '{"bindings_version":"10.4.0","lang":"ruby","lang_version":"3.2.2 p53 (2023-03-30)","platform":"arm64-darwin20","engine":"ruby","publisher":"stripe","uname":"Darwin
        Harbakshs-MacBook-Air.local 20.5.0 Darwin Kernel Version 20.5.0: Sat May  8
        05:10:31 PDT 2021; root:xnu-7195.121.3~9/RELEASE_ARM64_T8101 arm64","hostname":"Harbakshs-MacBook-Air.local"}'
      Accept-Encoding:
      - gzip;q=1.0,deflate;q=0.6,identity;q=0.3
      Accept:
      - "*/*"
  response:
    status:
      code: 200
      message: OK
    headers:
      Server:
      - nginx
      Date:
      - Fri, 29 Dec 2023 12:14:30 GMT
      Content-Type:
      - application/json
      Content-Length:
      - '1741'
      Connection:
      - keep-alive
      Access-Control-Allow-Credentials:
      - 'true'
      Access-Control-Allow-Methods:
      - GET,HEAD,PUT,PATCH,POST,DELETE
      Access-Control-Allow-Origin:
      - "*"
      Access-Control-Expose-Headers:
      - Request-Id, Stripe-Manage-Version, Stripe-Should-Retry, X-Stripe-External-Auth-Required,
        X-Stripe-Privileged-Session-Required
      Access-Control-Max-Age:
      - '300'
      Cache-Control:
      - no-cache, no-store
      Content-Security-Policy:
      - report-uri https://q.stripe.com/csp-report?p=v1%2Fpayment_intents%2F%3Aintent%2Fconfirm;
        block-all-mixed-content; default-src 'none'; base-uri 'none'; form-action
        'none'; frame-ancestors 'none'; img-src 'self'; script-src 'self' 'report-sample';
        style-src 'self'
      Idempotency-Key:
      - 73d0905e-1445-4c5e-8ff3-046712b5a035
      Original-Request:
      - req_Tbnzkv1QbCCDdA
      Request-Id:
      - req_Tbnzkv1QbCCDdA
      Stripe-Should-Retry:
      - 'false'
      Stripe-Version:
      - '2023-10-16'
      Vary:
      - Origin
      X-Stripe-Routing-Context-Priority-Tier:
      - api-testmode
      Strict-Transport-Security:
      - max-age=63072000; includeSubDomains; preload
    body:
      encoding: UTF-8
      string: |-
        {
          "id": "pi_2OSexN9e1RjUNIyY1aHlTr5H",
          "object": "payment_intent",
          "amount": 1500,
          "amount_capturable": 0,
          "amount_details": {
            "tip": {}
          },
          "amount_received": 1500,
          "application": null,
          "application_fee_amount": null,
          "automatic_payment_methods": null,
          "canceled_at": null,
          "cancellation_reason": null,
          "capture_method": "automatic",
          "client_secret": "pi_2OSexN9e1RjUNIyY1aHlTr5H_secret_T0uoGbTGwuCSwHmUFIhM0EunL",
          "confirmation_method": "automatic",
          "created": 1703852069,
          "currency": "usd",
          "customer": "cus_PHDOVakKeeNXwR",
          "description": "Gumroad Charge mN7CdHiwHaR9FlxKvF-n-g==",
          "invoice": null,
          "last_payment_error": null,
          "latest_charge": "ch_2OSexN9e1RjUNIyY1Dx1RqHI",
          "livemode": false,
          "metadata": {
            "RwtKZN3ru9U9In38aZSD2g==": "{:price_cents=>1000, :fee_cents=>120, :affiliate_credit_cents=>0, :gumroad_tax_cents=>0, :total_transaction_cents=>1000}",
            "mN7CdHiwHaR9FlxKvF-n-g==": "{:price_cents=>500, :fee_cents=>75, :affiliate_credit_cents=>0, :gumroad_tax_cents=>0, :total_transaction_cents=>500}"
          },
          "next_action": null,
          "on_behalf_of": null,
          "payment_method": "pm_0OSexJ9e1RjUNIyYl2K3jDMw",
          "payment_method_configuration_details": null,
          "payment_method_options": {
            "card": {
              "installments": null,
              "mandate_options": null,
              "network": null,
              "request_three_d_secure": "automatic"
            }
          },
          "payment_method_types": [
            "card"
          ],
          "processing": null,
          "receipt_email": null,
          "review": null,
          "setup_future_usage": null,
          "shipping": null,
          "source": null,
          "statement_descriptor": null,
          "statement_descriptor_suffix": "edgar40abea174",
          "status": "succeeded",
          "transfer_data": null,
          "transfer_group": "CH-4"
        }
  recorded_at: Fri, 29 Dec 2023 12:14:30 GMT
- request:
    method: get
    uri: https://api.stripe.com/v1/charges/ch_2OSexN9e1RjUNIyY1Dx1RqHI?expand%5B%5D=application_fee.balance_transaction&expand%5B%5D=balance_transaction
    body:
      encoding: US-ASCII
      string: ''
    headers:
      User-Agent:
      - Stripe/v1 RubyBindings/10.4.0
      Authorization:
      - Bearer sk_test_4MnOc1f1gf16nKP6dyvP4TAD
      Content-Type:
      - application/x-www-form-urlencoded
      X-Stripe-Client-Telemetry:
      - '{"last_request_metrics":{"request_id":"req_Tbnzkv1QbCCDdA","request_duration_ms":1142}}'
      Stripe-Version:
      - '2023-10-16'
      X-Stripe-Client-User-Agent:
      - '{"bindings_version":"10.4.0","lang":"ruby","lang_version":"3.2.2 p53 (2023-03-30)","platform":"arm64-darwin20","engine":"ruby","publisher":"stripe","uname":"Darwin
        Harbakshs-MacBook-Air.local 20.5.0 Darwin Kernel Version 20.5.0: Sat May  8
        05:10:31 PDT 2021; root:xnu-7195.121.3~9/RELEASE_ARM64_T8101 arm64","hostname":"Harbakshs-MacBook-Air.local"}'
      Accept-Encoding:
      - gzip;q=1.0,deflate;q=0.6,identity;q=0.3
      Accept:
      - "*/*"
  response:
    status:
      code: 200
      message: OK
    headers:
      Server:
      - nginx
      Date:
      - Fri, 29 Dec 2023 12:14:31 GMT
      Content-Type:
      - application/json
      Content-Length:
      - '3734'
      Connection:
      - keep-alive
      Access-Control-Allow-Credentials:
      - 'true'
      Access-Control-Allow-Methods:
      - GET,HEAD,PUT,PATCH,POST,DELETE
      Access-Control-Allow-Origin:
      - "*"
      Access-Control-Expose-Headers:
      - Request-Id, Stripe-Manage-Version, Stripe-Should-Retry, X-Stripe-External-Auth-Required,
        X-Stripe-Privileged-Session-Required
      Access-Control-Max-Age:
      - '300'
      Cache-Control:
      - no-cache, no-store
      Content-Security-Policy:
      - report-uri https://q.stripe.com/csp-report?p=v1%2Fcharges%2F%3Acharge; block-all-mixed-content;
        default-src 'none'; base-uri 'none'; form-action 'none'; frame-ancestors 'none';
        img-src 'self'; script-src 'self' 'report-sample'; style-src 'self'
      Request-Id:
      - req_PX3UcJfXl56MMP
      Stripe-Version:
      - '2023-10-16'
      Vary:
      - Origin
      X-Stripe-Routing-Context-Priority-Tier:
      - api-testmode
      Strict-Transport-Security:
      - max-age=63072000; includeSubDomains; preload
    body:
      encoding: UTF-8
      string: |-
        {
          "id": "ch_2OSexN9e1RjUNIyY1Dx1RqHI",
          "object": "charge",
          "amount": 1500,
          "amount_captured": 1500,
          "amount_refunded": 0,
          "amount_updates": [],
          "application": null,
          "application_fee": null,
          "application_fee_amount": null,
          "balance_transaction": {
            "id": "txn_2OSexN9e1RjUNIyY1Va2cUO8",
            "object": "balance_transaction",
            "amount": 1500,
            "available_on": 1704240000,
            "created": 1703852069,
            "currency": "usd",
            "description": "Gumroad Charge mN7CdHiwHaR9FlxKvF-n-g==",
            "exchange_rate": null,
            "fee": 60,
            "fee_details": [
              {
                "amount": 60,
                "application": null,
                "currency": "usd",
                "description": "Stripe processing fees",
                "type": "stripe_fee"
              }
            ],
            "net": 1440,
            "reporting_category": "charge",
            "source": "ch_2OSexN9e1RjUNIyY1Dx1RqHI",
            "status": "pending",
            "type": "charge"
          },
          "billing_details": {
            "address": {
              "city": null,
              "country": null,
              "line1": null,
              "line2": null,
              "postal_code": null,
              "state": null
            },
            "email": null,
            "name": null,
            "phone": null
          },
          "calculated_statement_descriptor": "GUMRD.COM* EDGAR40ABEA",
          "captured": true,
          "created": 1703852069,
          "currency": "usd",
          "customer": "cus_PHDOVakKeeNXwR",
          "description": "Gumroad Charge mN7CdHiwHaR9FlxKvF-n-g==",
          "destination": null,
          "dispute": null,
          "disputed": false,
          "failure_balance_transaction": null,
          "failure_code": null,
          "failure_message": null,
          "fraud_details": {},
          "invoice": null,
          "livemode": false,
          "metadata": {
            "RwtKZN3ru9U9In38aZSD2g==": "{:price_cents=>1000, :fee_cents=>120, :affiliate_credit_cents=>0, :gumroad_tax_cents=>0, :total_transaction_cents=>1000}",
            "mN7CdHiwHaR9FlxKvF-n-g==": "{:price_cents=>500, :fee_cents=>75, :affiliate_credit_cents=>0, :gumroad_tax_cents=>0, :total_transaction_cents=>500}"
          },
          "on_behalf_of": null,
          "order": null,
          "outcome": {
            "network_status": "approved_by_network",
            "reason": null,
            "risk_level": "normal",
            "risk_score": 8,
            "seller_message": "Payment complete.",
            "type": "authorized"
          },
          "paid": true,
          "payment_intent": "pi_2OSexN9e1RjUNIyY1aHlTr5H",
          "payment_method": "pm_0OSexJ9e1RjUNIyYl2K3jDMw",
          "payment_method_details": {
            "card": {
              "amount_authorized": 1500,
              "brand": "visa",
              "checks": {
                "address_line1_check": null,
                "address_postal_code_check": null,
                "cvc_check": "pass"
              },
              "country": "US",
              "exp_month": 12,
              "exp_year": 2023,
              "extended_authorization": {
                "status": "disabled"
              },
              "fingerprint": "W691J2Ye3VDoq6Ij",
              "funding": "credit",
              "incremental_authorization": {
                "status": "unavailable"
              },
              "installments": null,
              "last4": "4242",
              "mandate": null,
              "multicapture": {
                "status": "unavailable"
              },
              "network": "visa",
              "network_token": {
                "used": false
              },
              "overcapture": {
                "maximum_amount_capturable": 1500,
                "status": "unavailable"
              },
              "three_d_secure": null,
              "wallet": null
            },
            "type": "card"
          },
          "radar_options": {},
          "receipt_email": null,
          "receipt_number": null,
          "receipt_url": "https://pay.stripe.com/receipts/payment/CAcaIgogOWUxUmpVTkl5WUdwQTlDZmgzUm1ReHhUemIxYWFrcEUop_C6rAYyBqgA_yCY4TosFoQ4c2ugs_zNKYMUFnhIfKd8P_W3smd4JXECx6Pc8HCSZOiUzot0jjhGxj4",
          "refunded": false,
          "review": null,
          "shipping": null,
          "source": null,
          "source_transfer": null,
          "statement_descriptor": null,
          "statement_descriptor_suffix": "edgar40abea174",
          "status": "succeeded",
          "transfer_data": null,
          "transfer_group": "CH-4"
        }
  recorded_at: Fri, 29 Dec 2023 12:14:31 GMT
recorded_with: VCR 6.2.0
