---
http_interactions:
- request:
    method: post
    uri: https://api.stripe.com/v1/payment_methods
    body:
      encoding: UTF-8
      string: type=card&card[number]=4242+4242+4242+4242&card[exp_month]=12&card[exp_year]=2024&card[cvc]=123
    headers:
      User-Agent:
      - Stripe/v1 RubyBindings/10.7.0
      Authorization:
      - Bearer sk_test_4MnOc1f1gf16nKP6dyvP4TAD
      Content-Type:
      - application/x-www-form-urlencoded
      Idempotency-Key:
      - 80bf88b0-c6b9-4dc8-afc1-a71589bcf07a
      Stripe-Version:
      - '2023-10-16'
      X-Stripe-Client-User-Agent:
      - '{"bindings_version":"10.7.0","lang":"ruby","lang_version":"3.2.2 p53 (2023-03-30)","platform":"x86_64-linux","engine":"ruby","publisher":"stripe","uname":"Linux
        version 6.5.0-15-generic (buildd@lcy02-amd64-061) (x86_64-linux-gnu-gcc-13
        (Ubuntu 13.2.0-4ubuntu3) 13.2.0, GNU ld (GNU Binutils for Ubuntu) 2.41) #15-Ubuntu
        SMP PREEMPT_DYNAMIC Tue Jan  9 17:03:36 UTC 2024","hostname":"dell"}'
      Accept-Encoding:
      - gzip;q=1.0,deflate;q=0.6,identity;q=0.3
      Accept:
      - "*/*"
  response:
    status:
      code: 200
      message: OK
    headers:
      Server:
      - nginx
      Date:
      - Tue, 06 Feb 2024 12:47:08 GMT
      Content-Type:
      - application/json
      Content-Length:
      - '931'
      Connection:
      - keep-alive
      Access-Control-Allow-Credentials:
      - 'true'
      Access-Control-Allow-Methods:
      - GET,HEAD,PUT,PATCH,POST,DELETE
      Access-Control-Allow-Origin:
      - "*"
      Access-Control-Expose-Headers:
      - Request-Id, Stripe-Manage-Version, Stripe-Should-Retry, X-Stripe-External-Auth-Required,
        X-Stripe-Privileged-Session-Required
      Access-Control-Max-Age:
      - '300'
      Cache-Control:
      - no-cache, no-store
      Content-Security-Policy:
      - report-uri https://q.stripe.com/csp-report?p=v1%2Fpayment_methods; block-all-mixed-content;
        default-src 'none'; base-uri 'none'; form-action 'none'; frame-ancestors 'none';
        img-src 'self'; script-src 'self' 'report-sample'; style-src 'self'
      Idempotency-Key:
      - 80bf88b0-c6b9-4dc8-afc1-a71589bcf07a
      Original-Request:
      - req_4FXzMJBMafHQ4G
      Request-Id:
      - req_4FXzMJBMafHQ4G
      Stripe-Should-Retry:
      - 'false'
      Stripe-Version:
      - '2023-10-16'
      Vary:
      - Origin
      X-Stripe-Routing-Context-Priority-Tier:
      - api-testmode
      Strict-Transport-Security:
      - max-age=63072000; includeSubDomains; preload
    body:
      encoding: UTF-8
      string: |-
        {
          "id": "pm_0Ogo3M9e1RjUNIyYzcQfh8sY",
          "object": "payment_method",
          "billing_details": {
            "address": {
              "city": null,
              "country": null,
              "line1": null,
              "line2": null,
              "postal_code": null,
              "state": null
            },
            "email": null,
            "name": null,
            "phone": null
          },
          "card": {
            "brand": "visa",
            "checks": {
              "address_line1_check": null,
              "address_postal_code_check": null,
              "cvc_check": "unchecked"
            },
            "country": "US",
            "exp_month": 12,
            "exp_year": 2024,
            "fingerprint": "W691J2Ye3VDoq6Ij",
            "funding": "credit",
            "generated_from": null,
            "last4": "4242",
            "networks": {
              "available": [
                "visa"
              ],
              "preferred": null
            },
            "three_d_secure_usage": {
              "supported": true
            },
            "wallet": null
          },
          "created": 1707223628,
          "customer": null,
          "livemode": false,
          "metadata": {},
          "type": "card"
        }
  recorded_at: Tue, 06 Feb 2024 12:47:08 GMT
- request:
    method: get
    uri: https://api.stripe.com/v1/payment_methods/pm_0Ogo3M9e1RjUNIyYzcQfh8sY
    body:
      encoding: US-ASCII
      string: ''
    headers:
      User-Agent:
      - Stripe/v1 RubyBindings/10.7.0
      Authorization:
      - Bearer sk_test_4MnOc1f1gf16nKP6dyvP4TAD
      Content-Type:
      - application/x-www-form-urlencoded
      X-Stripe-Client-Telemetry:
      - '{"last_request_metrics":{"request_id":"req_4FXzMJBMafHQ4G","request_duration_ms":695}}'
      Stripe-Version:
      - '2023-10-16'
      X-Stripe-Client-User-Agent:
      - '{"bindings_version":"10.7.0","lang":"ruby","lang_version":"3.2.2 p53 (2023-03-30)","platform":"x86_64-linux","engine":"ruby","publisher":"stripe","uname":"Linux
        version 6.5.0-15-generic (buildd@lcy02-amd64-061) (x86_64-linux-gnu-gcc-13
        (Ubuntu 13.2.0-4ubuntu3) 13.2.0, GNU ld (GNU Binutils for Ubuntu) 2.41) #15-Ubuntu
        SMP PREEMPT_DYNAMIC Tue Jan  9 17:03:36 UTC 2024","hostname":"dell"}'
      Accept-Encoding:
      - gzip;q=1.0,deflate;q=0.6,identity;q=0.3
      Accept:
      - "*/*"
  response:
    status:
      code: 200
      message: OK
    headers:
      Server:
      - nginx
      Date:
      - Tue, 06 Feb 2024 12:47:08 GMT
      Content-Type:
      - application/json
      Content-Length:
      - '931'
      Connection:
      - keep-alive
      Access-Control-Allow-Credentials:
      - 'true'
      Access-Control-Allow-Methods:
      - GET,HEAD,PUT,PATCH,POST,DELETE
      Access-Control-Allow-Origin:
      - "*"
      Access-Control-Expose-Headers:
      - Request-Id, Stripe-Manage-Version, Stripe-Should-Retry, X-Stripe-External-Auth-Required,
        X-Stripe-Privileged-Session-Required
      Access-Control-Max-Age:
      - '300'
      Cache-Control:
      - no-cache, no-store
      Content-Security-Policy:
      - report-uri https://q.stripe.com/csp-report?p=v1%2Fpayment_methods%2F%3Apayment_method;
        block-all-mixed-content; default-src 'none'; base-uri 'none'; form-action
        'none'; frame-ancestors 'none'; img-src 'self'; script-src 'self' 'report-sample';
        style-src 'self'
      Request-Id:
      - req_CoUqf31VYxm3uC
      Stripe-Version:
      - '2023-10-16'
      Vary:
      - Origin
      X-Stripe-Routing-Context-Priority-Tier:
      - api-testmode
      Strict-Transport-Security:
      - max-age=63072000; includeSubDomains; preload
    body:
      encoding: UTF-8
      string: |-
        {
          "id": "pm_0Ogo3M9e1RjUNIyYzcQfh8sY",
          "object": "payment_method",
          "billing_details": {
            "address": {
              "city": null,
              "country": null,
              "line1": null,
              "line2": null,
              "postal_code": null,
              "state": null
            },
            "email": null,
            "name": null,
            "phone": null
          },
          "card": {
            "brand": "visa",
            "checks": {
              "address_line1_check": null,
              "address_postal_code_check": null,
              "cvc_check": "unchecked"
            },
            "country": "US",
            "exp_month": 12,
            "exp_year": 2024,
            "fingerprint": "W691J2Ye3VDoq6Ij",
            "funding": "credit",
            "generated_from": null,
            "last4": "4242",
            "networks": {
              "available": [
                "visa"
              ],
              "preferred": null
            },
            "three_d_secure_usage": {
              "supported": true
            },
            "wallet": null
          },
          "created": 1707223628,
          "customer": null,
          "livemode": false,
          "metadata": {},
          "type": "card"
        }
  recorded_at: Tue, 06 Feb 2024 12:47:08 GMT
- request:
    method: post
    uri: https://api.stripe.com/v1/customers
    body:
      encoding: UTF-8
      string: description=1&email=edgar8bf5c841_1%40gumroad.com&payment_method=pm_0Ogo3M9e1RjUNIyYzcQfh8sY
    headers:
      User-Agent:
      - Stripe/v1 RubyBindings/10.7.0
      Authorization:
      - Bearer sk_test_4MnOc1f1gf16nKP6dyvP4TAD
      Content-Type:
      - application/x-www-form-urlencoded
      X-Stripe-Client-Telemetry:
      - '{"last_request_metrics":{"request_id":"req_CoUqf31VYxm3uC","request_duration_ms":483}}'
      Idempotency-Key:
      - 4d6216ef-8393-4db6-8695-7a0a2da893a8
      Stripe-Version:
      - '2023-10-16'
      X-Stripe-Client-User-Agent:
      - '{"bindings_version":"10.7.0","lang":"ruby","lang_version":"3.2.2 p53 (2023-03-30)","platform":"x86_64-linux","engine":"ruby","publisher":"stripe","uname":"Linux
        version 6.5.0-15-generic (buildd@lcy02-amd64-061) (x86_64-linux-gnu-gcc-13
        (Ubuntu 13.2.0-4ubuntu3) 13.2.0, GNU ld (GNU Binutils for Ubuntu) 2.41) #15-Ubuntu
        SMP PREEMPT_DYNAMIC Tue Jan  9 17:03:36 UTC 2024","hostname":"dell"}'
      Accept-Encoding:
      - gzip;q=1.0,deflate;q=0.6,identity;q=0.3
      Accept:
      - "*/*"
  response:
    status:
      code: 200
      message: OK
    headers:
      Server:
      - nginx
      Date:
      - Tue, 06 Feb 2024 12:47:09 GMT
      Content-Type:
      - application/json
      Content-Length:
      - '638'
      Connection:
      - keep-alive
      Access-Control-Allow-Credentials:
      - 'true'
      Access-Control-Allow-Methods:
      - GET,HEAD,PUT,PATCH,POST,DELETE
      Access-Control-Allow-Origin:
      - "*"
      Access-Control-Expose-Headers:
      - Request-Id, Stripe-Manage-Version, Stripe-Should-Retry, X-Stripe-External-Auth-Required,
        X-Stripe-Privileged-Session-Required
      Access-Control-Max-Age:
      - '300'
      Cache-Control:
      - no-cache, no-store
      Content-Security-Policy:
      - report-uri https://q.stripe.com/csp-report?p=v1%2Fcustomers; block-all-mixed-content;
        default-src 'none'; base-uri 'none'; form-action 'none'; frame-ancestors 'none';
        img-src 'self'; script-src 'self' 'report-sample'; style-src 'self'
      Idempotency-Key:
      - 4d6216ef-8393-4db6-8695-7a0a2da893a8
      Original-Request:
      - req_zuQp8jLnY0Z7xq
      Request-Id:
      - req_zuQp8jLnY0Z7xq
      Stripe-Should-Retry:
      - 'false'
      Stripe-Version:
      - '2023-10-16'
      Vary:
      - Origin
      X-Stripe-Routing-Context-Priority-Tier:
      - api-testmode
      Strict-Transport-Security:
      - max-age=63072000; includeSubDomains; preload
    body:
      encoding: UTF-8
      string: |-
        {
          "id": "cus_PVpiJvhuUzhn5p",
          "object": "customer",
          "address": null,
          "balance": 0,
          "created": 1707223629,
          "currency": null,
          "default_source": null,
          "delinquent": false,
          "description": "1",
          "discount": null,
          "email": "edgar8bf5c841_1@gumroad.com",
          "invoice_prefix": "557B3CBC",
          "invoice_settings": {
            "custom_fields": null,
            "default_payment_method": null,
            "footer": null,
            "rendering_options": null
          },
          "livemode": false,
          "metadata": {},
          "name": null,
          "next_invoice_sequence": 1,
          "phone": null,
          "preferred_locales": [],
          "shipping": null,
          "tax_exempt": "none",
          "test_clock": null
        }
  recorded_at: Tue, 06 Feb 2024 12:47:09 GMT
- request:
    method: post
    uri: https://api.stripe.com/v1/payment_intents
    body:
      encoding: UTF-8
      string: amount=599&currency=usd&description=You+bought+http%3A%2F%2Fedgar5e7015732.test.gumroad.com%3A31337%2Fl%2Ff&metadata[purchase]=G_-mnBf9b1j9A7a4ub4nFQ%3D%3D&transfer_group=1&payment_method_types[0]=card&off_session=true&confirm=true&customer=cus_PVpiJvhuUzhn5p&payment_method=pm_0Ogo3M9e1RjUNIyYzcQfh8sY&statement_descriptor_suffix=edgar5e7015732
    headers:
      User-Agent:
      - Stripe/v1 RubyBindings/10.7.0
      Authorization:
      - Bearer sk_test_4MnOc1f1gf16nKP6dyvP4TAD
      Content-Type:
      - application/x-www-form-urlencoded
      X-Stripe-Client-Telemetry:
      - '{"last_request_metrics":{"request_id":"req_zuQp8jLnY0Z7xq","request_duration_ms":904}}'
      Idempotency-Key:
      - 36f05ffb-46e2-4c2c-b12f-c166b7e52f7a
      Stripe-Version:
      - '2023-10-16'
      X-Stripe-Client-User-Agent:
      - '{"bindings_version":"10.7.0","lang":"ruby","lang_version":"3.2.2 p53 (2023-03-30)","platform":"x86_64-linux","engine":"ruby","publisher":"stripe","uname":"Linux
        version 6.5.0-15-generic (buildd@lcy02-amd64-061) (x86_64-linux-gnu-gcc-13
        (Ubuntu 13.2.0-4ubuntu3) 13.2.0, GNU ld (GNU Binutils for Ubuntu) 2.41) #15-Ubuntu
        SMP PREEMPT_DYNAMIC Tue Jan  9 17:03:36 UTC 2024","hostname":"dell"}'
      Accept-Encoding:
      - gzip;q=1.0,deflate;q=0.6,identity;q=0.3
      Accept:
      - "*/*"
  response:
    status:
      code: 200
      message: OK
    headers:
      Server:
      - nginx
      Date:
      - Tue, 06 Feb 2024 12:47:12 GMT
      Content-Type:
      - application/json
      Content-Length:
      - '1491'
      Connection:
      - keep-alive
      Access-Control-Allow-Credentials:
      - 'true'
      Access-Control-Allow-Methods:
      - GET,HEAD,PUT,PATCH,POST,DELETE
      Access-Control-Allow-Origin:
      - "*"
      Access-Control-Expose-Headers:
      - Request-Id, Stripe-Manage-Version, Stripe-Should-Retry, X-Stripe-External-Auth-Required,
        X-Stripe-Privileged-Session-Required
      Access-Control-Max-Age:
      - '300'
      Cache-Control:
      - no-cache, no-store
      Content-Security-Policy:
      - report-uri https://q.stripe.com/csp-report?p=v1%2Fpayment_intents; block-all-mixed-content;
        default-src 'none'; base-uri 'none'; form-action 'none'; frame-ancestors 'none';
        img-src 'self'; script-src 'self' 'report-sample'; style-src 'self'
      Idempotency-Key:
      - 36f05ffb-46e2-4c2c-b12f-c166b7e52f7a
      Original-Request:
      - req_VeWkN900iYOU7g
      Request-Id:
      - req_VeWkN900iYOU7g
      Stripe-Should-Retry:
      - 'false'
      Stripe-Version:
      - '2023-10-16'
      Vary:
      - Origin
      X-Stripe-Routing-Context-Priority-Tier:
      - api-testmode
      Strict-Transport-Security:
      - max-age=63072000; includeSubDomains; preload
    body:
      encoding: UTF-8
      string: |-
        {
          "id": "pi_2Ogo3O9e1RjUNIyY0dRkww5K",
          "object": "payment_intent",
          "amount": 599,
          "amount_capturable": 0,
          "amount_details": {
            "tip": {}
          },
          "amount_received": 599,
          "application": null,
          "application_fee_amount": null,
          "automatic_payment_methods": null,
          "canceled_at": null,
          "cancellation_reason": null,
          "capture_method": "automatic",
          "client_secret": "pi_2Ogo3O9e1RjUNIyY0dRkww5K_secret_sNZALriKlbta55uuNMbSLui85",
          "confirmation_method": "automatic",
          "created": 1707223630,
          "currency": "usd",
          "customer": "cus_PVpiJvhuUzhn5p",
          "description": "You bought http://edgar5e7015732.test.gumroad.com:31337/l/f",
          "invoice": null,
          "last_payment_error": null,
          "latest_charge": "ch_2Ogo3O9e1RjUNIyY0YaHIGnx",
          "livemode": false,
          "metadata": {
            "purchase": "G_-mnBf9b1j9A7a4ub4nFQ=="
          },
          "next_action": null,
          "on_behalf_of": null,
          "payment_method": "pm_0Ogo3M9e1RjUNIyYzcQfh8sY",
          "payment_method_configuration_details": null,
          "payment_method_options": {
            "card": {
              "installments": null,
              "mandate_options": null,
              "network": null,
              "request_three_d_secure": "automatic"
            }
          },
          "payment_method_types": [
            "card"
          ],
          "processing": null,
          "receipt_email": null,
          "review": null,
          "setup_future_usage": null,
          "shipping": null,
          "source": null,
          "statement_descriptor": null,
          "statement_descriptor_suffix": "edgar5e7015732",
          "status": "succeeded",
          "transfer_data": null,
          "transfer_group": "1"
        }
  recorded_at: Wed, 01 Apr 2020 00:00:00 GMT
- request:
    method: get
    uri: https://api.stripe.com/v1/charges/ch_2Ogo3O9e1RjUNIyY0YaHIGnx?expand%5B%5D=application_fee.balance_transaction&expand%5B%5D=balance_transaction
    body:
      encoding: US-ASCII
      string: ''
    headers:
      User-Agent:
      - Stripe/v1 RubyBindings/10.7.0
      Authorization:
      - Bearer sk_test_4MnOc1f1gf16nKP6dyvP4TAD
      Content-Type:
      - application/x-www-form-urlencoded
      X-Stripe-Client-Telemetry:
      - '{"last_request_metrics":{"request_id":"req_VeWkN900iYOU7g","request_duration_ms":1340}}'
      Stripe-Version:
      - '2023-10-16'
      X-Stripe-Client-User-Agent:
      - '{"bindings_version":"10.7.0","lang":"ruby","lang_version":"3.2.2 p53 (2023-03-30)","platform":"x86_64-linux","engine":"ruby","publisher":"stripe","uname":"Linux
        version 6.5.0-15-generic (buildd@lcy02-amd64-061) (x86_64-linux-gnu-gcc-13
        (Ubuntu 13.2.0-4ubuntu3) 13.2.0, GNU ld (GNU Binutils for Ubuntu) 2.41) #15-Ubuntu
        SMP PREEMPT_DYNAMIC Tue Jan  9 17:03:36 UTC 2024","hostname":"dell"}'
      Accept-Encoding:
      - gzip;q=1.0,deflate;q=0.6,identity;q=0.3
      Accept:
      - "*/*"
  response:
    status:
      code: 200
      message: OK
    headers:
      Server:
      - nginx
      Date:
      - Tue, 06 Feb 2024 12:47:12 GMT
      Content-Type:
      - application/json
      Content-Length:
      - '3501'
      Connection:
      - keep-alive
      Access-Control-Allow-Credentials:
      - 'true'
      Access-Control-Allow-Methods:
      - GET,HEAD,PUT,PATCH,POST,DELETE
      Access-Control-Allow-Origin:
      - "*"
      Access-Control-Expose-Headers:
      - Request-Id, Stripe-Manage-Version, Stripe-Should-Retry, X-Stripe-External-Auth-Required,
        X-Stripe-Privileged-Session-Required
      Access-Control-Max-Age:
      - '300'
      Cache-Control:
      - no-cache, no-store
      Content-Security-Policy:
      - report-uri https://q.stripe.com/csp-report?p=v1%2Fcharges%2F%3Acharge; block-all-mixed-content;
        default-src 'none'; base-uri 'none'; form-action 'none'; frame-ancestors 'none';
        img-src 'self'; script-src 'self' 'report-sample'; style-src 'self'
      Request-Id:
      - req_cTQ4dxrPFM1enf
      Stripe-Version:
      - '2023-10-16'
      Vary:
      - Origin
      X-Stripe-Routing-Context-Priority-Tier:
      - api-testmode
      Strict-Transport-Security:
      - max-age=63072000; includeSubDomains; preload
    body:
      encoding: UTF-8
      string: |-
        {
          "id": "ch_2Ogo3O9e1RjUNIyY0YaHIGnx",
          "object": "charge",
          "amount": 599,
          "amount_captured": 599,
          "amount_refunded": 0,
          "amount_updates": [],
          "application": null,
          "application_fee": null,
          "application_fee_amount": null,
          "balance_transaction": {
            "id": "txn_2Ogo3O9e1RjUNIyY0fVjw89j",
            "object": "balance_transaction",
            "amount": 599,
            "available_on": 1707350400,
            "created": 1707223631,
            "currency": "usd",
            "description": "You bought http://edgar5e7015732.test.gumroad.com:31337/l/f",
            "exchange_rate": null,
            "fee": 35,
            "fee_details": [
              {
                "amount": 35,
                "application": null,
                "currency": "usd",
                "description": "Stripe processing fees",
                "type": "stripe_fee"
              }
            ],
            "net": 564,
            "reporting_category": "charge",
            "source": "ch_2Ogo3O9e1RjUNIyY0YaHIGnx",
            "status": "pending",
            "type": "charge"
          },
          "billing_details": {
            "address": {
              "city": null,
              "country": null,
              "line1": null,
              "line2": null,
              "postal_code": null,
              "state": null
            },
            "email": null,
            "name": null,
            "phone": null
          },
          "calculated_statement_descriptor": "GUMRD.COM* EDGAR5E7015",
          "captured": true,
          "created": 1707223631,
          "currency": "usd",
          "customer": "cus_PVpiJvhuUzhn5p",
          "description": "You bought http://edgar5e7015732.test.gumroad.com:31337/l/f",
          "destination": null,
          "dispute": null,
          "disputed": false,
          "failure_balance_transaction": null,
          "failure_code": null,
          "failure_message": null,
          "fraud_details": {},
          "invoice": null,
          "livemode": false,
          "metadata": {
            "purchase": "G_-mnBf9b1j9A7a4ub4nFQ=="
          },
          "on_behalf_of": null,
          "order": null,
          "outcome": {
            "network_status": "approved_by_network",
            "reason": null,
            "risk_level": "normal",
            "risk_score": 64,
            "seller_message": "Payment complete.",
            "type": "authorized"
          },
          "paid": true,
          "payment_intent": "pi_2Ogo3O9e1RjUNIyY0dRkww5K",
          "payment_method": "pm_0Ogo3M9e1RjUNIyYzcQfh8sY",
          "payment_method_details": {
            "card": {
              "amount_authorized": 599,
              "brand": "visa",
              "checks": {
                "address_line1_check": null,
                "address_postal_code_check": null,
                "cvc_check": "pass"
              },
              "country": "US",
              "exp_month": 12,
              "exp_year": 2024,
              "extended_authorization": {
                "status": "disabled"
              },
              "fingerprint": "W691J2Ye3VDoq6Ij",
              "funding": "credit",
              "incremental_authorization": {
                "status": "unavailable"
              },
              "installments": null,
              "last4": "4242",
              "mandate": null,
              "multicapture": {
                "status": "unavailable"
              },
              "network": "visa",
              "network_token": {
                "used": false
              },
              "overcapture": {
                "maximum_amount_capturable": 599,
                "status": "unavailable"
              },
              "three_d_secure": null,
              "wallet": null
            },
            "type": "card"
          },
          "radar_options": {},
          "receipt_email": null,
          "receipt_number": null,
          "receipt_url": "https://pay.stripe.com/receipts/payment/CAcaIgogOWUxUmpVTkl5WUdwQTlDZmgzUm1ReHhUemIxYWFrcEUo0NSIrgYyBgXT3kZ_tTosFlu5Jj-pI3tdsChsbNlW81pFex9vkDgiYDqmT4ers3sjKElU8AwJPn4W8j4",
          "refunded": false,
          "review": null,
          "shipping": null,
          "source": null,
          "source_transfer": null,
          "statement_descriptor": null,
          "statement_descriptor_suffix": "edgar5e7015732",
          "status": "succeeded",
          "transfer_data": null,
          "transfer_group": "1"
        }
  recorded_at: Wed, 01 Apr 2020 00:00:00 GMT
- request:
    method: post
    uri: https://api.stripe.com/v1/payment_methods
    body:
      encoding: UTF-8
      string: type=card&card[number]=4242+4242+4242+4242&card[exp_month]=12&card[exp_year]=2024&card[cvc]=123
    headers:
      User-Agent:
      - Stripe/v1 RubyBindings/10.7.0
      Authorization:
      - Bearer sk_test_4MnOc1f1gf16nKP6dyvP4TAD
      Content-Type:
      - application/x-www-form-urlencoded
      X-Stripe-Client-Telemetry:
      - '{"last_request_metrics":{"request_id":"req_cTQ4dxrPFM1enf","request_duration_ms":849}}'
      Idempotency-Key:
      - cc218bb7-eb45-40fe-83dc-3f4c4b18e8d4
      Stripe-Version:
      - '2023-10-16'
      X-Stripe-Client-User-Agent:
      - '{"bindings_version":"10.7.0","lang":"ruby","lang_version":"3.2.2 p53 (2023-03-30)","platform":"x86_64-linux","engine":"ruby","publisher":"stripe","uname":"Linux
        version 6.5.0-15-generic (buildd@lcy02-amd64-061) (x86_64-linux-gnu-gcc-13
        (Ubuntu 13.2.0-4ubuntu3) 13.2.0, GNU ld (GNU Binutils for Ubuntu) 2.41) #15-Ubuntu
        SMP PREEMPT_DYNAMIC Tue Jan  9 17:03:36 UTC 2024","hostname":"dell"}'
      Accept-Encoding:
      - gzip;q=1.0,deflate;q=0.6,identity;q=0.3
      Accept:
      - "*/*"
  response:
    status:
      code: 200
      message: OK
    headers:
      Server:
      - nginx
      Date:
      - Tue, 06 Feb 2024 12:47:13 GMT
      Content-Type:
      - application/json
      Content-Length:
      - '931'
      Connection:
      - keep-alive
      Access-Control-Allow-Credentials:
      - 'true'
      Access-Control-Allow-Methods:
      - GET,HEAD,PUT,PATCH,POST,DELETE
      Access-Control-Allow-Origin:
      - "*"
      Access-Control-Expose-Headers:
      - Request-Id, Stripe-Manage-Version, Stripe-Should-Retry, X-Stripe-External-Auth-Required,
        X-Stripe-Privileged-Session-Required
      Access-Control-Max-Age:
      - '300'
      Cache-Control:
      - no-cache, no-store
      Content-Security-Policy:
      - report-uri https://q.stripe.com/csp-report?p=v1%2Fpayment_methods; block-all-mixed-content;
        default-src 'none'; base-uri 'none'; form-action 'none'; frame-ancestors 'none';
        img-src 'self'; script-src 'self' 'report-sample'; style-src 'self'
      Idempotency-Key:
      - cc218bb7-eb45-40fe-83dc-3f4c4b18e8d4
      Original-Request:
      - req_oq0uHJCS9um4Sm
      Request-Id:
      - req_oq0uHJCS9um4Sm
      Stripe-Should-Retry:
      - 'false'
      Stripe-Version:
      - '2023-10-16'
      Vary:
      - Origin
      X-Stripe-Routing-Context-Priority-Tier:
      - api-testmode
      Strict-Transport-Security:
      - max-age=63072000; includeSubDomains; preload
    body:
      encoding: UTF-8
      string: |-
        {
          "id": "pm_0Ogo3R9e1RjUNIyYAnSDabYC",
          "object": "payment_method",
          "billing_details": {
            "address": {
              "city": null,
              "country": null,
              "line1": null,
              "line2": null,
              "postal_code": null,
              "state": null
            },
            "email": null,
            "name": null,
            "phone": null
          },
          "card": {
            "brand": "visa",
            "checks": {
              "address_line1_check": null,
              "address_postal_code_check": null,
              "cvc_check": "unchecked"
            },
            "country": "US",
            "exp_month": 12,
            "exp_year": 2024,
            "fingerprint": "W691J2Ye3VDoq6Ij",
            "funding": "credit",
            "generated_from": null,
            "last4": "4242",
            "networks": {
              "available": [
                "visa"
              ],
              "preferred": null
            },
            "three_d_secure_usage": {
              "supported": true
            },
            "wallet": null
          },
          "created": 1707223633,
          "customer": null,
          "livemode": false,
          "metadata": {},
          "type": "card"
        }
  recorded_at: Tue, 06 Feb 2024 12:47:13 GMT
- request:
    method: get
    uri: https://api.stripe.com/v1/payment_methods/pm_0Ogo3R9e1RjUNIyYAnSDabYC
    body:
      encoding: US-ASCII
      string: ''
    headers:
      User-Agent:
      - Stripe/v1 RubyBindings/10.7.0
      Authorization:
      - Bearer sk_test_4MnOc1f1gf16nKP6dyvP4TAD
      Content-Type:
      - application/x-www-form-urlencoded
      X-Stripe-Client-Telemetry:
      - '{"last_request_metrics":{"request_id":"req_oq0uHJCS9um4Sm","request_duration_ms":472}}'
      Stripe-Version:
      - '2023-10-16'
      X-Stripe-Client-User-Agent:
      - '{"bindings_version":"10.7.0","lang":"ruby","lang_version":"3.2.2 p53 (2023-03-30)","platform":"x86_64-linux","engine":"ruby","publisher":"stripe","uname":"Linux
        version 6.5.0-15-generic (buildd@lcy02-amd64-061) (x86_64-linux-gnu-gcc-13
        (Ubuntu 13.2.0-4ubuntu3) 13.2.0, GNU ld (GNU Binutils for Ubuntu) 2.41) #15-Ubuntu
        SMP PREEMPT_DYNAMIC Tue Jan  9 17:03:36 UTC 2024","hostname":"dell"}'
      Accept-Encoding:
      - gzip;q=1.0,deflate;q=0.6,identity;q=0.3
      Accept:
      - "*/*"
  response:
    status:
      code: 200
      message: OK
    headers:
      Server:
      - nginx
      Date:
      - Tue, 06 Feb 2024 12:47:13 GMT
      Content-Type:
      - application/json
      Content-Length:
      - '931'
      Connection:
      - keep-alive
      Access-Control-Allow-Credentials:
      - 'true'
      Access-Control-Allow-Methods:
      - GET,HEAD,PUT,PATCH,POST,DELETE
      Access-Control-Allow-Origin:
      - "*"
      Access-Control-Expose-Headers:
      - Request-Id, Stripe-Manage-Version, Stripe-Should-Retry, X-Stripe-External-Auth-Required,
        X-Stripe-Privileged-Session-Required
      Access-Control-Max-Age:
      - '300'
      Cache-Control:
      - no-cache, no-store
      Content-Security-Policy:
      - report-uri https://q.stripe.com/csp-report?p=v1%2Fpayment_methods%2F%3Apayment_method;
        block-all-mixed-content; default-src 'none'; base-uri 'none'; form-action
        'none'; frame-ancestors 'none'; img-src 'self'; script-src 'self' 'report-sample';
        style-src 'self'
      Request-Id:
      - req_0LjL6ZQOElTONu
      Stripe-Version:
      - '2023-10-16'
      Vary:
      - Origin
      X-Stripe-Routing-Context-Priority-Tier:
      - api-testmode
      Strict-Transport-Security:
      - max-age=63072000; includeSubDomains; preload
    body:
      encoding: UTF-8
      string: |-
        {
          "id": "pm_0Ogo3R9e1RjUNIyYAnSDabYC",
          "object": "payment_method",
          "billing_details": {
            "address": {
              "city": null,
              "country": null,
              "line1": null,
              "line2": null,
              "postal_code": null,
              "state": null
            },
            "email": null,
            "name": null,
            "phone": null
          },
          "card": {
            "brand": "visa",
            "checks": {
              "address_line1_check": null,
              "address_postal_code_check": null,
              "cvc_check": "unchecked"
            },
            "country": "US",
            "exp_month": 12,
            "exp_year": 2024,
            "fingerprint": "W691J2Ye3VDoq6Ij",
            "funding": "credit",
            "generated_from": null,
            "last4": "4242",
            "networks": {
              "available": [
                "visa"
              ],
              "preferred": null
            },
            "three_d_secure_usage": {
              "supported": true
            },
            "wallet": null
          },
          "created": 1707223633,
          "customer": null,
          "livemode": false,
          "metadata": {},
          "type": "card"
        }
  recorded_at: Tue, 06 Feb 2024 12:47:13 GMT
- request:
    method: post
    uri: https://api.stripe.com/v1/customers
    body:
      encoding: UTF-8
      string: description=3&email=edgar9bc0784a_5%40gumroad.com&payment_method=pm_0Ogo3R9e1RjUNIyYAnSDabYC
    headers:
      User-Agent:
      - Stripe/v1 RubyBindings/10.7.0
      Authorization:
      - Bearer sk_test_4MnOc1f1gf16nKP6dyvP4TAD
      Content-Type:
      - application/x-www-form-urlencoded
      X-Stripe-Client-Telemetry:
      - '{"last_request_metrics":{"request_id":"req_0LjL6ZQOElTONu","request_duration_ms":350}}'
      Idempotency-Key:
      - 7dd6ee02-b47b-4d80-b209-9f45aa22cd67
      Stripe-Version:
      - '2023-10-16'
      X-Stripe-Client-User-Agent:
      - '{"bindings_version":"10.7.0","lang":"ruby","lang_version":"3.2.2 p53 (2023-03-30)","platform":"x86_64-linux","engine":"ruby","publisher":"stripe","uname":"Linux
        version 6.5.0-15-generic (buildd@lcy02-amd64-061) (x86_64-linux-gnu-gcc-13
        (Ubuntu 13.2.0-4ubuntu3) 13.2.0, GNU ld (GNU Binutils for Ubuntu) 2.41) #15-Ubuntu
        SMP PREEMPT_DYNAMIC Tue Jan  9 17:03:36 UTC 2024","hostname":"dell"}'
      Accept-Encoding:
      - gzip;q=1.0,deflate;q=0.6,identity;q=0.3
      Accept:
      - "*/*"
  response:
    status:
      code: 200
      message: OK
    headers:
      Server:
      - nginx
      Date:
      - Tue, 06 Feb 2024 12:47:14 GMT
      Content-Type:
      - application/json
      Content-Length:
      - '638'
      Connection:
      - keep-alive
      Access-Control-Allow-Credentials:
      - 'true'
      Access-Control-Allow-Methods:
      - GET,HEAD,PUT,PATCH,POST,DELETE
      Access-Control-Allow-Origin:
      - "*"
      Access-Control-Expose-Headers:
      - Request-Id, Stripe-Manage-Version, Stripe-Should-Retry, X-Stripe-External-Auth-Required,
        X-Stripe-Privileged-Session-Required
      Access-Control-Max-Age:
      - '300'
      Cache-Control:
      - no-cache, no-store
      Content-Security-Policy:
      - report-uri https://q.stripe.com/csp-report?p=v1%2Fcustomers; block-all-mixed-content;
        default-src 'none'; base-uri 'none'; form-action 'none'; frame-ancestors 'none';
        img-src 'self'; script-src 'self' 'report-sample'; style-src 'self'
      Idempotency-Key:
      - 7dd6ee02-b47b-4d80-b209-9f45aa22cd67
      Original-Request:
      - req_FsyXgegAkTR7nw
      Request-Id:
      - req_FsyXgegAkTR7nw
      Stripe-Should-Retry:
      - 'false'
      Stripe-Version:
      - '2023-10-16'
      Vary:
      - Origin
      X-Stripe-Routing-Context-Priority-Tier:
      - api-testmode
      Strict-Transport-Security:
      - max-age=63072000; includeSubDomains; preload
    body:
      encoding: UTF-8
      string: |-
        {
          "id": "cus_PVpix6mL8NzOCR",
          "object": "customer",
          "address": null,
          "balance": 0,
          "created": 1707223634,
          "currency": null,
          "default_source": null,
          "delinquent": false,
          "description": "3",
          "discount": null,
          "email": "edgar9bc0784a_5@gumroad.com",
          "invoice_prefix": "F7A808BC",
          "invoice_settings": {
            "custom_fields": null,
            "default_payment_method": null,
            "footer": null,
            "rendering_options": null
          },
          "livemode": false,
          "metadata": {},
          "name": null,
          "next_invoice_sequence": 1,
          "phone": null,
          "preferred_locales": [],
          "shipping": null,
          "tax_exempt": "none",
          "test_clock": null
        }
  recorded_at: Tue, 06 Feb 2024 12:47:14 GMT
- request:
    method: post
    uri: https://api.stripe.com/v1/payment_intents
    body:
      encoding: UTF-8
      string: amount=699&currency=usd&description=You+bought+http%3A%2F%2Fedgar7e2d3a594.test.gumroad.com%3A31337%2Fl%2Fy&metadata[purchase]=P5ppE6H8XIjy2JSCgUhbAw%3D%3D&transfer_group=2&payment_method_types[0]=card&off_session=true&confirm=true&customer=cus_PVpix6mL8NzOCR&payment_method=pm_0Ogo3R9e1RjUNIyYAnSDabYC&statement_descriptor_suffix=edgar7e2d3a594
    headers:
      User-Agent:
      - Stripe/v1 RubyBindings/10.7.0
      Authorization:
      - Bearer sk_test_4MnOc1f1gf16nKP6dyvP4TAD
      Content-Type:
      - application/x-www-form-urlencoded
      X-Stripe-Client-Telemetry:
      - '{"last_request_metrics":{"request_id":"req_FsyXgegAkTR7nw","request_duration_ms":881}}'
      Idempotency-Key:
      - 92786ff4-3b4c-4567-a364-0a81885cb152
      Stripe-Version:
      - '2023-10-16'
      X-Stripe-Client-User-Agent:
      - '{"bindings_version":"10.7.0","lang":"ruby","lang_version":"3.2.2 p53 (2023-03-30)","platform":"x86_64-linux","engine":"ruby","publisher":"stripe","uname":"Linux
        version 6.5.0-15-generic (buildd@lcy02-amd64-061) (x86_64-linux-gnu-gcc-13
        (Ubuntu 13.2.0-4ubuntu3) 13.2.0, GNU ld (GNU Binutils for Ubuntu) 2.41) #15-Ubuntu
        SMP PREEMPT_DYNAMIC Tue Jan  9 17:03:36 UTC 2024","hostname":"dell"}'
      Accept-Encoding:
      - gzip;q=1.0,deflate;q=0.6,identity;q=0.3
      Accept:
      - "*/*"
  response:
    status:
      code: 200
      message: OK
    headers:
      Server:
      - nginx
      Date:
      - Tue, 06 Feb 2024 12:47:16 GMT
      Content-Type:
      - application/json
      Content-Length:
      - '1491'
      Connection:
      - keep-alive
      Access-Control-Allow-Credentials:
      - 'true'
      Access-Control-Allow-Methods:
      - GET,HEAD,PUT,PATCH,POST,DELETE
      Access-Control-Allow-Origin:
      - "*"
      Access-Control-Expose-Headers:
      - Request-Id, Stripe-Manage-Version, Stripe-Should-Retry, X-Stripe-External-Auth-Required,
        X-Stripe-Privileged-Session-Required
      Access-Control-Max-Age:
      - '300'
      Cache-Control:
      - no-cache, no-store
      Content-Security-Policy:
      - report-uri https://q.stripe.com/csp-report?p=v1%2Fpayment_intents; block-all-mixed-content;
        default-src 'none'; base-uri 'none'; form-action 'none'; frame-ancestors 'none';
        img-src 'self'; script-src 'self' 'report-sample'; style-src 'self'
      Idempotency-Key:
      - 92786ff4-3b4c-4567-a364-0a81885cb152
      Original-Request:
      - req_t4loSJpvq3IYa3
      Request-Id:
      - req_t4loSJpvq3IYa3
      Stripe-Should-Retry:
      - 'false'
      Stripe-Version:
      - '2023-10-16'
      Vary:
      - Origin
      X-Stripe-Routing-Context-Priority-Tier:
      - api-testmode
      Strict-Transport-Security:
      - max-age=63072000; includeSubDomains; preload
    body:
      encoding: UTF-8
      string: |-
        {
          "id": "pi_2Ogo3T9e1RjUNIyY0n1dI2nc",
          "object": "payment_intent",
          "amount": 699,
          "amount_capturable": 0,
          "amount_details": {
            "tip": {}
          },
          "amount_received": 699,
          "application": null,
          "application_fee_amount": null,
          "automatic_payment_methods": null,
          "canceled_at": null,
          "cancellation_reason": null,
          "capture_method": "automatic",
          "client_secret": "pi_2Ogo3T9e1RjUNIyY0n1dI2nc_secret_TfJpNOMuYPMnAP2QyJrzz1ruj",
          "confirmation_method": "automatic",
          "created": 1707223635,
          "currency": "usd",
          "customer": "cus_PVpix6mL8NzOCR",
          "description": "You bought http://edgar7e2d3a594.test.gumroad.com:31337/l/y",
          "invoice": null,
          "last_payment_error": null,
          "latest_charge": "ch_2Ogo3T9e1RjUNIyY00hXq8q3",
          "livemode": false,
          "metadata": {
            "purchase": "P5ppE6H8XIjy2JSCgUhbAw=="
          },
          "next_action": null,
          "on_behalf_of": null,
          "payment_method": "pm_0Ogo3R9e1RjUNIyYAnSDabYC",
          "payment_method_configuration_details": null,
          "payment_method_options": {
            "card": {
              "installments": null,
              "mandate_options": null,
              "network": null,
              "request_three_d_secure": "automatic"
            }
          },
          "payment_method_types": [
            "card"
          ],
          "processing": null,
          "receipt_email": null,
          "review": null,
          "setup_future_usage": null,
          "shipping": null,
          "source": null,
          "statement_descriptor": null,
          "statement_descriptor_suffix": "edgar7e2d3a594",
          "status": "succeeded",
          "transfer_data": null,
          "transfer_group": "2"
        }
  recorded_at: Wed, 01 Apr 2020 00:00:00 GMT
- request:
    method: get
    uri: https://api.stripe.com/v1/charges/ch_2Ogo3T9e1RjUNIyY00hXq8q3?expand%5B%5D=application_fee.balance_transaction&expand%5B%5D=balance_transaction
    body:
      encoding: US-ASCII
      string: ''
    headers:
      User-Agent:
      - Stripe/v1 RubyBindings/10.7.0
      Authorization:
      - Bearer sk_test_4MnOc1f1gf16nKP6dyvP4TAD
      Content-Type:
      - application/x-www-form-urlencoded
      X-Stripe-Client-Telemetry:
      - '{"last_request_metrics":{"request_id":"req_t4loSJpvq3IYa3","request_duration_ms":1294}}'
      Stripe-Version:
      - '2023-10-16'
      X-Stripe-Client-User-Agent:
      - '{"bindings_version":"10.7.0","lang":"ruby","lang_version":"3.2.2 p53 (2023-03-30)","platform":"x86_64-linux","engine":"ruby","publisher":"stripe","uname":"Linux
        version 6.5.0-15-generic (buildd@lcy02-amd64-061) (x86_64-linux-gnu-gcc-13
        (Ubuntu 13.2.0-4ubuntu3) 13.2.0, GNU ld (GNU Binutils for Ubuntu) 2.41) #15-Ubuntu
        SMP PREEMPT_DYNAMIC Tue Jan  9 17:03:36 UTC 2024","hostname":"dell"}'
      Accept-Encoding:
      - gzip;q=1.0,deflate;q=0.6,identity;q=0.3
      Accept:
      - "*/*"
  response:
    status:
      code: 200
      message: OK
    headers:
      Server:
      - nginx
      Date:
      - Tue, 06 Feb 2024 12:47:17 GMT
      Content-Type:
      - application/json
      Content-Length:
      - '3501'
      Connection:
      - keep-alive
      Access-Control-Allow-Credentials:
      - 'true'
      Access-Control-Allow-Methods:
      - GET,HEAD,PUT,PATCH,POST,DELETE
      Access-Control-Allow-Origin:
      - "*"
      Access-Control-Expose-Headers:
      - Request-Id, Stripe-Manage-Version, Stripe-Should-Retry, X-Stripe-External-Auth-Required,
        X-Stripe-Privileged-Session-Required
      Access-Control-Max-Age:
      - '300'
      Cache-Control:
      - no-cache, no-store
      Content-Security-Policy:
      - report-uri https://q.stripe.com/csp-report?p=v1%2Fcharges%2F%3Acharge; block-all-mixed-content;
        default-src 'none'; base-uri 'none'; form-action 'none'; frame-ancestors 'none';
        img-src 'self'; script-src 'self' 'report-sample'; style-src 'self'
      Request-Id:
      - req_Li8JbnxH0ENmi1
      Stripe-Version:
      - '2023-10-16'
      Vary:
      - Origin
      X-Stripe-Routing-Context-Priority-Tier:
      - api-testmode
      Strict-Transport-Security:
      - max-age=63072000; includeSubDomains; preload
    body:
      encoding: UTF-8
      string: |-
        {
          "id": "ch_2Ogo3T9e1RjUNIyY00hXq8q3",
          "object": "charge",
          "amount": 699,
          "amount_captured": 699,
          "amount_refunded": 0,
          "amount_updates": [],
          "application": null,
          "application_fee": null,
          "application_fee_amount": null,
          "balance_transaction": {
            "id": "txn_2Ogo3T9e1RjUNIyY0QJ2eUJ2",
            "object": "balance_transaction",
            "amount": 699,
            "available_on": 1707350400,
            "created": 1707223635,
            "currency": "usd",
            "description": "You bought http://edgar7e2d3a594.test.gumroad.com:31337/l/y",
            "exchange_rate": null,
            "fee": 40,
            "fee_details": [
              {
                "amount": 40,
                "application": null,
                "currency": "usd",
                "description": "Stripe processing fees",
                "type": "stripe_fee"
              }
            ],
            "net": 659,
            "reporting_category": "charge",
            "source": "ch_2Ogo3T9e1RjUNIyY00hXq8q3",
            "status": "pending",
            "type": "charge"
          },
          "billing_details": {
            "address": {
              "city": null,
              "country": null,
              "line1": null,
              "line2": null,
              "postal_code": null,
              "state": null
            },
            "email": null,
            "name": null,
            "phone": null
          },
          "calculated_statement_descriptor": "GUMRD.COM* EDGAR7E2D3A",
          "captured": true,
          "created": 1707223635,
          "currency": "usd",
          "customer": "cus_PVpix6mL8NzOCR",
          "description": "You bought http://edgar7e2d3a594.test.gumroad.com:31337/l/y",
          "destination": null,
          "dispute": null,
          "disputed": false,
          "failure_balance_transaction": null,
          "failure_code": null,
          "failure_message": null,
          "fraud_details": {},
          "invoice": null,
          "livemode": false,
          "metadata": {
            "purchase": "P5ppE6H8XIjy2JSCgUhbAw=="
          },
          "on_behalf_of": null,
          "order": null,
          "outcome": {
            "network_status": "approved_by_network",
            "reason": null,
            "risk_level": "normal",
            "risk_score": 47,
            "seller_message": "Payment complete.",
            "type": "authorized"
          },
          "paid": true,
          "payment_intent": "pi_2Ogo3T9e1RjUNIyY0n1dI2nc",
          "payment_method": "pm_0Ogo3R9e1RjUNIyYAnSDabYC",
          "payment_method_details": {
            "card": {
              "amount_authorized": 699,
              "brand": "visa",
              "checks": {
                "address_line1_check": null,
                "address_postal_code_check": null,
                "cvc_check": "pass"
              },
              "country": "US",
              "exp_month": 12,
              "exp_year": 2024,
              "extended_authorization": {
                "status": "disabled"
              },
              "fingerprint": "W691J2Ye3VDoq6Ij",
              "funding": "credit",
              "incremental_authorization": {
                "status": "unavailable"
              },
              "installments": null,
              "last4": "4242",
              "mandate": null,
              "multicapture": {
                "status": "unavailable"
              },
              "network": "visa",
              "network_token": {
                "used": false
              },
              "overcapture": {
                "maximum_amount_capturable": 699,
                "status": "unavailable"
              },
              "three_d_secure": null,
              "wallet": null
            },
            "type": "card"
          },
          "radar_options": {},
          "receipt_email": null,
          "receipt_number": null,
          "receipt_url": "https://pay.stripe.com/receipts/payment/CAcaIgogOWUxUmpVTkl5WUdwQTlDZmgzUm1ReHhUemIxYWFrcEUo1dSIrgYyBufNbjkOmTosFr54iqSrVFEmT013Bq2857qOtOvzTpI6eYVHBZwZS41AMvhzC93ZJwQhWyI",
          "refunded": false,
          "review": null,
          "shipping": null,
          "source": null,
          "source_transfer": null,
          "statement_descriptor": null,
          "statement_descriptor_suffix": "edgar7e2d3a594",
          "status": "succeeded",
          "transfer_data": null,
          "transfer_group": "2"
        }
  recorded_at: Wed, 01 Apr 2020 00:00:00 GMT
- request:
    method: post
    uri: https://api.stripe.com/v1/payment_methods
    body:
      encoding: UTF-8
      string: type=card&card[number]=4000+0035+6000+0123&card[exp_month]=12&card[exp_year]=2024&card[cvc]=123
    headers:
      User-Agent:
      - Stripe/v1 RubyBindings/10.7.0
      Authorization:
      - Bearer sk_test_4MnOc1f1gf16nKP6dyvP4TAD
      Content-Type:
      - application/x-www-form-urlencoded
      X-Stripe-Client-Telemetry:
      - '{"last_request_metrics":{"request_id":"req_Li8JbnxH0ENmi1","request_duration_ms":708}}'
      Idempotency-Key:
      - 34e64495-41f9-4fd6-af6a-7409c2224bd6
      Stripe-Version:
      - '2023-10-16'
      X-Stripe-Client-User-Agent:
      - '{"bindings_version":"10.7.0","lang":"ruby","lang_version":"3.2.2 p53 (2023-03-30)","platform":"x86_64-linux","engine":"ruby","publisher":"stripe","uname":"Linux
        version 6.5.0-15-generic (buildd@lcy02-amd64-061) (x86_64-linux-gnu-gcc-13
        (Ubuntu 13.2.0-4ubuntu3) 13.2.0, GNU ld (GNU Binutils for Ubuntu) 2.41) #15-Ubuntu
        SMP PREEMPT_DYNAMIC Tue Jan  9 17:03:36 UTC 2024","hostname":"dell"}'
      Accept-Encoding:
      - gzip;q=1.0,deflate;q=0.6,identity;q=0.3
      Accept:
      - "*/*"
  response:
    status:
      code: 200
      message: OK
    headers:
      Server:
      - nginx
      Date:
      - Tue, 06 Feb 2024 12:47:17 GMT
      Content-Type:
      - application/json
      Content-Length:
      - '931'
      Connection:
      - keep-alive
      Access-Control-Allow-Credentials:
      - 'true'
      Access-Control-Allow-Methods:
      - GET,HEAD,PUT,PATCH,POST,DELETE
      Access-Control-Allow-Origin:
      - "*"
      Access-Control-Expose-Headers:
      - Request-Id, Stripe-Manage-Version, Stripe-Should-Retry, X-Stripe-External-Auth-Required,
        X-Stripe-Privileged-Session-Required
      Access-Control-Max-Age:
      - '300'
      Cache-Control:
      - no-cache, no-store
      Content-Security-Policy:
      - report-uri https://q.stripe.com/csp-report?p=v1%2Fpayment_methods; block-all-mixed-content;
        default-src 'none'; base-uri 'none'; form-action 'none'; frame-ancestors 'none';
        img-src 'self'; script-src 'self' 'report-sample'; style-src 'self'
      Idempotency-Key:
      - 34e64495-41f9-4fd6-af6a-7409c2224bd6
      Original-Request:
      - req_KrltYrM0c9gLj5
      Request-Id:
      - req_KrltYrM0c9gLj5
      Stripe-Should-Retry:
      - 'false'
      Stripe-Version:
      - '2023-10-16'
      Vary:
      - Origin
      X-Stripe-Routing-Context-Priority-Tier:
      - api-testmode
      Strict-Transport-Security:
      - max-age=63072000; includeSubDomains; preload
    body:
      encoding: UTF-8
      string: |-
        {
          "id": "pm_0Ogo3V9e1RjUNIyYDrciOag3",
          "object": "payment_method",
          "billing_details": {
            "address": {
              "city": null,
              "country": null,
              "line1": null,
              "line2": null,
              "postal_code": null,
              "state": null
            },
            "email": null,
            "name": null,
            "phone": null
          },
          "card": {
            "brand": "visa",
            "checks": {
              "address_line1_check": null,
              "address_postal_code_check": null,
              "cvc_check": "unchecked"
            },
            "country": "IN",
            "exp_month": 12,
            "exp_year": 2024,
            "fingerprint": "Jc8MwNDiNvhPqNky",
            "funding": "credit",
            "generated_from": null,
            "last4": "0123",
            "networks": {
              "available": [
                "visa"
              ],
              "preferred": null
            },
            "three_d_secure_usage": {
              "supported": true
            },
            "wallet": null
          },
          "created": 1707223637,
          "customer": null,
          "livemode": false,
          "metadata": {},
          "type": "card"
        }
  recorded_at: Fri, 01 May 2020 00:00:00 GMT
- request:
    method: get
    uri: https://api.stripe.com/v1/payment_methods/pm_0Ogo3V9e1RjUNIyYDrciOag3
    body:
      encoding: US-ASCII
      string: ''
    headers:
      User-Agent:
      - Stripe/v1 RubyBindings/10.7.0
      Authorization:
      - Bearer sk_test_4MnOc1f1gf16nKP6dyvP4TAD
      Content-Type:
      - application/x-www-form-urlencoded
      X-Stripe-Client-Telemetry:
      - '{"last_request_metrics":{"request_id":"req_KrltYrM0c9gLj5","request_duration_ms":471}}'
      Stripe-Version:
      - '2023-10-16'
      X-Stripe-Client-User-Agent:
      - '{"bindings_version":"10.7.0","lang":"ruby","lang_version":"3.2.2 p53 (2023-03-30)","platform":"x86_64-linux","engine":"ruby","publisher":"stripe","uname":"Linux
        version 6.5.0-15-generic (buildd@lcy02-amd64-061) (x86_64-linux-gnu-gcc-13
        (Ubuntu 13.2.0-4ubuntu3) 13.2.0, GNU ld (GNU Binutils for Ubuntu) 2.41) #15-Ubuntu
        SMP PREEMPT_DYNAMIC Tue Jan  9 17:03:36 UTC 2024","hostname":"dell"}'
      Accept-Encoding:
      - gzip;q=1.0,deflate;q=0.6,identity;q=0.3
      Accept:
      - "*/*"
  response:
    status:
      code: 200
      message: OK
    headers:
      Server:
      - nginx
      Date:
      - Tue, 06 Feb 2024 12:47:18 GMT
      Content-Type:
      - application/json
      Content-Length:
      - '931'
      Connection:
      - keep-alive
      Access-Control-Allow-Credentials:
      - 'true'
      Access-Control-Allow-Methods:
      - GET,HEAD,PUT,PATCH,POST,DELETE
      Access-Control-Allow-Origin:
      - "*"
      Access-Control-Expose-Headers:
      - Request-Id, Stripe-Manage-Version, Stripe-Should-Retry, X-Stripe-External-Auth-Required,
        X-Stripe-Privileged-Session-Required
      Access-Control-Max-Age:
      - '300'
      Cache-Control:
      - no-cache, no-store
      Content-Security-Policy:
      - report-uri https://q.stripe.com/csp-report?p=v1%2Fpayment_methods%2F%3Apayment_method;
        block-all-mixed-content; default-src 'none'; base-uri 'none'; form-action
        'none'; frame-ancestors 'none'; img-src 'self'; script-src 'self' 'report-sample';
        style-src 'self'
      Request-Id:
      - req_EjAUaTCwLCA0iu
      Stripe-Version:
      - '2023-10-16'
      Vary:
      - Origin
      X-Stripe-Routing-Context-Priority-Tier:
      - api-testmode
      Strict-Transport-Security:
      - max-age=63072000; includeSubDomains; preload
    body:
      encoding: UTF-8
      string: |-
        {
          "id": "pm_0Ogo3V9e1RjUNIyYDrciOag3",
          "object": "payment_method",
          "billing_details": {
            "address": {
              "city": null,
              "country": null,
              "line1": null,
              "line2": null,
              "postal_code": null,
              "state": null
            },
            "email": null,
            "name": null,
            "phone": null
          },
          "card": {
            "brand": "visa",
            "checks": {
              "address_line1_check": null,
              "address_postal_code_check": null,
              "cvc_check": "unchecked"
            },
            "country": "IN",
            "exp_month": 12,
            "exp_year": 2024,
            "fingerprint": "Jc8MwNDiNvhPqNky",
            "funding": "credit",
            "generated_from": null,
            "last4": "0123",
            "networks": {
              "available": [
                "visa"
              ],
              "preferred": null
            },
            "three_d_secure_usage": {
              "supported": true
            },
            "wallet": null
          },
          "created": 1707223637,
          "customer": null,
          "livemode": false,
          "metadata": {},
          "type": "card"
        }
  recorded_at: Fri, 01 May 2020 00:00:00 GMT
- request:
    method: post
    uri: https://api.stripe.com/v1/customers
    body:
      encoding: UTF-8
      string: description=3&email=edgar9bc0784a_5%40gumroad.com&payment_method=pm_0Ogo3V9e1RjUNIyYDrciOag3
    headers:
      User-Agent:
      - Stripe/v1 RubyBindings/10.7.0
      Authorization:
      - Bearer sk_test_4MnOc1f1gf16nKP6dyvP4TAD
      Content-Type:
      - application/x-www-form-urlencoded
      X-Stripe-Client-Telemetry:
      - '{"last_request_metrics":{"request_id":"req_EjAUaTCwLCA0iu","request_duration_ms":331}}'
      Idempotency-Key:
      - dbe9db78-e3f1-48cb-baf4-fb6689679497
      Stripe-Version:
      - '2023-10-16'
      X-Stripe-Client-User-Agent:
      - '{"bindings_version":"10.7.0","lang":"ruby","lang_version":"3.2.2 p53 (2023-03-30)","platform":"x86_64-linux","engine":"ruby","publisher":"stripe","uname":"Linux
        version 6.5.0-15-generic (buildd@lcy02-amd64-061) (x86_64-linux-gnu-gcc-13
        (Ubuntu 13.2.0-4ubuntu3) 13.2.0, GNU ld (GNU Binutils for Ubuntu) 2.41) #15-Ubuntu
        SMP PREEMPT_DYNAMIC Tue Jan  9 17:03:36 UTC 2024","hostname":"dell"}'
      Accept-Encoding:
      - gzip;q=1.0,deflate;q=0.6,identity;q=0.3
      Accept:
      - "*/*"
  response:
    status:
      code: 200
      message: OK
    headers:
      Server:
      - nginx
      Date:
      - Tue, 06 Feb 2024 12:47:19 GMT
      Content-Type:
      - application/json
      Content-Length:
      - '638'
      Connection:
      - keep-alive
      Access-Control-Allow-Credentials:
      - 'true'
      Access-Control-Allow-Methods:
      - GET,HEAD,PUT,PATCH,POST,DELETE
      Access-Control-Allow-Origin:
      - "*"
      Access-Control-Expose-Headers:
      - Request-Id, Stripe-Manage-Version, Stripe-Should-Retry, X-Stripe-External-Auth-Required,
        X-Stripe-Privileged-Session-Required
      Access-Control-Max-Age:
      - '300'
      Cache-Control:
      - no-cache, no-store
      Content-Security-Policy:
      - report-uri https://q.stripe.com/csp-report?p=v1%2Fcustomers; block-all-mixed-content;
        default-src 'none'; base-uri 'none'; form-action 'none'; frame-ancestors 'none';
        img-src 'self'; script-src 'self' 'report-sample'; style-src 'self'
      Idempotency-Key:
      - dbe9db78-e3f1-48cb-baf4-fb6689679497
      Original-Request:
      - req_KIxI7x9YGmE2py
      Request-Id:
      - req_KIxI7x9YGmE2py
      Stripe-Should-Retry:
      - 'false'
      Stripe-Version:
      - '2023-10-16'
      Vary:
      - Origin
      X-Stripe-Routing-Context-Priority-Tier:
      - api-testmode
      Strict-Transport-Security:
      - max-age=63072000; includeSubDomains; preload
    body:
      encoding: UTF-8
      string: |-
        {
          "id": "cus_PVpikyOdFcOjNy",
          "object": "customer",
          "address": null,
          "balance": 0,
          "created": 1707223638,
          "currency": null,
          "default_source": null,
          "delinquent": false,
          "description": "3",
          "discount": null,
          "email": "edgar9bc0784a_5@gumroad.com",
          "invoice_prefix": "8BAB7989",
          "invoice_settings": {
            "custom_fields": null,
            "default_payment_method": null,
            "footer": null,
            "rendering_options": null
          },
          "livemode": false,
          "metadata": {},
          "name": null,
          "next_invoice_sequence": 1,
          "phone": null,
          "preferred_locales": [],
          "shipping": null,
          "tax_exempt": "none",
          "test_clock": null
        }
  recorded_at: Fri, 01 May 2020 00:00:00 GMT
- request:
    method: post
    uri: https://api.stripe.com/v1/payment_intents
    body:
      encoding: UTF-8
      string: amount=338&currency=usd&description=You+bought+http%3A%2F%2Fedgar7e2d3a594.test.gumroad.com%3A31337%2Fl%2Fy&metadata[purchase]=mN7CdHiwHaR9FlxKvF-n-g%3D%3D&transfer_group=4&payment_method_types[0]=card&off_session=false&setup_future_usage=off_session&payment_method_options[card][mandate_options][reference]=Mandate-57251355f84dcff3e20e490507c6e526&payment_method_options[card][mandate_options][amount_type]=maximum&payment_method_options[card][mandate_options][amount]=799&payment_method_options[card][mandate_options][start_date]=1588291200&payment_method_options[card][mandate_options][interval]=month&payment_method_options[card][mandate_options][interval_count]=3&payment_method_options[card][mandate_options][supported_types][0]=india&payment_method_options[card][request_three_d_secure]=any&customer=cus_PVpikyOdFcOjNy&payment_method=pm_0Ogo3V9e1RjUNIyYDrciOag3&statement_descriptor_suffix=edgar7e2d3a594
    headers:
      User-Agent:
      - Stripe/v1 RubyBindings/10.7.0
      Authorization:
      - Bearer sk_test_4MnOc1f1gf16nKP6dyvP4TAD
      Content-Type:
      - application/x-www-form-urlencoded
      X-Stripe-Client-Telemetry:
      - '{"last_request_metrics":{"request_id":"req_KIxI7x9YGmE2py","request_duration_ms":985}}'
      Idempotency-Key:
      - 38db73bd-e2fe-45f4-9d0d-b7ae83a0e886
      Stripe-Version:
      - '2023-10-16'
      X-Stripe-Client-User-Agent:
      - '{"bindings_version":"10.7.0","lang":"ruby","lang_version":"3.2.2 p53 (2023-03-30)","platform":"x86_64-linux","engine":"ruby","publisher":"stripe","uname":"Linux
        version 6.5.0-15-generic (buildd@lcy02-amd64-061) (x86_64-linux-gnu-gcc-13
        (Ubuntu 13.2.0-4ubuntu3) 13.2.0, GNU ld (GNU Binutils for Ubuntu) 2.41) #15-Ubuntu
        SMP PREEMPT_DYNAMIC Tue Jan  9 17:03:36 UTC 2024","hostname":"dell"}'
      Accept-Encoding:
      - gzip;q=1.0,deflate;q=0.6,identity;q=0.3
      Accept:
      - "*/*"
  response:
    status:
      code: 200
      message: OK
    headers:
      Server:
      - nginx
      Date:
      - Tue, 06 Feb 2024 12:47:20 GMT
      Content-Type:
      - application/json
      Content-Length:
      - '1810'
      Connection:
      - keep-alive
      Access-Control-Allow-Credentials:
      - 'true'
      Access-Control-Allow-Methods:
      - GET,HEAD,PUT,PATCH,POST,DELETE
      Access-Control-Allow-Origin:
      - "*"
      Access-Control-Expose-Headers:
      - Request-Id, Stripe-Manage-Version, Stripe-Should-Retry, X-Stripe-External-Auth-Required,
        X-Stripe-Privileged-Session-Required
      Access-Control-Max-Age:
      - '300'
      Cache-Control:
      - no-cache, no-store
      Content-Security-Policy:
      - report-uri https://q.stripe.com/csp-report?p=v1%2Fpayment_intents; block-all-mixed-content;
        default-src 'none'; base-uri 'none'; form-action 'none'; frame-ancestors 'none';
        img-src 'self'; script-src 'self' 'report-sample'; style-src 'self'
      Idempotency-Key:
      - 38db73bd-e2fe-45f4-9d0d-b7ae83a0e886
      Original-Request:
      - req_cJBoX9CskHVZk9
      Request-Id:
      - req_cJBoX9CskHVZk9
      Stripe-Should-Retry:
      - 'false'
      Stripe-Version:
      - '2023-10-16'
      Vary:
      - Origin
      X-Stripe-Routing-Context-Priority-Tier:
      - api-testmode
      Strict-Transport-Security:
      - max-age=63072000; includeSubDomains; preload
    body:
      encoding: UTF-8
      string: |-
        {
          "id": "pi_2Ogo3X9e1RjUNIyY1r7m0ll7",
          "object": "payment_intent",
          "amount": 338,
          "amount_capturable": 0,
          "amount_details": {
            "tip": {}
          },
          "amount_received": 0,
          "application": null,
          "application_fee_amount": null,
          "automatic_payment_methods": null,
          "canceled_at": null,
          "cancellation_reason": null,
          "capture_method": "automatic",
          "client_secret": "pi_2Ogo3X9e1RjUNIyY1r7m0ll7_secret_qXopJHSEZ8FQWO6NtUwtMn9Vi",
          "confirmation_method": "automatic",
          "created": 1707223639,
          "currency": "usd",
          "customer": "cus_PVpikyOdFcOjNy",
          "description": "You bought http://edgar7e2d3a594.test.gumroad.com:31337/l/y",
          "invoice": null,
          "last_payment_error": null,
          "latest_charge": null,
          "livemode": false,
          "metadata": {
            "purchase": "mN7CdHiwHaR9FlxKvF-n-g=="
          },
          "next_action": null,
          "on_behalf_of": null,
          "payment_method": "pm_0Ogo3V9e1RjUNIyYDrciOag3",
          "payment_method_configuration_details": null,
          "payment_method_options": {
            "card": {
              "installments": null,
              "mandate_options": {
                "amount": 799,
                "amount_type": "maximum",
                "description": null,
                "end_date": null,
                "interval": "month",
                "interval_count": 3,
                "reference": "Mandate-57251355f84dcff3e20e490507c6e526",
                "start_date": 1588291200,
                "supported_types": [
                  "india"
                ]
              },
              "network": null,
              "request_three_d_secure": "any"
            }
          },
          "payment_method_types": [
            "card"
          ],
          "processing": null,
          "receipt_email": null,
          "review": null,
          "setup_future_usage": "off_session",
          "shipping": null,
          "source": null,
          "statement_descriptor": null,
          "statement_descriptor_suffix": "edgar7e2d3a594",
          "status": "requires_confirmation",
          "transfer_data": null,
          "transfer_group": "4"
        }
  recorded_at: Fri, 01 May 2020 00:00:00 GMT
- request:
    method: post
    uri: https://api.stripe.com/v1/payment_intents/pi_2Ogo3X9e1RjUNIyY1r7m0ll7/confirm
    body:
      encoding: US-ASCII
      string: ''
    headers:
      User-Agent:
      - Stripe/v1 RubyBindings/10.7.0
      Authorization:
      - Bearer sk_test_4MnOc1f1gf16nKP6dyvP4TAD
      Content-Type:
      - application/x-www-form-urlencoded
      X-Stripe-Client-Telemetry:
      - '{"last_request_metrics":{"request_id":"req_cJBoX9CskHVZk9","request_duration_ms":539}}'
      Idempotency-Key:
      - 4e4e04ab-9d53-42b4-9df8-b2c564850420
      Stripe-Version:
      - '2023-10-16'
      X-Stripe-Client-User-Agent:
      - '{"bindings_version":"10.7.0","lang":"ruby","lang_version":"3.2.2 p53 (2023-03-30)","platform":"x86_64-linux","engine":"ruby","publisher":"stripe","uname":"Linux
        version 6.5.0-15-generic (buildd@lcy02-amd64-061) (x86_64-linux-gnu-gcc-13
        (Ubuntu 13.2.0-4ubuntu3) 13.2.0, GNU ld (GNU Binutils for Ubuntu) 2.41) #15-Ubuntu
        SMP PREEMPT_DYNAMIC Tue Jan  9 17:03:36 UTC 2024","hostname":"dell"}'
      Accept-Encoding:
      - gzip;q=1.0,deflate;q=0.6,identity;q=0.3
      Accept:
      - "*/*"
  response:
    status:
      code: 200
      message: OK
    headers:
      Server:
      - nginx
      Date:
      - Tue, 06 Feb 2024 12:47:20 GMT
      Content-Type:
      - application/json
      Content-Length:
      - '6692'
      Connection:
      - keep-alive
      Access-Control-Allow-Credentials:
      - 'true'
      Access-Control-Allow-Methods:
      - GET,HEAD,PUT,PATCH,POST,DELETE
      Access-Control-Allow-Origin:
      - "*"
      Access-Control-Expose-Headers:
      - Request-Id, Stripe-Manage-Version, Stripe-Should-Retry, X-Stripe-External-Auth-Required,
        X-Stripe-Privileged-Session-Required
      Access-Control-Max-Age:
      - '300'
      Cache-Control:
      - no-cache, no-store
      Content-Security-Policy:
      - report-uri https://q.stripe.com/csp-report?p=v1%2Fpayment_intents%2F%3Aintent%2Fconfirm;
        block-all-mixed-content; default-src 'none'; base-uri 'none'; form-action
        'none'; frame-ancestors 'none'; img-src 'self'; script-src 'self' 'report-sample';
        style-src 'self'
      Idempotency-Key:
      - 4e4e04ab-9d53-42b4-9df8-b2c564850420
      Original-Request:
      - req_BKqAcryYdgOkBE
      Request-Id:
      - req_BKqAcryYdgOkBE
      Stripe-Should-Retry:
      - 'false'
      Stripe-Version:
      - '2023-10-16'
      Vary:
      - Origin
      X-Stripe-Routing-Context-Priority-Tier:
      - api-testmode
      Strict-Transport-Security:
      - max-age=63072000; includeSubDomains; preload
    body:
      encoding: UTF-8
      string: |-
        {
          "id": "pi_2Ogo3X9e1RjUNIyY1r7m0ll7",
          "object": "payment_intent",
          "amount": 338,
          "amount_capturable": 0,
          "amount_details": {
            "tip": {}
          },
          "amount_received": 0,
          "application": null,
          "application_fee_amount": null,
          "automatic_payment_methods": null,
          "canceled_at": null,
          "cancellation_reason": null,
          "capture_method": "automatic",
          "client_secret": "pi_2Ogo3X9e1RjUNIyY1r7m0ll7_secret_qXopJHSEZ8FQWO6NtUwtMn9Vi",
          "confirmation_method": "automatic",
          "created": 1707223639,
          "currency": "usd",
          "customer": "cus_PVpikyOdFcOjNy",
          "description": "You bought http://edgar7e2d3a594.test.gumroad.com:31337/l/y",
          "invoice": null,
          "last_payment_error": null,
          "latest_charge": null,
          "livemode": false,
          "metadata": {
            "purchase": "mN7CdHiwHaR9FlxKvF-n-g=="
          },
          "next_action": {
            "type": "use_stripe_sdk",
            "use_stripe_sdk": {
              "directory_server_encryption": {
                "algorithm": "RSA",
                "certificate": "-----BEGIN CERTIFICATE-----\nMIIGAzCCA+ugAwIBAgIQDaAlB1IbPwgx5esGu9tLIjANBgkqhkiG9w0BAQsFADB2\nMQswCQYDVQQGEwJVUzENMAsGA1UECgwEVklTQTEvMC0GA1UECwwmVmlzYSBJbnRl\ncm5hdGlvbmFsIFNlcnZpY2UgQXNzb2NpYXRpb24xJzAlBgNVBAMMHlZpc2EgZUNv\nbW1lcmNlIElzc3VpbmcgQ0EgLSBHMjAeFw0yMTA4MjMxNTMyMzNaFw0yNDA4MjIx\nNTMyMzNaMIGhMRgwFgYDVQQHDA9IaWdobGFuZHMgUmFuY2gxETAPBgNVBAgMCENv\nbG9yYWRvMQswCQYDVQQGEwJVUzENMAsGA1UECgwEVklTQTEvMC0GA1UECwwmVmlz\nYSBJbnRlcm5hdGlvbmFsIFNlcnZpY2UgQXNzb2NpYXRpb24xJTAjBgNVBAMMHDNk\nczIucnNhLmVuY3J5cHRpb24udmlzYS5jb20wggEiMA0GCSqGSIb3DQEBAQUAA4IB\nDwAwggEKAoIBAQCy34cZ88+xfenoccRD1jOi6uVCPXo2xyabXcKntxl7h1kHahac\nmpnuiH+kSgSg4DEHDXHg0WBcpMp0cB67dUE1XDxLAxN0gL5fXpVX7dUjI9tS8lcW\nndChHxZTA8HcXUtv1IwU1L3luhgNkog509bRw/V1GLukW6CwFRkMI/8fecV8EUcw\nIGiBr4/cAcaPnLxFWm/SFL2NoixiNf6LnwHrU4YIHsPQCIAM1km4XPDb7Gk2S3o0\nkkXroU87yoiHzFHbEZUN/tO0Juyz8K6AtGBKoppv1hEHz9MFNzLlvGPo7wcPpovb\nMYtwxj10KhtfEKh0sS0yMl1Uvw36JmuwjaC3AgMBAAGjggFfMIIBWzAMBgNVHRMB\nAf8EAjAAMB8GA1UdIwQYMBaAFL0nYyikrlS3yCO3wTVCF+nGeF+FMGcGCCsGAQUF\nBwEBBFswWTAwBggrBgEFBQcwAoYkaHR0cDovL2Vucm9sbC52aXNhY2EuY29tL2VD\nb21tRzIuY3J0MCUGCCsGAQUFBzABhhlodHRwOi8vb2NzcC52aXNhLmNvbS9vY3Nw\nMEYGA1UdIAQ/MD0wMQYIKwYBBQUHAgEwJTAjBggrBgEFBQcCARYXaHR0cDovL3d3\ndy52aXNhLmNvbS9wa2kwCAYGZ4EDAQEBMBMGA1UdJQQMMAoGCCsGAQUFBwMCMDUG\nA1UdHwQuMCwwKqAooCaGJGh0dHA6Ly9lbnJvbGwudmlzYWNhLmNvbS9lQ29tbUcy\nLmNybDAdBgNVHQ4EFgQU/JtqQ7VLWNd3/9zQjpnsR2rz+cwwDgYDVR0PAQH/BAQD\nAgSwMA0GCSqGSIb3DQEBCwUAA4ICAQBYOGCI/bYG2gmLgh7UXg5qrt4xeDYe4RXe\n5xSjFkTelNvdf+KykB+oQzw8ZobIY+pKsPihM6IrtoJQuzOLXPV5L9U4j1qa/NZB\nGZTXFMwKGN/v0/tAj3h8wefcLPWb15RsXEpZmA87ollezpXeEHXPhFIit7cHoG5P\nfem9yMuDISI97qbnIKNtFENJr+fMkWIykQ0QnkM1rt99Yv2ZE4GWZN7VJ0zXFqOF\nNF2IVwnTIZ21eDiCOjQr6ohq7bChDMelB5XvEuhfe400DqDP+e5pPHo81ecXkjJK\ngS5grYYZIbeDBdQL1Cgs1mGu6On8ecr0rcpRlQh++BySg9MKkzJdLt1vsYmxfrfb\nkUaLglTdYAU2nYaOEDR4NvkRxfzegXyXkOqfPTmfkrg+OB0LeuICITJGJ0cuZD5W\nGUNaT9WruEANBRJNVjSX1UeJUnCpz4nitT1ml069ONjEowyWUcKvTr4/nrargv2R\npOD4RPJMti6kG+bm9OeATiSgVNmO5lkAS4AkOop2IcbRFcVKJUTOhx2Q37L4nuAH\nTCXQ9vwT4yWz6fVaCfL/FTvCGMilLPzXC/00OPA2ZtWvClvFh/uHJBjRUnj6WXp3\nO9p9uHfdV9eKJH37k94GUSMjBKQ6aIru1VUvSOmUPrDz5JbQB7bP+IzUaFHeweZX\nOWumZmyGDw==\n-----END CERTIFICATE-----\n",
                "directory_server_id": "A000000003",
                "root_certificate_authorities": [
                  "-----BEGIN CERTIFICATE-----\nMIIFqTCCA5GgAwIBAgIPUT6WAAAA20Qn7qzgvuFIMA0GCSqGSIb3DQEBCwUAMG8x\nCzAJBgNVBAYTAlVTMQ0wCwYDVQQKDARWSVNBMS8wLQYDVQQLDCZWaXNhIEludGVy\nbmF0aW9uYWwgU2VydmljZSBBc3NvY2lhdGlvbjEgMB4GA1UEAwwXVmlzYSBQdWJs\naWMgUlNBIFJvb3QgQ0EwHhcNMjEwMzE2MDAwMDAwWhcNNDEwMzE1MDAwMDAwWjBv\nMQswCQYDVQQGEwJVUzENMAsGA1UECgwEVklTQTEvMC0GA1UECwwmVmlzYSBJbnRl\ncm5hdGlvbmFsIFNlcnZpY2UgQXNzb2NpYXRpb24xIDAeBgNVBAMMF1Zpc2EgUHVi\nbGljIFJTQSBSb290IENBMIICIjANBgkqhkiG9w0BAQEFAAOCAg8AMIICCgKCAgEA\n2WEbXLS3gI6LOY93bP7Kz6EO9L1QXlr8l+fTkJWZldJ6QuwZ1cv4369tfjeJ8O5w\nSJiDcVw7eNdOP73LfAtwHlTnUnb0e9ILTTipc5bkNnAevocrJACsrpiQ8jBI9ttp\ncqKUeJgzW4Ie25ypirKroVD42b4E0iICK2cZ5QfD4BSzUnftp4Bqh8AfpGvG1lre\nCaD53qrsy5SUadY/NaeUGOkqdPvDSNoDIdrbExwnZaSFUmjQT1svKwMqGo2GFrgJ\n4cULEp4NNj5rga8YTTZ7Xo5MblHrLpSPOmJev30KWi/BcbvtCNYNWBTg7UMzP3cK\nMQ1pGLvG2PgvFTZSRvH3QzngJRgrDYYOJ6kj9ave+6yOOFqj80ZCuH0Nugt2mMS3\nc3+Nksaw+6H3cQPsE/Gv5zjfsKleRhEFtE1gyrdUg1DMgu8o/YhKM7FAqkXUn74z\nwoRFgx3Mi5OaGTQbg+NlwJgR4sVHXCV4s9b8PjneLhzWMn353SFARF9dnO7LDBqq\ntT6WltJu1z9x2Ze0UVNZvxKGcyCkLody29O8j9/MGZ8SOSUu4U6NHrebKuuf9Fht\nn6PqQ4ppkhy6sReXeV5NVGfVpDYY5ZAKEWqTYgMULWpQ2Py4BGpFzBe07jXkyulR\npoKvz14iXeA0oq16c94DrFYX0jmrWLeU4a/TCZQLFIsCAwEAAaNCMEAwHQYDVR0O\nBBYEFEtNpg77oBHorQvi8PMKAC+sixb7MA8GA1UdEwEB/wQFMAMBAf8wDgYDVR0P\nAQH/BAQDAgEGMA0GCSqGSIb3DQEBCwUAA4ICAQC5BU9qQSZYPcgCp2x0Juq59kMm\nXuBly094DaEnPqvtCgwwAirkv8x8/QSOxiWWiu+nveyuR+j6Gz/fJaV4u+J5QEDy\ncfk605Mw3HIcJOeZvDgk1eyOmQwUP6Z/BdQTNJmZ92Z8dcG5yWCxLBrqPH7ro3Ss\njhYq9duIJU7jfizCJCN4W8tp0D2pWBe1/CYNswP4GMs5jQ5+ZQKN/L5JFdwVTu7X\nPt8b5zfgbmmQpVmUn0oFwm3OI++Z6gEpNmW5bd/2oUIZoG96Qff2fauVMAYiWQvN\nnL3y1gkRguTOSMVUCCiGfdvwu5ygowillvV2nHb7+YibQ9N5Z2spP0o9Zlfzoat2\n7WFpyK47TiUdu/4toarLKGZP+hbA/F4xlnM/8EfZkE1DeTTI0lhN3O8yEsHrtRl1\nOuQZ/IexHO8UGU6jvn4TWo10HYeXzrGckL7oIXfGTrjPzfY62T5HDW/BAEZS+9Tk\nijz25YM0fPPz7IdlEG+k4q4YwZ82j73Y9kDEM5423mrWorq/Bq7I5Y8v0LTY9GWH\nYrpElYf0WdOXAbsfwQiT6qnRio+p82VyqlY8Jt6VVA6CDy/iHKwcj1ELEnDQfVv9\nhedoxmnQ6xe/nK8czclu9hQJRv5Lh9gk9Q8DKK2nmgzZ8SSQ+lr3mSSeY8JOMRlE\n+RKdOQIChWthTJKh7w==\n-----END CERTIFICATE-----\n"
                ]
              },
              "directory_server_name": "visa",
              "merchant": "9e1RjUNIyYGpA9Cfh3RmQxxTzb1aakpE",
              "one_click_authn": null,
              "server_transaction_id": "6d3b4883-af1c-4252-9eb8-96cd9dfdceac",
              "three_d_secure_2_source": "payatt_2Ogo3X9e1RjUNIyY1Ssq9QNn",
              "three_ds_method_url": "",
              "three_ds_optimizations": "kf",
              "type": "stripe_3ds2_fingerprint"
            }
          },
          "on_behalf_of": null,
          "payment_method": "pm_0Ogo3V9e1RjUNIyYDrciOag3",
          "payment_method_configuration_details": null,
          "payment_method_options": {
            "card": {
              "installments": null,
              "mandate_options": {
                "amount": 799,
                "amount_type": "maximum",
                "description": null,
                "end_date": null,
                "interval": "month",
                "interval_count": 3,
                "reference": "Mandate-57251355f84dcff3e20e490507c6e526",
                "start_date": 1588291200,
                "supported_types": [
                  "india"
                ]
              },
              "network": null,
              "request_three_d_secure": "any"
            }
          },
          "payment_method_types": [
            "card"
          ],
          "processing": null,
          "receipt_email": null,
          "review": null,
          "setup_future_usage": "off_session",
          "shipping": null,
          "source": null,
          "statement_descriptor": null,
          "statement_descriptor_suffix": "edgar7e2d3a594",
          "status": "requires_action",
          "transfer_data": null,
          "transfer_group": "4"
        }
  recorded_at: Fri, 01 May 2020 00:00:00 GMT
recorded_with: VCR 6.2.0
