---
http_interactions:
- request:
    method: post
    uri: https://api.stripe.com/v1/payment_methods
    body:
      encoding: UTF-8
      string: type=card&card[number]=4242+4242+4242+4242&card[exp_month]=12&card[exp_year]=2023&card[cvc]=123
    headers:
      User-Agent:
      - Stripe/v1 RubyBindings/10.0.0
      Authorization:
      - Bearer sk_test_4MnOc1f1gf16nKP6dyvP4TAD
      Content-Type:
      - application/x-www-form-urlencoded
      X-Stripe-Client-Telemetry:
      - '{"last_request_metrics":{"request_id":"req_82TTIZ1HShF5JW","request_duration_ms":392}}'
      Idempotency-Key:
      - c473b979-3796-49a5-9d98-8aaef6e016e6
      Stripe-Version:
      - '2023-10-16'
      X-Stripe-Client-User-Agent:
      - '{"bindings_version":"10.0.0","lang":"ruby","lang_version":"3.2.2 p53 (2023-03-30)","platform":"arm64-darwin20","engine":"ruby","publisher":"stripe","uname":"Darwin
        Harbakshs-MacBook-Air.local 20.5.0 Darwin Kernel Version 20.5.0: Sat May  8
        05:10:31 PDT 2021; root:xnu-7195.121.3~9/RELEASE_ARM64_T8101 arm64","hostname":"Harbakshs-MacBook-Air.local"}'
      Accept-Encoding:
      - gzip;q=1.0,deflate;q=0.6,identity;q=0.3
      Accept:
      - "*/*"
  response:
    status:
      code: 200
      message: OK
    headers:
      Server:
      - nginx
      Date:
      - Mon, 30 Oct 2023 17:46:29 GMT
      Content-Type:
      - application/json
      Content-Length:
      - '931'
      Connection:
      - keep-alive
      Access-Control-Allow-Credentials:
      - 'true'
      Access-Control-Allow-Methods:
      - GET,HEAD,PUT,PATCH,POST,DELETE
      Access-Control-Allow-Origin:
      - "*"
      Access-Control-Expose-Headers:
      - Request-Id, Stripe-Manage-Version, Stripe-Should-Retry, X-Stripe-External-Auth-Required,
        X-Stripe-Privileged-Session-Required
      Access-Control-Max-Age:
      - '300'
      Cache-Control:
      - no-cache, no-store
      Content-Security-Policy-Report-Only:
      - report-uri https://q.stripe.com/csp-report?p=v1%2Fpayment_methods; block-all-mixed-content;
        default-src 'none'; base-uri 'none'; form-action 'none'; frame-ancestors 'none';
        img-src 'self'; script-src 'self' 'report-sample'; style-src 'self'
      Idempotency-Key:
      - c473b979-3796-49a5-9d98-8aaef6e016e6
      Original-Request:
      - req_FeY5K38DPq6ZMh
      Request-Id:
      - req_FeY5K38DPq6ZMh
      Stripe-Should-Retry:
      - 'false'
      Stripe-Version:
      - '2023-10-16'
      Vary:
      - Origin
      X-Stripe-Routing-Context-Priority-Tier:
      - api-testmode
      Strict-Transport-Security:
      - max-age=63072000; includeSubDomains; preload
    body:
      encoding: UTF-8
      string: |-
        {
          "id": "pm_0O6zXk9e1RjUNIyYyfNHrc4D",
          "object": "payment_method",
          "billing_details": {
            "address": {
              "city": null,
              "country": null,
              "line1": null,
              "line2": null,
              "postal_code": null,
              "state": null
            },
            "email": null,
            "name": null,
            "phone": null
          },
          "card": {
            "brand": "visa",
            "checks": {
              "address_line1_check": null,
              "address_postal_code_check": null,
              "cvc_check": "unchecked"
            },
            "country": "US",
            "exp_month": 12,
            "exp_year": 2023,
            "fingerprint": "W691J2Ye3VDoq6Ij",
            "funding": "credit",
            "generated_from": null,
            "last4": "4242",
            "networks": {
              "available": [
                "visa"
              ],
              "preferred": null
            },
            "three_d_secure_usage": {
              "supported": true
            },
            "wallet": null
          },
          "created": 1698687988,
          "customer": null,
          "livemode": false,
          "metadata": {},
          "type": "card"
        }
  recorded_at: Mon, 30 Oct 2023 17:46:28 GMT
- request:
    method: post
    uri: https://api.stripe.com/v1/accounts
    body:
      encoding: UTF-8
      string: country=CA&default_currency=cad&type=custom&business_type=individual&tos_acceptance[date]=1427846400&tos_acceptance[ip]=54.234.242.13&business_profile[url]=www.gumroad.com&business_profile[product_description]=Test+product&business_profile[mcc]=5734&individual[verification][document][front]=file_identity_document_success&individual[dob][day]=1&individual[dob][month]=1&individual[dob][year]=1901&individual[first_name]=Chuck&individual[last_name]=Bartowski&individual[phone]=0000000000&individual[id_number]=000000000&individual[email]=me%40example.com&individual[address][line1]=address_full_match&individual[address][city]=Toronto&individual[address][state]=ON&individual[address][postal_code]=M4C+1T2&individual[address][country]=CA&requested_capabilities[0]=card_payments&requested_capabilities[1]=transfers&external_account[object]=bank_account&external_account[country]=CA&external_account[currency]=cad&external_account[routing_number]=11000-000&external_account[account_number]=000123456789
    headers:
      User-Agent:
      - Stripe/v1 RubyBindings/10.0.0
      Authorization:
      - Bearer sk_test_4MnOc1f1gf16nKP6dyvP4TAD
      Content-Type:
      - application/x-www-form-urlencoded
      X-Stripe-Client-Telemetry:
      - '{"last_request_metrics":{"request_id":"req_FeY5K38DPq6ZMh","request_duration_ms":533}}'
      Idempotency-Key:
      - 6cc4e498-dc8a-4e2a-bdae-e464d4072097
      Stripe-Version:
      - '2023-10-16'
      X-Stripe-Client-User-Agent:
      - '{"bindings_version":"10.0.0","lang":"ruby","lang_version":"3.2.2 p53 (2023-03-30)","platform":"arm64-darwin20","engine":"ruby","publisher":"stripe","uname":"Darwin
        Harbakshs-MacBook-Air.local 20.5.0 Darwin Kernel Version 20.5.0: Sat May  8
        05:10:31 PDT 2021; root:xnu-7195.121.3~9/RELEASE_ARM64_T8101 arm64","hostname":"Harbakshs-MacBook-Air.local"}'
      Accept-Encoding:
      - gzip;q=1.0,deflate;q=0.6,identity;q=0.3
      Accept:
      - "*/*"
  response:
    status:
      code: 200
      message: OK
    headers:
      Server:
      - nginx
      Date:
      - Mon, 30 Oct 2023 17:46:32 GMT
      Content-Type:
      - application/json
      Content-Length:
      - '5427'
      Connection:
      - keep-alive
      Access-Control-Allow-Credentials:
      - 'true'
      Access-Control-Allow-Methods:
      - GET,HEAD,PUT,PATCH,POST,DELETE
      Access-Control-Allow-Origin:
      - "*"
      Access-Control-Expose-Headers:
      - Request-Id, Stripe-Manage-Version, Stripe-Should-Retry, X-Stripe-External-Auth-Required,
        X-Stripe-Privileged-Session-Required
      Access-Control-Max-Age:
      - '300'
      Cache-Control:
      - no-cache, no-store
      Content-Security-Policy-Report-Only:
      - report-uri https://q.stripe.com/csp-report?p=v1%2Faccounts; block-all-mixed-content;
        default-src 'none'; base-uri 'none'; form-action 'none'; frame-ancestors 'none';
        img-src 'self'; script-src 'self' 'report-sample'; style-src 'self'
      Idempotency-Key:
      - 6cc4e498-dc8a-4e2a-bdae-e464d4072097
      Original-Request:
      - req_5fA0PNcvYFrgXi
      Request-Id:
      - req_5fA0PNcvYFrgXi
      Stripe-Should-Retry:
      - 'false'
      Stripe-Version:
      - '2023-10-16'
      Vary:
      - Origin
      X-Stripe-Routing-Context-Priority-Tier:
      - api-testmode
      Strict-Transport-Security:
      - max-age=63072000; includeSubDomains; preload
    body:
      encoding: UTF-8
      string: |-
        {
          "id": "acct_1O6zXlS2TzSl9YBj",
          "object": "account",
          "business_profile": {
            "mcc": "5734",
            "name": null,
            "product_description": "Test product",
            "support_address": null,
            "support_email": null,
            "support_phone": null,
            "support_url": null,
            "url": "www.gumroad.com"
          },
          "business_type": "individual",
          "capabilities": {
            "card_payments": "active",
            "transfers": "active"
          },
          "charges_enabled": true,
          "company": {
            "address": {
              "city": "Toronto",
              "country": "CA",
              "line1": "address_full_match",
              "line2": null,
              "postal_code": "M4C 1T2",
              "state": "ON"
            },
            "directors_provided": true,
            "executives_provided": true,
            "name": null,
            "owners_provided": true,
            "phone": "+10000000000",
            "tax_id_provided": false,
            "verification": {
              "document": {
                "back": null,
                "details": null,
                "details_code": null,
                "front": null
              }
            }
          },
          "country": "CA",
          "created": 1698687991,
          "default_currency": "cad",
          "details_submitted": true,
          "email": null,
          "external_accounts": {
            "object": "list",
            "data": [
              {
                "id": "ba_1O6zXmS2TzSl9YBj5bmjlvXd",
                "object": "bank_account",
                "account": "acct_1O6zXlS2TzSl9YBj",
                "account_holder_name": null,
                "account_holder_type": null,
                "account_type": null,
                "available_payout_methods": [
                  "standard"
                ],
                "bank_name": "STRIPE TEST BANK",
                "country": "CA",
                "currency": "cad",
                "default_for_currency": true,
                "fingerprint": "bHAdUgrfRKNYlJ4L",
                "future_requirements": {
                  "currently_due": [],
                  "errors": [],
                  "past_due": [],
                  "pending_verification": []
                },
                "last4": "6789",
                "metadata": {},
                "requirements": {
                  "currently_due": [],
                  "errors": [],
                  "past_due": [],
                  "pending_verification": []
                },
                "routing_number": "11000-000",
                "status": "new"
              }
            ],
            "has_more": false,
            "total_count": 1,
            "url": "/v1/accounts/acct_1O6zXlS2TzSl9YBj/external_accounts"
          },
          "future_requirements": {
            "alternatives": [],
            "current_deadline": null,
            "currently_due": [],
            "disabled_reason": null,
            "errors": [],
            "eventually_due": [],
            "past_due": [],
            "pending_verification": []
          },
          "individual": {
            "id": "person_1O6zXmS2TzSl9YBjwhCyxKWk",
            "object": "person",
            "account": "acct_1O6zXlS2TzSl9YBj",
            "address": {
              "city": "Toronto",
              "country": "CA",
              "line1": "address_full_match",
              "line2": null,
              "postal_code": "M4C 1T2",
              "state": "ON"
            },
            "created": 1698687990,
            "dob": {
              "day": 1,
              "month": 1,
              "year": 1901
            },
            "email": "me@example.com",
            "first_name": "Chuck",
            "future_requirements": {
              "alternatives": [],
              "currently_due": [],
              "errors": [],
              "eventually_due": [],
              "past_due": [],
              "pending_verification": []
            },
            "id_number_provided": true,
            "last_name": "Bartowski",
            "metadata": {},
            "phone": "+10000000000",
            "relationship": {
              "director": false,
              "executive": false,
              "legal_guardian": false,
              "owner": false,
              "percent_ownership": null,
              "representative": true,
              "title": null
            },
            "requirements": {
              "alternatives": [],
              "currently_due": [],
              "errors": [],
              "eventually_due": [],
              "past_due": [],
              "pending_verification": []
            },
            "ssn_last_4_provided": true,
            "verification": {
              "additional_document": {
                "back": null,
                "details": null,
                "details_code": null,
                "front": null
              },
              "details": null,
              "details_code": null,
              "document": {
                "back": null,
                "details": null,
                "details_code": null,
                "front": "file_0O6zXl9e1RjUNIyYduiw6oeI"
              },
              "status": "pending"
            }
          },
          "metadata": {},
          "payouts_enabled": true,
          "requirements": {
            "alternatives": [],
            "current_deadline": null,
            "currently_due": [],
            "disabled_reason": null,
            "errors": [],
            "eventually_due": [],
            "past_due": [],
            "pending_verification": []
          },
          "settings": {
            "bacs_debit_payments": {},
            "branding": {
              "icon": null,
              "logo": null,
              "primary_color": null,
              "secondary_color": null
            },
            "card_issuing": {
              "tos_acceptance": {
                "date": null,
                "ip": null
              }
            },
            "card_payments": {
              "decline_on": {
                "avs_failure": false,
                "cvc_failure": false
              },
              "statement_descriptor_prefix": "GUMROAD.CO",
              "statement_descriptor_prefix_kana": null,
              "statement_descriptor_prefix_kanji": null
            },
            "dashboard": {
              "display_name": "Gumroad",
              "timezone": "Etc/UTC"
            },
            "payments": {
              "statement_descriptor": "GUMROAD.COM",
              "statement_descriptor_kana": null,
              "statement_descriptor_kanji": null
            },
            "payouts": {
              "debit_negative_balances": false,
              "schedule": {
                "delay_days": 7,
                "interval": "daily"
              },
              "statement_descriptor": null
            },
            "sepa_debit_payments": {}
          },
          "tos_acceptance": {
            "date": 1427846400,
            "ip": "54.234.242.13",
            "user_agent": null
          },
          "type": "custom"
        }
  recorded_at: Mon, 30 Oct 2023 17:46:32 GMT
- request:
    method: get
    uri: https://api.stripe.com/v1/accounts/acct_1O6zXlS2TzSl9YBj
    body:
      encoding: US-ASCII
      string: ''
    headers:
      User-Agent:
      - Stripe/v1 RubyBindings/10.0.0
      Authorization:
      - Bearer sk_test_4MnOc1f1gf16nKP6dyvP4TAD
      Content-Type:
      - application/x-www-form-urlencoded
      X-Stripe-Client-Telemetry:
      - '{"last_request_metrics":{"request_id":"req_5fA0PNcvYFrgXi","request_duration_ms":3592}}'
      Stripe-Version:
      - '2023-10-16'
      X-Stripe-Client-User-Agent:
      - '{"bindings_version":"10.0.0","lang":"ruby","lang_version":"3.2.2 p53 (2023-03-30)","platform":"arm64-darwin20","engine":"ruby","publisher":"stripe","uname":"Darwin
        Harbakshs-MacBook-Air.local 20.5.0 Darwin Kernel Version 20.5.0: Sat May  8
        05:10:31 PDT 2021; root:xnu-7195.121.3~9/RELEASE_ARM64_T8101 arm64","hostname":"Harbakshs-MacBook-Air.local"}'
      Accept-Encoding:
      - gzip;q=1.0,deflate;q=0.6,identity;q=0.3
      Accept:
      - "*/*"
  response:
    status:
      code: 200
      message: OK
    headers:
      Server:
      - nginx
      Date:
      - Mon, 30 Oct 2023 17:46:33 GMT
      Content-Type:
      - application/json
      Content-Length:
      - '5427'
      Connection:
      - keep-alive
      Access-Control-Allow-Credentials:
      - 'true'
      Access-Control-Allow-Methods:
      - GET,HEAD,PUT,PATCH,POST,DELETE
      Access-Control-Allow-Origin:
      - "*"
      Access-Control-Expose-Headers:
      - Request-Id, Stripe-Manage-Version, Stripe-Should-Retry, X-Stripe-External-Auth-Required,
        X-Stripe-Privileged-Session-Required
      Access-Control-Max-Age:
      - '300'
      Cache-Control:
      - no-cache, no-store
      Content-Security-Policy-Report-Only:
      - report-uri https://q.stripe.com/csp-report?p=v1%2Faccounts%2F%3Aaccount; block-all-mixed-content;
        default-src 'none'; base-uri 'none'; form-action 'none'; frame-ancestors 'none';
        img-src 'self'; script-src 'self' 'report-sample'; style-src 'self'
      Request-Id:
      - req_sW5EEEXvyh12LP
      Stripe-Account:
      - acct_1O6zXlS2TzSl9YBj
      Stripe-Version:
      - '2023-10-16'
      Vary:
      - Origin
      X-Stripe-Routing-Context-Priority-Tier:
      - api-testmode
      Strict-Transport-Security:
      - max-age=63072000; includeSubDomains; preload
    body:
      encoding: UTF-8
      string: |-
        {
          "id": "acct_1O6zXlS2TzSl9YBj",
          "object": "account",
          "business_profile": {
            "mcc": "5734",
            "name": null,
            "product_description": "Test product",
            "support_address": null,
            "support_email": null,
            "support_phone": null,
            "support_url": null,
            "url": "www.gumroad.com"
          },
          "business_type": "individual",
          "capabilities": {
            "card_payments": "active",
            "transfers": "active"
          },
          "charges_enabled": true,
          "company": {
            "address": {
              "city": "Toronto",
              "country": "CA",
              "line1": "address_full_match",
              "line2": null,
              "postal_code": "M4C 1T2",
              "state": "ON"
            },
            "directors_provided": true,
            "executives_provided": true,
            "name": null,
            "owners_provided": true,
            "phone": "+10000000000",
            "tax_id_provided": false,
            "verification": {
              "document": {
                "back": null,
                "details": null,
                "details_code": null,
                "front": null
              }
            }
          },
          "country": "CA",
          "created": 1698687991,
          "default_currency": "cad",
          "details_submitted": true,
          "email": null,
          "external_accounts": {
            "object": "list",
            "data": [
              {
                "id": "ba_1O6zXmS2TzSl9YBj5bmjlvXd",
                "object": "bank_account",
                "account": "acct_1O6zXlS2TzSl9YBj",
                "account_holder_name": null,
                "account_holder_type": null,
                "account_type": null,
                "available_payout_methods": [
                  "standard"
                ],
                "bank_name": "STRIPE TEST BANK",
                "country": "CA",
                "currency": "cad",
                "default_for_currency": true,
                "fingerprint": "bHAdUgrfRKNYlJ4L",
                "future_requirements": {
                  "currently_due": [],
                  "errors": [],
                  "past_due": [],
                  "pending_verification": []
                },
                "last4": "6789",
                "metadata": {},
                "requirements": {
                  "currently_due": [],
                  "errors": [],
                  "past_due": [],
                  "pending_verification": []
                },
                "routing_number": "11000-000",
                "status": "new"
              }
            ],
            "has_more": false,
            "total_count": 1,
            "url": "/v1/accounts/acct_1O6zXlS2TzSl9YBj/external_accounts"
          },
          "future_requirements": {
            "alternatives": [],
            "current_deadline": null,
            "currently_due": [],
            "disabled_reason": null,
            "errors": [],
            "eventually_due": [],
            "past_due": [],
            "pending_verification": []
          },
          "individual": {
            "id": "person_1O6zXmS2TzSl9YBjwhCyxKWk",
            "object": "person",
            "account": "acct_1O6zXlS2TzSl9YBj",
            "address": {
              "city": "Toronto",
              "country": "CA",
              "line1": "address_full_match",
              "line2": null,
              "postal_code": "M4C 1T2",
              "state": "ON"
            },
            "created": 1698687990,
            "dob": {
              "day": 1,
              "month": 1,
              "year": 1901
            },
            "email": "me@example.com",
            "first_name": "Chuck",
            "future_requirements": {
              "alternatives": [],
              "currently_due": [],
              "errors": [],
              "eventually_due": [],
              "past_due": [],
              "pending_verification": []
            },
            "id_number_provided": true,
            "last_name": "Bartowski",
            "metadata": {},
            "phone": "+10000000000",
            "relationship": {
              "director": false,
              "executive": false,
              "legal_guardian": false,
              "owner": false,
              "percent_ownership": null,
              "representative": true,
              "title": null
            },
            "requirements": {
              "alternatives": [],
              "currently_due": [],
              "errors": [],
              "eventually_due": [],
              "past_due": [],
              "pending_verification": []
            },
            "ssn_last_4_provided": true,
            "verification": {
              "additional_document": {
                "back": null,
                "details": null,
                "details_code": null,
                "front": null
              },
              "details": null,
              "details_code": null,
              "document": {
                "back": null,
                "details": null,
                "details_code": null,
                "front": "file_0O6zXl9e1RjUNIyYduiw6oeI"
              },
              "status": "pending"
            }
          },
          "metadata": {},
          "payouts_enabled": true,
          "requirements": {
            "alternatives": [],
            "current_deadline": null,
            "currently_due": [],
            "disabled_reason": null,
            "errors": [],
            "eventually_due": [],
            "past_due": [],
            "pending_verification": []
          },
          "settings": {
            "bacs_debit_payments": {},
            "branding": {
              "icon": null,
              "logo": null,
              "primary_color": null,
              "secondary_color": null
            },
            "card_issuing": {
              "tos_acceptance": {
                "date": null,
                "ip": null
              }
            },
            "card_payments": {
              "decline_on": {
                "avs_failure": false,
                "cvc_failure": false
              },
              "statement_descriptor_prefix": "GUMROAD.CO",
              "statement_descriptor_prefix_kana": null,
              "statement_descriptor_prefix_kanji": null
            },
            "dashboard": {
              "display_name": "Gumroad",
              "timezone": "Etc/UTC"
            },
            "payments": {
              "statement_descriptor": "GUMROAD.COM",
              "statement_descriptor_kana": null,
              "statement_descriptor_kanji": null
            },
            "payouts": {
              "debit_negative_balances": false,
              "schedule": {
                "delay_days": 7,
                "interval": "daily"
              },
              "statement_descriptor": null
            },
            "sepa_debit_payments": {}
          },
          "tos_acceptance": {
            "date": 1427846400,
            "ip": "54.234.242.13",
            "user_agent": null
          },
          "type": "custom"
        }
  recorded_at: Mon, 30 Oct 2023 17:46:33 GMT
- request:
    method: post
    uri: https://api.stripe.com/v1/payment_intents
    body:
      encoding: UTF-8
      string: payment_method=pm_0O6zXk9e1RjUNIyYyfNHrc4D&confirmation_method=manual&payment_method_types[0]=card&confirm=true&amount=100&currency=usd&transfer_data[destination]=acct_1O6zXlS2TzSl9YBj&transfer_data[amount]=50
    headers:
      User-Agent:
      - Stripe/v1 RubyBindings/10.0.0
      Authorization:
      - Bearer sk_test_4MnOc1f1gf16nKP6dyvP4TAD
      Content-Type:
      - application/x-www-form-urlencoded
      X-Stripe-Client-Telemetry:
      - '{"last_request_metrics":{"request_id":"req_sW5EEEXvyh12LP","request_duration_ms":491}}'
      Idempotency-Key:
      - bac1dbe4-aa4c-42fc-adab-a8ddbbbc0485
      Stripe-Version:
      - '2023-10-16'
      X-Stripe-Client-User-Agent:
      - '{"bindings_version":"10.0.0","lang":"ruby","lang_version":"3.2.2 p53 (2023-03-30)","platform":"arm64-darwin20","engine":"ruby","publisher":"stripe","uname":"Darwin
        Harbakshs-MacBook-Air.local 20.5.0 Darwin Kernel Version 20.5.0: Sat May  8
        05:10:31 PDT 2021; root:xnu-7195.121.3~9/RELEASE_ARM64_T8101 arm64","hostname":"Harbakshs-MacBook-Air.local"}'
      Accept-Encoding:
      - gzip;q=1.0,deflate;q=0.6,identity;q=0.3
      Accept:
      - "*/*"
  response:
    status:
      code: 200
      message: OK
    headers:
      Server:
      - nginx
      Date:
      - Mon, 30 Oct 2023 17:46:35 GMT
      Content-Type:
      - application/json
      Content-Length:
      - '1451'
      Connection:
      - keep-alive
      Access-Control-Allow-Credentials:
      - 'true'
      Access-Control-Allow-Methods:
      - GET,HEAD,PUT,PATCH,POST,DELETE
      Access-Control-Allow-Origin:
      - "*"
      Access-Control-Expose-Headers:
      - Request-Id, Stripe-Manage-Version, Stripe-Should-Retry, X-Stripe-External-Auth-Required,
        X-Stripe-Privileged-Session-Required
      Access-Control-Max-Age:
      - '300'
      Cache-Control:
      - no-cache, no-store
      Content-Security-Policy-Report-Only:
      - report-uri https://q.stripe.com/csp-report?p=v1%2Fpayment_intents; block-all-mixed-content;
        default-src 'none'; base-uri 'none'; form-action 'none'; frame-ancestors 'none';
        img-src 'self'; script-src 'self' 'report-sample'; style-src 'self'
      Idempotency-Key:
      - bac1dbe4-aa4c-42fc-adab-a8ddbbbc0485
      Original-Request:
      - req_y1dg5k0XhJODYA
      Request-Id:
      - req_y1dg5k0XhJODYA
      Stripe-Should-Retry:
      - 'false'
      Stripe-Version:
      - '2023-10-16'
      Vary:
      - Origin
      X-Stripe-Routing-Context-Priority-Tier:
      - api-testmode
      Strict-Transport-Security:
      - max-age=63072000; includeSubDomains; preload
    body:
      encoding: UTF-8
      string: |-
        {
          "id": "pi_2O6zXp9e1RjUNIyY0ACCYjlb",
          "object": "payment_intent",
          "amount": 100,
          "amount_capturable": 0,
          "amount_details": {
            "tip": {}
          },
          "amount_received": 100,
          "application": null,
          "application_fee_amount": null,
          "automatic_payment_methods": null,
          "canceled_at": null,
          "cancellation_reason": null,
          "capture_method": "automatic",
          "client_secret": "pi_2O6zXp9e1RjUNIyY0ACCYjlb_secret_N69K6NAdpajaQ1qEMKKrQBOkL",
          "confirmation_method": "manual",
          "created": 1698687993,
          "currency": "usd",
          "customer": null,
          "description": null,
          "invoice": null,
          "last_payment_error": null,
          "latest_charge": "ch_2O6zXp9e1RjUNIyY0H0qviCE",
          "livemode": false,
          "metadata": {},
          "next_action": null,
          "on_behalf_of": null,
          "payment_method": "pm_0O6zXk9e1RjUNIyYyfNHrc4D",
          "payment_method_configuration_details": null,
          "payment_method_options": {
            "card": {
              "installments": null,
              "mandate_options": null,
              "network": null,
              "request_three_d_secure": "automatic"
            }
          },
          "payment_method_types": [
            "card"
          ],
          "processing": null,
          "receipt_email": null,
          "review": null,
          "setup_future_usage": null,
          "shipping": null,
          "source": null,
          "statement_descriptor": null,
          "statement_descriptor_suffix": null,
          "status": "succeeded",
          "transfer_data": {
            "amount": 50,
            "destination": "acct_1O6zXlS2TzSl9YBj"
          },
          "transfer_group": "group_pi_2O6zXp9e1RjUNIyY0ACCYjlb"
        }
  recorded_at: Mon, 30 Oct 2023 17:46:35 GMT
- request:
    method: get
    uri: https://api.stripe.com/v1/charges/ch_2O6zXp9e1RjUNIyY0H0qviCE
    body:
      encoding: US-ASCII
      string: ''
    headers:
      User-Agent:
      - Stripe/v1 RubyBindings/10.0.0
      Authorization:
      - Bearer sk_test_4MnOc1f1gf16nKP6dyvP4TAD
      Content-Type:
      - application/x-www-form-urlencoded
      X-Stripe-Client-Telemetry:
      - '{"last_request_metrics":{"request_id":"req_y1dg5k0XhJODYA","request_duration_ms":1981}}'
      Stripe-Version:
      - '2023-10-16'
      X-Stripe-Client-User-Agent:
      - '{"bindings_version":"10.0.0","lang":"ruby","lang_version":"3.2.2 p53 (2023-03-30)","platform":"arm64-darwin20","engine":"ruby","publisher":"stripe","uname":"Darwin
        Harbakshs-MacBook-Air.local 20.5.0 Darwin Kernel Version 20.5.0: Sat May  8
        05:10:31 PDT 2021; root:xnu-7195.121.3~9/RELEASE_ARM64_T8101 arm64","hostname":"Harbakshs-MacBook-Air.local"}'
      Accept-Encoding:
      - gzip;q=1.0,deflate;q=0.6,identity;q=0.3
      Accept:
      - "*/*"
  response:
    status:
      code: 200
      message: OK
    headers:
      Server:
      - nginx
      Date:
      - Mon, 30 Oct 2023 17:46:35 GMT
      Content-Type:
      - application/json
      Content-Length:
      - '2874'
      Connection:
      - keep-alive
      Access-Control-Allow-Credentials:
      - 'true'
      Access-Control-Allow-Methods:
      - GET,HEAD,PUT,PATCH,POST,DELETE
      Access-Control-Allow-Origin:
      - "*"
      Access-Control-Expose-Headers:
      - Request-Id, Stripe-Manage-Version, Stripe-Should-Retry, X-Stripe-External-Auth-Required,
        X-Stripe-Privileged-Session-Required
      Access-Control-Max-Age:
      - '300'
      Cache-Control:
      - no-cache, no-store
      Content-Security-Policy-Report-Only:
      - report-uri https://q.stripe.com/csp-report?p=v1%2Fcharges%2F%3Acharge; block-all-mixed-content;
        default-src 'none'; base-uri 'none'; form-action 'none'; frame-ancestors 'none';
        img-src 'self'; script-src 'self' 'report-sample'; style-src 'self'
      Request-Id:
      - req_Bi8zoyWnpfVr0H
      Stripe-Version:
      - '2023-10-16'
      Vary:
      - Origin
      X-Stripe-Routing-Context-Priority-Tier:
      - api-testmode
      Strict-Transport-Security:
      - max-age=63072000; includeSubDomains; preload
    body:
      encoding: UTF-8
      string: |-
        {
          "id": "ch_2O6zXp9e1RjUNIyY0H0qviCE",
          "object": "charge",
          "amount": 100,
          "amount_captured": 100,
          "amount_refunded": 0,
          "amount_updates": [],
          "application": null,
          "application_fee": null,
          "application_fee_amount": null,
          "balance_transaction": "txn_2O6zXp9e1RjUNIyY08CkFBf9",
          "billing_details": {
            "address": {
              "city": null,
              "country": null,
              "line1": null,
              "line2": null,
              "postal_code": null,
              "state": null
            },
            "email": null,
            "name": null,
            "phone": null
          },
          "calculated_statement_descriptor": "GUMROAD.COM/C",
          "captured": true,
          "created": 1698687993,
          "currency": "usd",
          "customer": null,
          "description": null,
          "destination": "acct_1O6zXlS2TzSl9YBj",
          "dispute": null,
          "disputed": false,
          "failure_balance_transaction": null,
          "failure_code": null,
          "failure_message": null,
          "fraud_details": {},
          "invoice": null,
          "livemode": false,
          "metadata": {},
          "on_behalf_of": null,
          "order": null,
          "outcome": {
            "network_status": "approved_by_network",
            "reason": null,
            "risk_level": "normal",
            "risk_score": 17,
            "seller_message": "Payment complete.",
            "type": "authorized"
          },
          "paid": true,
          "payment_intent": "pi_2O6zXp9e1RjUNIyY0ACCYjlb",
          "payment_method": "pm_0O6zXk9e1RjUNIyYyfNHrc4D",
          "payment_method_details": {
            "card": {
              "amount_authorized": 100,
              "brand": "visa",
              "checks": {
                "address_line1_check": null,
                "address_postal_code_check": null,
                "cvc_check": "pass"
              },
              "country": "US",
              "exp_month": 12,
              "exp_year": 2023,
              "extended_authorization": {
                "status": "disabled"
              },
              "fingerprint": "W691J2Ye3VDoq6Ij",
              "funding": "credit",
              "incremental_authorization": {
                "status": "unavailable"
              },
              "installments": null,
              "last4": "4242",
              "mandate": null,
              "multicapture": {
                "status": "unavailable"
              },
              "network": "visa",
              "network_token": {
                "used": false
              },
              "overcapture": {
                "maximum_amount_capturable": 100,
                "status": "unavailable"
              },
              "three_d_secure": null,
              "wallet": null
            },
            "type": "card"
          },
          "receipt_email": null,
          "receipt_number": null,
          "receipt_url": "https://pay.stripe.com/receipts/payment/CAcaIgogOWUxUmpVTkl5WUdwQTlDZmgzUm1ReHhUemIxYWFrcEUo-9f_qQYyBpdrah6FyDosFiE9dKiVEG8AL-pfd1aNum5o6DvHzfgK11JLbuEE2GvZIY6S0tVPaixd768",
          "refunded": false,
          "review": null,
          "shipping": null,
          "source": null,
          "source_transfer": null,
          "statement_descriptor": null,
          "statement_descriptor_suffix": null,
          "status": "succeeded",
          "transfer": "tr_2O6zXp9e1RjUNIyY0CO8dxpQ",
          "transfer_data": {
            "amount": 50,
            "destination": "acct_1O6zXlS2TzSl9YBj"
          },
          "transfer_group": "group_pi_2O6zXp9e1RjUNIyY0ACCYjlb"
        }
  recorded_at: Mon, 30 Oct 2023 17:46:35 GMT
- request:
    method: post
    uri: https://api.stripe.com/v1/refunds
    body:
      encoding: UTF-8
      string: charge=ch_2O6zXp9e1RjUNIyY0H0qviCE&expand[0]=balance_transaction&amount=24
    headers:
      User-Agent:
      - Stripe/v1 RubyBindings/10.0.0
      Authorization:
      - Bearer sk_test_4MnOc1f1gf16nKP6dyvP4TAD
      Content-Type:
      - application/x-www-form-urlencoded
      X-Stripe-Client-Telemetry:
      - '{"last_request_metrics":{"request_id":"req_Bi8zoyWnpfVr0H","request_duration_ms":391}}'
      Idempotency-Key:
      - d8c5db5c-749a-4bd1-a0c1-fbcf9f362ca8
      Stripe-Version:
      - '2023-10-16'
      X-Stripe-Client-User-Agent:
      - '{"bindings_version":"10.0.0","lang":"ruby","lang_version":"3.2.2 p53 (2023-03-30)","platform":"arm64-darwin20","engine":"ruby","publisher":"stripe","uname":"Darwin
        Harbakshs-MacBook-Air.local 20.5.0 Darwin Kernel Version 20.5.0: Sat May  8
        05:10:31 PDT 2021; root:xnu-7195.121.3~9/RELEASE_ARM64_T8101 arm64","hostname":"Harbakshs-MacBook-Air.local"}'
      Accept-Encoding:
      - gzip;q=1.0,deflate;q=0.6,identity;q=0.3
      Accept:
      - "*/*"
  response:
    status:
      code: 200
      message: OK
    headers:
      Server:
      - nginx
      Date:
      - Mon, 30 Oct 2023 17:46:36 GMT
      Content-Type:
      - application/json
      Content-Length:
      - '1014'
      Connection:
      - keep-alive
      Access-Control-Allow-Credentials:
      - 'true'
      Access-Control-Allow-Methods:
      - GET,HEAD,PUT,PATCH,POST,DELETE
      Access-Control-Allow-Origin:
      - "*"
      Access-Control-Expose-Headers:
      - Request-Id, Stripe-Manage-Version, Stripe-Should-Retry, X-Stripe-External-Auth-Required,
        X-Stripe-Privileged-Session-Required
      Access-Control-Max-Age:
      - '300'
      Cache-Control:
      - no-cache, no-store
      Content-Security-Policy-Report-Only:
      - report-uri https://q.stripe.com/csp-report?p=v1%2Frefunds; block-all-mixed-content;
        default-src 'none'; base-uri 'none'; form-action 'none'; frame-ancestors 'none';
        img-src 'self'; script-src 'self' 'report-sample'; style-src 'self'
      Idempotency-Key:
      - d8c5db5c-749a-4bd1-a0c1-fbcf9f362ca8
      Original-Request:
      - req_C3ugcNZ9duiVnq
      Request-Id:
      - req_C3ugcNZ9duiVnq
      Stripe-Should-Retry:
      - 'false'
      Stripe-Version:
      - '2023-10-16'
      Vary:
      - Origin
      X-Stripe-Routing-Context-Priority-Tier:
      - api-testmode
      Strict-Transport-Security:
      - max-age=63072000; includeSubDomains; preload
    body:
      encoding: UTF-8
      string: |-
        {
          "id": "re_2O6zXp9e1RjUNIyY0JJER8L5",
          "object": "refund",
          "amount": 24,
          "balance_transaction": {
            "id": "txn_2O6zXp9e1RjUNIyY0IT03VpC",
            "object": "balance_transaction",
            "amount": -24,
            "available_on": 1699228800,
            "created": 1698687996,
            "currency": "usd",
            "description": "REFUND FOR CHARGE",
            "exchange_rate": null,
            "fee": -1,
            "fee_details": [
              {
                "amount": -1,
                "application": null,
                "currency": "usd",
                "description": "Stripe processing fee refund",
                "type": "stripe_fee"
              }
            ],
            "net": -23,
            "reporting_category": "refund",
            "source": "re_2O6zXp9e1RjUNIyY0JJER8L5",
            "status": "pending",
            "type": "refund"
          },
          "charge": "ch_2O6zXp9e1RjUNIyY0H0qviCE",
          "created": 1698687996,
          "currency": "usd",
          "metadata": {},
          "payment_intent": "pi_2O6zXp9e1RjUNIyY0ACCYjlb",
          "reason": null,
          "receipt_number": null,
          "source_transfer_reversal": null,
          "status": "succeeded",
          "transfer_reversal": null
        }
  recorded_at: Mon, 30 Oct 2023 17:46:36 GMT
- request:
    method: get
    uri: https://api.stripe.com/v1/charges/ch_2O6zXp9e1RjUNIyY0H0qviCE?expand%5B%5D=application_fee.refunds.data.balance_transaction&expand%5B%5D=balance_transaction
    body:
      encoding: US-ASCII
      string: ''
    headers:
      User-Agent:
      - Stripe/v1 RubyBindings/10.0.0
      Authorization:
      - Bearer sk_test_4MnOc1f1gf16nKP6dyvP4TAD
      Content-Type:
      - application/x-www-form-urlencoded
      X-Stripe-Client-Telemetry:
      - '{"last_request_metrics":{"request_id":"req_C3ugcNZ9duiVnq","request_duration_ms":1393}}'
      Stripe-Version:
      - '2023-10-16'
      X-Stripe-Client-User-Agent:
      - '{"bindings_version":"10.0.0","lang":"ruby","lang_version":"3.2.2 p53 (2023-03-30)","platform":"arm64-darwin20","engine":"ruby","publisher":"stripe","uname":"Darwin
        Harbakshs-MacBook-Air.local 20.5.0 Darwin Kernel Version 20.5.0: Sat May  8
        05:10:31 PDT 2021; root:xnu-7195.121.3~9/RELEASE_ARM64_T8101 arm64","hostname":"Harbakshs-MacBook-Air.local"}'
      Accept-Encoding:
      - gzip;q=1.0,deflate;q=0.6,identity;q=0.3
      Accept:
      - "*/*"
  response:
    status:
      code: 200
      message: OK
    headers:
      Server:
      - nginx
      Date:
      - Mon, 30 Oct 2023 17:46:37 GMT
      Content-Type:
      - application/json
      Content-Length:
      - '3439'
      Connection:
      - keep-alive
      Access-Control-Allow-Credentials:
      - 'true'
      Access-Control-Allow-Methods:
      - GET,HEAD,PUT,PATCH,POST,DELETE
      Access-Control-Allow-Origin:
      - "*"
      Access-Control-Expose-Headers:
      - Request-Id, Stripe-Manage-Version, Stripe-Should-Retry, X-Stripe-External-Auth-Required,
        X-Stripe-Privileged-Session-Required
      Access-Control-Max-Age:
      - '300'
      Cache-Control:
      - no-cache, no-store
      Content-Security-Policy-Report-Only:
      - report-uri https://q.stripe.com/csp-report?p=v1%2Fcharges%2F%3Acharge; block-all-mixed-content;
        default-src 'none'; base-uri 'none'; form-action 'none'; frame-ancestors 'none';
        img-src 'self'; script-src 'self' 'report-sample'; style-src 'self'
      Request-Id:
      - req_e42IVizg5KPB8v
      Stripe-Version:
      - '2023-10-16'
      Vary:
      - Origin
      X-Stripe-Routing-Context-Priority-Tier:
      - api-testmode
      Strict-Transport-Security:
      - max-age=63072000; includeSubDomains; preload
    body:
      encoding: UTF-8
      string: |-
        {
          "id": "ch_2O6zXp9e1RjUNIyY0H0qviCE",
          "object": "charge",
          "amount": 100,
          "amount_captured": 100,
          "amount_refunded": 24,
          "amount_updates": [],
          "application": null,
          "application_fee": null,
          "application_fee_amount": null,
          "balance_transaction": {
            "id": "txn_2O6zXp9e1RjUNIyY08CkFBf9",
            "object": "balance_transaction",
            "amount": 100,
            "available_on": 1699228800,
            "created": 1698687993,
            "currency": "usd",
            "description": null,
            "exchange_rate": null,
            "fee": 10,
            "fee_details": [
              {
                "amount": 10,
                "application": null,
                "currency": "usd",
                "description": "Stripe processing fees",
                "type": "stripe_fee"
              }
            ],
            "net": 90,
            "reporting_category": "charge",
            "source": "ch_2O6zXp9e1RjUNIyY0H0qviCE",
            "status": "pending",
            "type": "charge"
          },
          "billing_details": {
            "address": {
              "city": null,
              "country": null,
              "line1": null,
              "line2": null,
              "postal_code": null,
              "state": null
            },
            "email": null,
            "name": null,
            "phone": null
          },
          "calculated_statement_descriptor": "GUMROAD.COM/C",
          "captured": true,
          "created": 1698687993,
          "currency": "usd",
          "customer": null,
          "description": null,
          "destination": "acct_1O6zXlS2TzSl9YBj",
          "dispute": null,
          "disputed": false,
          "failure_balance_transaction": null,
          "failure_code": null,
          "failure_message": null,
          "fraud_details": {},
          "invoice": null,
          "livemode": false,
          "metadata": {},
          "on_behalf_of": null,
          "order": null,
          "outcome": {
            "network_status": "approved_by_network",
            "reason": null,
            "risk_level": "normal",
            "risk_score": 17,
            "seller_message": "Payment complete.",
            "type": "authorized"
          },
          "paid": true,
          "payment_intent": "pi_2O6zXp9e1RjUNIyY0ACCYjlb",
          "payment_method": "pm_0O6zXk9e1RjUNIyYyfNHrc4D",
          "payment_method_details": {
            "card": {
              "amount_authorized": 100,
              "brand": "visa",
              "checks": {
                "address_line1_check": null,
                "address_postal_code_check": null,
                "cvc_check": "pass"
              },
              "country": "US",
              "exp_month": 12,
              "exp_year": 2023,
              "extended_authorization": {
                "status": "disabled"
              },
              "fingerprint": "W691J2Ye3VDoq6Ij",
              "funding": "credit",
              "incremental_authorization": {
                "status": "unavailable"
              },
              "installments": null,
              "last4": "4242",
              "mandate": null,
              "multicapture": {
                "status": "unavailable"
              },
              "network": "visa",
              "network_token": {
                "used": false
              },
              "overcapture": {
                "maximum_amount_capturable": 100,
                "status": "unavailable"
              },
              "three_d_secure": null,
              "wallet": null
            },
            "type": "card"
          },
          "receipt_email": null,
          "receipt_number": null,
          "receipt_url": "https://pay.stripe.com/receipts/payment/CAcaIgogOWUxUmpVTkl5WUdwQTlDZmgzUm1ReHhUemIxYWFrcEUo_df_qQYyBnNZZHx8bTosFjNY3Qq3qLFWBruiEP2vSRcEZB6H2B4kGGCNLXPVjiijP2VrngRYsNll4LI",
          "refunded": false,
          "review": null,
          "shipping": null,
          "source": null,
          "source_transfer": null,
          "statement_descriptor": null,
          "statement_descriptor_suffix": null,
          "status": "succeeded",
          "transfer": "tr_2O6zXp9e1RjUNIyY0CO8dxpQ",
          "transfer_data": {
            "amount": 50,
            "destination": "acct_1O6zXlS2TzSl9YBj"
          },
          "transfer_group": "group_pi_2O6zXp9e1RjUNIyY0ACCYjlb"
        }
  recorded_at: Mon, 30 Oct 2023 17:46:37 GMT
- request:
    method: get
    uri: https://api.stripe.com/v1/transfers/tr_2O6zXp9e1RjUNIyY0CO8dxpQ
    body:
      encoding: US-ASCII
      string: ''
    headers:
      User-Agent:
      - Stripe/v1 RubyBindings/10.0.0
      Authorization:
      - Bearer sk_test_4MnOc1f1gf16nKP6dyvP4TAD
      Content-Type:
      - application/x-www-form-urlencoded
      X-Stripe-Client-Telemetry:
      - '{"last_request_metrics":{"request_id":"req_e42IVizg5KPB8v","request_duration_ms":764}}'
      Stripe-Version:
      - '2023-10-16'
      X-Stripe-Client-User-Agent:
      - '{"bindings_version":"10.0.0","lang":"ruby","lang_version":"3.2.2 p53 (2023-03-30)","platform":"arm64-darwin20","engine":"ruby","publisher":"stripe","uname":"Darwin
        Harbakshs-MacBook-Air.local 20.5.0 Darwin Kernel Version 20.5.0: Sat May  8
        05:10:31 PDT 2021; root:xnu-7195.121.3~9/RELEASE_ARM64_T8101 arm64","hostname":"Harbakshs-MacBook-Air.local"}'
      Accept-Encoding:
      - gzip;q=1.0,deflate;q=0.6,identity;q=0.3
      Accept:
      - "*/*"
  response:
    status:
      code: 200
      message: OK
    headers:
      Server:
      - nginx
      Date:
      - Mon, 30 Oct 2023 17:46:38 GMT
      Content-Type:
      - application/json
      Content-Length:
      - '696'
      Connection:
      - keep-alive
      Access-Control-Allow-Credentials:
      - 'true'
      Access-Control-Allow-Methods:
      - GET,HEAD,PUT,PATCH,POST,DELETE
      Access-Control-Allow-Origin:
      - "*"
      Access-Control-Expose-Headers:
      - Request-Id, Stripe-Manage-Version, Stripe-Should-Retry, X-Stripe-External-Auth-Required,
        X-Stripe-Privileged-Session-Required
      Access-Control-Max-Age:
      - '300'
      Cache-Control:
      - no-cache, no-store
      Content-Security-Policy-Report-Only:
      - report-uri https://q.stripe.com/csp-report?p=v1%2Ftransfers%2F%3Atransfer;
        block-all-mixed-content; default-src 'none'; base-uri 'none'; form-action
        'none'; frame-ancestors 'none'; img-src 'self'; script-src 'self' 'report-sample';
        style-src 'self'
      Request-Id:
      - req_uLJwNUuyxNRyXg
      Stripe-Version:
      - '2023-10-16'
      Vary:
      - Origin
      X-Stripe-Routing-Context-Priority-Tier:
      - api-testmode
      Strict-Transport-Security:
      - max-age=63072000; includeSubDomains; preload
    body:
      encoding: UTF-8
      string: |-
        {
          "id": "tr_2O6zXp9e1RjUNIyY0CO8dxpQ",
          "object": "transfer",
          "amount": 50,
          "amount_reversed": 0,
          "balance_transaction": "txn_2O6zXp9e1RjUNIyY0mFx1Ifd",
          "created": 1698687994,
          "currency": "usd",
          "description": null,
          "destination": "acct_1O6zXlS2TzSl9YBj",
          "destination_payment": "py_1O6zXqS2TzSl9YBjVm48wX3Q",
          "livemode": false,
          "metadata": {},
          "reversals": {
            "object": "list",
            "data": [],
            "has_more": false,
            "total_count": 0,
            "url": "/v1/transfers/tr_2O6zXp9e1RjUNIyY0CO8dxpQ/reversals"
          },
          "reversed": false,
          "source_transaction": "ch_2O6zXp9e1RjUNIyY0H0qviCE",
          "source_type": "card",
          "transfer_group": "group_pi_2O6zXp9e1RjUNIyY0ACCYjlb"
        }
  recorded_at: Mon, 30 Oct 2023 17:46:37 GMT
- request:
    method: get
    uri: https://api.stripe.com/v1/charges/py_1O6zXqS2TzSl9YBjVm48wX3Q?expand%5B%5D=application_fee.refunds&expand%5B%5D=refunds.data.balance_transaction
    body:
      encoding: US-ASCII
      string: ''
    headers:
      User-Agent:
      - Stripe/v1 RubyBindings/10.0.0
      Authorization:
      - Bearer sk_test_4MnOc1f1gf16nKP6dyvP4TAD
      Content-Type:
      - application/x-www-form-urlencoded
      X-Stripe-Client-Telemetry:
      - '{"last_request_metrics":{"request_id":"req_uLJwNUuyxNRyXg","request_duration_ms":333}}'
      Stripe-Version:
      - '2023-10-16'
      X-Stripe-Client-User-Agent:
      - '{"bindings_version":"10.0.0","lang":"ruby","lang_version":"3.2.2 p53 (2023-03-30)","platform":"arm64-darwin20","engine":"ruby","publisher":"stripe","uname":"Darwin
        Harbakshs-MacBook-Air.local 20.5.0 Darwin Kernel Version 20.5.0: Sat May  8
        05:10:31 PDT 2021; root:xnu-7195.121.3~9/RELEASE_ARM64_T8101 arm64","hostname":"Harbakshs-MacBook-Air.local"}'
      Stripe-Account:
      - acct_1O6zXlS2TzSl9YBj
      Accept-Encoding:
      - gzip;q=1.0,deflate;q=0.6,identity;q=0.3
      Accept:
      - "*/*"
  response:
    status:
      code: 200
      message: OK
    headers:
      Server:
      - nginx
      Date:
      - Mon, 30 Oct 2023 17:46:38 GMT
      Content-Type:
      - application/json
      Content-Length:
      - '2285'
      Connection:
      - keep-alive
      Access-Control-Allow-Credentials:
      - 'true'
      Access-Control-Allow-Methods:
      - GET,HEAD,PUT,PATCH,POST,DELETE
      Access-Control-Allow-Origin:
      - "*"
      Access-Control-Expose-Headers:
      - Request-Id, Stripe-Manage-Version, Stripe-Should-Retry, X-Stripe-External-Auth-Required,
        X-Stripe-Privileged-Session-Required
      Access-Control-Max-Age:
      - '300'
      Cache-Control:
      - no-cache, no-store
      Content-Security-Policy-Report-Only:
      - report-uri https://q.stripe.com/csp-report?p=v1%2Fcharges%2F%3Acharge; block-all-mixed-content;
        default-src 'none'; base-uri 'none'; form-action 'none'; frame-ancestors 'none';
        img-src 'self'; script-src 'self' 'report-sample'; style-src 'self'
      Request-Id:
      - req_3AvvYeKpzwJ3qX
      Stripe-Account:
      - acct_1O6zXlS2TzSl9YBj
      Stripe-Version:
      - '2023-10-16'
      Vary:
      - Origin
      X-Stripe-Routing-Context-Priority-Tier:
      - api-testmode
      Strict-Transport-Security:
      - max-age=63072000; includeSubDomains; preload
    body:
      encoding: UTF-8
      string: |-
        {
          "id": "py_1O6zXqS2TzSl9YBjVm48wX3Q",
          "object": "charge",
          "amount": 50,
          "amount_captured": 50,
          "amount_refunded": 0,
          "application": "ca_42fpqGTJ6VQbAkyhmnG4BLS1vq0slNN4",
          "application_fee": null,
          "application_fee_amount": null,
          "balance_transaction": "txn_1O6zXqS2TzSl9YBj5F5WaDIk",
          "billing_details": {
            "address": {
              "city": null,
              "country": null,
              "line1": null,
              "line2": null,
              "postal_code": null,
              "state": null
            },
            "email": null,
            "name": null,
            "phone": null
          },
          "calculated_statement_descriptor": null,
          "captured": true,
          "created": 1698687994,
          "currency": "usd",
          "customer": null,
          "description": null,
          "destination": null,
          "dispute": null,
          "disputed": false,
          "failure_balance_transaction": null,
          "failure_code": null,
          "failure_message": null,
          "fraud_details": {},
          "invoice": null,
          "livemode": false,
          "metadata": {},
          "on_behalf_of": null,
          "order": null,
          "outcome": null,
          "paid": true,
          "payment_intent": null,
          "payment_method": null,
          "payment_method_details": {
            "stripe_account": {},
            "type": "stripe_account"
          },
          "receipt_email": null,
          "receipt_number": null,
          "receipt_url": "https://pay.stripe.com/receipts/payment/CAcaFwoVYWNjdF8xTzZ6WGxTMlR6U2w5WUJqKP7X_6kGMgZVni-Vi8w6LBa9kPa4ecgWaD1E9-kiU3nIobvcfVZLgPIoz3dPGQIitcknREAvSosLXD9-",
          "refunded": false,
          "refunds": {
            "object": "list",
            "data": [],
            "has_more": false,
            "total_count": 0,
            "url": "/v1/charges/py_1O6zXqS2TzSl9YBjVm48wX3Q/refunds"
          },
          "review": null,
          "shipping": null,
          "source": {
            "id": "9e1RjUNIyYGpA9Cfh3RmQxxTzb1aakpE",
            "object": "account",
            "application_icon": "https://files.stripe.com/links/MDB8OWUxUmpVTkl5WUdwQTlDZmgzUm1ReHhUemIxYWFrcEV8ZmxfbGl2ZV96QURJZllYTVhmQTEwQWswUmg3MlRpOGI00M3h6olFO",
            "application_logo": "https://files.stripe.com/links/MDB8OWUxUmpVTkl5WUdwQTlDZmgzUm1ReHhUemIxYWFrcEV8ZmxfbGl2ZV9WNnByazhHekswejFlUGh3a1M0dnRxZko00eY1DsvrA",
            "application_name": "Gumroad",
            "application_url": "https://gumroad.com"
          },
          "source_transfer": "tr_2O6zXp9e1RjUNIyY0CO8dxpQ",
          "statement_descriptor": null,
          "statement_descriptor_suffix": null,
          "status": "succeeded",
          "transfer_data": null,
          "transfer_group": null
        }
  recorded_at: Mon, 30 Oct 2023 17:46:38 GMT
recorded_with: VCR 6.2.0
