---
http_interactions:
- request:
    method: post
    uri: https://api.stripe.com/v1/accounts
    body:
      encoding: UTF-8
      string: type=custom&requested_capabilities[0]=card_payments&requested_capabilities[1]=transfers&country=CA&default_currency=cad&metadata[user_id]=2472891159&metadata[tos_agreement_id]=G_-mnBf9b1j9A7a4ub4nFQ%3D%3D&metadata[user_compliance_info_id]=G_-mnBf9b1j9A7a4ub4nFQ%3D%3D&tos_acceptance[date]=1734537144&tos_acceptance[ip]=54.234.242.13&business_type=individual&business_profile[name]=Chuck+Bartowski&business_profile[url]=https%3A%2F%2Fvipul.gumroad.com%2F&business_profile[product_description]=Chuck+Bartowski&individual[first_name]=Chuck&individual[last_name]=Bartowski&individual[email]=edgar8d5df041_1%40gumroad.com&individual[phone]=0000000000&individual[dob][day]=1&individual[dob][month]=1&individual[dob][year]=1901&individual[relationship][title]=CEO&individual[address][line1]=address_full_match&individual[address][city]=San+Francisco&individual[address][state]=BC&individual[address][postal_code]=M4C+1T2&individual[address][country]=CA&individual[id_number]=000000000
    headers:
      User-Agent:
      - Stripe/v1 RubyBindings/12.5.0
      Authorization:
      - Bearer sk_test_4MnOc1f1gf16nKP6dyvP4TAD
      Content-Type:
      - application/x-www-form-urlencoded
      Idempotency-Key:
      - 98aa4dad-d030-4352-97fb-5f205ebad140
      Stripe-Version:
      - 2023-10-16; risk_in_requirements_beta=v1
      X-Stripe-Client-User-Agent:
      - '{"bindings_version":"12.5.0","lang":"ruby","lang_version":"3.3.4 p94 (2024-07-09)","platform":"arm64-darwin20","engine":"ruby","publisher":"stripe","uname":"Darwin
        Harbakshs-MacBook-Air.local 20.5.0 Darwin Kernel Version 20.5.0: Sat May  8
        05:10:31 PDT 2021; root:xnu-7195.121.3~9/RELEASE_ARM64_T8101 arm64","hostname":"Harbakshs-MacBook-Air.local"}'
      Accept-Encoding:
      - gzip;q=1.0,deflate;q=0.6,identity;q=0.3
      Accept:
      - "*/*"
  response:
    status:
      code: 200
      message: OK
    headers:
      Server:
      - nginx
      Date:
      - Wed, 18 Dec 2024 15:52:27 GMT
      Content-Type:
      - application/json
      Content-Length:
      - '5599'
      Connection:
      - keep-alive
      Access-Control-Allow-Credentials:
      - 'true'
      Access-Control-Allow-Methods:
      - GET, HEAD, PUT, PATCH, POST, DELETE
      Access-Control-Allow-Origin:
      - "*"
      Access-Control-Expose-Headers:
      - Request-Id, Stripe-Manage-Version, Stripe-Should-Retry, X-Stripe-External-Auth-Required,
        X-Stripe-Privileged-Session-Required
      Access-Control-Max-Age:
      - '300'
      Cache-Control:
      - no-cache, no-store
      Content-Security-Policy:
      - base-uri 'none'; default-src 'none'; form-action 'none'; frame-ancestors 'none';
        img-src 'self'; script-src 'self' 'report-sample'; style-src 'self'; upgrade-insecure-requests;
        report-uri /csp-violation https://q.stripe.com/csp-violation?q=85V7ioEsREmWKWrAq-kb1pGmBGHPa5_YNHBToaztv00XvFKRAWOb-TEinx-YSc65mPHH6Afe4g%3D%3D
      Cross-Origin-Opener-Policy-Report-Only:
      - same-origin; report-to="coop"
      Idempotency-Key:
      - 98aa4dad-d030-4352-97fb-5f205ebad140
      Original-Request:
      - req_OPYxfCogiGyKWH
      Report-To:
      - '{"group":"coop","max_age":8640,"endpoints":[{"url":"https://q.stripe.com/coop-report"}],"include_subdomains":true}'
      Reporting-Endpoints:
      - coop="https://q.stripe.com/coop-report"
      Request-Id:
      - req_OPYxfCogiGyKWH
      Stripe-Should-Retry:
      - 'false'
      Stripe-Version:
      - 2023-10-16; risk_in_requirements_beta=v1
      Vary:
      - Origin
      X-Content-Type-Options:
      - nosniff
      X-Stripe-Priority-Routing-Enabled:
      - 'true'
      X-Stripe-Routing-Context-Priority-Tier:
      - api-testmode
      X-Wc:
      - AB
      Strict-Transport-Security:
      - max-age=63072000; includeSubDomains; preload
    body:
      encoding: UTF-8
      string: |-
        {
          "id": "acct_1QXPXxS7uB3nlhZO",
          "object": "account",
          "business_profile": {
            "annual_revenue": null,
            "estimated_worker_count": null,
            "mcc": "5192",
            "name": "Chuck Bartowski",
            "product_description": "Chuck Bartowski",
            "support_address": null,
            "support_email": null,
            "support_phone": null,
            "support_url": null,
            "url": "https://vipul.gumroad.com/"
          },
          "business_type": "individual",
          "capabilities": {
            "card_payments": "active",
            "transfers": "active"
          },
          "charges_enabled": true,
          "company": {
            "address": {
              "city": "San Francisco",
              "country": "CA",
              "line1": "address_full_match",
              "line2": null,
              "postal_code": "M4C 1T2",
              "state": "BC"
            },
            "directors_provided": true,
            "executives_provided": true,
            "name": null,
            "owners_provided": true,
            "phone": "+10000000000",
            "tax_id_provided": false,
            "verification": {
              "document": {
                "back": null,
                "details": null,
                "details_code": null,
                "front": null
              }
            }
          },
          "controller": {
            "fees": {
              "payer": "application_custom"
            },
            "is_controller": true,
            "losses": {
              "payments": "application"
            },
            "requirement_collection": "application",
            "stripe_dashboard": {
              "type": "none"
            },
            "type": "application"
          },
          "country": "CA",
          "created": 1734537145,
          "default_currency": "cad",
          "details_submitted": false,
          "email": null,
          "external_accounts": {
            "object": "list",
            "data": [],
            "has_more": false,
            "total_count": 0,
            "url": "/v1/accounts/acct_1QXPXxS7uB3nlhZO/external_accounts"
          },
          "future_requirements": {
            "alternatives": [],
            "current_deadline": null,
            "currently_due": [],
            "disabled_reason": null,
            "errors": [],
            "eventually_due": [],
            "past_due": [],
            "pending_verification": []
          },
          "individual": {
            "id": "person_1QXPXxS7uB3nlhZO7JY4xffP",
            "object": "person",
            "account": "acct_1QXPXxS7uB3nlhZO",
            "address": {
              "city": "San Francisco",
              "country": "CA",
              "line1": "address_full_match",
              "line2": null,
              "postal_code": "M4C 1T2",
              "state": "BC"
            },
            "created": 1734537145,
            "dob": {
              "day": 1,
              "month": 1,
              "year": 1901
            },
            "email": "edgar8d5df041_1@gumroad.com",
            "first_name": "Chuck",
            "future_requirements": {
              "alternatives": [],
              "currently_due": [],
              "errors": [],
              "eventually_due": [],
              "past_due": [],
              "pending_verification": []
            },
            "id_number_provided": true,
            "last_name": "Bartowski",
            "metadata": {},
            "phone": "+10000000000",
            "relationship": {
              "authorizer": false,
              "director": false,
              "executive": false,
              "legal_guardian": false,
              "owner": false,
              "percent_ownership": null,
              "representative": true,
              "title": "CEO"
            },
            "requirements": {
              "alternatives": [],
              "currently_due": [],
              "errors": [],
              "eventually_due": [],
              "past_due": [],
              "pending_verification": [
                "verification.additional_document",
                "verification.document",
                "verification.proof_of_liveness"
              ]
            },
            "ssn_last_4_provided": true,
            "verification": {
              "additional_document": {
                "back": null,
                "details": null,
                "details_code": null,
                "front": null
              },
              "details": null,
              "details_code": null,
              "document": {
                "back": null,
                "details": null,
                "details_code": null,
                "front": null
              },
              "status": "pending"
            }
          },
          "metadata": {
            "tos_agreement_id": "G_-mnBf9b1j9A7a4ub4nFQ==",
            "user_compliance_info_id": "G_-mnBf9b1j9A7a4ub4nFQ==",
            "user_id": "2472891159"
          },
          "payouts_enabled": false,
          "requirements": {
            "alternatives": [],
            "current_deadline": null,
            "currently_due": [
              "external_account"
            ],
            "disabled_reason": "requirements.past_due",
            "errors": [],
            "eventually_due": [
              "external_account"
            ],
            "past_due": [
              "external_account"
            ],
            "pending_verification": [
              "individual.verification.additional_document",
              "individual.verification.document",
              "individual.verification.proof_of_liveness"
            ]
          },
          "settings": {
            "bacs_debit_payments": {
              "display_name": null,
              "service_user_number": null
            },
            "branding": {
              "icon": null,
              "logo": null,
              "primary_color": null,
              "secondary_color": null
            },
            "capital": {},
            "card_issuing": {
              "tos_acceptance": {
                "date": null,
                "ip": null
              }
            },
            "card_payments": {
              "decline_on": {
                "avs_failure": false,
                "cvc_failure": false
              },
              "statement_descriptor_prefix": "CHUCK BART",
              "statement_descriptor_prefix_kana": null,
              "statement_descriptor_prefix_kanji": null
            },
            "dashboard": {
              "display_name": "Chuck Bartowski",
              "timezone": "Etc/UTC"
            },
            "invoices": {
              "default_account_tax_ids": null
            },
            "payments": {
              "statement_descriptor": "CHUCK BARTOWSKI",
              "statement_descriptor_kana": null,
              "statement_descriptor_kanji": null
            },
            "payouts": {
              "debit_negative_balances": false,
              "schedule": {
                "delay_days": 7,
                "interval": "daily"
              },
              "statement_descriptor": null
            },
            "sepa_debit_payments": {}
          },
          "tos_acceptance": {
            "date": 1734537144,
            "ip": "54.234.242.13",
            "user_agent": null
          },
          "type": "custom"
        }
  recorded_at: Wed, 18 Dec 2024 15:52:27 GMT
- request:
    method: get
    uri: https://api.stripe.com/v1/accounts/acct_1QXPXxS7uB3nlhZO/persons
    body:
      encoding: US-ASCII
      string: ''
    headers:
      User-Agent:
      - Stripe/v1 RubyBindings/12.5.0
      Authorization:
      - Bearer sk_test_4MnOc1f1gf16nKP6dyvP4TAD
      Content-Type:
      - application/x-www-form-urlencoded
      X-Stripe-Client-Telemetry:
      - '{"last_request_metrics":{"request_id":"req_OPYxfCogiGyKWH","request_duration_ms":3077}}'
      Stripe-Version:
      - 2023-10-16; risk_in_requirements_beta=v1
      X-Stripe-Client-User-Agent:
      - '{"bindings_version":"12.5.0","lang":"ruby","lang_version":"3.3.4 p94 (2024-07-09)","platform":"arm64-darwin20","engine":"ruby","publisher":"stripe","uname":"Darwin
        Harbakshs-MacBook-Air.local 20.5.0 Darwin Kernel Version 20.5.0: Sat May  8
        05:10:31 PDT 2021; root:xnu-7195.121.3~9/RELEASE_ARM64_T8101 arm64","hostname":"Harbakshs-MacBook-Air.local"}'
      Accept-Encoding:
      - gzip;q=1.0,deflate;q=0.6,identity;q=0.3
      Accept:
      - "*/*"
  response:
    status:
      code: 200
      message: OK
    headers:
      Server:
      - nginx
      Date:
      - Wed, 18 Dec 2024 15:52:28 GMT
      Content-Type:
      - application/json
      Content-Length:
      - '2152'
      Connection:
      - keep-alive
      Access-Control-Allow-Credentials:
      - 'true'
      Access-Control-Allow-Methods:
      - GET, HEAD, PUT, PATCH, POST, DELETE
      Access-Control-Allow-Origin:
      - "*"
      Access-Control-Expose-Headers:
      - Request-Id, Stripe-Manage-Version, Stripe-Should-Retry, X-Stripe-External-Auth-Required,
        X-Stripe-Privileged-Session-Required
      Access-Control-Max-Age:
      - '300'
      Cache-Control:
      - no-cache, no-store
      Content-Security-Policy:
      - base-uri 'none'; default-src 'none'; form-action 'none'; frame-ancestors 'none';
        img-src 'self'; script-src 'self' 'report-sample'; style-src 'self'; upgrade-insecure-requests;
        report-uri /csp-violation https://q.stripe.com/csp-violation?q=Vc8M2LcgN5tT-MQlhge7P8xWavVot_-3mv9YLnfqVLOru7DRd1wxWgMf6QyWiXgsiykg4VrdDg%3D%3D
      Cross-Origin-Opener-Policy-Report-Only:
      - same-origin; report-to="coop"
      Report-To:
      - '{"group":"coop","max_age":8640,"endpoints":[{"url":"https://q.stripe.com/coop-report"}],"include_subdomains":true}'
      Reporting-Endpoints:
      - coop="https://q.stripe.com/coop-report"
      Request-Id:
      - req_D04lvF3NRUV81W
      Stripe-Account:
      - acct_1QXPXxS7uB3nlhZO
      Stripe-Version:
      - 2023-10-16; risk_in_requirements_beta=v1
      Vary:
      - Origin
      X-Content-Type-Options:
      - nosniff
      X-Stripe-Priority-Routing-Enabled:
      - 'true'
      X-Stripe-Routing-Context-Priority-Tier:
      - api-testmode
      X-Wc:
      - AB
      Strict-Transport-Security:
      - max-age=63072000; includeSubDomains; preload
    body:
      encoding: UTF-8
      string: |-
        {
          "object": "list",
          "data": [
            {
              "id": "person_1QXPXxS7uB3nlhZO7JY4xffP",
              "object": "person",
              "account": "acct_1QXPXxS7uB3nlhZO",
              "additional_tos_acceptances": {
                "account": {
                  "date": null,
                  "ip": null,
                  "user_agent": null
                }
              },
              "address": {
                "city": "San Francisco",
                "country": "CA",
                "line1": "address_full_match",
                "line2": null,
                "postal_code": "M4C 1T2",
                "state": "BC"
              },
              "created": 1734537145,
              "dob": {
                "day": 1,
                "month": 1,
                "year": 1901
              },
              "email": "edgar8d5df041_1@gumroad.com",
              "first_name": "Chuck",
              "future_requirements": {
                "alternatives": [],
                "currently_due": [],
                "errors": [],
                "eventually_due": [],
                "past_due": [],
                "pending_verification": []
              },
              "id_number_provided": true,
              "last_name": "Bartowski",
              "metadata": {},
              "phone": "+10000000000",
              "relationship": {
                "authorizer": false,
                "director": false,
                "executive": false,
                "legal_guardian": false,
                "owner": false,
                "percent_ownership": null,
                "representative": true,
                "title": "CEO"
              },
              "requirements": {
                "alternatives": [],
                "currently_due": [],
                "errors": [],
                "eventually_due": [],
                "past_due": [],
                "pending_verification": [
                  "verification.additional_document",
                  "verification.document",
                  "verification.proof_of_liveness"
                ]
              },
              "ssn_last_4_provided": true,
              "verification": {
                "additional_document": {
                  "back": null,
                  "details": null,
                  "details_code": null,
                  "front": null
                },
                "details": null,
                "details_code": null,
                "document": {
                  "back": null,
                  "details": null,
                  "details_code": null,
                  "front": null
                },
                "status": "pending"
              }
            }
          ],
          "has_more": false,
          "url": "/v1/accounts/acct_1QXPXxS7uB3nlhZO/persons"
        }
  recorded_at: Wed, 18 Dec 2024 15:52:28 GMT
- request:
    method: post
    uri: https://api.stripe.com/v1/accounts/acct_1QXPXxS7uB3nlhZO/persons/person_1QXPXxS7uB3nlhZO7JY4xffP
    body:
      encoding: UTF-8
      string: verification[document][front]=file_identity_document_success
    headers:
      User-Agent:
      - Stripe/v1 RubyBindings/12.5.0
      Authorization:
      - Bearer sk_test_4MnOc1f1gf16nKP6dyvP4TAD
      Content-Type:
      - application/x-www-form-urlencoded
      X-Stripe-Client-Telemetry:
      - '{"last_request_metrics":{"request_id":"req_D04lvF3NRUV81W","request_duration_ms":522}}'
      Idempotency-Key:
      - ae6114d5-a3fb-4a44-8503-1c5a308b2e34
      Stripe-Version:
      - 2023-10-16; risk_in_requirements_beta=v1
      X-Stripe-Client-User-Agent:
      - '{"bindings_version":"12.5.0","lang":"ruby","lang_version":"3.3.4 p94 (2024-07-09)","platform":"arm64-darwin20","engine":"ruby","publisher":"stripe","uname":"Darwin
        Harbakshs-MacBook-Air.local 20.5.0 Darwin Kernel Version 20.5.0: Sat May  8
        05:10:31 PDT 2021; root:xnu-7195.121.3~9/RELEASE_ARM64_T8101 arm64","hostname":"Harbakshs-MacBook-Air.local"}'
      Accept-Encoding:
      - gzip;q=1.0,deflate;q=0.6,identity;q=0.3
      Accept:
      - "*/*"
  response:
    status:
      code: 200
      message: OK
    headers:
      Server:
      - nginx
      Date:
      - Wed, 18 Dec 2024 15:52:30 GMT
      Content-Type:
      - application/json
      Content-Length:
      - '1743'
      Connection:
      - keep-alive
      Access-Control-Allow-Credentials:
      - 'true'
      Access-Control-Allow-Methods:
      - GET, HEAD, PUT, PATCH, POST, DELETE
      Access-Control-Allow-Origin:
      - "*"
      Access-Control-Expose-Headers:
      - Request-Id, Stripe-Manage-Version, Stripe-Should-Retry, X-Stripe-External-Auth-Required,
        X-Stripe-Privileged-Session-Required
      Access-Control-Max-Age:
      - '300'
      Cache-Control:
      - no-cache, no-store
      Content-Security-Policy:
      - base-uri 'none'; default-src 'none'; form-action 'none'; frame-ancestors 'none';
        img-src 'self'; script-src 'self' 'report-sample'; style-src 'self'; upgrade-insecure-requests;
        report-uri /csp-violation https://q.stripe.com/csp-violation?q=Vc8M2LcgN5tT-MQlhge7P8xWavVot_-3mv9YLnfqVLOru7DRd1wxWgMf6QyWiXgsiykg4VrdDg%3D%3D
      Cross-Origin-Opener-Policy-Report-Only:
      - same-origin; report-to="coop"
      Idempotency-Key:
      - ae6114d5-a3fb-4a44-8503-1c5a308b2e34
      Original-Request:
      - req_CLICJ1QgKw5ktC
      Report-To:
      - '{"group":"coop","max_age":8640,"endpoints":[{"url":"https://q.stripe.com/coop-report"}],"include_subdomains":true}'
      Reporting-Endpoints:
      - coop="https://q.stripe.com/coop-report"
      Request-Id:
      - req_CLICJ1QgKw5ktC
      Stripe-Account:
      - acct_1QXPXxS7uB3nlhZO
      Stripe-Should-Retry:
      - 'false'
      Stripe-Version:
      - 2023-10-16; risk_in_requirements_beta=v1
      Vary:
      - Origin
      X-Content-Type-Options:
      - nosniff
      X-Stripe-Priority-Routing-Enabled:
      - 'true'
      X-Stripe-Routing-Context-Priority-Tier:
      - api-testmode
      X-Wc:
      - AB
      Strict-Transport-Security:
      - max-age=63072000; includeSubDomains; preload
    body:
      encoding: UTF-8
      string: |-
        {
          "id": "person_1QXPXxS7uB3nlhZO7JY4xffP",
          "object": "person",
          "account": "acct_1QXPXxS7uB3nlhZO",
          "additional_tos_acceptances": {
            "account": {
              "date": null,
              "ip": null,
              "user_agent": null
            }
          },
          "address": {
            "city": "San Francisco",
            "country": "CA",
            "line1": "address_full_match",
            "line2": null,
            "postal_code": "M4C 1T2",
            "state": "BC"
          },
          "created": 1734537145,
          "dob": {
            "day": 1,
            "month": 1,
            "year": 1901
          },
          "email": "edgar8d5df041_1@gumroad.com",
          "first_name": "Chuck",
          "future_requirements": {
            "alternatives": [],
            "currently_due": [],
            "errors": [],
            "eventually_due": [],
            "past_due": [],
            "pending_verification": []
          },
          "id_number_provided": true,
          "last_name": "Bartowski",
          "metadata": {},
          "phone": "+10000000000",
          "relationship": {
            "authorizer": false,
            "director": false,
            "executive": false,
            "legal_guardian": false,
            "owner": false,
            "percent_ownership": null,
            "representative": true,
            "title": "CEO"
          },
          "requirements": {
            "alternatives": [],
            "currently_due": [],
            "errors": [],
            "eventually_due": [],
            "past_due": [],
            "pending_verification": [
              "verification.additional_document",
              "verification.document",
              "verification.proof_of_liveness"
            ]
          },
          "ssn_last_4_provided": true,
          "verification": {
            "additional_document": {
              "back": null,
              "details": null,
              "details_code": null,
              "front": null
            },
            "details": null,
            "details_code": null,
            "document": {
              "back": null,
              "details": null,
              "details_code": null,
              "front": "file_1QXPY1S7uB3nlhZOLtp9iDqF"
            },
            "status": "pending"
          }
        }
  recorded_at: Wed, 18 Dec 2024 15:52:30 GMT
- request:
    method: get
    uri: https://api.stripe.com/v1/accounts/acct_1QXPXxS7uB3nlhZO
    body:
      encoding: US-ASCII
      string: ''
    headers:
      User-Agent:
      - Stripe/v1 RubyBindings/12.5.0
      Authorization:
      - Bearer sk_test_4MnOc1f1gf16nKP6dyvP4TAD
      Content-Type:
      - application/x-www-form-urlencoded
      X-Stripe-Client-Telemetry:
      - '{"last_request_metrics":{"request_id":"req_CLICJ1QgKw5ktC","request_duration_ms":2124}}'
      Stripe-Version:
      - 2023-10-16; risk_in_requirements_beta=v1
      X-Stripe-Client-User-Agent:
      - '{"bindings_version":"12.5.0","lang":"ruby","lang_version":"3.3.4 p94 (2024-07-09)","platform":"arm64-darwin20","engine":"ruby","publisher":"stripe","uname":"Darwin
        Harbakshs-MacBook-Air.local 20.5.0 Darwin Kernel Version 20.5.0: Sat May  8
        05:10:31 PDT 2021; root:xnu-7195.121.3~9/RELEASE_ARM64_T8101 arm64","hostname":"Harbakshs-MacBook-Air.local"}'
      Accept-Encoding:
      - gzip;q=1.0,deflate;q=0.6,identity;q=0.3
      Accept:
      - "*/*"
  response:
    status:
      code: 200
      message: OK
    headers:
      Server:
      - nginx
      Date:
      - Wed, 18 Dec 2024 15:52:30 GMT
      Content-Type:
      - application/json
      Content-Length:
      - '5626'
      Connection:
      - keep-alive
      Access-Control-Allow-Credentials:
      - 'true'
      Access-Control-Allow-Methods:
      - GET, HEAD, PUT, PATCH, POST, DELETE
      Access-Control-Allow-Origin:
      - "*"
      Access-Control-Expose-Headers:
      - Request-Id, Stripe-Manage-Version, Stripe-Should-Retry, X-Stripe-External-Auth-Required,
        X-Stripe-Privileged-Session-Required
      Access-Control-Max-Age:
      - '300'
      Cache-Control:
      - no-cache, no-store
      Content-Security-Policy:
      - base-uri 'none'; default-src 'none'; form-action 'none'; frame-ancestors 'none';
        img-src 'self'; script-src 'self' 'report-sample'; style-src 'self'; upgrade-insecure-requests;
        report-uri /csp-violation https://q.stripe.com/csp-violation?q=Vc8M2LcgN5tT-MQlhge7P8xWavVot_-3mv9YLnfqVLOru7DRd1wxWgMf6QyWiXgsiykg4VrdDg%3D%3D
      Cross-Origin-Opener-Policy-Report-Only:
      - same-origin; report-to="coop"
      Report-To:
      - '{"group":"coop","max_age":8640,"endpoints":[{"url":"https://q.stripe.com/coop-report"}],"include_subdomains":true}'
      Reporting-Endpoints:
      - coop="https://q.stripe.com/coop-report"
      Request-Id:
      - req_E8v65EaNaxT0CG
      Stripe-Account:
      - acct_1QXPXxS7uB3nlhZO
      Stripe-Version:
      - 2023-10-16; risk_in_requirements_beta=v1
      Vary:
      - Origin
      X-Content-Type-Options:
      - nosniff
      X-Stripe-Priority-Routing-Enabled:
      - 'true'
      X-Stripe-Routing-Context-Priority-Tier:
      - api-testmode
      X-Wc:
      - AB
      Strict-Transport-Security:
      - max-age=63072000; includeSubDomains; preload
    body:
      encoding: UTF-8
      string: |-
        {
          "id": "acct_1QXPXxS7uB3nlhZO",
          "object": "account",
          "business_profile": {
            "annual_revenue": null,
            "estimated_worker_count": null,
            "mcc": "5192",
            "name": "Chuck Bartowski",
            "product_description": "Chuck Bartowski",
            "support_address": null,
            "support_email": null,
            "support_phone": null,
            "support_url": null,
            "url": "https://vipul.gumroad.com/"
          },
          "business_type": "individual",
          "capabilities": {
            "card_payments": "active",
            "transfers": "active"
          },
          "charges_enabled": true,
          "company": {
            "address": {
              "city": "San Francisco",
              "country": "CA",
              "line1": "address_full_match",
              "line2": null,
              "postal_code": "M4C 1T2",
              "state": "BC"
            },
            "directors_provided": true,
            "executives_provided": true,
            "name": null,
            "owners_provided": true,
            "phone": "+10000000000",
            "tax_id_provided": false,
            "verification": {
              "document": {
                "back": null,
                "details": null,
                "details_code": null,
                "front": null
              }
            }
          },
          "controller": {
            "fees": {
              "payer": "application_custom"
            },
            "is_controller": true,
            "losses": {
              "payments": "application"
            },
            "requirement_collection": "application",
            "stripe_dashboard": {
              "type": "none"
            },
            "type": "application"
          },
          "country": "CA",
          "created": 1734537145,
          "default_currency": "cad",
          "details_submitted": false,
          "email": null,
          "external_accounts": {
            "object": "list",
            "data": [],
            "has_more": false,
            "total_count": 0,
            "url": "/v1/accounts/acct_1QXPXxS7uB3nlhZO/external_accounts"
          },
          "future_requirements": {
            "alternatives": [],
            "current_deadline": null,
            "currently_due": [],
            "disabled_reason": null,
            "errors": [],
            "eventually_due": [],
            "past_due": [],
            "pending_verification": []
          },
          "individual": {
            "id": "person_1QXPXxS7uB3nlhZO7JY4xffP",
            "object": "person",
            "account": "acct_1QXPXxS7uB3nlhZO",
            "address": {
              "city": "San Francisco",
              "country": "CA",
              "line1": "address_full_match",
              "line2": null,
              "postal_code": "M4C 1T2",
              "state": "BC"
            },
            "created": 1734537145,
            "dob": {
              "day": 1,
              "month": 1,
              "year": 1901
            },
            "email": "edgar8d5df041_1@gumroad.com",
            "first_name": "Chuck",
            "future_requirements": {
              "alternatives": [],
              "currently_due": [],
              "errors": [],
              "eventually_due": [],
              "past_due": [],
              "pending_verification": []
            },
            "id_number_provided": true,
            "last_name": "Bartowski",
            "metadata": {},
            "phone": "+10000000000",
            "relationship": {
              "authorizer": false,
              "director": false,
              "executive": false,
              "legal_guardian": false,
              "owner": false,
              "percent_ownership": null,
              "representative": true,
              "title": "CEO"
            },
            "requirements": {
              "alternatives": [],
              "currently_due": [],
              "errors": [],
              "eventually_due": [],
              "past_due": [],
              "pending_verification": [
                "verification.additional_document",
                "verification.document",
                "verification.proof_of_liveness"
              ]
            },
            "ssn_last_4_provided": true,
            "verification": {
              "additional_document": {
                "back": null,
                "details": null,
                "details_code": null,
                "front": null
              },
              "details": null,
              "details_code": null,
              "document": {
                "back": null,
                "details": null,
                "details_code": null,
                "front": "file_1QXPY1S7uB3nlhZOLtp9iDqF"
              },
              "status": "pending"
            }
          },
          "metadata": {
            "tos_agreement_id": "G_-mnBf9b1j9A7a4ub4nFQ==",
            "user_compliance_info_id": "G_-mnBf9b1j9A7a4ub4nFQ==",
            "user_id": "2472891159"
          },
          "payouts_enabled": false,
          "requirements": {
            "alternatives": [],
            "current_deadline": null,
            "currently_due": [
              "external_account"
            ],
            "disabled_reason": "requirements.past_due",
            "errors": [],
            "eventually_due": [
              "external_account"
            ],
            "past_due": [
              "external_account"
            ],
            "pending_verification": [
              "individual.verification.additional_document",
              "individual.verification.document",
              "individual.verification.proof_of_liveness"
            ]
          },
          "settings": {
            "bacs_debit_payments": {
              "display_name": null,
              "service_user_number": null
            },
            "branding": {
              "icon": null,
              "logo": null,
              "primary_color": null,
              "secondary_color": null
            },
            "capital": {},
            "card_issuing": {
              "tos_acceptance": {
                "date": null,
                "ip": null
              }
            },
            "card_payments": {
              "decline_on": {
                "avs_failure": false,
                "cvc_failure": false
              },
              "statement_descriptor_prefix": "CHUCK BART",
              "statement_descriptor_prefix_kana": null,
              "statement_descriptor_prefix_kanji": null
            },
            "dashboard": {
              "display_name": "Chuck Bartowski",
              "timezone": "Etc/UTC"
            },
            "invoices": {
              "default_account_tax_ids": null
            },
            "payments": {
              "statement_descriptor": "CHUCK BARTOWSKI",
              "statement_descriptor_kana": null,
              "statement_descriptor_kanji": null
            },
            "payouts": {
              "debit_negative_balances": false,
              "schedule": {
                "delay_days": 7,
                "interval": "daily"
              },
              "statement_descriptor": null
            },
            "sepa_debit_payments": {}
          },
          "tos_acceptance": {
            "date": 1734537144,
            "ip": "54.234.242.13",
            "user_agent": null
          },
          "type": "custom"
        }
  recorded_at: Wed, 18 Dec 2024 15:52:30 GMT
- request:
    method: post
    uri: https://api.stripe.com/v1/payment_methods
    body:
      encoding: UTF-8
      string: type=card&card[number]=4242+4242+4242+4242&card[exp_month]=12&card[exp_year]=2024&card[cvc]=123
    headers:
      User-Agent:
      - Stripe/v1 RubyBindings/12.5.0
      Authorization:
      - Bearer sk_test_4MnOc1f1gf16nKP6dyvP4TAD
      Content-Type:
      - application/x-www-form-urlencoded
      X-Stripe-Client-Telemetry:
      - '{"last_request_metrics":{"request_id":"req_E8v65EaNaxT0CG","request_duration_ms":526}}'
      Idempotency-Key:
      - e1974b41-f798-43f2-9beb-5f7e804bec97
      Stripe-Version:
      - 2023-10-16; risk_in_requirements_beta=v1
      X-Stripe-Client-User-Agent:
      - '{"bindings_version":"12.5.0","lang":"ruby","lang_version":"3.3.4 p94 (2024-07-09)","platform":"arm64-darwin20","engine":"ruby","publisher":"stripe","uname":"Darwin
        Harbakshs-MacBook-Air.local 20.5.0 Darwin Kernel Version 20.5.0: Sat May  8
        05:10:31 PDT 2021; root:xnu-7195.121.3~9/RELEASE_ARM64_T8101 arm64","hostname":"Harbakshs-MacBook-Air.local"}'
      Accept-Encoding:
      - gzip;q=1.0,deflate;q=0.6,identity;q=0.3
      Accept:
      - "*/*"
  response:
    status:
      code: 200
      message: OK
    headers:
      Server:
      - nginx
      Date:
      - Wed, 18 Dec 2024 15:52:31 GMT
      Content-Type:
      - application/json
      Content-Length:
      - '996'
      Connection:
      - keep-alive
      Access-Control-Allow-Credentials:
      - 'true'
      Access-Control-Allow-Methods:
      - GET, HEAD, PUT, PATCH, POST, DELETE
      Access-Control-Allow-Origin:
      - "*"
      Access-Control-Expose-Headers:
      - Request-Id, Stripe-Manage-Version, Stripe-Should-Retry, X-Stripe-External-Auth-Required,
        X-Stripe-Privileged-Session-Required
      Access-Control-Max-Age:
      - '300'
      Cache-Control:
      - no-cache, no-store
      Content-Security-Policy:
      - base-uri 'none'; default-src 'none'; form-action 'none'; frame-ancestors 'none';
        img-src 'self'; script-src 'self' 'report-sample'; style-src 'self'; upgrade-insecure-requests;
        report-uri /csp-violation https://q.stripe.com/csp-violation?q=Vc8M2LcgN5tT-MQlhge7P8xWavVot_-3mv9YLnfqVLOru7DRd1wxWgMf6QyWiXgsiykg4VrdDg%3D%3D
      Cross-Origin-Opener-Policy-Report-Only:
      - same-origin; report-to="coop"
      Idempotency-Key:
      - e1974b41-f798-43f2-9beb-5f7e804bec97
      Original-Request:
      - req_M5i8tR0UvsIN5p
      Report-To:
      - '{"group":"coop","max_age":8640,"endpoints":[{"url":"https://q.stripe.com/coop-report"}],"include_subdomains":true}'
      Reporting-Endpoints:
      - coop="https://q.stripe.com/coop-report"
      Request-Id:
      - req_M5i8tR0UvsIN5p
      Stripe-Should-Retry:
      - 'false'
      Stripe-Version:
      - 2023-10-16; risk_in_requirements_beta=v1
      Vary:
      - Origin
      X-Content-Type-Options:
      - nosniff
      X-Stripe-Priority-Routing-Enabled:
      - 'true'
      X-Stripe-Routing-Context-Priority-Tier:
      - api-testmode
      X-Wc:
      - AB
      Strict-Transport-Security:
      - max-age=63072000; includeSubDomains; preload
    body:
      encoding: UTF-8
      string: |-
        {
          "id": "pm_0QXPY39e1RjUNIyYKHk5Mmk3",
          "object": "payment_method",
          "allow_redisplay": "unspecified",
          "billing_details": {
            "address": {
              "city": null,
              "country": null,
              "line1": null,
              "line2": null,
              "postal_code": null,
              "state": null
            },
            "email": null,
            "name": null,
            "phone": null
          },
          "card": {
            "brand": "visa",
            "checks": {
              "address_line1_check": null,
              "address_postal_code_check": null,
              "cvc_check": "unchecked"
            },
            "country": "US",
            "display_brand": "visa",
            "exp_month": 12,
            "exp_year": 2024,
            "fingerprint": "W691J2Ye3VDoq6Ij",
            "funding": "credit",
            "generated_from": null,
            "last4": "4242",
            "networks": {
              "available": [
                "visa"
              ],
              "preferred": null
            },
            "three_d_secure_usage": {
              "supported": true
            },
            "wallet": null
          },
          "created": 1734537151,
          "customer": null,
          "livemode": false,
          "metadata": {},
          "type": "card"
        }
  recorded_at: Wed, 18 Dec 2024 15:52:31 GMT
- request:
    method: get
    uri: https://api.stripe.com/v1/payment_methods/pm_0QXPY39e1RjUNIyYKHk5Mmk3
    body:
      encoding: US-ASCII
      string: ''
    headers:
      User-Agent:
      - Stripe/v1 RubyBindings/12.5.0
      Authorization:
      - Bearer sk_test_4MnOc1f1gf16nKP6dyvP4TAD
      Content-Type:
      - application/x-www-form-urlencoded
      X-Stripe-Client-Telemetry:
      - '{"last_request_metrics":{"request_id":"req_M5i8tR0UvsIN5p","request_duration_ms":488}}'
      Stripe-Version:
      - 2023-10-16; risk_in_requirements_beta=v1
      X-Stripe-Client-User-Agent:
      - '{"bindings_version":"12.5.0","lang":"ruby","lang_version":"3.3.4 p94 (2024-07-09)","platform":"arm64-darwin20","engine":"ruby","publisher":"stripe","uname":"Darwin
        Harbakshs-MacBook-Air.local 20.5.0 Darwin Kernel Version 20.5.0: Sat May  8
        05:10:31 PDT 2021; root:xnu-7195.121.3~9/RELEASE_ARM64_T8101 arm64","hostname":"Harbakshs-MacBook-Air.local"}'
      Accept-Encoding:
      - gzip;q=1.0,deflate;q=0.6,identity;q=0.3
      Accept:
      - "*/*"
  response:
    status:
      code: 200
      message: OK
    headers:
      Server:
      - nginx
      Date:
      - Wed, 18 Dec 2024 15:52:32 GMT
      Content-Type:
      - application/json
      Content-Length:
      - '996'
      Connection:
      - keep-alive
      Access-Control-Allow-Credentials:
      - 'true'
      Access-Control-Allow-Methods:
      - GET, HEAD, PUT, PATCH, POST, DELETE
      Access-Control-Allow-Origin:
      - "*"
      Access-Control-Expose-Headers:
      - Request-Id, Stripe-Manage-Version, Stripe-Should-Retry, X-Stripe-External-Auth-Required,
        X-Stripe-Privileged-Session-Required
      Access-Control-Max-Age:
      - '300'
      Cache-Control:
      - no-cache, no-store
      Content-Security-Policy:
      - base-uri 'none'; default-src 'none'; form-action 'none'; frame-ancestors 'none';
        img-src 'self'; script-src 'self' 'report-sample'; style-src 'self'; upgrade-insecure-requests;
        report-uri /csp-violation https://q.stripe.com/csp-violation?q=Vc8M2LcgN5tT-MQlhge7P8xWavVot_-3mv9YLnfqVLOru7DRd1wxWgMf6QyWiXgsiykg4VrdDg%3D%3D
      Cross-Origin-Opener-Policy-Report-Only:
      - same-origin; report-to="coop"
      Report-To:
      - '{"group":"coop","max_age":8640,"endpoints":[{"url":"https://q.stripe.com/coop-report"}],"include_subdomains":true}'
      Reporting-Endpoints:
      - coop="https://q.stripe.com/coop-report"
      Request-Id:
      - req_jUtxBPlPhvAhdA
      Stripe-Version:
      - 2023-10-16; risk_in_requirements_beta=v1
      Vary:
      - Origin
      X-Content-Type-Options:
      - nosniff
      X-Stripe-Priority-Routing-Enabled:
      - 'true'
      X-Stripe-Routing-Context-Priority-Tier:
      - api-testmode
      X-Wc:
      - AB
      Strict-Transport-Security:
      - max-age=63072000; includeSubDomains; preload
    body:
      encoding: UTF-8
      string: |-
        {
          "id": "pm_0QXPY39e1RjUNIyYKHk5Mmk3",
          "object": "payment_method",
          "allow_redisplay": "unspecified",
          "billing_details": {
            "address": {
              "city": null,
              "country": null,
              "line1": null,
              "line2": null,
              "postal_code": null,
              "state": null
            },
            "email": null,
            "name": null,
            "phone": null
          },
          "card": {
            "brand": "visa",
            "checks": {
              "address_line1_check": null,
              "address_postal_code_check": null,
              "cvc_check": "unchecked"
            },
            "country": "US",
            "display_brand": "visa",
            "exp_month": 12,
            "exp_year": 2024,
            "fingerprint": "W691J2Ye3VDoq6Ij",
            "funding": "credit",
            "generated_from": null,
            "last4": "4242",
            "networks": {
              "available": [
                "visa"
              ],
              "preferred": null
            },
            "three_d_secure_usage": {
              "supported": true
            },
            "wallet": null
          },
          "created": 1734537151,
          "customer": null,
          "livemode": false,
          "metadata": {},
          "type": "card"
        }
  recorded_at: Wed, 18 Dec 2024 15:52:32 GMT
- request:
    method: post
    uri: https://api.stripe.com/v1/payment_intents
    body:
      encoding: UTF-8
      string: amount=1000&currency=usd&description=You+bought+http%3A%2F%2Fedgar608eabd81.test.gumroad.com%3A31337%2Fl%2Fs&metadata[purchase]=G_-mnBf9b1j9A7a4ub4nFQ%3D%3D&transfer_group=1&payment_method_types[0]=card&off_session=true&confirm=true&payment_method=pm_0QXPY39e1RjUNIyYKHk5Mmk3&statement_descriptor_suffix=edgar608eabd81&transfer_data[destination]=acct_1QXPXxS7uB3nlhZO&transfer_data[amount]=691
    headers:
      User-Agent:
      - Stripe/v1 RubyBindings/12.5.0
      Authorization:
      - Bearer sk_test_4MnOc1f1gf16nKP6dyvP4TAD
      Content-Type:
      - application/x-www-form-urlencoded
      X-Stripe-Client-Telemetry:
      - '{"last_request_metrics":{"request_id":"req_jUtxBPlPhvAhdA","request_duration_ms":367}}'
      Idempotency-Key:
      - 6fd26883-9cad-40e1-a6b6-7b324026871b
      Stripe-Version:
      - 2023-10-16; risk_in_requirements_beta=v1
      X-Stripe-Client-User-Agent:
      - '{"bindings_version":"12.5.0","lang":"ruby","lang_version":"3.3.4 p94 (2024-07-09)","platform":"arm64-darwin20","engine":"ruby","publisher":"stripe","uname":"Darwin
        Harbakshs-MacBook-Air.local 20.5.0 Darwin Kernel Version 20.5.0: Sat May  8
        05:10:31 PDT 2021; root:xnu-7195.121.3~9/RELEASE_ARM64_T8101 arm64","hostname":"Harbakshs-MacBook-Air.local"}'
      Accept-Encoding:
      - gzip;q=1.0,deflate;q=0.6,identity;q=0.3
      Accept:
      - "*/*"
  response:
    status:
      code: 200
      message: OK
    headers:
      Server:
      - nginx
      Date:
      - Wed, 18 Dec 2024 15:52:34 GMT
      Content-Type:
      - application/json
      Content-Length:
      - '1540'
      Connection:
      - keep-alive
      Access-Control-Allow-Credentials:
      - 'true'
      Access-Control-Allow-Methods:
      - GET, HEAD, PUT, PATCH, POST, DELETE
      Access-Control-Allow-Origin:
      - "*"
      Access-Control-Expose-Headers:
      - Request-Id, Stripe-Manage-Version, Stripe-Should-Retry, X-Stripe-External-Auth-Required,
        X-Stripe-Privileged-Session-Required
      Access-Control-Max-Age:
      - '300'
      Cache-Control:
      - no-cache, no-store
      Content-Security-Policy:
      - base-uri 'none'; default-src 'none'; form-action 'none'; frame-ancestors 'none';
        img-src 'self'; script-src 'self' 'report-sample'; style-src 'self'; upgrade-insecure-requests;
        report-uri /csp-violation https://q.stripe.com/csp-violation?q=Vc8M2LcgN5tT-MQlhge7P8xWavVot_-3mv9YLnfqVLOru7DRd1wxWgMf6QyWiXgsiykg4VrdDg%3D%3D
      Cross-Origin-Opener-Policy-Report-Only:
      - same-origin; report-to="coop"
      Idempotency-Key:
      - 6fd26883-9cad-40e1-a6b6-7b324026871b
      Original-Request:
      - req_KaWXSr4jyMxZfU
      Report-To:
      - '{"group":"coop","max_age":8640,"endpoints":[{"url":"https://q.stripe.com/coop-report"}],"include_subdomains":true}'
      Reporting-Endpoints:
      - coop="https://q.stripe.com/coop-report"
      Request-Id:
      - req_KaWXSr4jyMxZfU
      Stripe-Should-Retry:
      - 'false'
      Stripe-Version:
      - 2023-10-16; risk_in_requirements_beta=v1
      Vary:
      - Origin
      X-Content-Type-Options:
      - nosniff
      X-Stripe-Priority-Routing-Enabled:
      - 'true'
      X-Stripe-Routing-Context-Priority-Tier:
      - api-testmode
      X-Wc:
      - AB
      Strict-Transport-Security:
      - max-age=63072000; includeSubDomains; preload
    body:
      encoding: UTF-8
      string: |-
        {
          "id": "pi_2QXPY49e1RjUNIyY1Fa0xd73",
          "object": "payment_intent",
          "amount": 1000,
          "amount_capturable": 0,
          "amount_details": {
            "tip": {}
          },
          "amount_received": 1000,
          "application": null,
          "application_fee_amount": null,
          "automatic_payment_methods": null,
          "canceled_at": null,
          "cancellation_reason": null,
          "capture_method": "automatic",
          "client_secret": "pi_2QXPY49e1RjUNIyY1Fa0xd73_secret_KPekMIArP4QiyBeJepy12cmli",
          "confirmation_method": "automatic",
          "created": 1734537152,
          "currency": "usd",
          "customer": null,
          "description": "You bought http://edgar608eabd81.test.gumroad.com:31337/l/s",
          "invoice": null,
          "last_payment_error": null,
          "latest_charge": "ch_2QXPY49e1RjUNIyY1anQtEHU",
          "livemode": false,
          "metadata": {
            "purchase": "G_-mnBf9b1j9A7a4ub4nFQ=="
          },
          "next_action": null,
          "on_behalf_of": null,
          "payment_method": "pm_0QXPY39e1RjUNIyYKHk5Mmk3",
          "payment_method_configuration_details": null,
          "payment_method_options": {
            "card": {
              "installments": null,
              "mandate_options": null,
              "network": null,
              "request_three_d_secure": "automatic"
            }
          },
          "payment_method_types": [
            "card"
          ],
          "processing": null,
          "receipt_email": null,
          "review": null,
          "setup_future_usage": null,
          "shipping": null,
          "source": null,
          "statement_descriptor": null,
          "statement_descriptor_suffix": "edgar608eabd81",
          "status": "succeeded",
          "transfer_data": {
            "amount": 691,
            "destination": "acct_1QXPXxS7uB3nlhZO"
          },
          "transfer_group": "1"
        }
  recorded_at: Wed, 18 Dec 2024 15:52:33 GMT
- request:
    method: get
    uri: https://api.stripe.com/v1/charges/ch_2QXPY49e1RjUNIyY1anQtEHU?expand%5B%5D=application_fee.balance_transaction&expand%5B%5D=balance_transaction
    body:
      encoding: US-ASCII
      string: ''
    headers:
      User-Agent:
      - Stripe/v1 RubyBindings/12.5.0
      Authorization:
      - Bearer sk_test_4MnOc1f1gf16nKP6dyvP4TAD
      Content-Type:
      - application/x-www-form-urlencoded
      X-Stripe-Client-Telemetry:
      - '{"last_request_metrics":{"request_id":"req_KaWXSr4jyMxZfU","request_duration_ms":1705}}'
      Stripe-Version:
      - 2023-10-16; risk_in_requirements_beta=v1
      X-Stripe-Client-User-Agent:
      - '{"bindings_version":"12.5.0","lang":"ruby","lang_version":"3.3.4 p94 (2024-07-09)","platform":"arm64-darwin20","engine":"ruby","publisher":"stripe","uname":"Darwin
        Harbakshs-MacBook-Air.local 20.5.0 Darwin Kernel Version 20.5.0: Sat May  8
        05:10:31 PDT 2021; root:xnu-7195.121.3~9/RELEASE_ARM64_T8101 arm64","hostname":"Harbakshs-MacBook-Air.local"}'
      Accept-Encoding:
      - gzip;q=1.0,deflate;q=0.6,identity;q=0.3
      Accept:
      - "*/*"
  response:
    status:
      code: 200
      message: OK
    headers:
      Server:
      - nginx
      Date:
      - Wed, 18 Dec 2024 15:52:34 GMT
      Content-Type:
      - application/json
      Content-Length:
      - '3541'
      Connection:
      - keep-alive
      Access-Control-Allow-Credentials:
      - 'true'
      Access-Control-Allow-Methods:
      - GET, HEAD, PUT, PATCH, POST, DELETE
      Access-Control-Allow-Origin:
      - "*"
      Access-Control-Expose-Headers:
      - Request-Id, Stripe-Manage-Version, Stripe-Should-Retry, X-Stripe-External-Auth-Required,
        X-Stripe-Privileged-Session-Required
      Access-Control-Max-Age:
      - '300'
      Cache-Control:
      - no-cache, no-store
      Content-Security-Policy:
      - base-uri 'none'; default-src 'none'; form-action 'none'; frame-ancestors 'none';
        img-src 'self'; script-src 'self' 'report-sample'; style-src 'self'; upgrade-insecure-requests;
        report-uri /csp-violation https://q.stripe.com/csp-violation?q=Vc8M2LcgN5tT-MQlhge7P8xWavVot_-3mv9YLnfqVLOru7DRd1wxWgMf6QyWiXgsiykg4VrdDg%3D%3D
      Cross-Origin-Opener-Policy-Report-Only:
      - same-origin; report-to="coop"
      Report-To:
      - '{"group":"coop","max_age":8640,"endpoints":[{"url":"https://q.stripe.com/coop-report"}],"include_subdomains":true}'
      Reporting-Endpoints:
      - coop="https://q.stripe.com/coop-report"
      Request-Id:
      - req_omgi8ibYRbkyLQ
      Stripe-Version:
      - 2023-10-16; risk_in_requirements_beta=v1
      Vary:
      - Origin
      X-Content-Type-Options:
      - nosniff
      X-Stripe-Priority-Routing-Enabled:
      - 'true'
      X-Stripe-Routing-Context-Priority-Tier:
      - api-testmode
      X-Wc:
      - AB
      Strict-Transport-Security:
      - max-age=63072000; includeSubDomains; preload
    body:
      encoding: UTF-8
      string: |-
        {
          "id": "ch_2QXPY49e1RjUNIyY1anQtEHU",
          "object": "charge",
          "amount": 1000,
          "amount_captured": 1000,
          "amount_refunded": 0,
          "amount_updates": [],
          "application": null,
          "application_fee": null,
          "application_fee_amount": null,
          "balance_transaction": {
            "id": "txn_2QXPY49e1RjUNIyY1hhofMvD",
            "object": "balance_transaction",
            "amount": 1000,
            "available_on": 1735084800,
            "created": 1734537152,
            "currency": "usd",
            "description": "You bought http://edgar608eabd81.test.gumroad.com:31337/l/s",
            "exchange_rate": null,
            "fee": 0,
            "fee_details": [],
            "net": 1000,
            "reporting_category": "charge",
            "source": "ch_2QXPY49e1RjUNIyY1anQtEHU",
            "status": "pending",
            "type": "charge"
          },
          "billing_details": {
            "address": {
              "city": null,
              "country": null,
              "line1": null,
              "line2": null,
              "postal_code": null,
              "state": null
            },
            "email": null,
            "name": null,
            "phone": null
          },
          "calculated_statement_descriptor": "GUMROAD.CO* EDGAR608EA",
          "captured": true,
          "created": 1734537152,
          "currency": "usd",
          "customer": null,
          "description": "You bought http://edgar608eabd81.test.gumroad.com:31337/l/s",
          "destination": "acct_1QXPXxS7uB3nlhZO",
          "dispute": null,
          "disputed": false,
          "failure_balance_transaction": null,
          "failure_code": null,
          "failure_message": null,
          "fraud_details": {},
          "invoice": null,
          "livemode": false,
          "metadata": {
            "purchase": "G_-mnBf9b1j9A7a4ub4nFQ=="
          },
          "on_behalf_of": null,
          "order": null,
          "outcome": {
            "network_advice_code": null,
            "network_decline_code": null,
            "network_status": "approved_by_network",
            "reason": null,
            "risk_level": "normal",
            "risk_score": 32,
            "seller_message": "Payment complete.",
            "type": "authorized"
          },
          "paid": true,
          "payment_intent": "pi_2QXPY49e1RjUNIyY1Fa0xd73",
          "payment_method": "pm_0QXPY39e1RjUNIyYKHk5Mmk3",
          "payment_method_details": {
            "card": {
              "amount_authorized": 1000,
              "authorization_code": null,
              "brand": "visa",
              "checks": {
                "address_line1_check": null,
                "address_postal_code_check": null,
                "cvc_check": "pass"
              },
              "country": "US",
              "exp_month": 12,
              "exp_year": 2024,
              "extended_authorization": {
                "status": "disabled"
              },
              "fingerprint": "W691J2Ye3VDoq6Ij",
              "funding": "credit",
              "incremental_authorization": {
                "status": "unavailable"
              },
              "installments": null,
              "last4": "4242",
              "mandate": null,
              "multicapture": {
                "status": "unavailable"
              },
              "network": "visa",
              "network_token": {
                "used": false
              },
              "overcapture": {
                "maximum_amount_capturable": 1000,
                "status": "unavailable"
              },
              "three_d_secure": null,
              "wallet": null
            },
            "type": "card"
          },
          "radar_options": {},
          "receipt_email": null,
          "receipt_number": null,
          "receipt_url": "https://pay.stripe.com/receipts/payment/CAcaIgogOWUxUmpVTkl5WUdwQTlDZmgzUm1ReHhUemIxYWFrcEUowt-LuwYyBvYdzxIQTDosFk2t09-y1Bv84ZSaHJRpWTeLHCzg0_0uyfKacFbjaFjDTYYvlm5Sa0QJo1M",
          "refunded": false,
          "review": null,
          "shipping": null,
          "source": null,
          "source_transfer": null,
          "statement_descriptor": null,
          "statement_descriptor_suffix": "edgar608eabd81",
          "status": "succeeded",
          "transfer": "tr_2QXPY49e1RjUNIyY1GTgfsSt",
          "transfer_data": {
            "amount": 691,
            "destination": "acct_1QXPXxS7uB3nlhZO"
          },
          "transfer_group": "1"
        }
  recorded_at: Wed, 18 Dec 2024 15:52:34 GMT
- request:
    method: get
    uri: https://api.stripe.com/v1/transfers/tr_2QXPY49e1RjUNIyY1GTgfsSt
    body:
      encoding: US-ASCII
      string: ''
    headers:
      User-Agent:
      - Stripe/v1 RubyBindings/12.5.0
      Authorization:
      - Bearer sk_test_4MnOc1f1gf16nKP6dyvP4TAD
      Content-Type:
      - application/x-www-form-urlencoded
      X-Stripe-Client-Telemetry:
      - '{"last_request_metrics":{"request_id":"req_omgi8ibYRbkyLQ","request_duration_ms":501}}'
      Stripe-Version:
      - 2023-10-16; risk_in_requirements_beta=v1
      X-Stripe-Client-User-Agent:
      - '{"bindings_version":"12.5.0","lang":"ruby","lang_version":"3.3.4 p94 (2024-07-09)","platform":"arm64-darwin20","engine":"ruby","publisher":"stripe","uname":"Darwin
        Harbakshs-MacBook-Air.local 20.5.0 Darwin Kernel Version 20.5.0: Sat May  8
        05:10:31 PDT 2021; root:xnu-7195.121.3~9/RELEASE_ARM64_T8101 arm64","hostname":"Harbakshs-MacBook-Air.local"}'
      Accept-Encoding:
      - gzip;q=1.0,deflate;q=0.6,identity;q=0.3
      Accept:
      - "*/*"
  response:
    status:
      code: 200
      message: OK
    headers:
      Server:
      - nginx
      Date:
      - Wed, 18 Dec 2024 15:52:34 GMT
      Content-Type:
      - application/json
      Content-Length:
      - '665'
      Connection:
      - keep-alive
      Access-Control-Allow-Credentials:
      - 'true'
      Access-Control-Allow-Methods:
      - GET, HEAD, PUT, PATCH, POST, DELETE
      Access-Control-Allow-Origin:
      - "*"
      Access-Control-Expose-Headers:
      - Request-Id, Stripe-Manage-Version, Stripe-Should-Retry, X-Stripe-External-Auth-Required,
        X-Stripe-Privileged-Session-Required
      Access-Control-Max-Age:
      - '300'
      Cache-Control:
      - no-cache, no-store
      Content-Security-Policy:
      - base-uri 'none'; default-src 'none'; form-action 'none'; frame-ancestors 'none';
        img-src 'self'; script-src 'self' 'report-sample'; style-src 'self'; upgrade-insecure-requests;
        report-uri /csp-violation https://q.stripe.com/csp-violation?q=Vc8M2LcgN5tT-MQlhge7P8xWavVot_-3mv9YLnfqVLOru7DRd1wxWgMf6QyWiXgsiykg4VrdDg%3D%3D
      Cross-Origin-Opener-Policy-Report-Only:
      - same-origin; report-to="coop"
      Report-To:
      - '{"group":"coop","max_age":8640,"endpoints":[{"url":"https://q.stripe.com/coop-report"}],"include_subdomains":true}'
      Reporting-Endpoints:
      - coop="https://q.stripe.com/coop-report"
      Request-Id:
      - req_4RXJYfytrp1UHV
      Stripe-Version:
      - 2023-10-16; risk_in_requirements_beta=v1
      Vary:
      - Origin
      X-Content-Type-Options:
      - nosniff
      X-Stripe-Priority-Routing-Enabled:
      - 'true'
      X-Stripe-Routing-Context-Priority-Tier:
      - api-testmode
      X-Wc:
      - AB
      Strict-Transport-Security:
      - max-age=63072000; includeSubDomains; preload
    body:
      encoding: UTF-8
      string: |-
        {
          "id": "tr_2QXPY49e1RjUNIyY1GTgfsSt",
          "object": "transfer",
          "amount": 691,
          "amount_reversed": 0,
          "balance_transaction": "txn_2QXPY49e1RjUNIyY1MWgorVG",
          "created": 1734537152,
          "currency": "usd",
          "description": null,
          "destination": "acct_1QXPXxS7uB3nlhZO",
          "destination_payment": "py_1QXPY4S7uB3nlhZOyQE88cN4",
          "livemode": false,
          "metadata": {},
          "reversals": {
            "object": "list",
            "data": [],
            "has_more": false,
            "total_count": 0,
            "url": "/v1/transfers/tr_2QXPY49e1RjUNIyY1GTgfsSt/reversals"
          },
          "reversed": false,
          "source_transaction": "ch_2QXPY49e1RjUNIyY1anQtEHU",
          "source_type": "card",
          "transfer_group": "1"
        }
  recorded_at: Wed, 18 Dec 2024 15:52:34 GMT
- request:
    method: get
    uri: https://api.stripe.com/v1/charges/py_1QXPY4S7uB3nlhZOyQE88cN4?expand%5B%5D=balance_transaction
    body:
      encoding: US-ASCII
      string: ''
    headers:
      User-Agent:
      - Stripe/v1 RubyBindings/12.5.0
      Authorization:
      - Bearer sk_test_4MnOc1f1gf16nKP6dyvP4TAD
      Content-Type:
      - application/x-www-form-urlencoded
      X-Stripe-Client-Telemetry:
      - '{"last_request_metrics":{"request_id":"req_4RXJYfytrp1UHV","request_duration_ms":305}}'
      Stripe-Version:
      - 2023-10-16; risk_in_requirements_beta=v1
      X-Stripe-Client-User-Agent:
      - '{"bindings_version":"12.5.0","lang":"ruby","lang_version":"3.3.4 p94 (2024-07-09)","platform":"arm64-darwin20","engine":"ruby","publisher":"stripe","uname":"Darwin
        Harbakshs-MacBook-Air.local 20.5.0 Darwin Kernel Version 20.5.0: Sat May  8
        05:10:31 PDT 2021; root:xnu-7195.121.3~9/RELEASE_ARM64_T8101 arm64","hostname":"Harbakshs-MacBook-Air.local"}'
      Stripe-Account:
      - acct_1QXPXxS7uB3nlhZO
      Accept-Encoding:
      - gzip;q=1.0,deflate;q=0.6,identity;q=0.3
      Accept:
      - "*/*"
  response:
    status:
      code: 200
      message: OK
    headers:
      Server:
      - nginx
      Date:
      - Wed, 18 Dec 2024 15:52:35 GMT
      Content-Type:
      - application/json
      Content-Length:
      - '2514'
      Connection:
      - keep-alive
      Access-Control-Allow-Credentials:
      - 'true'
      Access-Control-Allow-Methods:
      - GET, HEAD, PUT, PATCH, POST, DELETE
      Access-Control-Allow-Origin:
      - "*"
      Access-Control-Expose-Headers:
      - Request-Id, Stripe-Manage-Version, Stripe-Should-Retry, X-Stripe-External-Auth-Required,
        X-Stripe-Privileged-Session-Required
      Access-Control-Max-Age:
      - '300'
      Cache-Control:
      - no-cache, no-store
      Content-Security-Policy:
      - base-uri 'none'; default-src 'none'; form-action 'none'; frame-ancestors 'none';
        img-src 'self'; script-src 'self' 'report-sample'; style-src 'self'; upgrade-insecure-requests;
        report-uri /csp-violation https://q.stripe.com/csp-violation?q=Vc8M2LcgN5tT-MQlhge7P8xWavVot_-3mv9YLnfqVLOru7DRd1wxWgMf6QyWiXgsiykg4VrdDg%3D%3D
      Cross-Origin-Opener-Policy-Report-Only:
      - same-origin; report-to="coop"
      Report-To:
      - '{"group":"coop","max_age":8640,"endpoints":[{"url":"https://q.stripe.com/coop-report"}],"include_subdomains":true}'
      Reporting-Endpoints:
      - coop="https://q.stripe.com/coop-report"
      Request-Id:
      - req_Kc2yt90Iblupuf
      Stripe-Account:
      - acct_1QXPXxS7uB3nlhZO
      Stripe-Version:
      - 2023-10-16; risk_in_requirements_beta=v1
      Vary:
      - Origin
      X-Content-Type-Options:
      - nosniff
      X-Stripe-Priority-Routing-Enabled:
      - 'true'
      X-Stripe-Routing-Context-Priority-Tier:
      - api-testmode
      X-Wc:
      - AB
      Strict-Transport-Security:
      - max-age=63072000; includeSubDomains; preload
    body:
      encoding: UTF-8
      string: |-
        {
          "id": "py_1QXPY4S7uB3nlhZOyQE88cN4",
          "object": "charge",
          "amount": 691,
          "amount_captured": 691,
          "amount_refunded": 0,
          "application": "ca_42fpqGTJ6VQbAkyhmnG4BLS1vq0slNN4",
          "application_fee": null,
          "application_fee_amount": null,
          "balance_transaction": {
            "id": "txn_1QXPY5S7uB3nlhZOYO7nRSuX",
            "object": "balance_transaction",
            "amount": 979,
            "available_on": 1735084800,
            "created": 1734537153,
            "currency": "cad",
            "description": null,
            "exchange_rate": 1.41687,
            "fee": 0,
            "fee_details": [],
            "net": 979,
            "reporting_category": "charge",
            "source": "py_1QXPY4S7uB3nlhZOyQE88cN4",
            "status": "pending",
            "type": "payment"
          },
          "billing_details": {
            "address": {
              "city": null,
              "country": null,
              "line1": null,
              "line2": null,
              "postal_code": null,
              "state": null
            },
            "email": null,
            "name": null,
            "phone": null
          },
          "calculated_statement_descriptor": null,
          "captured": true,
          "created": 1734537153,
          "currency": "usd",
          "customer": null,
          "description": null,
          "destination": null,
          "dispute": null,
          "disputed": false,
          "failure_balance_transaction": null,
          "failure_code": null,
          "failure_message": null,
          "fraud_details": {},
          "invoice": null,
          "livemode": false,
          "metadata": {},
          "on_behalf_of": null,
          "order": null,
          "outcome": null,
          "paid": true,
          "payment_intent": null,
          "payment_method": null,
          "payment_method_details": {
            "stripe_account": {},
            "type": "stripe_account"
          },
          "receipt_email": null,
          "receipt_number": null,
          "receipt_url": "https://pay.stripe.com/receipts/payment/CAcaFwoVYWNjdF8xUVhQWHhTN3VCM25saFpPKMPfi7sGMgYpuXzVfzE6LBZnUIQ_W7-eZq_aeCH7qaLmyuf7Vpq0u_Hb7It58HRCpwfEiEQ8gKnQJ43X",
          "refunded": false,
          "review": null,
          "shipping": null,
          "source": {
            "id": "9e1RjUNIyYGpA9Cfh3RmQxxTzb1aakpE",
            "object": "account",
            "application_icon": "https://files.stripe.com/links/MDB8OWUxUmpVTkl5WUdwQTlDZmgzUm1ReHhUemIxYWFrcEV8ZmxfbGl2ZV96QURJZllYTVhmQTEwQWswUmg3MlRpOGI00M3h6olFO",
            "application_logo": "https://files.stripe.com/links/MDB8OWUxUmpVTkl5WUdwQTlDZmgzUm1ReHhUemIxYWFrcEV8ZmxfbGl2ZV9WNnByazhHekswejFlUGh3a1M0dnRxZko00eY1DsvrA",
            "application_name": "Gumroad",
            "application_url": "https://gumroad.com"
          },
          "source_transfer": "tr_2QXPY49e1RjUNIyY1GTgfsSt",
          "statement_descriptor": null,
          "statement_descriptor_suffix": null,
          "status": "succeeded",
          "transfer_data": null,
          "transfer_group": null
        }
  recorded_at: Wed, 18 Dec 2024 15:52:35 GMT
- request:
    method: get
    uri: https://api.stripe.com/v1/charges/ch_2QXPY49e1RjUNIyY1anQtEHU
    body:
      encoding: US-ASCII
      string: ''
    headers:
      User-Agent:
      - Stripe/v1 RubyBindings/12.5.0
      Authorization:
      - Bearer sk_test_4MnOc1f1gf16nKP6dyvP4TAD
      Content-Type:
      - application/x-www-form-urlencoded
      X-Stripe-Client-Telemetry:
      - '{"last_request_metrics":{"request_id":"req_Kc2yt90Iblupuf","request_duration_ms":395}}'
      Stripe-Version:
      - 2023-10-16; risk_in_requirements_beta=v1
      X-Stripe-Client-User-Agent:
      - '{"bindings_version":"12.5.0","lang":"ruby","lang_version":"3.3.4 p94 (2024-07-09)","platform":"arm64-darwin20","engine":"ruby","publisher":"stripe","uname":"Darwin
        Harbakshs-MacBook-Air.local 20.5.0 Darwin Kernel Version 20.5.0: Sat May  8
        05:10:31 PDT 2021; root:xnu-7195.121.3~9/RELEASE_ARM64_T8101 arm64","hostname":"Harbakshs-MacBook-Air.local"}'
      Accept-Encoding:
      - gzip;q=1.0,deflate;q=0.6,identity;q=0.3
      Accept:
      - "*/*"
  response:
    status:
      code: 200
      message: OK
    headers:
      Server:
      - nginx
      Date:
      - Wed, 18 Dec 2024 15:52:35 GMT
      Content-Type:
      - application/json
      Content-Length:
      - '3095'
      Connection:
      - keep-alive
      Access-Control-Allow-Credentials:
      - 'true'
      Access-Control-Allow-Methods:
      - GET, HEAD, PUT, PATCH, POST, DELETE
      Access-Control-Allow-Origin:
      - "*"
      Access-Control-Expose-Headers:
      - Request-Id, Stripe-Manage-Version, Stripe-Should-Retry, X-Stripe-External-Auth-Required,
        X-Stripe-Privileged-Session-Required
      Access-Control-Max-Age:
      - '300'
      Cache-Control:
      - no-cache, no-store
      Content-Security-Policy:
      - base-uri 'none'; default-src 'none'; form-action 'none'; frame-ancestors 'none';
        img-src 'self'; script-src 'self' 'report-sample'; style-src 'self'; upgrade-insecure-requests;
        report-uri /csp-violation https://q.stripe.com/csp-violation?q=Vc8M2LcgN5tT-MQlhge7P8xWavVot_-3mv9YLnfqVLOru7DRd1wxWgMf6QyWiXgsiykg4VrdDg%3D%3D
      Cross-Origin-Opener-Policy-Report-Only:
      - same-origin; report-to="coop"
      Report-To:
      - '{"group":"coop","max_age":8640,"endpoints":[{"url":"https://q.stripe.com/coop-report"}],"include_subdomains":true}'
      Reporting-Endpoints:
      - coop="https://q.stripe.com/coop-report"
      Request-Id:
      - req_OesUYEhgQAWoMv
      Stripe-Version:
      - 2023-10-16; risk_in_requirements_beta=v1
      Vary:
      - Origin
      X-Content-Type-Options:
      - nosniff
      X-Stripe-Priority-Routing-Enabled:
      - 'true'
      X-Stripe-Routing-Context-Priority-Tier:
      - api-testmode
      X-Wc:
      - AB
      Strict-Transport-Security:
      - max-age=63072000; includeSubDomains; preload
    body:
      encoding: UTF-8
      string: |-
        {
          "id": "ch_2QXPY49e1RjUNIyY1anQtEHU",
          "object": "charge",
          "amount": 1000,
          "amount_captured": 1000,
          "amount_refunded": 0,
          "amount_updates": [],
          "application": null,
          "application_fee": null,
          "application_fee_amount": null,
          "balance_transaction": "txn_2QXPY49e1RjUNIyY1hhofMvD",
          "billing_details": {
            "address": {
              "city": null,
              "country": null,
              "line1": null,
              "line2": null,
              "postal_code": null,
              "state": null
            },
            "email": null,
            "name": null,
            "phone": null
          },
          "calculated_statement_descriptor": "GUMROAD.CO* EDGAR608EA",
          "captured": true,
          "created": 1734537152,
          "currency": "usd",
          "customer": null,
          "description": "You bought http://edgar608eabd81.test.gumroad.com:31337/l/s",
          "destination": "acct_1QXPXxS7uB3nlhZO",
          "dispute": null,
          "disputed": false,
          "failure_balance_transaction": null,
          "failure_code": null,
          "failure_message": null,
          "fraud_details": {},
          "invoice": null,
          "livemode": false,
          "metadata": {
            "purchase": "G_-mnBf9b1j9A7a4ub4nFQ=="
          },
          "on_behalf_of": null,
          "order": null,
          "outcome": {
            "network_advice_code": null,
            "network_decline_code": null,
            "network_status": "approved_by_network",
            "reason": null,
            "risk_level": "normal",
            "risk_score": 32,
            "seller_message": "Payment complete.",
            "type": "authorized"
          },
          "paid": true,
          "payment_intent": "pi_2QXPY49e1RjUNIyY1Fa0xd73",
          "payment_method": "pm_0QXPY39e1RjUNIyYKHk5Mmk3",
          "payment_method_details": {
            "card": {
              "amount_authorized": 1000,
              "authorization_code": null,
              "brand": "visa",
              "checks": {
                "address_line1_check": null,
                "address_postal_code_check": null,
                "cvc_check": "pass"
              },
              "country": "US",
              "exp_month": 12,
              "exp_year": 2024,
              "extended_authorization": {
                "status": "disabled"
              },
              "fingerprint": "W691J2Ye3VDoq6Ij",
              "funding": "credit",
              "incremental_authorization": {
                "status": "unavailable"
              },
              "installments": null,
              "last4": "4242",
              "mandate": null,
              "multicapture": {
                "status": "unavailable"
              },
              "network": "visa",
              "network_token": {
                "used": false
              },
              "overcapture": {
                "maximum_amount_capturable": 1000,
                "status": "unavailable"
              },
              "three_d_secure": null,
              "wallet": null
            },
            "type": "card"
          },
          "radar_options": {},
          "receipt_email": null,
          "receipt_number": null,
          "receipt_url": "https://pay.stripe.com/receipts/payment/CAcaIgogOWUxUmpVTkl5WUdwQTlDZmgzUm1ReHhUemIxYWFrcEUow9-LuwYyBk2SWhdRgTosFmnGax2S8cdVhKGPIA4KV1PoofQo1CHdicRX2TxMEsRBhHrIuSSSkx4orSw",
          "refunded": false,
          "review": null,
          "shipping": null,
          "source": null,
          "source_transfer": null,
          "statement_descriptor": null,
          "statement_descriptor_suffix": "edgar608eabd81",
          "status": "succeeded",
          "transfer": "tr_2QXPY49e1RjUNIyY1GTgfsSt",
          "transfer_data": {
            "amount": 691,
            "destination": "acct_1QXPXxS7uB3nlhZO"
          },
          "transfer_group": "1"
        }
  recorded_at: Fri, 06 Oct 2023 00:00:00 GMT
- request:
    method: post
    uri: https://api.stripe.com/v1/refunds
    body:
      encoding: UTF-8
      string: charge=ch_2QXPY49e1RjUNIyY1anQtEHU&reverse_transfer=true&refund_application_fee=true
    headers:
      User-Agent:
      - Stripe/v1 RubyBindings/12.5.0
      Authorization:
      - Bearer sk_test_4MnOc1f1gf16nKP6dyvP4TAD
      Content-Type:
      - application/x-www-form-urlencoded
      X-Stripe-Client-Telemetry:
      - '{"last_request_metrics":{"request_id":"req_OesUYEhgQAWoMv","request_duration_ms":373}}'
      Idempotency-Key:
      - 4e6963b1-88c1-4e8a-ad38-527cfbd5582d
      Stripe-Version:
      - 2023-10-16; risk_in_requirements_beta=v1
      X-Stripe-Client-User-Agent:
      - '{"bindings_version":"12.5.0","lang":"ruby","lang_version":"3.3.4 p94 (2024-07-09)","platform":"arm64-darwin20","engine":"ruby","publisher":"stripe","uname":"Darwin
        Harbakshs-MacBook-Air.local 20.5.0 Darwin Kernel Version 20.5.0: Sat May  8
        05:10:31 PDT 2021; root:xnu-7195.121.3~9/RELEASE_ARM64_T8101 arm64","hostname":"Harbakshs-MacBook-Air.local"}'
      Accept-Encoding:
      - gzip;q=1.0,deflate;q=0.6,identity;q=0.3
      Accept:
      - "*/*"
  response:
    status:
      code: 200
      message: OK
    headers:
      Server:
      - nginx
      Date:
      - Wed, 18 Dec 2024 15:52:38 GMT
      Content-Type:
      - application/json
      Content-Length:
      - '641'
      Connection:
      - keep-alive
      Access-Control-Allow-Credentials:
      - 'true'
      Access-Control-Allow-Methods:
      - GET, HEAD, PUT, PATCH, POST, DELETE
      Access-Control-Allow-Origin:
      - "*"
      Access-Control-Expose-Headers:
      - Request-Id, Stripe-Manage-Version, Stripe-Should-Retry, X-Stripe-External-Auth-Required,
        X-Stripe-Privileged-Session-Required
      Access-Control-Max-Age:
      - '300'
      Cache-Control:
      - no-cache, no-store
      Content-Security-Policy:
      - base-uri 'none'; default-src 'none'; form-action 'none'; frame-ancestors 'none';
        img-src 'self'; script-src 'self' 'report-sample'; style-src 'self'; upgrade-insecure-requests;
        report-uri /csp-violation https://q.stripe.com/csp-violation?q=Vc8M2LcgN5tT-MQlhge7P8xWavVot_-3mv9YLnfqVLOru7DRd1wxWgMf6QyWiXgsiykg4VrdDg%3D%3D
      Cross-Origin-Opener-Policy-Report-Only:
      - same-origin; report-to="coop"
      Idempotency-Key:
      - 4e6963b1-88c1-4e8a-ad38-527cfbd5582d
      Original-Request:
      - req_7PPSmxIiZmktix
      Report-To:
      - '{"group":"coop","max_age":8640,"endpoints":[{"url":"https://q.stripe.com/coop-report"}],"include_subdomains":true}'
      Reporting-Endpoints:
      - coop="https://q.stripe.com/coop-report"
      Request-Id:
      - req_7PPSmxIiZmktix
      Stripe-Should-Retry:
      - 'false'
      Stripe-Version:
      - 2023-10-16; risk_in_requirements_beta=v1
      Vary:
      - Origin
      X-Content-Type-Options:
      - nosniff
      X-Stripe-Priority-Routing-Enabled:
      - 'true'
      X-Stripe-Routing-Context-Priority-Tier:
      - api-testmode
      X-Wc:
      - AB
      Strict-Transport-Security:
      - max-age=63072000; includeSubDomains; preload
    body:
      encoding: UTF-8
      string: |-
        {
          "id": "re_2QXPY49e1RjUNIyY1ObuD467",
          "object": "refund",
          "amount": 1000,
          "balance_transaction": "txn_2QXPY49e1RjUNIyY1ccCZ09T",
          "charge": "ch_2QXPY49e1RjUNIyY1anQtEHU",
          "created": 1734537156,
          "currency": "usd",
          "destination_details": {
            "card": {
              "reference_status": "pending",
              "reference_type": "acquirer_reference_number",
              "type": "refund"
            },
            "type": "card"
          },
          "metadata": {},
          "payment_intent": "pi_2QXPY49e1RjUNIyY1Fa0xd73",
          "reason": null,
          "receipt_number": null,
          "source_transfer_reversal": null,
          "status": "succeeded",
          "transfer_reversal": "trr_0QXPY89e1RjUNIyYg17RL76E"
        }
  recorded_at: Fri, 06 Oct 2023 00:00:00 GMT
- request:
    method: get
    uri: https://api.stripe.com/v1/refunds/re_2QXPY49e1RjUNIyY1ObuD467?expand%5B%5D=balance_transaction
    body:
      encoding: US-ASCII
      string: ''
    headers:
      User-Agent:
      - Stripe/v1 RubyBindings/12.5.0
      Authorization:
      - Bearer sk_test_4MnOc1f1gf16nKP6dyvP4TAD
      Content-Type:
      - application/x-www-form-urlencoded
      X-Stripe-Client-Telemetry:
      - '{"last_request_metrics":{"request_id":"req_7PPSmxIiZmktix","request_duration_ms":2265}}'
      Stripe-Version:
      - 2023-10-16; risk_in_requirements_beta=v1
      X-Stripe-Client-User-Agent:
      - '{"bindings_version":"12.5.0","lang":"ruby","lang_version":"3.3.4 p94 (2024-07-09)","platform":"arm64-darwin20","engine":"ruby","publisher":"stripe","uname":"Darwin
        Harbakshs-MacBook-Air.local 20.5.0 Darwin Kernel Version 20.5.0: Sat May  8
        05:10:31 PDT 2021; root:xnu-7195.121.3~9/RELEASE_ARM64_T8101 arm64","hostname":"Harbakshs-MacBook-Air.local"}'
      Accept-Encoding:
      - gzip;q=1.0,deflate;q=0.6,identity;q=0.3
      Accept:
      - "*/*"
  response:
    status:
      code: 200
      message: OK
    headers:
      Server:
      - nginx
      Date:
      - Wed, 18 Dec 2024 15:52:38 GMT
      Content-Type:
      - application/json
      Content-Length:
      - '1109'
      Connection:
      - keep-alive
      Access-Control-Allow-Credentials:
      - 'true'
      Access-Control-Allow-Methods:
      - GET, HEAD, PUT, PATCH, POST, DELETE
      Access-Control-Allow-Origin:
      - "*"
      Access-Control-Expose-Headers:
      - Request-Id, Stripe-Manage-Version, Stripe-Should-Retry, X-Stripe-External-Auth-Required,
        X-Stripe-Privileged-Session-Required
      Access-Control-Max-Age:
      - '300'
      Cache-Control:
      - no-cache, no-store
      Content-Security-Policy:
      - base-uri 'none'; default-src 'none'; form-action 'none'; frame-ancestors 'none';
        img-src 'self'; script-src 'self' 'report-sample'; style-src 'self'; upgrade-insecure-requests;
        report-uri /csp-violation https://q.stripe.com/csp-violation?q=Vc8M2LcgN5tT-MQlhge7P8xWavVot_-3mv9YLnfqVLOru7DRd1wxWgMf6QyWiXgsiykg4VrdDg%3D%3D
      Cross-Origin-Opener-Policy-Report-Only:
      - same-origin; report-to="coop"
      Report-To:
      - '{"group":"coop","max_age":8640,"endpoints":[{"url":"https://q.stripe.com/coop-report"}],"include_subdomains":true}'
      Reporting-Endpoints:
      - coop="https://q.stripe.com/coop-report"
      Request-Id:
      - req_ePjwaVbaHoK8Tk
      Stripe-Version:
      - 2023-10-16; risk_in_requirements_beta=v1
      Vary:
      - Origin
      X-Content-Type-Options:
      - nosniff
      X-Stripe-Priority-Routing-Enabled:
      - 'true'
      X-Stripe-Routing-Context-Priority-Tier:
      - api-testmode
      X-Wc:
      - AB
      Strict-Transport-Security:
      - max-age=63072000; includeSubDomains; preload
    body:
      encoding: UTF-8
      string: |-
        {
          "id": "re_2QXPY49e1RjUNIyY1ObuD467",
          "object": "refund",
          "amount": 1000,
          "balance_transaction": {
            "id": "txn_2QXPY49e1RjUNIyY1ccCZ09T",
            "object": "balance_transaction",
            "amount": -1000,
            "available_on": 1735084800,
            "created": 1734537156,
            "currency": "usd",
            "description": "REFUND FOR CHARGE (You bought http://edgar608eabd81.test.gumroad.com:31337/l/s)",
            "exchange_rate": null,
            "fee": 0,
            "fee_details": [],
            "net": -1000,
            "reporting_category": "refund",
            "source": "re_2QXPY49e1RjUNIyY1ObuD467",
            "status": "pending",
            "type": "refund"
          },
          "charge": "ch_2QXPY49e1RjUNIyY1anQtEHU",
          "created": 1734537156,
          "currency": "usd",
          "destination_details": {
            "card": {
              "reference_status": "pending",
              "reference_type": "acquirer_reference_number",
              "type": "refund"
            },
            "type": "card"
          },
          "metadata": {},
          "payment_intent": "pi_2QXPY49e1RjUNIyY1Fa0xd73",
          "reason": null,
          "receipt_number": null,
          "source_transfer_reversal": null,
          "status": "succeeded",
          "transfer_reversal": "trr_0QXPY89e1RjUNIyYg17RL76E"
        }
  recorded_at: Fri, 06 Oct 2023 00:00:00 GMT
- request:
    method: get
    uri: https://api.stripe.com/v1/charges/ch_2QXPY49e1RjUNIyY1anQtEHU?expand%5B%5D=application_fee.refunds.data.balance_transaction&expand%5B%5D=balance_transaction
    body:
      encoding: US-ASCII
      string: ''
    headers:
      User-Agent:
      - Stripe/v1 RubyBindings/12.5.0
      Authorization:
      - Bearer sk_test_4MnOc1f1gf16nKP6dyvP4TAD
      Content-Type:
      - application/x-www-form-urlencoded
      X-Stripe-Client-Telemetry:
      - '{"last_request_metrics":{"request_id":"req_ePjwaVbaHoK8Tk","request_duration_ms":858}}'
      Stripe-Version:
      - 2023-10-16; risk_in_requirements_beta=v1
      X-Stripe-Client-User-Agent:
      - '{"bindings_version":"12.5.0","lang":"ruby","lang_version":"3.3.4 p94 (2024-07-09)","platform":"arm64-darwin20","engine":"ruby","publisher":"stripe","uname":"Darwin
        Harbakshs-MacBook-Air.local 20.5.0 Darwin Kernel Version 20.5.0: Sat May  8
        05:10:31 PDT 2021; root:xnu-7195.121.3~9/RELEASE_ARM64_T8101 arm64","hostname":"Harbakshs-MacBook-Air.local"}'
      Accept-Encoding:
      - gzip;q=1.0,deflate;q=0.6,identity;q=0.3
      Accept:
      - "*/*"
  response:
    status:
      code: 200
      message: OK
    headers:
      Server:
      - nginx
      Date:
      - Wed, 18 Dec 2024 15:52:39 GMT
      Content-Type:
      - application/json
      Content-Length:
      - '3543'
      Connection:
      - keep-alive
      Access-Control-Allow-Credentials:
      - 'true'
      Access-Control-Allow-Methods:
      - GET, HEAD, PUT, PATCH, POST, DELETE
      Access-Control-Allow-Origin:
      - "*"
      Access-Control-Expose-Headers:
      - Request-Id, Stripe-Manage-Version, Stripe-Should-Retry, X-Stripe-External-Auth-Required,
        X-Stripe-Privileged-Session-Required
      Access-Control-Max-Age:
      - '300'
      Cache-Control:
      - no-cache, no-store
      Content-Security-Policy:
      - base-uri 'none'; default-src 'none'; form-action 'none'; frame-ancestors 'none';
        img-src 'self'; script-src 'self' 'report-sample'; style-src 'self'; upgrade-insecure-requests;
        report-uri /csp-violation https://q.stripe.com/csp-violation?q=Vc8M2LcgN5tT-MQlhge7P8xWavVot_-3mv9YLnfqVLOru7DRd1wxWgMf6QyWiXgsiykg4VrdDg%3D%3D
      Cross-Origin-Opener-Policy-Report-Only:
      - same-origin; report-to="coop"
      Report-To:
      - '{"group":"coop","max_age":8640,"endpoints":[{"url":"https://q.stripe.com/coop-report"}],"include_subdomains":true}'
      Reporting-Endpoints:
      - coop="https://q.stripe.com/coop-report"
      Request-Id:
      - req_KOZwp99cmzWLIh
      Stripe-Version:
      - 2023-10-16; risk_in_requirements_beta=v1
      Vary:
      - Origin
      X-Content-Type-Options:
      - nosniff
      X-Stripe-Priority-Routing-Enabled:
      - 'true'
      X-Stripe-Routing-Context-Priority-Tier:
      - api-testmode
      X-Wc:
      - AB
      Strict-Transport-Security:
      - max-age=63072000; includeSubDomains; preload
    body:
      encoding: UTF-8
      string: |-
        {
          "id": "ch_2QXPY49e1RjUNIyY1anQtEHU",
          "object": "charge",
          "amount": 1000,
          "amount_captured": 1000,
          "amount_refunded": 1000,
          "amount_updates": [],
          "application": null,
          "application_fee": null,
          "application_fee_amount": null,
          "balance_transaction": {
            "id": "txn_2QXPY49e1RjUNIyY1hhofMvD",
            "object": "balance_transaction",
            "amount": 1000,
            "available_on": 1735084800,
            "created": 1734537152,
            "currency": "usd",
            "description": "You bought http://edgar608eabd81.test.gumroad.com:31337/l/s",
            "exchange_rate": null,
            "fee": 0,
            "fee_details": [],
            "net": 1000,
            "reporting_category": "charge",
            "source": "ch_2QXPY49e1RjUNIyY1anQtEHU",
            "status": "pending",
            "type": "charge"
          },
          "billing_details": {
            "address": {
              "city": null,
              "country": null,
              "line1": null,
              "line2": null,
              "postal_code": null,
              "state": null
            },
            "email": null,
            "name": null,
            "phone": null
          },
          "calculated_statement_descriptor": "GUMROAD.CO* EDGAR608EA",
          "captured": true,
          "created": 1734537152,
          "currency": "usd",
          "customer": null,
          "description": "You bought http://edgar608eabd81.test.gumroad.com:31337/l/s",
          "destination": "acct_1QXPXxS7uB3nlhZO",
          "dispute": null,
          "disputed": false,
          "failure_balance_transaction": null,
          "failure_code": null,
          "failure_message": null,
          "fraud_details": {},
          "invoice": null,
          "livemode": false,
          "metadata": {
            "purchase": "G_-mnBf9b1j9A7a4ub4nFQ=="
          },
          "on_behalf_of": null,
          "order": null,
          "outcome": {
            "network_advice_code": null,
            "network_decline_code": null,
            "network_status": "approved_by_network",
            "reason": null,
            "risk_level": "normal",
            "risk_score": 32,
            "seller_message": "Payment complete.",
            "type": "authorized"
          },
          "paid": true,
          "payment_intent": "pi_2QXPY49e1RjUNIyY1Fa0xd73",
          "payment_method": "pm_0QXPY39e1RjUNIyYKHk5Mmk3",
          "payment_method_details": {
            "card": {
              "amount_authorized": 1000,
              "authorization_code": null,
              "brand": "visa",
              "checks": {
                "address_line1_check": null,
                "address_postal_code_check": null,
                "cvc_check": "pass"
              },
              "country": "US",
              "exp_month": 12,
              "exp_year": 2024,
              "extended_authorization": {
                "status": "disabled"
              },
              "fingerprint": "W691J2Ye3VDoq6Ij",
              "funding": "credit",
              "incremental_authorization": {
                "status": "unavailable"
              },
              "installments": null,
              "last4": "4242",
              "mandate": null,
              "multicapture": {
                "status": "unavailable"
              },
              "network": "visa",
              "network_token": {
                "used": false
              },
              "overcapture": {
                "maximum_amount_capturable": 1000,
                "status": "unavailable"
              },
              "three_d_secure": null,
              "wallet": null
            },
            "type": "card"
          },
          "radar_options": {},
          "receipt_email": null,
          "receipt_number": null,
          "receipt_url": "https://pay.stripe.com/receipts/payment/CAcaIgogOWUxUmpVTkl5WUdwQTlDZmgzUm1ReHhUemIxYWFrcEUox9-LuwYyBjQVZduKzjosFmcULb-Zh3bjdy7SoLZSTqrLl_1Kg4Af7kJwU9NuAOg4FGfRxjYRtcSOQMU",
          "refunded": true,
          "review": null,
          "shipping": null,
          "source": null,
          "source_transfer": null,
          "statement_descriptor": null,
          "statement_descriptor_suffix": "edgar608eabd81",
          "status": "succeeded",
          "transfer": "tr_2QXPY49e1RjUNIyY1GTgfsSt",
          "transfer_data": {
            "amount": 691,
            "destination": "acct_1QXPXxS7uB3nlhZO"
          },
          "transfer_group": "1"
        }
  recorded_at: Fri, 06 Oct 2023 00:00:00 GMT
- request:
    method: get
    uri: https://api.stripe.com/v1/transfers/tr_2QXPY49e1RjUNIyY1GTgfsSt
    body:
      encoding: US-ASCII
      string: ''
    headers:
      User-Agent:
      - Stripe/v1 RubyBindings/12.5.0
      Authorization:
      - Bearer sk_test_4MnOc1f1gf16nKP6dyvP4TAD
      Content-Type:
      - application/x-www-form-urlencoded
      X-Stripe-Client-Telemetry:
      - '{"last_request_metrics":{"request_id":"req_KOZwp99cmzWLIh","request_duration_ms":403}}'
      Stripe-Version:
      - 2023-10-16; risk_in_requirements_beta=v1
      X-Stripe-Client-User-Agent:
      - '{"bindings_version":"12.5.0","lang":"ruby","lang_version":"3.3.4 p94 (2024-07-09)","platform":"arm64-darwin20","engine":"ruby","publisher":"stripe","uname":"Darwin
        Harbakshs-MacBook-Air.local 20.5.0 Darwin Kernel Version 20.5.0: Sat May  8
        05:10:31 PDT 2021; root:xnu-7195.121.3~9/RELEASE_ARM64_T8101 arm64","hostname":"Harbakshs-MacBook-Air.local"}'
      Accept-Encoding:
      - gzip;q=1.0,deflate;q=0.6,identity;q=0.3
      Accept:
      - "*/*"
  response:
    status:
      code: 200
      message: OK
    headers:
      Server:
      - nginx
      Date:
      - Wed, 18 Dec 2024 15:52:39 GMT
      Content-Type:
      - application/json
      Content-Length:
      - '1116'
      Connection:
      - keep-alive
      Access-Control-Allow-Credentials:
      - 'true'
      Access-Control-Allow-Methods:
      - GET, HEAD, PUT, PATCH, POST, DELETE
      Access-Control-Allow-Origin:
      - "*"
      Access-Control-Expose-Headers:
      - Request-Id, Stripe-Manage-Version, Stripe-Should-Retry, X-Stripe-External-Auth-Required,
        X-Stripe-Privileged-Session-Required
      Access-Control-Max-Age:
      - '300'
      Cache-Control:
      - no-cache, no-store
      Content-Security-Policy:
      - base-uri 'none'; default-src 'none'; form-action 'none'; frame-ancestors 'none';
        img-src 'self'; script-src 'self' 'report-sample'; style-src 'self'; upgrade-insecure-requests;
        report-uri /csp-violation https://q.stripe.com/csp-violation?q=Vc8M2LcgN5tT-MQlhge7P8xWavVot_-3mv9YLnfqVLOru7DRd1wxWgMf6QyWiXgsiykg4VrdDg%3D%3D
      Cross-Origin-Opener-Policy-Report-Only:
      - same-origin; report-to="coop"
      Report-To:
      - '{"group":"coop","max_age":8640,"endpoints":[{"url":"https://q.stripe.com/coop-report"}],"include_subdomains":true}'
      Reporting-Endpoints:
      - coop="https://q.stripe.com/coop-report"
      Request-Id:
      - req_RpNXDuWbq5vbJ8
      Stripe-Version:
      - 2023-10-16; risk_in_requirements_beta=v1
      Vary:
      - Origin
      X-Content-Type-Options:
      - nosniff
      X-Stripe-Priority-Routing-Enabled:
      - 'true'
      X-Stripe-Routing-Context-Priority-Tier:
      - api-testmode
      X-Wc:
      - AB
      Strict-Transport-Security:
      - max-age=63072000; includeSubDomains; preload
    body:
      encoding: UTF-8
      string: |-
        {
          "id": "tr_2QXPY49e1RjUNIyY1GTgfsSt",
          "object": "transfer",
          "amount": 691,
          "amount_reversed": 691,
          "balance_transaction": "txn_2QXPY49e1RjUNIyY1MWgorVG",
          "created": 1734537152,
          "currency": "usd",
          "description": null,
          "destination": "acct_1QXPXxS7uB3nlhZO",
          "destination_payment": "py_1QXPY4S7uB3nlhZOyQE88cN4",
          "livemode": false,
          "metadata": {},
          "reversals": {
            "object": "list",
            "data": [
              {
                "id": "trr_0QXPY89e1RjUNIyYg17RL76E",
                "object": "transfer_reversal",
                "amount": 691,
                "balance_transaction": "txn_0QXPY99e1RjUNIyYgV3rvJAG",
                "created": 1734537156,
                "currency": "usd",
                "destination_payment_refund": "pyr_1QXPY8S7uB3nlhZOKZCffTCC",
                "metadata": {},
                "source_refund": "re_2QXPY49e1RjUNIyY1ObuD467",
                "transfer": "tr_2QXPY49e1RjUNIyY1GTgfsSt"
              }
            ],
            "has_more": false,
            "total_count": 1,
            "url": "/v1/transfers/tr_2QXPY49e1RjUNIyY1GTgfsSt/reversals"
          },
          "reversed": true,
          "source_transaction": "ch_2QXPY49e1RjUNIyY1anQtEHU",
          "source_type": "card",
          "transfer_group": "1"
        }
  recorded_at: Fri, 06 Oct 2023 00:00:00 GMT
- request:
    method: get
    uri: https://api.stripe.com/v1/charges/py_1QXPY4S7uB3nlhZOyQE88cN4?expand%5B%5D=application_fee.refunds&expand%5B%5D=refunds.data.balance_transaction
    body:
      encoding: US-ASCII
      string: ''
    headers:
      User-Agent:
      - Stripe/v1 RubyBindings/12.5.0
      Authorization:
      - Bearer sk_test_4MnOc1f1gf16nKP6dyvP4TAD
      Content-Type:
      - application/x-www-form-urlencoded
      X-Stripe-Client-Telemetry:
      - '{"last_request_metrics":{"request_id":"req_RpNXDuWbq5vbJ8","request_duration_ms":304}}'
      Stripe-Version:
      - 2023-10-16; risk_in_requirements_beta=v1
      X-Stripe-Client-User-Agent:
      - '{"bindings_version":"12.5.0","lang":"ruby","lang_version":"3.3.4 p94 (2024-07-09)","platform":"arm64-darwin20","engine":"ruby","publisher":"stripe","uname":"Darwin
        Harbakshs-MacBook-Air.local 20.5.0 Darwin Kernel Version 20.5.0: Sat May  8
        05:10:31 PDT 2021; root:xnu-7195.121.3~9/RELEASE_ARM64_T8101 arm64","hostname":"Harbakshs-MacBook-Air.local"}'
      Stripe-Account:
      - acct_1QXPXxS7uB3nlhZO
      Accept-Encoding:
      - gzip;q=1.0,deflate;q=0.6,identity;q=0.3
      Accept:
      - "*/*"
  response:
    status:
      code: 200
      message: OK
    headers:
      Server:
      - nginx
      Date:
      - Wed, 18 Dec 2024 15:52:40 GMT
      Content-Type:
      - application/json
      Content-Length:
      - '3360'
      Connection:
      - keep-alive
      Access-Control-Allow-Credentials:
      - 'true'
      Access-Control-Allow-Methods:
      - GET, HEAD, PUT, PATCH, POST, DELETE
      Access-Control-Allow-Origin:
      - "*"
      Access-Control-Expose-Headers:
      - Request-Id, Stripe-Manage-Version, Stripe-Should-Retry, X-Stripe-External-Auth-Required,
        X-Stripe-Privileged-Session-Required
      Access-Control-Max-Age:
      - '300'
      Cache-Control:
      - no-cache, no-store
      Content-Security-Policy:
      - base-uri 'none'; default-src 'none'; form-action 'none'; frame-ancestors 'none';
        img-src 'self'; script-src 'self' 'report-sample'; style-src 'self'; upgrade-insecure-requests;
        report-uri /csp-violation https://q.stripe.com/csp-violation?q=Vc8M2LcgN5tT-MQlhge7P8xWavVot_-3mv9YLnfqVLOru7DRd1wxWgMf6QyWiXgsiykg4VrdDg%3D%3D
      Cross-Origin-Opener-Policy-Report-Only:
      - same-origin; report-to="coop"
      Report-To:
      - '{"group":"coop","max_age":8640,"endpoints":[{"url":"https://q.stripe.com/coop-report"}],"include_subdomains":true}'
      Reporting-Endpoints:
      - coop="https://q.stripe.com/coop-report"
      Request-Id:
      - req_ZCXTZNgp45uu6F
      Stripe-Account:
      - acct_1QXPXxS7uB3nlhZO
      Stripe-Version:
      - 2023-10-16; risk_in_requirements_beta=v1
      Vary:
      - Origin
      X-Content-Type-Options:
      - nosniff
      X-Stripe-Priority-Routing-Enabled:
      - 'true'
      X-Stripe-Routing-Context-Priority-Tier:
      - api-testmode
      X-Wc:
      - AB
      Strict-Transport-Security:
      - max-age=63072000; includeSubDomains; preload
    body:
      encoding: UTF-8
      string: |-
        {
          "id": "py_1QXPY4S7uB3nlhZOyQE88cN4",
          "object": "charge",
          "amount": 691,
          "amount_captured": 691,
          "amount_refunded": 691,
          "application": "ca_42fpqGTJ6VQbAkyhmnG4BLS1vq0slNN4",
          "application_fee": null,
          "application_fee_amount": null,
          "balance_transaction": "txn_1QXPY5S7uB3nlhZOYO7nRSuX",
          "billing_details": {
            "address": {
              "city": null,
              "country": null,
              "line1": null,
              "line2": null,
              "postal_code": null,
              "state": null
            },
            "email": null,
            "name": null,
            "phone": null
          },
          "calculated_statement_descriptor": null,
          "captured": true,
          "created": 1734537153,
          "currency": "usd",
          "customer": null,
          "description": null,
          "destination": null,
          "dispute": null,
          "disputed": false,
          "failure_balance_transaction": null,
          "failure_code": null,
          "failure_message": null,
          "fraud_details": {},
          "invoice": null,
          "livemode": false,
          "metadata": {},
          "on_behalf_of": null,
          "order": null,
          "outcome": null,
          "paid": true,
          "payment_intent": null,
          "payment_method": null,
          "payment_method_details": {
            "stripe_account": {},
            "type": "stripe_account"
          },
          "receipt_email": null,
          "receipt_number": null,
          "receipt_url": "https://pay.stripe.com/receipts/payment/CAcaFwoVYWNjdF8xUVhQWHhTN3VCM25saFpPKMffi7sGMgY9UrDL-xY6LBbX40AwIEJj9hGmzQ1Hx1AQTKtTemBY_eqtXF79m9TtOpPIewlqEr7Ao1MT",
          "refunded": true,
          "refunds": {
            "object": "list",
            "data": [
              {
                "id": "pyr_1QXPY8S7uB3nlhZOKZCffTCC",
                "object": "refund",
                "amount": 691,
                "balance_transaction": {
                  "id": "txn_1QXPY9S7uB3nlhZOjgmaHL1R",
                  "object": "balance_transaction",
                  "amount": -989,
                  "available_on": 1735084800,
                  "created": 1734537156,
                  "currency": "cad",
                  "description": "REFUND FOR PAYMENT",
                  "exchange_rate": 1.43118,
                  "fee": 0,
                  "fee_details": [],
                  "net": -989,
                  "reporting_category": "refund",
                  "source": "pyr_1QXPY8S7uB3nlhZOKZCffTCC",
                  "status": "pending",
                  "type": "payment_refund"
                },
                "charge": "py_1QXPY4S7uB3nlhZOyQE88cN4",
                "created": 1734537156,
                "currency": "usd",
                "metadata": {},
                "payment_intent": null,
                "reason": null,
                "receipt_number": null,
                "source_transfer_reversal": "trr_0QXPY89e1RjUNIyYg17RL76E",
                "status": "succeeded",
                "transfer_reversal": "trr_0QXPY89e1RjUNIyYg17RL76E"
              }
            ],
            "has_more": false,
            "total_count": 1,
            "url": "/v1/charges/py_1QXPY4S7uB3nlhZOyQE88cN4/refunds"
          },
          "review": null,
          "shipping": null,
          "source": {
            "id": "9e1RjUNIyYGpA9Cfh3RmQxxTzb1aakpE",
            "object": "account",
            "application_icon": "https://files.stripe.com/links/MDB8OWUxUmpVTkl5WUdwQTlDZmgzUm1ReHhUemIxYWFrcEV8ZmxfbGl2ZV96QURJZllYTVhmQTEwQWswUmg3MlRpOGI00M3h6olFO",
            "application_logo": "https://files.stripe.com/links/MDB8OWUxUmpVTkl5WUdwQTlDZmgzUm1ReHhUemIxYWFrcEV8ZmxfbGl2ZV9WNnByazhHekswejFlUGh3a1M0dnRxZko00eY1DsvrA",
            "application_name": "Gumroad",
            "application_url": "https://gumroad.com"
          },
          "source_transfer": "tr_2QXPY49e1RjUNIyY1GTgfsSt",
          "statement_descriptor": null,
          "statement_descriptor_suffix": null,
          "status": "succeeded",
          "transfer_data": null,
          "transfer_group": null
        }
  recorded_at: Fri, 06 Oct 2023 00:00:00 GMT
- request:
    method: get
    uri: https://api.stripe.com/v1/transfers?created%5Blt%5D=1686182400&destination=acct_1QXPXxS7uB3nlhZO&limit=100
    body:
      encoding: US-ASCII
      string: ''
    headers:
      User-Agent:
      - Stripe/v1 RubyBindings/12.5.0
      Authorization:
      - Bearer sk_test_4MnOc1f1gf16nKP6dyvP4TAD
      Content-Type:
      - application/x-www-form-urlencoded
      X-Stripe-Client-Telemetry:
      - '{"last_request_metrics":{"request_id":"req_ZCXTZNgp45uu6F","request_duration_ms":388}}'
      Stripe-Version:
      - 2023-10-16; risk_in_requirements_beta=v1
      X-Stripe-Client-User-Agent:
      - '{"bindings_version":"12.5.0","lang":"ruby","lang_version":"3.3.4 p94 (2024-07-09)","platform":"arm64-darwin20","engine":"ruby","publisher":"stripe","uname":"Darwin
        Harbakshs-MacBook-Air.local 20.5.0 Darwin Kernel Version 20.5.0: Sat May  8
        05:10:31 PDT 2021; root:xnu-7195.121.3~9/RELEASE_ARM64_T8101 arm64","hostname":"Harbakshs-MacBook-Air.local"}'
      Accept-Encoding:
      - gzip;q=1.0,deflate;q=0.6,identity;q=0.3
      Accept:
      - "*/*"
  response:
    status:
      code: 200
      message: OK
    headers:
      Server:
      - nginx
      Date:
      - Wed, 18 Dec 2024 15:52:40 GMT
      Content-Type:
      - application/json
      Content-Length:
      - '83'
      Connection:
      - keep-alive
      Access-Control-Allow-Credentials:
      - 'true'
      Access-Control-Allow-Methods:
      - GET, HEAD, PUT, PATCH, POST, DELETE
      Access-Control-Allow-Origin:
      - "*"
      Access-Control-Expose-Headers:
      - Request-Id, Stripe-Manage-Version, Stripe-Should-Retry, X-Stripe-External-Auth-Required,
        X-Stripe-Privileged-Session-Required
      Access-Control-Max-Age:
      - '300'
      Cache-Control:
      - no-cache, no-store
      Content-Security-Policy:
      - base-uri 'none'; default-src 'none'; form-action 'none'; frame-ancestors 'none';
        img-src 'self'; script-src 'self' 'report-sample'; style-src 'self'; upgrade-insecure-requests;
        report-uri /csp-violation https://q.stripe.com/csp-violation?q=Vc8M2LcgN5tT-MQlhge7P8xWavVot_-3mv9YLnfqVLOru7DRd1wxWgMf6QyWiXgsiykg4VrdDg%3D%3D
      Cross-Origin-Opener-Policy-Report-Only:
      - same-origin; report-to="coop"
      Report-To:
      - '{"group":"coop","max_age":8640,"endpoints":[{"url":"https://q.stripe.com/coop-report"}],"include_subdomains":true}'
      Reporting-Endpoints:
      - coop="https://q.stripe.com/coop-report"
      Request-Id:
      - req_nqMVqFLYfYOE6g
      Stripe-Version:
      - 2023-10-16; risk_in_requirements_beta=v1
      Vary:
      - Origin
      X-Content-Type-Options:
      - nosniff
      X-Stripe-Priority-Routing-Enabled:
      - 'true'
      X-Stripe-Routing-Context-Priority-Tier:
      - api-testmode
      X-Wc:
      - AB
      Strict-Transport-Security:
      - max-age=63072000; includeSubDomains; preload
    body:
      encoding: UTF-8
      string: |-
        {
          "object": "list",
          "data": [],
          "has_more": false,
          "url": "/v1/transfers"
        }
  recorded_at: Fri, 06 Oct 2023 00:00:00 GMT
recorded_with: VCR 6.2.0
