---
http_interactions:
- request:
    method: post
    uri: https://api.stripe.com/v1/tokens
    body:
      encoding: UTF-8
      string: card[number]=4000+0566+5566+5556&card[exp_month]=12&card[exp_year]=2023&card[cvc]=123&card[currency]=usd
    headers:
      User-Agent:
      - Stripe/v1 RubyBindings/10.0.0
      Authorization:
      - Bearer sk_test_4MnOc1f1gf16nKP6dyvP4TAD
      Content-Type:
      - application/x-www-form-urlencoded
      X-Stripe-Client-Telemetry:
      - '{"last_request_metrics":{"request_id":"req_iVFNjGH201THft","request_duration_ms":3460}}'
      Idempotency-Key:
      - b7bcd065-f017-43c1-85e5-914d254b1652
      Stripe-Version:
      - '2023-10-16'
      X-Stripe-Client-User-Agent:
      - '{"bindings_version":"10.0.0","lang":"ruby","lang_version":"3.2.2 p53 (2023-03-30)","platform":"arm64-darwin20","engine":"ruby","publisher":"stripe","uname":"Darwin
        Harbakshs-MacBook-Air.local 20.5.0 Darwin Kernel Version 20.5.0: Sat May  8
        05:10:31 PDT 2021; root:xnu-7195.121.3~9/RELEASE_ARM64_T8101 arm64","hostname":"Harbakshs-MacBook-Air.local"}'
      Accept-Encoding:
      - gzip;q=1.0,deflate;q=0.6,identity;q=0.3
      Accept:
      - "*/*"
  response:
    status:
      code: 200
      message: OK
    headers:
      Server:
      - nginx
      Date:
      - Tue, 31 Oct 2023 19:51:05 GMT
      Content-Type:
      - application/json
      Content-Length:
      - '820'
      Connection:
      - keep-alive
      Access-Control-Allow-Credentials:
      - 'true'
      Access-Control-Allow-Methods:
      - GET,HEAD,PUT,PATCH,POST,DELETE
      Access-Control-Allow-Origin:
      - "*"
      Access-Control-Expose-Headers:
      - Request-Id, Stripe-Manage-Version, Stripe-Should-Retry, X-Stripe-External-Auth-Required,
        X-Stripe-Privileged-Session-Required
      Access-Control-Max-Age:
      - '300'
      Cache-Control:
      - no-cache, no-store
      Content-Security-Policy-Report-Only:
      - report-uri https://q.stripe.com/csp-report?p=v1%2Ftokens; block-all-mixed-content;
        default-src 'none'; base-uri 'none'; form-action 'none'; frame-ancestors 'none';
        img-src 'self'; script-src 'self' 'report-sample'; style-src 'self'
      Idempotency-Key:
      - b7bcd065-f017-43c1-85e5-914d254b1652
      Original-Request:
      - req_9uhloPJs4ziyGN
      Request-Id:
      - req_9uhloPJs4ziyGN
      Stripe-Should-Retry:
      - 'false'
      Stripe-Version:
      - '2023-10-16'
      Vary:
      - Origin
      X-Stripe-Routing-Context-Priority-Tier:
      - api-testmode
      Strict-Transport-Security:
      - max-age=63072000; includeSubDomains; preload
    body:
      encoding: UTF-8
      string: |-
        {
          "id": "tok_0O7Nxt9e1RjUNIyYhOOZDG0y",
          "object": "token",
          "card": {
            "id": "card_0O7Nxt9e1RjUNIyYaGStXOyn",
            "object": "card",
            "address_city": null,
            "address_country": null,
            "address_line1": null,
            "address_line1_check": null,
            "address_line2": null,
            "address_state": null,
            "address_zip": null,
            "address_zip_check": null,
            "brand": "Visa",
            "country": "US",
            "currency": "usd",
            "cvc_check": "unchecked",
            "dynamic_last4": null,
            "exp_month": 12,
            "exp_year": 2023,
            "fingerprint": "5IdckE5bfj42lL1I",
            "funding": "debit",
            "last4": "5556",
            "metadata": {},
            "name": null,
            "tokenization_method": null,
            "wallet": null
          },
          "client_ip": "49.36.35.35",
          "created": 1698781865,
          "livemode": false,
          "type": "card",
          "used": false
        }
  recorded_at: Tue, 31 Oct 2023 19:51:05 GMT
- request:
    method: get
    uri: https://api.stripe.com/v1/tokens/tok_0O7Nxt9e1RjUNIyYhOOZDG0y
    body:
      encoding: US-ASCII
      string: ''
    headers:
      User-Agent:
      - Stripe/v1 RubyBindings/10.0.0
      Authorization:
      - Bearer sk_test_4MnOc1f1gf16nKP6dyvP4TAD
      Content-Type:
      - application/x-www-form-urlencoded
      X-Stripe-Client-Telemetry:
      - '{"last_request_metrics":{"request_id":"req_9uhloPJs4ziyGN","request_duration_ms":530}}'
      Stripe-Version:
      - '2023-10-16'
      X-Stripe-Client-User-Agent:
      - '{"bindings_version":"10.0.0","lang":"ruby","lang_version":"3.2.2 p53 (2023-03-30)","platform":"arm64-darwin20","engine":"ruby","publisher":"stripe","uname":"Darwin
        Harbakshs-MacBook-Air.local 20.5.0 Darwin Kernel Version 20.5.0: Sat May  8
        05:10:31 PDT 2021; root:xnu-7195.121.3~9/RELEASE_ARM64_T8101 arm64","hostname":"Harbakshs-MacBook-Air.local"}'
      Accept-Encoding:
      - gzip;q=1.0,deflate;q=0.6,identity;q=0.3
      Accept:
      - "*/*"
  response:
    status:
      code: 200
      message: OK
    headers:
      Server:
      - nginx
      Date:
      - Tue, 31 Oct 2023 19:51:05 GMT
      Content-Type:
      - application/json
      Content-Length:
      - '820'
      Connection:
      - keep-alive
      Access-Control-Allow-Credentials:
      - 'true'
      Access-Control-Allow-Methods:
      - GET,HEAD,PUT,PATCH,POST,DELETE
      Access-Control-Allow-Origin:
      - "*"
      Access-Control-Expose-Headers:
      - Request-Id, Stripe-Manage-Version, Stripe-Should-Retry, X-Stripe-External-Auth-Required,
        X-Stripe-Privileged-Session-Required
      Access-Control-Max-Age:
      - '300'
      Cache-Control:
      - no-cache, no-store
      Content-Security-Policy-Report-Only:
      - report-uri https://q.stripe.com/csp-report?p=v1%2Ftokens%2F%3Atoken; block-all-mixed-content;
        default-src 'none'; base-uri 'none'; form-action 'none'; frame-ancestors 'none';
        img-src 'self'; script-src 'self' 'report-sample'; style-src 'self'
      Request-Id:
      - req_YhLua4dD2TCtfl
      Stripe-Version:
      - '2023-10-16'
      Vary:
      - Origin
      X-Stripe-Routing-Context-Priority-Tier:
      - api-testmode
      Strict-Transport-Security:
      - max-age=63072000; includeSubDomains; preload
    body:
      encoding: UTF-8
      string: |-
        {
          "id": "tok_0O7Nxt9e1RjUNIyYhOOZDG0y",
          "object": "token",
          "card": {
            "id": "card_0O7Nxt9e1RjUNIyYaGStXOyn",
            "object": "card",
            "address_city": null,
            "address_country": null,
            "address_line1": null,
            "address_line1_check": null,
            "address_line2": null,
            "address_state": null,
            "address_zip": null,
            "address_zip_check": null,
            "brand": "Visa",
            "country": "US",
            "currency": "usd",
            "cvc_check": "unchecked",
            "dynamic_last4": null,
            "exp_month": 12,
            "exp_year": 2023,
            "fingerprint": "5IdckE5bfj42lL1I",
            "funding": "debit",
            "last4": "5556",
            "metadata": {},
            "name": null,
            "tokenization_method": null,
            "wallet": null
          },
          "client_ip": "49.36.35.35",
          "created": 1698781865,
          "livemode": false,
          "type": "card",
          "used": false
        }
  recorded_at: Tue, 31 Oct 2023 19:51:05 GMT
- request:
    method: post
    uri: https://api.stripe.com/v1/customers
    body:
      encoding: UTF-8
      string: description=&card=tok_0O7Nxt9e1RjUNIyYhOOZDG0y&expand[0]=sources
    headers:
      User-Agent:
      - Stripe/v1 RubyBindings/10.0.0
      Authorization:
      - Bearer sk_test_4MnOc1f1gf16nKP6dyvP4TAD
      Content-Type:
      - application/x-www-form-urlencoded
      X-Stripe-Client-Telemetry:
      - '{"last_request_metrics":{"request_id":"req_YhLua4dD2TCtfl","request_duration_ms":343}}'
      Idempotency-Key:
      - ad0aae79-b229-4e60-b610-0dcbc06fe687
      Stripe-Version:
      - '2023-10-16'
      X-Stripe-Client-User-Agent:
      - '{"bindings_version":"10.0.0","lang":"ruby","lang_version":"3.2.2 p53 (2023-03-30)","platform":"arm64-darwin20","engine":"ruby","publisher":"stripe","uname":"Darwin
        Harbakshs-MacBook-Air.local 20.5.0 Darwin Kernel Version 20.5.0: Sat May  8
        05:10:31 PDT 2021; root:xnu-7195.121.3~9/RELEASE_ARM64_T8101 arm64","hostname":"Harbakshs-MacBook-Air.local"}'
      Accept-Encoding:
      - gzip;q=1.0,deflate;q=0.6,identity;q=0.3
      Accept:
      - "*/*"
  response:
    status:
      code: 200
      message: OK
    headers:
      Server:
      - nginx
      Date:
      - Tue, 31 Oct 2023 19:51:06 GMT
      Content-Type:
      - application/json
      Content-Length:
      - '1554'
      Connection:
      - keep-alive
      Access-Control-Allow-Credentials:
      - 'true'
      Access-Control-Allow-Methods:
      - GET,HEAD,PUT,PATCH,POST,DELETE
      Access-Control-Allow-Origin:
      - "*"
      Access-Control-Expose-Headers:
      - Request-Id, Stripe-Manage-Version, Stripe-Should-Retry, X-Stripe-External-Auth-Required,
        X-Stripe-Privileged-Session-Required
      Access-Control-Max-Age:
      - '300'
      Cache-Control:
      - no-cache, no-store
      Content-Security-Policy-Report-Only:
      - report-uri https://q.stripe.com/csp-report?p=v1%2Fcustomers; block-all-mixed-content;
        default-src 'none'; base-uri 'none'; form-action 'none'; frame-ancestors 'none';
        img-src 'self'; script-src 'self' 'report-sample'; style-src 'self'
      Idempotency-Key:
      - ad0aae79-b229-4e60-b610-0dcbc06fe687
      Original-Request:
      - req_zJtZonsVQeUTLu
      Request-Id:
      - req_zJtZonsVQeUTLu
      Stripe-Should-Retry:
      - 'false'
      Stripe-Version:
      - '2023-10-16'
      Vary:
      - Origin
      X-Stripe-Routing-Context-Priority-Tier:
      - api-testmode
      Strict-Transport-Security:
      - max-age=63072000; includeSubDomains; preload
    body:
      encoding: UTF-8
      string: |-
        {
          "id": "cus_OvEQaaJPONjcUV",
          "object": "customer",
          "address": null,
          "balance": 0,
          "created": 1698781866,
          "currency": null,
          "default_source": "card_0O7Nxt9e1RjUNIyYaGStXOyn",
          "delinquent": false,
          "description": null,
          "discount": null,
          "email": null,
          "invoice_prefix": "0B5E8E58",
          "invoice_settings": {
            "custom_fields": null,
            "default_payment_method": null,
            "footer": null,
            "rendering_options": null
          },
          "livemode": false,
          "metadata": {},
          "name": null,
          "next_invoice_sequence": 1,
          "phone": null,
          "preferred_locales": [],
          "shipping": null,
          "sources": {
            "object": "list",
            "data": [
              {
                "id": "card_0O7Nxt9e1RjUNIyYaGStXOyn",
                "object": "card",
                "address_city": null,
                "address_country": null,
                "address_line1": null,
                "address_line1_check": null,
                "address_line2": null,
                "address_state": null,
                "address_zip": null,
                "address_zip_check": null,
                "brand": "Visa",
                "country": "US",
                "customer": "cus_OvEQaaJPONjcUV",
                "cvc_check": "pass",
                "dynamic_last4": null,
                "exp_month": 12,
                "exp_year": 2023,
                "fingerprint": "5IdckE5bfj42lL1I",
                "funding": "debit",
                "last4": "5556",
                "metadata": {},
                "name": null,
                "tokenization_method": null,
                "wallet": null
              }
            ],
            "has_more": false,
            "total_count": 1,
            "url": "/v1/customers/cus_OvEQaaJPONjcUV/sources"
          },
          "tax_exempt": "none",
          "test_clock": null
        }
  recorded_at: Tue, 31 Oct 2023 19:51:06 GMT
- request:
    method: post
    uri: https://api.stripe.com/v1/tokens
    body:
      encoding: UTF-8
      string: card[number]=5200828282828210&card[exp_month]=12&card[exp_year]=2023&card[cvc]=123
    headers:
      User-Agent:
      - Stripe/v1 RubyBindings/10.0.0
      Authorization:
      - Bearer sk_test_4MnOc1f1gf16nKP6dyvP4TAD
      Content-Type:
      - application/x-www-form-urlencoded
      X-Stripe-Client-Telemetry:
      - '{"last_request_metrics":{"request_id":"req_zJtZonsVQeUTLu","request_duration_ms":893}}'
      Idempotency-Key:
      - fd8fd433-d2bd-4c10-855c-67c91d965b41
      Stripe-Version:
      - '2023-10-16'
      X-Stripe-Client-User-Agent:
      - '{"bindings_version":"10.0.0","lang":"ruby","lang_version":"3.2.2 p53 (2023-03-30)","platform":"arm64-darwin20","engine":"ruby","publisher":"stripe","uname":"Darwin
        Harbakshs-MacBook-Air.local 20.5.0 Darwin Kernel Version 20.5.0: Sat May  8
        05:10:31 PDT 2021; root:xnu-7195.121.3~9/RELEASE_ARM64_T8101 arm64","hostname":"Harbakshs-MacBook-Air.local"}'
      Accept-Encoding:
      - gzip;q=1.0,deflate;q=0.6,identity;q=0.3
      Accept:
      - "*/*"
  response:
    status:
      code: 200
      message: OK
    headers:
      Server:
      - nginx
      Date:
      - Tue, 31 Oct 2023 19:51:07 GMT
      Content-Type:
      - application/json
      Content-Length:
      - '803'
      Connection:
      - keep-alive
      Access-Control-Allow-Credentials:
      - 'true'
      Access-Control-Allow-Methods:
      - GET,HEAD,PUT,PATCH,POST,DELETE
      Access-Control-Allow-Origin:
      - "*"
      Access-Control-Expose-Headers:
      - Request-Id, Stripe-Manage-Version, Stripe-Should-Retry, X-Stripe-External-Auth-Required,
        X-Stripe-Privileged-Session-Required
      Access-Control-Max-Age:
      - '300'
      Cache-Control:
      - no-cache, no-store
      Content-Security-Policy-Report-Only:
      - report-uri https://q.stripe.com/csp-report?p=v1%2Ftokens; block-all-mixed-content;
        default-src 'none'; base-uri 'none'; form-action 'none'; frame-ancestors 'none';
        img-src 'self'; script-src 'self' 'report-sample'; style-src 'self'
      Idempotency-Key:
      - fd8fd433-d2bd-4c10-855c-67c91d965b41
      Original-Request:
      - req_SQzdx2BXm3Saff
      Request-Id:
      - req_SQzdx2BXm3Saff
      Stripe-Should-Retry:
      - 'false'
      Stripe-Version:
      - '2023-10-16'
      Vary:
      - Origin
      X-Stripe-Routing-Context-Priority-Tier:
      - api-testmode
      Strict-Transport-Security:
      - max-age=63072000; includeSubDomains; preload
    body:
      encoding: UTF-8
      string: |-
        {
          "id": "tok_0O7Nxv9e1RjUNIyYVE4bfhoo",
          "object": "token",
          "card": {
            "id": "card_0O7Nxv9e1RjUNIyYY1YQgWb3",
            "object": "card",
            "address_city": null,
            "address_country": null,
            "address_line1": null,
            "address_line1_check": null,
            "address_line2": null,
            "address_state": null,
            "address_zip": null,
            "address_zip_check": null,
            "brand": "MasterCard",
            "country": "US",
            "cvc_check": "unchecked",
            "dynamic_last4": null,
            "exp_month": 12,
            "exp_year": 2023,
            "fingerprint": "a67p1Ydvd9i3mqYP",
            "funding": "debit",
            "last4": "8210",
            "metadata": {},
            "name": null,
            "tokenization_method": null,
            "wallet": null
          },
          "client_ip": "49.36.35.35",
          "created": 1698781867,
          "livemode": false,
          "type": "card",
          "used": false
        }
  recorded_at: Tue, 31 Oct 2023 19:51:07 GMT
- request:
    method: get
    uri: https://api.stripe.com/v1/tokens/tok_0O7Nxv9e1RjUNIyYVE4bfhoo
    body:
      encoding: US-ASCII
      string: ''
    headers:
      User-Agent:
      - Stripe/v1 RubyBindings/10.0.0
      Authorization:
      - Bearer sk_test_4MnOc1f1gf16nKP6dyvP4TAD
      Content-Type:
      - application/x-www-form-urlencoded
      X-Stripe-Client-Telemetry:
      - '{"last_request_metrics":{"request_id":"req_SQzdx2BXm3Saff","request_duration_ms":550}}'
      Stripe-Version:
      - '2023-10-16'
      X-Stripe-Client-User-Agent:
      - '{"bindings_version":"10.0.0","lang":"ruby","lang_version":"3.2.2 p53 (2023-03-30)","platform":"arm64-darwin20","engine":"ruby","publisher":"stripe","uname":"Darwin
        Harbakshs-MacBook-Air.local 20.5.0 Darwin Kernel Version 20.5.0: Sat May  8
        05:10:31 PDT 2021; root:xnu-7195.121.3~9/RELEASE_ARM64_T8101 arm64","hostname":"Harbakshs-MacBook-Air.local"}'
      Accept-Encoding:
      - gzip;q=1.0,deflate;q=0.6,identity;q=0.3
      Accept:
      - "*/*"
  response:
    status:
      code: 200
      message: OK
    headers:
      Server:
      - nginx
      Date:
      - Tue, 31 Oct 2023 19:51:07 GMT
      Content-Type:
      - application/json
      Content-Length:
      - '803'
      Connection:
      - keep-alive
      Access-Control-Allow-Credentials:
      - 'true'
      Access-Control-Allow-Methods:
      - GET,HEAD,PUT,PATCH,POST,DELETE
      Access-Control-Allow-Origin:
      - "*"
      Access-Control-Expose-Headers:
      - Request-Id, Stripe-Manage-Version, Stripe-Should-Retry, X-Stripe-External-Auth-Required,
        X-Stripe-Privileged-Session-Required
      Access-Control-Max-Age:
      - '300'
      Cache-Control:
      - no-cache, no-store
      Content-Security-Policy-Report-Only:
      - report-uri https://q.stripe.com/csp-report?p=v1%2Ftokens%2F%3Atoken; block-all-mixed-content;
        default-src 'none'; base-uri 'none'; form-action 'none'; frame-ancestors 'none';
        img-src 'self'; script-src 'self' 'report-sample'; style-src 'self'
      Request-Id:
      - req_qlc3GS6o0CRi7M
      Stripe-Version:
      - '2023-10-16'
      Vary:
      - Origin
      X-Stripe-Routing-Context-Priority-Tier:
      - api-testmode
      Strict-Transport-Security:
      - max-age=63072000; includeSubDomains; preload
    body:
      encoding: UTF-8
      string: |-
        {
          "id": "tok_0O7Nxv9e1RjUNIyYVE4bfhoo",
          "object": "token",
          "card": {
            "id": "card_0O7Nxv9e1RjUNIyYY1YQgWb3",
            "object": "card",
            "address_city": null,
            "address_country": null,
            "address_line1": null,
            "address_line1_check": null,
            "address_line2": null,
            "address_state": null,
            "address_zip": null,
            "address_zip_check": null,
            "brand": "MasterCard",
            "country": "US",
            "cvc_check": "unchecked",
            "dynamic_last4": null,
            "exp_month": 12,
            "exp_year": 2023,
            "fingerprint": "a67p1Ydvd9i3mqYP",
            "funding": "debit",
            "last4": "8210",
            "metadata": {},
            "name": null,
            "tokenization_method": null,
            "wallet": null
          },
          "client_ip": "49.36.35.35",
          "created": 1698781867,
          "livemode": false,
          "type": "card",
          "used": false
        }
  recorded_at: Tue, 31 Oct 2023 19:51:07 GMT
- request:
    method: post
    uri: https://api.stripe.com/v1/customers
    body:
      encoding: UTF-8
      string: description=&card=tok_0O7Nxv9e1RjUNIyYVE4bfhoo&expand[0]=sources
    headers:
      User-Agent:
      - Stripe/v1 RubyBindings/10.0.0
      Authorization:
      - Bearer sk_test_4MnOc1f1gf16nKP6dyvP4TAD
      Content-Type:
      - application/x-www-form-urlencoded
      X-Stripe-Client-Telemetry:
      - '{"last_request_metrics":{"request_id":"req_qlc3GS6o0CRi7M","request_duration_ms":325}}'
      Idempotency-Key:
      - f1d6feea-2f6b-4fc0-bc8b-26fc7d77418b
      Stripe-Version:
      - '2023-10-16'
      X-Stripe-Client-User-Agent:
      - '{"bindings_version":"10.0.0","lang":"ruby","lang_version":"3.2.2 p53 (2023-03-30)","platform":"arm64-darwin20","engine":"ruby","publisher":"stripe","uname":"Darwin
        Harbakshs-MacBook-Air.local 20.5.0 Darwin Kernel Version 20.5.0: Sat May  8
        05:10:31 PDT 2021; root:xnu-7195.121.3~9/RELEASE_ARM64_T8101 arm64","hostname":"Harbakshs-MacBook-Air.local"}'
      Accept-Encoding:
      - gzip;q=1.0,deflate;q=0.6,identity;q=0.3
      Accept:
      - "*/*"
  response:
    status:
      code: 200
      message: OK
    headers:
      Server:
      - nginx
      Date:
      - Tue, 31 Oct 2023 19:51:08 GMT
      Content-Type:
      - application/json
      Content-Length:
      - '1560'
      Connection:
      - keep-alive
      Access-Control-Allow-Credentials:
      - 'true'
      Access-Control-Allow-Methods:
      - GET,HEAD,PUT,PATCH,POST,DELETE
      Access-Control-Allow-Origin:
      - "*"
      Access-Control-Expose-Headers:
      - Request-Id, Stripe-Manage-Version, Stripe-Should-Retry, X-Stripe-External-Auth-Required,
        X-Stripe-Privileged-Session-Required
      Access-Control-Max-Age:
      - '300'
      Cache-Control:
      - no-cache, no-store
      Content-Security-Policy-Report-Only:
      - report-uri https://q.stripe.com/csp-report?p=v1%2Fcustomers; block-all-mixed-content;
        default-src 'none'; base-uri 'none'; form-action 'none'; frame-ancestors 'none';
        img-src 'self'; script-src 'self' 'report-sample'; style-src 'self'
      Idempotency-Key:
      - f1d6feea-2f6b-4fc0-bc8b-26fc7d77418b
      Original-Request:
      - req_ygdeChHEk5R494
      Request-Id:
      - req_ygdeChHEk5R494
      Stripe-Should-Retry:
      - 'false'
      Stripe-Version:
      - '2023-10-16'
      Vary:
      - Origin
      X-Stripe-Routing-Context-Priority-Tier:
      - api-testmode
      Strict-Transport-Security:
      - max-age=63072000; includeSubDomains; preload
    body:
      encoding: UTF-8
      string: |-
        {
          "id": "cus_OvEQE6StPBBlc6",
          "object": "customer",
          "address": null,
          "balance": 0,
          "created": 1698781867,
          "currency": null,
          "default_source": "card_0O7Nxv9e1RjUNIyYY1YQgWb3",
          "delinquent": false,
          "description": null,
          "discount": null,
          "email": null,
          "invoice_prefix": "59F8D132",
          "invoice_settings": {
            "custom_fields": null,
            "default_payment_method": null,
            "footer": null,
            "rendering_options": null
          },
          "livemode": false,
          "metadata": {},
          "name": null,
          "next_invoice_sequence": 1,
          "phone": null,
          "preferred_locales": [],
          "shipping": null,
          "sources": {
            "object": "list",
            "data": [
              {
                "id": "card_0O7Nxv9e1RjUNIyYY1YQgWb3",
                "object": "card",
                "address_city": null,
                "address_country": null,
                "address_line1": null,
                "address_line1_check": null,
                "address_line2": null,
                "address_state": null,
                "address_zip": null,
                "address_zip_check": null,
                "brand": "MasterCard",
                "country": "US",
                "customer": "cus_OvEQE6StPBBlc6",
                "cvc_check": "pass",
                "dynamic_last4": null,
                "exp_month": 12,
                "exp_year": 2023,
                "fingerprint": "a67p1Ydvd9i3mqYP",
                "funding": "debit",
                "last4": "8210",
                "metadata": {},
                "name": null,
                "tokenization_method": null,
                "wallet": null
              }
            ],
            "has_more": false,
            "total_count": 1,
            "url": "/v1/customers/cus_OvEQE6StPBBlc6/sources"
          },
          "tax_exempt": "none",
          "test_clock": null
        }
  recorded_at: Tue, 31 Oct 2023 19:51:08 GMT
- request:
    method: post
    uri: https://api.stripe.com/v1/accounts
    body:
      encoding: UTF-8
      string: type=custom&requested_capabilities[0]=card_payments&requested_capabilities[1]=transfers&country=US&default_currency=usd&metadata[user_id]=6&metadata[tos_agreement_id]=5NWkEZ8ib4T_Qx2Jw0PvmA%3D%3D&metadata[user_compliance_info_id]=JI_DNo5eMlSQBKqucPryVQ%3D%3D&tos_acceptance[date]=1698781867&tos_acceptance[ip]=0.0.0.0&business_type=individual&business_profile[url]=https%3A%2F%2Fvipul.gumroad.com%2F&business_profile[product_description]=&individual[email]=seller%40example.com&individual[address][country]=US
    headers:
      User-Agent:
      - Stripe/v1 RubyBindings/10.0.0
      Authorization:
      - Bearer sk_test_4MnOc1f1gf16nKP6dyvP4TAD
      Content-Type:
      - application/x-www-form-urlencoded
      X-Stripe-Client-Telemetry:
      - '{"last_request_metrics":{"request_id":"req_ygdeChHEk5R494","request_duration_ms":883}}'
      Idempotency-Key:
      - a97ffd26-9f7b-48c0-982e-8fde4742d7a5
      Stripe-Version:
      - '2023-10-16'
      X-Stripe-Client-User-Agent:
      - '{"bindings_version":"10.0.0","lang":"ruby","lang_version":"3.2.2 p53 (2023-03-30)","platform":"arm64-darwin20","engine":"ruby","publisher":"stripe","uname":"Darwin
        Harbakshs-MacBook-Air.local 20.5.0 Darwin Kernel Version 20.5.0: Sat May  8
        05:10:31 PDT 2021; root:xnu-7195.121.3~9/RELEASE_ARM64_T8101 arm64","hostname":"Harbakshs-MacBook-Air.local"}'
      Accept-Encoding:
      - gzip;q=1.0,deflate;q=0.6,identity;q=0.3
      Accept:
      - "*/*"
  response:
    status:
      code: 200
      message: OK
    headers:
      Server:
      - nginx
      Date:
      - Tue, 31 Oct 2023 19:51:12 GMT
      Content-Type:
      - application/json
      Content-Length:
      - '7914'
      Connection:
      - keep-alive
      Access-Control-Allow-Credentials:
      - 'true'
      Access-Control-Allow-Methods:
      - GET,HEAD,PUT,PATCH,POST,DELETE
      Access-Control-Allow-Origin:
      - "*"
      Access-Control-Expose-Headers:
      - Request-Id, Stripe-Manage-Version, Stripe-Should-Retry, X-Stripe-External-Auth-Required,
        X-Stripe-Privileged-Session-Required
      Access-Control-Max-Age:
      - '300'
      Cache-Control:
      - no-cache, no-store
      Content-Security-Policy-Report-Only:
      - report-uri https://q.stripe.com/csp-report?p=v1%2Faccounts; block-all-mixed-content;
        default-src 'none'; base-uri 'none'; form-action 'none'; frame-ancestors 'none';
        img-src 'self'; script-src 'self' 'report-sample'; style-src 'self'
      Idempotency-Key:
      - a97ffd26-9f7b-48c0-982e-8fde4742d7a5
      Original-Request:
      - req_P3SwSJGbuRSu1M
      Request-Id:
      - req_P3SwSJGbuRSu1M
      Stripe-Should-Retry:
      - 'false'
      Stripe-Version:
      - '2023-10-16'
      Vary:
      - Origin
      X-Stripe-Routing-Context-Priority-Tier:
      - api-testmode
      Strict-Transport-Security:
      - max-age=63072000; includeSubDomains; preload
    body:
      encoding: UTF-8
      string: |-
        {
          "id": "acct_1O7Nxx2n4pDK6yh1",
          "object": "account",
          "business_profile": {
            "mcc": "5192",
            "name": null,
            "product_description": "",
            "support_address": null,
            "support_email": null,
            "support_phone": null,
            "support_url": null,
            "url": "https://vipul.gumroad.com/"
          },
          "business_type": "individual",
          "capabilities": {
            "card_payments": "inactive",
            "transfers": "inactive"
          },
          "charges_enabled": false,
          "company": {
            "address": {
              "city": null,
              "country": "US",
              "line1": null,
              "line2": null,
              "postal_code": null,
              "state": null
            },
            "directors_provided": true,
            "executives_provided": true,
            "name": null,
            "owners_provided": true,
            "tax_id_provided": false,
            "verification": {
              "document": {
                "back": null,
                "details": null,
                "details_code": null,
                "front": null
              }
            }
          },
          "country": "US",
          "created": 1698781870,
          "default_currency": "usd",
          "details_submitted": false,
          "email": null,
          "external_accounts": {
            "object": "list",
            "data": [],
            "has_more": false,
            "total_count": 0,
            "url": "/v1/accounts/acct_1O7Nxx2n4pDK6yh1/external_accounts"
          },
          "future_requirements": {
            "alternatives": [],
            "current_deadline": 1712084400,
            "currently_due": [
              "external_account",
              "individual.address.city",
              "individual.address.line1",
              "individual.address.postal_code",
              "individual.address.state",
              "individual.dob.day",
              "individual.dob.month",
              "individual.dob.year",
              "individual.first_name",
              "individual.last_name",
              "individual.phone",
              "individual.ssn_last_4"
            ],
            "disabled_reason": null,
            "errors": [],
            "eventually_due": [
              "external_account",
              "individual.address.city",
              "individual.address.line1",
              "individual.address.postal_code",
              "individual.address.state",
              "individual.dob.day",
              "individual.dob.month",
              "individual.dob.year",
              "individual.first_name",
              "individual.id_number",
              "individual.last_name",
              "individual.phone",
              "individual.ssn_last_4"
            ],
            "past_due": [
              "external_account",
              "individual.first_name",
              "individual.last_name"
            ],
            "pending_verification": [
              "business_profile.url"
            ]
          },
          "individual": {
            "id": "person_1O7Nxx2n4pDK6yh1AmpauJex",
            "object": "person",
            "account": "acct_1O7Nxx2n4pDK6yh1",
            "address": {
              "city": null,
              "country": "US",
              "line1": null,
              "line2": null,
              "postal_code": null,
              "state": null
            },
            "created": 1698781869,
            "dob": {
              "day": null,
              "month": null,
              "year": null
            },
            "email": "seller@example.com",
            "first_name": null,
            "future_requirements": {
              "alternatives": [],
              "currently_due": [
                "address.city",
                "address.line1",
                "address.postal_code",
                "address.state",
                "dob.day",
                "dob.month",
                "dob.year",
                "first_name",
                "last_name",
                "phone",
                "ssn_last_4"
              ],
              "errors": [],
              "eventually_due": [
                "address.city",
                "address.line1",
                "address.postal_code",
                "address.state",
                "dob.day",
                "dob.month",
                "dob.year",
                "first_name",
                "id_number",
                "last_name",
                "phone",
                "ssn_last_4"
              ],
              "past_due": [
                "first_name",
                "last_name"
              ],
              "pending_verification": []
            },
            "id_number_provided": false,
            "last_name": null,
            "metadata": {},
            "relationship": {
              "director": false,
              "executive": false,
              "legal_guardian": false,
              "owner": false,
              "percent_ownership": null,
              "representative": true,
              "title": null
            },
            "requirements": {
              "alternatives": [],
              "currently_due": [
                "address.city",
                "address.line1",
                "address.postal_code",
                "address.state",
                "dob.day",
                "dob.month",
                "dob.year",
                "first_name",
                "last_name",
                "phone",
                "ssn_last_4"
              ],
              "errors": [],
              "eventually_due": [
                "address.city",
                "address.line1",
                "address.postal_code",
                "address.state",
                "dob.day",
                "dob.month",
                "dob.year",
                "first_name",
                "last_name",
                "phone",
                "ssn_last_4"
              ],
              "past_due": [
                "address.city",
                "address.line1",
                "address.postal_code",
                "address.state",
                "dob.day",
                "dob.month",
                "dob.year",
                "first_name",
                "last_name",
                "phone",
                "ssn_last_4"
              ],
              "pending_verification": []
            },
            "ssn_last_4_provided": false,
            "verification": {
              "additional_document": {
                "back": null,
                "details": null,
                "details_code": null,
                "front": null
              },
              "details": null,
              "details_code": null,
              "document": {
                "back": null,
                "details": null,
                "details_code": null,
                "front": null
              },
              "status": "unverified"
            }
          },
          "metadata": {
            "tos_agreement_id": "5NWkEZ8ib4T_Qx2Jw0PvmA==",
            "user_compliance_info_id": "JI_DNo5eMlSQBKqucPryVQ==",
            "user_id": "6"
          },
          "payouts_enabled": false,
          "requirements": {
            "alternatives": [],
            "current_deadline": null,
            "currently_due": [
              "external_account",
              "individual.address.city",
              "individual.address.line1",
              "individual.address.postal_code",
              "individual.address.state",
              "individual.dob.day",
              "individual.dob.month",
              "individual.dob.year",
              "individual.first_name",
              "individual.last_name",
              "individual.phone",
              "individual.ssn_last_4"
            ],
            "disabled_reason": "requirements.past_due",
            "errors": [],
            "eventually_due": [
              "external_account",
              "individual.address.city",
              "individual.address.line1",
              "individual.address.postal_code",
              "individual.address.state",
              "individual.dob.day",
              "individual.dob.month",
              "individual.dob.year",
              "individual.first_name",
              "individual.last_name",
              "individual.phone",
              "individual.ssn_last_4"
            ],
            "past_due": [
              "external_account",
              "individual.address.city",
              "individual.address.line1",
              "individual.address.postal_code",
              "individual.address.state",
              "individual.dob.day",
              "individual.dob.month",
              "individual.dob.year",
              "individual.first_name",
              "individual.last_name",
              "individual.phone",
              "individual.ssn_last_4"
            ],
            "pending_verification": []
          },
          "settings": {
            "bacs_debit_payments": {},
            "branding": {
              "icon": null,
              "logo": null,
              "primary_color": null,
              "secondary_color": null
            },
            "card_issuing": {
              "tos_acceptance": {
                "date": null,
                "ip": null
              }
            },
            "card_payments": {
              "decline_on": {
                "avs_failure": false,
                "cvc_failure": false
              },
              "statement_descriptor_prefix": "VIPUL.GUMR",
              "statement_descriptor_prefix_kana": null,
              "statement_descriptor_prefix_kanji": null
            },
            "dashboard": {
              "display_name": "vipul.gumroad",
              "timezone": "Etc/UTC"
            },
            "payments": {
              "statement_descriptor": "VIPUL.GUMROAD.COM",
              "statement_descriptor_kana": null,
              "statement_descriptor_kanji": null
            },
            "payouts": {
              "debit_negative_balances": false,
              "schedule": {
                "delay_days": 2,
                "interval": "daily"
              },
              "statement_descriptor": null
            },
            "sepa_debit_payments": {}
          },
          "tos_acceptance": {
            "date": 1698781867,
            "ip": "0.0.0.0",
            "user_agent": null
          },
          "type": "custom"
        }
  recorded_at: Tue, 31 Oct 2023 19:51:12 GMT
recorded_with: VCR 6.2.0
