---
http_interactions:
- request:
    method: post
    uri: https://api.stripe.com/v1/payment_methods
    body:
      encoding: UTF-8
      string: type=card&card[number]=4242+4242+4242+4242&card[exp_month]=12&card[exp_year]=2023&card[cvc]=123
    headers:
      User-Agent:
      - Stripe/v1 RubyBindings/10.0.0
      Authorization:
      - Bearer sk_test_4MnOc1f1gf16nKP6dyvP4TAD
      Content-Type:
      - application/x-www-form-urlencoded
      X-Stripe-Client-Telemetry:
      - '{"last_request_metrics":{"request_id":"req_f71uMZzUKaU7Bh","request_duration_ms":904}}'
      Idempotency-Key:
      - ad46dd5e-02b8-40b6-a869-408901984d62
      Stripe-Version:
      - '2023-10-16'
      X-Stripe-Client-User-Agent:
      - '{"bindings_version":"10.0.0","lang":"ruby","lang_version":"3.2.2 p53 (2023-03-30)","platform":"arm64-darwin20","engine":"ruby","publisher":"stripe","uname":"Darwin
        Harbakshs-MacBook-Air.local 20.5.0 Darwin Kernel Version 20.5.0: Sat May  8
        05:10:31 PDT 2021; root:xnu-7195.121.3~9/RELEASE_ARM64_T8101 arm64","hostname":"Harbakshs-MacBook-Air.local"}'
      Accept-Encoding:
      - gzip;q=1.0,deflate;q=0.6,identity;q=0.3
      Accept:
      - "*/*"
  response:
    status:
      code: 200
      message: OK
    headers:
      Server:
      - nginx
      Date:
      - Tue, 31 Oct 2023 19:40:19 GMT
      Content-Type:
      - application/json
      Content-Length:
      - '931'
      Connection:
      - keep-alive
      Access-Control-Allow-Credentials:
      - 'true'
      Access-Control-Allow-Methods:
      - GET,HEAD,PUT,PATCH,POST,DELETE
      Access-Control-Allow-Origin:
      - "*"
      Access-Control-Expose-Headers:
      - Request-Id, Stripe-Manage-Version, Stripe-Should-Retry, X-Stripe-External-Auth-Required,
        X-Stripe-Privileged-Session-Required
      Access-Control-Max-Age:
      - '300'
      Cache-Control:
      - no-cache, no-store
      Content-Security-Policy-Report-Only:
      - report-uri https://q.stripe.com/csp-report?p=v1%2Fpayment_methods; block-all-mixed-content;
        default-src 'none'; base-uri 'none'; form-action 'none'; frame-ancestors 'none';
        img-src 'self'; script-src 'self' 'report-sample'; style-src 'self'
      Idempotency-Key:
      - ad46dd5e-02b8-40b6-a869-408901984d62
      Original-Request:
      - req_OR714HUSQBc9m5
      Request-Id:
      - req_OR714HUSQBc9m5
      Stripe-Should-Retry:
      - 'false'
      Stripe-Version:
      - '2023-10-16'
      Vary:
      - Origin
      X-Stripe-Routing-Context-Priority-Tier:
      - api-testmode
      Strict-Transport-Security:
      - max-age=63072000; includeSubDomains; preload
    body:
      encoding: UTF-8
      string: |-
        {
          "id": "pm_0O7NnT9e1RjUNIyYwWs4Rkt3",
          "object": "payment_method",
          "billing_details": {
            "address": {
              "city": null,
              "country": null,
              "line1": null,
              "line2": null,
              "postal_code": null,
              "state": null
            },
            "email": null,
            "name": null,
            "phone": null
          },
          "card": {
            "brand": "visa",
            "checks": {
              "address_line1_check": null,
              "address_postal_code_check": null,
              "cvc_check": "unchecked"
            },
            "country": "US",
            "exp_month": 12,
            "exp_year": 2023,
            "fingerprint": "W691J2Ye3VDoq6Ij",
            "funding": "credit",
            "generated_from": null,
            "last4": "4242",
            "networks": {
              "available": [
                "visa"
              ],
              "preferred": null
            },
            "three_d_secure_usage": {
              "supported": true
            },
            "wallet": null
          },
          "created": 1698781219,
          "customer": null,
          "livemode": false,
          "metadata": {},
          "type": "card"
        }
  recorded_at: Tue, 31 Oct 2023 19:40:19 GMT
- request:
    method: post
    uri: https://api.stripe.com/v1/payment_methods
    body:
      encoding: UTF-8
      string: type=card&card[number]=4000+0000+0000+0002&card[exp_month]=12&card[exp_year]=2023&card[cvc]=123
    headers:
      User-Agent:
      - Stripe/v1 RubyBindings/10.0.0
      Authorization:
      - Bearer sk_test_4MnOc1f1gf16nKP6dyvP4TAD
      Content-Type:
      - application/x-www-form-urlencoded
      X-Stripe-Client-Telemetry:
      - '{"last_request_metrics":{"request_id":"req_OR714HUSQBc9m5","request_duration_ms":524}}'
      Idempotency-Key:
      - 68dd8b61-fca3-4cd5-bd83-b53b02c33815
      Stripe-Version:
      - '2023-10-16'
      X-Stripe-Client-User-Agent:
      - '{"bindings_version":"10.0.0","lang":"ruby","lang_version":"3.2.2 p53 (2023-03-30)","platform":"arm64-darwin20","engine":"ruby","publisher":"stripe","uname":"Darwin
        Harbakshs-MacBook-Air.local 20.5.0 Darwin Kernel Version 20.5.0: Sat May  8
        05:10:31 PDT 2021; root:xnu-7195.121.3~9/RELEASE_ARM64_T8101 arm64","hostname":"Harbakshs-MacBook-Air.local"}'
      Accept-Encoding:
      - gzip;q=1.0,deflate;q=0.6,identity;q=0.3
      Accept:
      - "*/*"
  response:
    status:
      code: 200
      message: OK
    headers:
      Server:
      - nginx
      Date:
      - Tue, 31 Oct 2023 19:40:20 GMT
      Content-Type:
      - application/json
      Content-Length:
      - '931'
      Connection:
      - keep-alive
      Access-Control-Allow-Credentials:
      - 'true'
      Access-Control-Allow-Methods:
      - GET,HEAD,PUT,PATCH,POST,DELETE
      Access-Control-Allow-Origin:
      - "*"
      Access-Control-Expose-Headers:
      - Request-Id, Stripe-Manage-Version, Stripe-Should-Retry, X-Stripe-External-Auth-Required,
        X-Stripe-Privileged-Session-Required
      Access-Control-Max-Age:
      - '300'
      Cache-Control:
      - no-cache, no-store
      Content-Security-Policy-Report-Only:
      - report-uri https://q.stripe.com/csp-report?p=v1%2Fpayment_methods; block-all-mixed-content;
        default-src 'none'; base-uri 'none'; form-action 'none'; frame-ancestors 'none';
        img-src 'self'; script-src 'self' 'report-sample'; style-src 'self'
      Idempotency-Key:
      - 68dd8b61-fca3-4cd5-bd83-b53b02c33815
      Original-Request:
      - req_H7MQCBVhVPOhsR
      Request-Id:
      - req_H7MQCBVhVPOhsR
      Stripe-Should-Retry:
      - 'false'
      Stripe-Version:
      - '2023-10-16'
      Vary:
      - Origin
      X-Stripe-Routing-Context-Priority-Tier:
      - api-testmode
      Strict-Transport-Security:
      - max-age=63072000; includeSubDomains; preload
    body:
      encoding: UTF-8
      string: |-
        {
          "id": "pm_0O7NnT9e1RjUNIyYxMA2QFTu",
          "object": "payment_method",
          "billing_details": {
            "address": {
              "city": null,
              "country": null,
              "line1": null,
              "line2": null,
              "postal_code": null,
              "state": null
            },
            "email": null,
            "name": null,
            "phone": null
          },
          "card": {
            "brand": "visa",
            "checks": {
              "address_line1_check": null,
              "address_postal_code_check": null,
              "cvc_check": "unchecked"
            },
            "country": "US",
            "exp_month": 12,
            "exp_year": 2023,
            "fingerprint": "oiLxi0ZM3Ud9pQDh",
            "funding": "credit",
            "generated_from": null,
            "last4": "0002",
            "networks": {
              "available": [
                "visa"
              ],
              "preferred": null
            },
            "three_d_secure_usage": {
              "supported": true
            },
            "wallet": null
          },
          "created": 1698781219,
          "customer": null,
          "livemode": false,
          "metadata": {},
          "type": "card"
        }
  recorded_at: Tue, 31 Oct 2023 19:40:20 GMT
- request:
    method: post
    uri: https://api.stripe.com/v1/payment_methods
    body:
      encoding: UTF-8
      string: type=card&card[number]=4000+0000+0000+0101&card[exp_month]=12&card[exp_year]=2023&card[cvc]=123
    headers:
      User-Agent:
      - Stripe/v1 RubyBindings/10.0.0
      Authorization:
      - Bearer sk_test_4MnOc1f1gf16nKP6dyvP4TAD
      Content-Type:
      - application/x-www-form-urlencoded
      X-Stripe-Client-Telemetry:
      - '{"last_request_metrics":{"request_id":"req_H7MQCBVhVPOhsR","request_duration_ms":493}}'
      Idempotency-Key:
      - f5238dd4-c967-4bcc-be43-252f3435d72b
      Stripe-Version:
      - '2023-10-16'
      X-Stripe-Client-User-Agent:
      - '{"bindings_version":"10.0.0","lang":"ruby","lang_version":"3.2.2 p53 (2023-03-30)","platform":"arm64-darwin20","engine":"ruby","publisher":"stripe","uname":"Darwin
        Harbakshs-MacBook-Air.local 20.5.0 Darwin Kernel Version 20.5.0: Sat May  8
        05:10:31 PDT 2021; root:xnu-7195.121.3~9/RELEASE_ARM64_T8101 arm64","hostname":"Harbakshs-MacBook-Air.local"}'
      Accept-Encoding:
      - gzip;q=1.0,deflate;q=0.6,identity;q=0.3
      Accept:
      - "*/*"
  response:
    status:
      code: 200
      message: OK
    headers:
      Server:
      - nginx
      Date:
      - Tue, 31 Oct 2023 19:40:20 GMT
      Content-Type:
      - application/json
      Content-Length:
      - '931'
      Connection:
      - keep-alive
      Access-Control-Allow-Credentials:
      - 'true'
      Access-Control-Allow-Methods:
      - GET,HEAD,PUT,PATCH,POST,DELETE
      Access-Control-Allow-Origin:
      - "*"
      Access-Control-Expose-Headers:
      - Request-Id, Stripe-Manage-Version, Stripe-Should-Retry, X-Stripe-External-Auth-Required,
        X-Stripe-Privileged-Session-Required
      Access-Control-Max-Age:
      - '300'
      Cache-Control:
      - no-cache, no-store
      Content-Security-Policy-Report-Only:
      - report-uri https://q.stripe.com/csp-report?p=v1%2Fpayment_methods; block-all-mixed-content;
        default-src 'none'; base-uri 'none'; form-action 'none'; frame-ancestors 'none';
        img-src 'self'; script-src 'self' 'report-sample'; style-src 'self'
      Idempotency-Key:
      - f5238dd4-c967-4bcc-be43-252f3435d72b
      Original-Request:
      - req_cB5gDcxwFSTFjC
      Request-Id:
      - req_cB5gDcxwFSTFjC
      Stripe-Should-Retry:
      - 'false'
      Stripe-Version:
      - '2023-10-16'
      Vary:
      - Origin
      X-Stripe-Routing-Context-Priority-Tier:
      - api-testmode
      Strict-Transport-Security:
      - max-age=63072000; includeSubDomains; preload
    body:
      encoding: UTF-8
      string: |-
        {
          "id": "pm_0O7NnU9e1RjUNIyYwlixIemj",
          "object": "payment_method",
          "billing_details": {
            "address": {
              "city": null,
              "country": null,
              "line1": null,
              "line2": null,
              "postal_code": null,
              "state": null
            },
            "email": null,
            "name": null,
            "phone": null
          },
          "card": {
            "brand": "visa",
            "checks": {
              "address_line1_check": null,
              "address_postal_code_check": null,
              "cvc_check": "unchecked"
            },
            "country": "US",
            "exp_month": 12,
            "exp_year": 2023,
            "fingerprint": "ozNUiPGS1W6xWvQ1",
            "funding": "credit",
            "generated_from": null,
            "last4": "0101",
            "networks": {
              "available": [
                "visa"
              ],
              "preferred": null
            },
            "three_d_secure_usage": {
              "supported": true
            },
            "wallet": null
          },
          "created": 1698781220,
          "customer": null,
          "livemode": false,
          "metadata": {},
          "type": "card"
        }
  recorded_at: Tue, 31 Oct 2023 19:40:20 GMT
- request:
    method: post
    uri: https://api.stripe.com/v1/payment_methods
    body:
      encoding: UTF-8
      string: type=card&card[number]=4000+0000+0000+0341&card[exp_month]=12&card[exp_year]=2023&card[cvc]=123
    headers:
      User-Agent:
      - Stripe/v1 RubyBindings/10.0.0
      Authorization:
      - Bearer sk_test_4MnOc1f1gf16nKP6dyvP4TAD
      Content-Type:
      - application/x-www-form-urlencoded
      X-Stripe-Client-Telemetry:
      - '{"last_request_metrics":{"request_id":"req_cB5gDcxwFSTFjC","request_duration_ms":499}}'
      Idempotency-Key:
      - dd022752-a80b-4a4f-b081-3c406dd44013
      Stripe-Version:
      - '2023-10-16'
      X-Stripe-Client-User-Agent:
      - '{"bindings_version":"10.0.0","lang":"ruby","lang_version":"3.2.2 p53 (2023-03-30)","platform":"arm64-darwin20","engine":"ruby","publisher":"stripe","uname":"Darwin
        Harbakshs-MacBook-Air.local 20.5.0 Darwin Kernel Version 20.5.0: Sat May  8
        05:10:31 PDT 2021; root:xnu-7195.121.3~9/RELEASE_ARM64_T8101 arm64","hostname":"Harbakshs-MacBook-Air.local"}'
      Accept-Encoding:
      - gzip;q=1.0,deflate;q=0.6,identity;q=0.3
      Accept:
      - "*/*"
  response:
    status:
      code: 200
      message: OK
    headers:
      Server:
      - nginx
      Date:
      - Tue, 31 Oct 2023 19:40:21 GMT
      Content-Type:
      - application/json
      Content-Length:
      - '931'
      Connection:
      - keep-alive
      Access-Control-Allow-Credentials:
      - 'true'
      Access-Control-Allow-Methods:
      - GET,HEAD,PUT,PATCH,POST,DELETE
      Access-Control-Allow-Origin:
      - "*"
      Access-Control-Expose-Headers:
      - Request-Id, Stripe-Manage-Version, Stripe-Should-Retry, X-Stripe-External-Auth-Required,
        X-Stripe-Privileged-Session-Required
      Access-Control-Max-Age:
      - '300'
      Cache-Control:
      - no-cache, no-store
      Content-Security-Policy-Report-Only:
      - report-uri https://q.stripe.com/csp-report?p=v1%2Fpayment_methods; block-all-mixed-content;
        default-src 'none'; base-uri 'none'; form-action 'none'; frame-ancestors 'none';
        img-src 'self'; script-src 'self' 'report-sample'; style-src 'self'
      Idempotency-Key:
      - dd022752-a80b-4a4f-b081-3c406dd44013
      Original-Request:
      - req_EKJeSIqQxPMw3I
      Request-Id:
      - req_EKJeSIqQxPMw3I
      Stripe-Should-Retry:
      - 'false'
      Stripe-Version:
      - '2023-10-16'
      Vary:
      - Origin
      X-Stripe-Routing-Context-Priority-Tier:
      - api-testmode
      Strict-Transport-Security:
      - max-age=63072000; includeSubDomains; preload
    body:
      encoding: UTF-8
      string: |-
        {
          "id": "pm_0O7NnU9e1RjUNIyYGmKtiIVz",
          "object": "payment_method",
          "billing_details": {
            "address": {
              "city": null,
              "country": null,
              "line1": null,
              "line2": null,
              "postal_code": null,
              "state": null
            },
            "email": null,
            "name": null,
            "phone": null
          },
          "card": {
            "brand": "visa",
            "checks": {
              "address_line1_check": null,
              "address_postal_code_check": null,
              "cvc_check": "unchecked"
            },
            "country": "US",
            "exp_month": 12,
            "exp_year": 2023,
            "fingerprint": "waikMtIz0irgsfaY",
            "funding": "credit",
            "generated_from": null,
            "last4": "0341",
            "networks": {
              "available": [
                "visa"
              ],
              "preferred": null
            },
            "three_d_secure_usage": {
              "supported": true
            },
            "wallet": null
          },
          "created": 1698781221,
          "customer": null,
          "livemode": false,
          "metadata": {},
          "type": "card"
        }
  recorded_at: Tue, 31 Oct 2023 19:40:21 GMT
- request:
    method: get
    uri: https://api.stripe.com/v1/payment_methods/pm_0O7NnT9e1RjUNIyYwWs4Rkt3
    body:
      encoding: US-ASCII
      string: ''
    headers:
      User-Agent:
      - Stripe/v1 RubyBindings/10.0.0
      Authorization:
      - Bearer sk_test_4MnOc1f1gf16nKP6dyvP4TAD
      Content-Type:
      - application/x-www-form-urlencoded
      X-Stripe-Client-Telemetry:
      - '{"last_request_metrics":{"request_id":"req_EKJeSIqQxPMw3I","request_duration_ms":552}}'
      Stripe-Version:
      - '2023-10-16'
      X-Stripe-Client-User-Agent:
      - '{"bindings_version":"10.0.0","lang":"ruby","lang_version":"3.2.2 p53 (2023-03-30)","platform":"arm64-darwin20","engine":"ruby","publisher":"stripe","uname":"Darwin
        Harbakshs-MacBook-Air.local 20.5.0 Darwin Kernel Version 20.5.0: Sat May  8
        05:10:31 PDT 2021; root:xnu-7195.121.3~9/RELEASE_ARM64_T8101 arm64","hostname":"Harbakshs-MacBook-Air.local"}'
      Accept-Encoding:
      - gzip;q=1.0,deflate;q=0.6,identity;q=0.3
      Accept:
      - "*/*"
  response:
    status:
      code: 200
      message: OK
    headers:
      Server:
      - nginx
      Date:
      - Tue, 31 Oct 2023 19:40:21 GMT
      Content-Type:
      - application/json
      Content-Length:
      - '931'
      Connection:
      - keep-alive
      Access-Control-Allow-Credentials:
      - 'true'
      Access-Control-Allow-Methods:
      - GET,HEAD,PUT,PATCH,POST,DELETE
      Access-Control-Allow-Origin:
      - "*"
      Access-Control-Expose-Headers:
      - Request-Id, Stripe-Manage-Version, Stripe-Should-Retry, X-Stripe-External-Auth-Required,
        X-Stripe-Privileged-Session-Required
      Access-Control-Max-Age:
      - '300'
      Cache-Control:
      - no-cache, no-store
      Content-Security-Policy-Report-Only:
      - report-uri https://q.stripe.com/csp-report?p=v1%2Fpayment_methods%2F%3Apayment_method;
        block-all-mixed-content; default-src 'none'; base-uri 'none'; form-action
        'none'; frame-ancestors 'none'; img-src 'self'; script-src 'self' 'report-sample';
        style-src 'self'
      Request-Id:
      - req_VBukdGDSkIkP5E
      Stripe-Version:
      - '2023-10-16'
      Vary:
      - Origin
      X-Stripe-Routing-Context-Priority-Tier:
      - api-testmode
      Strict-Transport-Security:
      - max-age=63072000; includeSubDomains; preload
    body:
      encoding: UTF-8
      string: |-
        {
          "id": "pm_0O7NnT9e1RjUNIyYwWs4Rkt3",
          "object": "payment_method",
          "billing_details": {
            "address": {
              "city": null,
              "country": null,
              "line1": null,
              "line2": null,
              "postal_code": null,
              "state": null
            },
            "email": null,
            "name": null,
            "phone": null
          },
          "card": {
            "brand": "visa",
            "checks": {
              "address_line1_check": null,
              "address_postal_code_check": null,
              "cvc_check": "unchecked"
            },
            "country": "US",
            "exp_month": 12,
            "exp_year": 2023,
            "fingerprint": "W691J2Ye3VDoq6Ij",
            "funding": "credit",
            "generated_from": null,
            "last4": "4242",
            "networks": {
              "available": [
                "visa"
              ],
              "preferred": null
            },
            "three_d_secure_usage": {
              "supported": true
            },
            "wallet": null
          },
          "created": 1698781219,
          "customer": null,
          "livemode": false,
          "metadata": {},
          "type": "card"
        }
  recorded_at: Tue, 31 Oct 2023 19:40:21 GMT
- request:
    method: post
    uri: https://api.stripe.com/v1/customers
    body:
      encoding: UTF-8
      string: description=&payment_method=pm_0O7NnT9e1RjUNIyYwWs4Rkt3
    headers:
      User-Agent:
      - Stripe/v1 RubyBindings/10.0.0
      Authorization:
      - Bearer sk_test_4MnOc1f1gf16nKP6dyvP4TAD
      Content-Type:
      - application/x-www-form-urlencoded
      X-Stripe-Client-Telemetry:
      - '{"last_request_metrics":{"request_id":"req_VBukdGDSkIkP5E","request_duration_ms":348}}'
      Idempotency-Key:
      - 799d53f7-bb1e-4e5b-8e73-17e25727bdae
      Stripe-Version:
      - '2023-10-16'
      X-Stripe-Client-User-Agent:
      - '{"bindings_version":"10.0.0","lang":"ruby","lang_version":"3.2.2 p53 (2023-03-30)","platform":"arm64-darwin20","engine":"ruby","publisher":"stripe","uname":"Darwin
        Harbakshs-MacBook-Air.local 20.5.0 Darwin Kernel Version 20.5.0: Sat May  8
        05:10:31 PDT 2021; root:xnu-7195.121.3~9/RELEASE_ARM64_T8101 arm64","hostname":"Harbakshs-MacBook-Air.local"}'
      Accept-Encoding:
      - gzip;q=1.0,deflate;q=0.6,identity;q=0.3
      Accept:
      - "*/*"
  response:
    status:
      code: 200
      message: OK
    headers:
      Server:
      - nginx
      Date:
      - Tue, 31 Oct 2023 19:40:22 GMT
      Content-Type:
      - application/json
      Content-Length:
      - '614'
      Connection:
      - keep-alive
      Access-Control-Allow-Credentials:
      - 'true'
      Access-Control-Allow-Methods:
      - GET,HEAD,PUT,PATCH,POST,DELETE
      Access-Control-Allow-Origin:
      - "*"
      Access-Control-Expose-Headers:
      - Request-Id, Stripe-Manage-Version, Stripe-Should-Retry, X-Stripe-External-Auth-Required,
        X-Stripe-Privileged-Session-Required
      Access-Control-Max-Age:
      - '300'
      Cache-Control:
      - no-cache, no-store
      Content-Security-Policy-Report-Only:
      - report-uri https://q.stripe.com/csp-report?p=v1%2Fcustomers; block-all-mixed-content;
        default-src 'none'; base-uri 'none'; form-action 'none'; frame-ancestors 'none';
        img-src 'self'; script-src 'self' 'report-sample'; style-src 'self'
      Idempotency-Key:
      - 799d53f7-bb1e-4e5b-8e73-17e25727bdae
      Original-Request:
      - req_KQR4OJrValnRjq
      Request-Id:
      - req_KQR4OJrValnRjq
      Stripe-Should-Retry:
      - 'false'
      Stripe-Version:
      - '2023-10-16'
      Vary:
      - Origin
      X-Stripe-Routing-Context-Priority-Tier:
      - api-testmode
      Strict-Transport-Security:
      - max-age=63072000; includeSubDomains; preload
    body:
      encoding: UTF-8
      string: |-
        {
          "id": "cus_OvEGmgjKIOYdSE",
          "object": "customer",
          "address": null,
          "balance": 0,
          "created": 1698781222,
          "currency": null,
          "default_source": null,
          "delinquent": false,
          "description": null,
          "discount": null,
          "email": null,
          "invoice_prefix": "4CD6CC84",
          "invoice_settings": {
            "custom_fields": null,
            "default_payment_method": null,
            "footer": null,
            "rendering_options": null
          },
          "livemode": false,
          "metadata": {},
          "name": null,
          "next_invoice_sequence": 1,
          "phone": null,
          "preferred_locales": [],
          "shipping": null,
          "tax_exempt": "none",
          "test_clock": null
        }
  recorded_at: Tue, 31 Oct 2023 19:40:22 GMT
- request:
    method: post
    uri: https://api.stripe.com/v1/setup_intents
    body:
      encoding: UTF-8
      string: confirm=true&payment_method_types[0]=card&usage=off_session&payment_method=pm_0O7NnT9e1RjUNIyYwWs4Rkt3&customer=cus_OvEGmgjKIOYdSE
    headers:
      User-Agent:
      - Stripe/v1 RubyBindings/10.0.0
      Authorization:
      - Bearer sk_test_4MnOc1f1gf16nKP6dyvP4TAD
      Content-Type:
      - application/x-www-form-urlencoded
      X-Stripe-Client-Telemetry:
      - '{"last_request_metrics":{"request_id":"req_KQR4OJrValnRjq","request_duration_ms":921}}'
      Idempotency-Key:
      - 27c2edb9-1f80-4846-8629-6ba3bd6307bb
      Stripe-Version:
      - '2023-10-16'
      X-Stripe-Client-User-Agent:
      - '{"bindings_version":"10.0.0","lang":"ruby","lang_version":"3.2.2 p53 (2023-03-30)","platform":"arm64-darwin20","engine":"ruby","publisher":"stripe","uname":"Darwin
        Harbakshs-MacBook-Air.local 20.5.0 Darwin Kernel Version 20.5.0: Sat May  8
        05:10:31 PDT 2021; root:xnu-7195.121.3~9/RELEASE_ARM64_T8101 arm64","hostname":"Harbakshs-MacBook-Air.local"}'
      Accept-Encoding:
      - gzip;q=1.0,deflate;q=0.6,identity;q=0.3
      Accept:
      - "*/*"
  response:
    status:
      code: 200
      message: OK
    headers:
      Server:
      - nginx
      Date:
      - Tue, 31 Oct 2023 19:40:23 GMT
      Content-Type:
      - application/json
      Content-Length:
      - '929'
      Connection:
      - keep-alive
      Access-Control-Allow-Credentials:
      - 'true'
      Access-Control-Allow-Methods:
      - GET,HEAD,PUT,PATCH,POST,DELETE
      Access-Control-Allow-Origin:
      - "*"
      Access-Control-Expose-Headers:
      - Request-Id, Stripe-Manage-Version, Stripe-Should-Retry, X-Stripe-External-Auth-Required,
        X-Stripe-Privileged-Session-Required
      Access-Control-Max-Age:
      - '300'
      Cache-Control:
      - no-cache, no-store
      Content-Security-Policy-Report-Only:
      - report-uri https://q.stripe.com/csp-report?p=v1%2Fsetup_intents; block-all-mixed-content;
        default-src 'none'; base-uri 'none'; form-action 'none'; frame-ancestors 'none';
        img-src 'self'; script-src 'self' 'report-sample'; style-src 'self'
      Idempotency-Key:
      - 27c2edb9-1f80-4846-8629-6ba3bd6307bb
      Original-Request:
      - req_s1PSMpOjqJTIYe
      Request-Id:
      - req_s1PSMpOjqJTIYe
      Stripe-Should-Retry:
      - 'false'
      Stripe-Version:
      - '2023-10-16'
      Vary:
      - Origin
      X-Stripe-Routing-Context-Priority-Tier:
      - api-testmode
      Strict-Transport-Security:
      - max-age=63072000; includeSubDomains; preload
    body:
      encoding: UTF-8
      string: |-
        {
          "id": "seti_0O7NnX9e1RjUNIyYqxogZKgk",
          "object": "setup_intent",
          "application": null,
          "automatic_payment_methods": null,
          "cancellation_reason": null,
          "client_secret": "seti_0O7NnX9e1RjUNIyYqxogZKgk_secret_OvEGrDvaAlDcA6uUMG7VqWPR1Q8rKfd",
          "created": 1698781223,
          "customer": "cus_OvEGmgjKIOYdSE",
          "description": null,
          "flow_directions": null,
          "last_setup_error": null,
          "latest_attempt": "setatt_0O7NnX9e1RjUNIyYyUYmvfgh",
          "livemode": false,
          "mandate": null,
          "metadata": {},
          "next_action": null,
          "on_behalf_of": null,
          "payment_method": "pm_0O7NnT9e1RjUNIyYwWs4Rkt3",
          "payment_method_configuration_details": null,
          "payment_method_options": {
            "card": {
              "mandate_options": null,
              "network": null,
              "request_three_d_secure": "automatic"
            }
          },
          "payment_method_types": [
            "card"
          ],
          "single_use_mandate": null,
          "status": "succeeded",
          "usage": "off_session"
        }
  recorded_at: Tue, 31 Oct 2023 19:40:23 GMT
- request:
    method: post
    uri: https://api.stripe.com/v1/payment_intents
    body:
      encoding: UTF-8
      string: amount=600&currency=usd&description=You+bought+http%3A%2F%2Fedgardfea62732189.test.gumroad.com%3A31337%2Fl%2Fg&metadata[purchase]=NGUrKImgbdN-ZsvV0JLJTw%3D%3D&transfer_group=1229&payment_method_types[0]=card&confirmation_method=manual&confirm=true&off_session=true&customer=cus_OvEGmgjKIOYdSE&payment_method=pm_0O7NnT9e1RjUNIyYwWs4Rkt3&statement_descriptor_suffix=edgardfea62732189
    headers:
      User-Agent:
      - Stripe/v1 RubyBindings/10.0.0
      Authorization:
      - Bearer sk_test_4MnOc1f1gf16nKP6dyvP4TAD
      Content-Type:
      - application/x-www-form-urlencoded
      X-Stripe-Client-Telemetry:
      - '{"last_request_metrics":{"request_id":"req_s1PSMpOjqJTIYe","request_duration_ms":959}}'
      Idempotency-Key:
      - 9664eca5-530e-493c-9ab3-449b7af6a4f8
      Stripe-Version:
      - '2023-10-16'
      X-Stripe-Client-User-Agent:
      - '{"bindings_version":"10.0.0","lang":"ruby","lang_version":"3.2.2 p53 (2023-03-30)","platform":"arm64-darwin20","engine":"ruby","publisher":"stripe","uname":"Darwin
        Harbakshs-MacBook-Air.local 20.5.0 Darwin Kernel Version 20.5.0: Sat May  8
        05:10:31 PDT 2021; root:xnu-7195.121.3~9/RELEASE_ARM64_T8101 arm64","hostname":"Harbakshs-MacBook-Air.local"}'
      Accept-Encoding:
      - gzip;q=1.0,deflate;q=0.6,identity;q=0.3
      Accept:
      - "*/*"
  response:
    status:
      code: 200
      message: OK
    headers:
      Server:
      - nginx
      Date:
      - Tue, 31 Oct 2023 19:40:25 GMT
      Content-Type:
      - application/json
      Content-Length:
      - '1497'
      Connection:
      - keep-alive
      Access-Control-Allow-Credentials:
      - 'true'
      Access-Control-Allow-Methods:
      - GET,HEAD,PUT,PATCH,POST,DELETE
      Access-Control-Allow-Origin:
      - "*"
      Access-Control-Expose-Headers:
      - Request-Id, Stripe-Manage-Version, Stripe-Should-Retry, X-Stripe-External-Auth-Required,
        X-Stripe-Privileged-Session-Required
      Access-Control-Max-Age:
      - '300'
      Cache-Control:
      - no-cache, no-store
      Content-Security-Policy-Report-Only:
      - report-uri https://q.stripe.com/csp-report?p=v1%2Fpayment_intents; block-all-mixed-content;
        default-src 'none'; base-uri 'none'; form-action 'none'; frame-ancestors 'none';
        img-src 'self'; script-src 'self' 'report-sample'; style-src 'self'
      Idempotency-Key:
      - 9664eca5-530e-493c-9ab3-449b7af6a4f8
      Original-Request:
      - req_ugPiFBLxmHhQ6v
      Request-Id:
      - req_ugPiFBLxmHhQ6v
      Stripe-Should-Retry:
      - 'false'
      Stripe-Version:
      - '2023-10-16'
      Vary:
      - Origin
      X-Stripe-Routing-Context-Priority-Tier:
      - api-testmode
      Strict-Transport-Security:
      - max-age=63072000; includeSubDomains; preload
    body:
      encoding: UTF-8
      string: |-
        {
          "id": "pi_2O7NnY9e1RjUNIyY0oisRJGd",
          "object": "payment_intent",
          "amount": 600,
          "amount_capturable": 0,
          "amount_details": {
            "tip": {}
          },
          "amount_received": 600,
          "application": null,
          "application_fee_amount": null,
          "automatic_payment_methods": null,
          "canceled_at": null,
          "cancellation_reason": null,
          "capture_method": "automatic",
          "client_secret": "pi_2O7NnY9e1RjUNIyY0oisRJGd_secret_moDbrYcMh8cpW6JkPx4Fqljgq",
          "confirmation_method": "manual",
          "created": 1698781224,
          "currency": "usd",
          "customer": "cus_OvEGmgjKIOYdSE",
          "description": "You bought http://edgardfea62732189.test.gumroad.com:31337/l/g",
          "invoice": null,
          "last_payment_error": null,
          "latest_charge": "ch_2O7NnY9e1RjUNIyY03R085rH",
          "livemode": false,
          "metadata": {
            "purchase": "NGUrKImgbdN-ZsvV0JLJTw=="
          },
          "next_action": null,
          "on_behalf_of": null,
          "payment_method": "pm_0O7NnT9e1RjUNIyYwWs4Rkt3",
          "payment_method_configuration_details": null,
          "payment_method_options": {
            "card": {
              "installments": null,
              "mandate_options": null,
              "network": null,
              "request_three_d_secure": "automatic"
            }
          },
          "payment_method_types": [
            "card"
          ],
          "processing": null,
          "receipt_email": null,
          "review": null,
          "setup_future_usage": null,
          "shipping": null,
          "source": null,
          "statement_descriptor": null,
          "statement_descriptor_suffix": "edgardfea62732189",
          "status": "succeeded",
          "transfer_data": null,
          "transfer_group": "1229"
        }
  recorded_at: Tue, 31 Oct 2023 19:40:25 GMT
- request:
    method: get
    uri: https://api.stripe.com/v1/charges/ch_2O7NnY9e1RjUNIyY03R085rH?expand%5B%5D=application_fee.balance_transaction&expand%5B%5D=balance_transaction
    body:
      encoding: US-ASCII
      string: ''
    headers:
      User-Agent:
      - Stripe/v1 RubyBindings/10.0.0
      Authorization:
      - Bearer sk_test_4MnOc1f1gf16nKP6dyvP4TAD
      Content-Type:
      - application/x-www-form-urlencoded
      X-Stripe-Client-Telemetry:
      - '{"last_request_metrics":{"request_id":"req_ugPiFBLxmHhQ6v","request_duration_ms":1349}}'
      Stripe-Version:
      - '2023-10-16'
      X-Stripe-Client-User-Agent:
      - '{"bindings_version":"10.0.0","lang":"ruby","lang_version":"3.2.2 p53 (2023-03-30)","platform":"arm64-darwin20","engine":"ruby","publisher":"stripe","uname":"Darwin
        Harbakshs-MacBook-Air.local 20.5.0 Darwin Kernel Version 20.5.0: Sat May  8
        05:10:31 PDT 2021; root:xnu-7195.121.3~9/RELEASE_ARM64_T8101 arm64","hostname":"Harbakshs-MacBook-Air.local"}'
      Accept-Encoding:
      - gzip;q=1.0,deflate;q=0.6,identity;q=0.3
      Accept:
      - "*/*"
  response:
    status:
      code: 200
      message: OK
    headers:
      Server:
      - nginx
      Date:
      - Tue, 31 Oct 2023 19:40:26 GMT
      Content-Type:
      - application/json
      Content-Length:
      - '3490'
      Connection:
      - keep-alive
      Access-Control-Allow-Credentials:
      - 'true'
      Access-Control-Allow-Methods:
      - GET,HEAD,PUT,PATCH,POST,DELETE
      Access-Control-Allow-Origin:
      - "*"
      Access-Control-Expose-Headers:
      - Request-Id, Stripe-Manage-Version, Stripe-Should-Retry, X-Stripe-External-Auth-Required,
        X-Stripe-Privileged-Session-Required
      Access-Control-Max-Age:
      - '300'
      Cache-Control:
      - no-cache, no-store
      Content-Security-Policy-Report-Only:
      - report-uri https://q.stripe.com/csp-report?p=v1%2Fcharges%2F%3Acharge; block-all-mixed-content;
        default-src 'none'; base-uri 'none'; form-action 'none'; frame-ancestors 'none';
        img-src 'self'; script-src 'self' 'report-sample'; style-src 'self'
      Request-Id:
      - req_f2USBfnabPECFz
      Stripe-Version:
      - '2023-10-16'
      Vary:
      - Origin
      X-Stripe-Routing-Context-Priority-Tier:
      - api-testmode
      Strict-Transport-Security:
      - max-age=63072000; includeSubDomains; preload
    body:
      encoding: UTF-8
      string: |-
        {
          "id": "ch_2O7NnY9e1RjUNIyY03R085rH",
          "object": "charge",
          "amount": 600,
          "amount_captured": 600,
          "amount_refunded": 0,
          "amount_updates": [],
          "application": null,
          "application_fee": null,
          "application_fee_amount": null,
          "balance_transaction": {
            "id": "txn_2O7NnY9e1RjUNIyY03x7Bew2",
            "object": "balance_transaction",
            "amount": 600,
            "available_on": 1698883200,
            "created": 1698781224,
            "currency": "usd",
            "description": "You bought http://edgardfea62732189.test.gumroad.com:31337/l/g",
            "exchange_rate": null,
            "fee": 35,
            "fee_details": [
              {
                "amount": 35,
                "application": null,
                "currency": "usd",
                "description": "Stripe processing fees",
                "type": "stripe_fee"
              }
            ],
            "net": 565,
            "reporting_category": "charge",
            "source": "ch_2O7NnY9e1RjUNIyY03R085rH",
            "status": "pending",
            "type": "charge"
          },
          "billing_details": {
            "address": {
              "city": null,
              "country": null,
              "line1": null,
              "line2": null,
              "postal_code": null,
              "state": null
            },
            "email": null,
            "name": null,
            "phone": null
          },
          "calculated_statement_descriptor": "GUMRD.COM* EDGARDFEA62",
          "captured": true,
          "created": 1698781224,
          "currency": "usd",
          "customer": "cus_OvEGmgjKIOYdSE",
          "description": "You bought http://edgardfea62732189.test.gumroad.com:31337/l/g",
          "destination": null,
          "dispute": null,
          "disputed": false,
          "failure_balance_transaction": null,
          "failure_code": null,
          "failure_message": null,
          "fraud_details": {},
          "invoice": null,
          "livemode": false,
          "metadata": {
            "purchase": "NGUrKImgbdN-ZsvV0JLJTw=="
          },
          "on_behalf_of": null,
          "order": null,
          "outcome": {
            "network_status": "approved_by_network",
            "reason": null,
            "risk_level": "normal",
            "risk_score": 26,
            "seller_message": "Payment complete.",
            "type": "authorized"
          },
          "paid": true,
          "payment_intent": "pi_2O7NnY9e1RjUNIyY0oisRJGd",
          "payment_method": "pm_0O7NnT9e1RjUNIyYwWs4Rkt3",
          "payment_method_details": {
            "card": {
              "amount_authorized": 600,
              "brand": "visa",
              "checks": {
                "address_line1_check": null,
                "address_postal_code_check": null,
                "cvc_check": "pass"
              },
              "country": "US",
              "exp_month": 12,
              "exp_year": 2023,
              "extended_authorization": {
                "status": "disabled"
              },
              "fingerprint": "W691J2Ye3VDoq6Ij",
              "funding": "credit",
              "incremental_authorization": {
                "status": "unavailable"
              },
              "installments": null,
              "last4": "4242",
              "mandate": null,
              "multicapture": {
                "status": "unavailable"
              },
              "network": "visa",
              "network_token": {
                "used": false
              },
              "overcapture": {
                "maximum_amount_capturable": 600,
                "status": "unavailable"
              },
              "three_d_secure": null,
              "wallet": null
            },
            "type": "card"
          },
          "receipt_email": null,
          "receipt_number": null,
          "receipt_url": "https://pay.stripe.com/receipts/payment/CAcaIgogOWUxUmpVTkl5WUdwQTlDZmgzUm1ReHhUemIxYWFrcEUoqrCFqgYyBsW_mQHsLzosFtHbbBkpgBbHPNd7a6BLYT1s6SR0G0nObK9TqGil49dVv9kQBRILjoPDFaQ",
          "refunded": false,
          "review": null,
          "shipping": null,
          "source": null,
          "source_transfer": null,
          "statement_descriptor": null,
          "statement_descriptor_suffix": "edgardfea62732189",
          "status": "succeeded",
          "transfer_data": null,
          "transfer_group": "1229"
        }
  recorded_at: Tue, 31 Oct 2023 19:40:26 GMT
recorded_with: VCR 6.2.0
