---
http_interactions:
- request:
    method: post
    uri: https://api.stripe.com/v1/payment_methods
    body:
      encoding: UTF-8
      string: type=card&card[number]=4242+4242+4242+4242&card[exp_month]=12&card[exp_year]=2024&card[cvc]=123&billing_details[address][postal_code]=12345
    headers:
      User-Agent:
      - Stripe/v1 RubyBindings/10.11.0
      Authorization:
      - Bearer sk_test_4MnOc1f1gf16nKP6dyvP4TAD
      Content-Type:
      - application/x-www-form-urlencoded
      X-Stripe-Client-Telemetry:
      - '{"last_request_metrics":{"request_id":"req_ND7NHwTw6SVpsN","request_duration_ms":553}}'
      Idempotency-Key:
      - a0e240e8-e4cf-431d-a84e-07b98c51ccf9
      Stripe-Version:
      - '2023-10-16'
      X-Stripe-Client-User-Agent:
      - '{"bindings_version":"10.11.0","lang":"ruby","lang_version":"3.2.2 p53 (2023-03-30)","platform":"x86_64-darwin23","engine":"ruby","publisher":"stripe","uname":"Darwin
        Jonos-MacBook-Pro.local 23.2.0 Darwin Kernel Version 23.2.0: Wed Nov 15 21:54:10
        PST 2023; root:xnu-10002.61.3~2/RELEASE_X86_64 x86_64","hostname":"Jonos-MacBook-Pro.local"}'
      Accept-Encoding:
      - gzip;q=1.0,deflate;q=0.6,identity;q=0.3
      Accept:
      - "*/*"
  response:
    status:
      code: 200
      message: OK
    headers:
      Server:
      - nginx
      Date:
      - Wed, 13 Mar 2024 11:22:46 GMT
      Content-Type:
      - application/json
      Content-Length:
      - '970'
      Connection:
      - keep-alive
      Access-Control-Allow-Credentials:
      - 'true'
      Access-Control-Allow-Methods:
      - GET,HEAD,PUT,PATCH,POST,DELETE
      Access-Control-Allow-Origin:
      - "*"
      Access-Control-Expose-Headers:
      - Request-Id, Stripe-Manage-Version, Stripe-Should-Retry, X-Stripe-External-Auth-Required,
        X-Stripe-Privileged-Session-Required
      Access-Control-Max-Age:
      - '300'
      Cache-Control:
      - no-cache, no-store
      Content-Security-Policy:
      - report-uri https://q.stripe.com/csp-report?p=v1%2Fpayment_methods; block-all-mixed-content;
        default-src 'none'; base-uri 'none'; form-action 'none'; frame-ancestors 'none';
        img-src 'self'; script-src 'self' 'report-sample'; style-src 'self'
      Cross-Origin-Opener-Policy-Report-Only:
      - same-origin; report-to=https://q.stripe.com/coop-report
      Idempotency-Key:
      - a0e240e8-e4cf-431d-a84e-07b98c51ccf9
      Original-Request:
      - req_U74rHJIhDOL25x
      Request-Id:
      - req_U74rHJIhDOL25x
      Stripe-Should-Retry:
      - 'false'
      Stripe-Version:
      - '2023-10-16'
      Vary:
      - Origin
      X-Stripe-Routing-Context-Priority-Tier:
      - api-testmode
      Strict-Transport-Security:
      - max-age=63072000; includeSubDomains; preload
    body:
      encoding: UTF-8
      string: |-
        {
          "id": "pm_0OtptS9e1RjUNIyYqIokHt7G",
          "object": "payment_method",
          "billing_details": {
            "address": {
              "city": null,
              "country": null,
              "line1": null,
              "line2": null,
              "postal_code": "12345",
              "state": null
            },
            "email": null,
            "name": null,
            "phone": null
          },
          "card": {
            "brand": "visa",
            "checks": {
              "address_line1_check": null,
              "address_postal_code_check": "unchecked",
              "cvc_check": "unchecked"
            },
            "country": "US",
            "display_brand": "visa",
            "exp_month": 12,
            "exp_year": 2024,
            "fingerprint": "W691J2Ye3VDoq6Ij",
            "funding": "credit",
            "generated_from": null,
            "last4": "4242",
            "networks": {
              "available": [
                "visa"
              ],
              "preferred": null
            },
            "three_d_secure_usage": {
              "supported": true
            },
            "wallet": null
          },
          "created": 1710328966,
          "customer": null,
          "livemode": false,
          "metadata": {},
          "type": "card"
        }
  recorded_at: Wed, 13 Mar 2024 11:22:46 GMT
- request:
    method: get
    uri: https://api.stripe.com/v1/payment_methods/pm_0OtptS9e1RjUNIyYqIokHt7G
    body:
      encoding: US-ASCII
      string: ''
    headers:
      User-Agent:
      - Stripe/v1 RubyBindings/10.11.0
      Authorization:
      - Bearer sk_test_4MnOc1f1gf16nKP6dyvP4TAD
      Content-Type:
      - application/x-www-form-urlencoded
      X-Stripe-Client-Telemetry:
      - '{"last_request_metrics":{"request_id":"req_U74rHJIhDOL25x","request_duration_ms":405}}'
      Stripe-Version:
      - '2023-10-16'
      X-Stripe-Client-User-Agent:
      - '{"bindings_version":"10.11.0","lang":"ruby","lang_version":"3.2.2 p53 (2023-03-30)","platform":"x86_64-darwin23","engine":"ruby","publisher":"stripe","uname":"Darwin
        Jonos-MacBook-Pro.local 23.2.0 Darwin Kernel Version 23.2.0: Wed Nov 15 21:54:10
        PST 2023; root:xnu-10002.61.3~2/RELEASE_X86_64 x86_64","hostname":"Jonos-MacBook-Pro.local"}'
      Accept-Encoding:
      - gzip;q=1.0,deflate;q=0.6,identity;q=0.3
      Accept:
      - "*/*"
  response:
    status:
      code: 200
      message: OK
    headers:
      Server:
      - nginx
      Date:
      - Wed, 13 Mar 2024 11:22:47 GMT
      Content-Type:
      - application/json
      Content-Length:
      - '970'
      Connection:
      - keep-alive
      Access-Control-Allow-Credentials:
      - 'true'
      Access-Control-Allow-Methods:
      - GET,HEAD,PUT,PATCH,POST,DELETE
      Access-Control-Allow-Origin:
      - "*"
      Access-Control-Expose-Headers:
      - Request-Id, Stripe-Manage-Version, Stripe-Should-Retry, X-Stripe-External-Auth-Required,
        X-Stripe-Privileged-Session-Required
      Access-Control-Max-Age:
      - '300'
      Cache-Control:
      - no-cache, no-store
      Content-Security-Policy:
      - report-uri https://q.stripe.com/csp-report?p=v1%2Fpayment_methods%2F%3Apayment_method;
        block-all-mixed-content; default-src 'none'; base-uri 'none'; form-action
        'none'; frame-ancestors 'none'; img-src 'self'; script-src 'self' 'report-sample';
        style-src 'self'
      Cross-Origin-Opener-Policy-Report-Only:
      - same-origin; report-to=https://q.stripe.com/coop-report
      Request-Id:
      - req_tCyiUxirke8rjn
      Stripe-Version:
      - '2023-10-16'
      Vary:
      - Origin
      X-Stripe-Routing-Context-Priority-Tier:
      - api-testmode
      Strict-Transport-Security:
      - max-age=63072000; includeSubDomains; preload
    body:
      encoding: UTF-8
      string: |-
        {
          "id": "pm_0OtptS9e1RjUNIyYqIokHt7G",
          "object": "payment_method",
          "billing_details": {
            "address": {
              "city": null,
              "country": null,
              "line1": null,
              "line2": null,
              "postal_code": "12345",
              "state": null
            },
            "email": null,
            "name": null,
            "phone": null
          },
          "card": {
            "brand": "visa",
            "checks": {
              "address_line1_check": null,
              "address_postal_code_check": "unchecked",
              "cvc_check": "unchecked"
            },
            "country": "US",
            "display_brand": "visa",
            "exp_month": 12,
            "exp_year": 2024,
            "fingerprint": "W691J2Ye3VDoq6Ij",
            "funding": "credit",
            "generated_from": null,
            "last4": "4242",
            "networks": {
              "available": [
                "visa"
              ],
              "preferred": null
            },
            "three_d_secure_usage": {
              "supported": true
            },
            "wallet": null
          },
          "created": 1710328966,
          "customer": null,
          "livemode": false,
          "metadata": {},
          "type": "card"
        }
  recorded_at: Wed, 13 Mar 2024 11:22:47 GMT
- request:
    method: post
    uri: https://api.stripe.com/v1/payment_intents
    body:
      encoding: UTF-8
      string: amount=600&currency=usd&description=You+bought+http%3A%2F%2Fedgarb7b67209967.test.gumroad.com%3A31337%2Fl%2Fu&metadata[purchase]=P5ppE6H8XIjy2JSCgUhbAw%3D%3D&transfer_group=2&payment_method_types[0]=card&payment_method=pm_0OtptS9e1RjUNIyYqIokHt7G&statement_descriptor_suffix=edgarb7b67209967
    headers:
      User-Agent:
      - Stripe/v1 RubyBindings/10.11.0
      Authorization:
      - Bearer sk_test_4MnOc1f1gf16nKP6dyvP4TAD
      Content-Type:
      - application/x-www-form-urlencoded
      X-Stripe-Client-Telemetry:
      - '{"last_request_metrics":{"request_id":"req_tCyiUxirke8rjn","request_duration_ms":349}}'
      Idempotency-Key:
      - 7cd13980-cc48-4779-88a8-4848365b41c4
      Stripe-Version:
      - '2023-10-16'
      X-Stripe-Client-User-Agent:
      - '{"bindings_version":"10.11.0","lang":"ruby","lang_version":"3.2.2 p53 (2023-03-30)","platform":"x86_64-darwin23","engine":"ruby","publisher":"stripe","uname":"Darwin
        Jonos-MacBook-Pro.local 23.2.0 Darwin Kernel Version 23.2.0: Wed Nov 15 21:54:10
        PST 2023; root:xnu-10002.61.3~2/RELEASE_X86_64 x86_64","hostname":"Jonos-MacBook-Pro.local"}'
      Accept-Encoding:
      - gzip;q=1.0,deflate;q=0.6,identity;q=0.3
      Accept:
      - "*/*"
  response:
    status:
      code: 200
      message: OK
    headers:
      Server:
      - nginx
      Date:
      - Wed, 13 Mar 2024 11:22:47 GMT
      Content-Type:
      - application/json
      Content-Length:
      - '1464'
      Connection:
      - keep-alive
      Access-Control-Allow-Credentials:
      - 'true'
      Access-Control-Allow-Methods:
      - GET,HEAD,PUT,PATCH,POST,DELETE
      Access-Control-Allow-Origin:
      - "*"
      Access-Control-Expose-Headers:
      - Request-Id, Stripe-Manage-Version, Stripe-Should-Retry, X-Stripe-External-Auth-Required,
        X-Stripe-Privileged-Session-Required
      Access-Control-Max-Age:
      - '300'
      Cache-Control:
      - no-cache, no-store
      Content-Security-Policy:
      - report-uri https://q.stripe.com/csp-report?p=v1%2Fpayment_intents; block-all-mixed-content;
        default-src 'none'; base-uri 'none'; form-action 'none'; frame-ancestors 'none';
        img-src 'self'; script-src 'self' 'report-sample'; style-src 'self'
      Cross-Origin-Opener-Policy-Report-Only:
      - same-origin; report-to=https://q.stripe.com/coop-report
      Idempotency-Key:
      - 7cd13980-cc48-4779-88a8-4848365b41c4
      Original-Request:
      - req_5dtJmPDjNLMI5g
      Request-Id:
      - req_5dtJmPDjNLMI5g
      Stripe-Should-Retry:
      - 'false'
      Stripe-Version:
      - '2023-10-16'
      Vary:
      - Origin
      X-Stripe-Routing-Context-Priority-Tier:
      - api-testmode
      Strict-Transport-Security:
      - max-age=63072000; includeSubDomains; preload
    body:
      encoding: UTF-8
      string: |-
        {
          "id": "pi_2OtptT9e1RjUNIyY0dEMcLfP",
          "object": "payment_intent",
          "amount": 600,
          "amount_capturable": 0,
          "amount_details": {
            "tip": {}
          },
          "amount_received": 0,
          "application": null,
          "application_fee_amount": null,
          "automatic_payment_methods": null,
          "canceled_at": null,
          "cancellation_reason": null,
          "capture_method": "automatic",
          "client_secret": "pi_2OtptT9e1RjUNIyY0dEMcLfP_secret_Gj92lq9Hn76NR8sG3CtaSGQ1F",
          "confirmation_method": "automatic",
          "created": 1710328967,
          "currency": "usd",
          "customer": null,
          "description": "You bought http://edgarb7b67209967.test.gumroad.com:31337/l/u",
          "invoice": null,
          "last_payment_error": null,
          "latest_charge": null,
          "livemode": false,
          "metadata": {
            "purchase": "P5ppE6H8XIjy2JSCgUhbAw=="
          },
          "next_action": null,
          "on_behalf_of": null,
          "payment_method": "pm_0OtptS9e1RjUNIyYqIokHt7G",
          "payment_method_configuration_details": null,
          "payment_method_options": {
            "card": {
              "installments": null,
              "mandate_options": null,
              "network": null,
              "request_three_d_secure": "automatic"
            }
          },
          "payment_method_types": [
            "card"
          ],
          "processing": null,
          "receipt_email": null,
          "review": null,
          "setup_future_usage": null,
          "shipping": null,
          "source": null,
          "statement_descriptor": null,
          "statement_descriptor_suffix": "edgarb7b67209967",
          "status": "requires_confirmation",
          "transfer_data": null,
          "transfer_group": "2"
        }
  recorded_at: Wed, 13 Mar 2024 11:22:47 GMT
- request:
    method: post
    uri: https://api.stripe.com/v1/payment_intents/pi_2OtptT9e1RjUNIyY0dEMcLfP/confirm
    body:
      encoding: US-ASCII
      string: ''
    headers:
      User-Agent:
      - Stripe/v1 RubyBindings/10.11.0
      Authorization:
      - Bearer sk_test_4MnOc1f1gf16nKP6dyvP4TAD
      Content-Type:
      - application/x-www-form-urlencoded
      X-Stripe-Client-Telemetry:
      - '{"last_request_metrics":{"request_id":"req_5dtJmPDjNLMI5g","request_duration_ms":500}}'
      Idempotency-Key:
      - 3940956a-1abb-4249-8eba-b17b80ee1f1b
      Stripe-Version:
      - '2023-10-16'
      X-Stripe-Client-User-Agent:
      - '{"bindings_version":"10.11.0","lang":"ruby","lang_version":"3.2.2 p53 (2023-03-30)","platform":"x86_64-darwin23","engine":"ruby","publisher":"stripe","uname":"Darwin
        Jonos-MacBook-Pro.local 23.2.0 Darwin Kernel Version 23.2.0: Wed Nov 15 21:54:10
        PST 2023; root:xnu-10002.61.3~2/RELEASE_X86_64 x86_64","hostname":"Jonos-MacBook-Pro.local"}'
      Accept-Encoding:
      - gzip;q=1.0,deflate;q=0.6,identity;q=0.3
      Accept:
      - "*/*"
  response:
    status:
      code: 200
      message: OK
    headers:
      Server:
      - nginx
      Date:
      - Wed, 13 Mar 2024 11:22:49 GMT
      Content-Type:
      - application/json
      Content-Length:
      - '1479'
      Connection:
      - keep-alive
      Access-Control-Allow-Credentials:
      - 'true'
      Access-Control-Allow-Methods:
      - GET,HEAD,PUT,PATCH,POST,DELETE
      Access-Control-Allow-Origin:
      - "*"
      Access-Control-Expose-Headers:
      - Request-Id, Stripe-Manage-Version, Stripe-Should-Retry, X-Stripe-External-Auth-Required,
        X-Stripe-Privileged-Session-Required
      Access-Control-Max-Age:
      - '300'
      Cache-Control:
      - no-cache, no-store
      Content-Security-Policy:
      - report-uri https://q.stripe.com/csp-report?p=v1%2Fpayment_intents%2F%3Aintent%2Fconfirm;
        block-all-mixed-content; default-src 'none'; base-uri 'none'; form-action
        'none'; frame-ancestors 'none'; img-src 'self'; script-src 'self' 'report-sample';
        style-src 'self'
      Cross-Origin-Opener-Policy-Report-Only:
      - same-origin; report-to=https://q.stripe.com/coop-report
      Idempotency-Key:
      - 3940956a-1abb-4249-8eba-b17b80ee1f1b
      Original-Request:
      - req_H9YNWuSaZzY5Ci
      Request-Id:
      - req_H9YNWuSaZzY5Ci
      Stripe-Should-Retry:
      - 'false'
      Stripe-Version:
      - '2023-10-16'
      Vary:
      - Origin
      X-Stripe-Routing-Context-Priority-Tier:
      - api-testmode
      Strict-Transport-Security:
      - max-age=63072000; includeSubDomains; preload
    body:
      encoding: UTF-8
      string: |-
        {
          "id": "pi_2OtptT9e1RjUNIyY0dEMcLfP",
          "object": "payment_intent",
          "amount": 600,
          "amount_capturable": 0,
          "amount_details": {
            "tip": {}
          },
          "amount_received": 600,
          "application": null,
          "application_fee_amount": null,
          "automatic_payment_methods": null,
          "canceled_at": null,
          "cancellation_reason": null,
          "capture_method": "automatic",
          "client_secret": "pi_2OtptT9e1RjUNIyY0dEMcLfP_secret_Gj92lq9Hn76NR8sG3CtaSGQ1F",
          "confirmation_method": "automatic",
          "created": 1710328967,
          "currency": "usd",
          "customer": null,
          "description": "You bought http://edgarb7b67209967.test.gumroad.com:31337/l/u",
          "invoice": null,
          "last_payment_error": null,
          "latest_charge": "ch_2OtptT9e1RjUNIyY0EZqMG1i",
          "livemode": false,
          "metadata": {
            "purchase": "P5ppE6H8XIjy2JSCgUhbAw=="
          },
          "next_action": null,
          "on_behalf_of": null,
          "payment_method": "pm_0OtptS9e1RjUNIyYqIokHt7G",
          "payment_method_configuration_details": null,
          "payment_method_options": {
            "card": {
              "installments": null,
              "mandate_options": null,
              "network": null,
              "request_three_d_secure": "automatic"
            }
          },
          "payment_method_types": [
            "card"
          ],
          "processing": null,
          "receipt_email": null,
          "review": null,
          "setup_future_usage": null,
          "shipping": null,
          "source": null,
          "statement_descriptor": null,
          "statement_descriptor_suffix": "edgarb7b67209967",
          "status": "succeeded",
          "transfer_data": null,
          "transfer_group": "2"
        }
  recorded_at: Wed, 13 Mar 2024 11:22:48 GMT
- request:
    method: get
    uri: https://api.stripe.com/v1/charges/ch_2OtptT9e1RjUNIyY0EZqMG1i?expand%5B%5D=application_fee.balance_transaction&expand%5B%5D=balance_transaction
    body:
      encoding: US-ASCII
      string: ''
    headers:
      User-Agent:
      - Stripe/v1 RubyBindings/10.11.0
      Authorization:
      - Bearer sk_test_4MnOc1f1gf16nKP6dyvP4TAD
      Content-Type:
      - application/x-www-form-urlencoded
      X-Stripe-Client-Telemetry:
      - '{"last_request_metrics":{"request_id":"req_H9YNWuSaZzY5Ci","request_duration_ms":1270}}'
      Stripe-Version:
      - '2023-10-16'
      X-Stripe-Client-User-Agent:
      - '{"bindings_version":"10.11.0","lang":"ruby","lang_version":"3.2.2 p53 (2023-03-30)","platform":"x86_64-darwin23","engine":"ruby","publisher":"stripe","uname":"Darwin
        Jonos-MacBook-Pro.local 23.2.0 Darwin Kernel Version 23.2.0: Wed Nov 15 21:54:10
        PST 2023; root:xnu-10002.61.3~2/RELEASE_X86_64 x86_64","hostname":"Jonos-MacBook-Pro.local"}'
      Accept-Encoding:
      - gzip;q=1.0,deflate;q=0.6,identity;q=0.3
      Accept:
      - "*/*"
  response:
    status:
      code: 200
      message: OK
    headers:
      Server:
      - nginx
      Date:
      - Wed, 13 Mar 2024 11:22:50 GMT
      Content-Type:
      - application/json
      Content-Length:
      - '3496'
      Connection:
      - keep-alive
      Access-Control-Allow-Credentials:
      - 'true'
      Access-Control-Allow-Methods:
      - GET,HEAD,PUT,PATCH,POST,DELETE
      Access-Control-Allow-Origin:
      - "*"
      Access-Control-Expose-Headers:
      - Request-Id, Stripe-Manage-Version, Stripe-Should-Retry, X-Stripe-External-Auth-Required,
        X-Stripe-Privileged-Session-Required
      Access-Control-Max-Age:
      - '300'
      Cache-Control:
      - no-cache, no-store
      Content-Security-Policy:
      - report-uri https://q.stripe.com/csp-report?p=v1%2Fcharges%2F%3Acharge; block-all-mixed-content;
        default-src 'none'; base-uri 'none'; form-action 'none'; frame-ancestors 'none';
        img-src 'self'; script-src 'self' 'report-sample'; style-src 'self'
      Cross-Origin-Opener-Policy-Report-Only:
      - same-origin; report-to=https://q.stripe.com/coop-report
      Request-Id:
      - req_cwEhdZeymFZQT3
      Stripe-Version:
      - '2023-10-16'
      Vary:
      - Origin
      X-Stripe-Routing-Context-Priority-Tier:
      - api-testmode
      Strict-Transport-Security:
      - max-age=63072000; includeSubDomains; preload
    body:
      encoding: UTF-8
      string: |-
        {
          "id": "ch_2OtptT9e1RjUNIyY0EZqMG1i",
          "object": "charge",
          "amount": 600,
          "amount_captured": 600,
          "amount_refunded": 0,
          "amount_updates": [],
          "application": null,
          "application_fee": null,
          "application_fee_amount": null,
          "balance_transaction": {
            "id": "txn_2OtptT9e1RjUNIyY0Y1QRZdD",
            "object": "balance_transaction",
            "amount": 600,
            "available_on": 1710460800,
            "created": 1710328968,
            "currency": "usd",
            "description": "You bought http://edgarb7b67209967.test.gumroad.com:31337/l/u",
            "exchange_rate": null,
            "fee": 35,
            "fee_details": [
              {
                "amount": 35,
                "application": null,
                "currency": "usd",
                "description": "Stripe processing fees",
                "type": "stripe_fee"
              }
            ],
            "net": 565,
            "reporting_category": "charge",
            "source": "ch_2OtptT9e1RjUNIyY0EZqMG1i",
            "status": "pending",
            "type": "charge"
          },
          "billing_details": {
            "address": {
              "city": null,
              "country": null,
              "line1": null,
              "line2": null,
              "postal_code": "12345",
              "state": null
            },
            "email": null,
            "name": null,
            "phone": null
          },
          "calculated_statement_descriptor": "GUMRD.COM* EDGARB7B672",
          "captured": true,
          "created": 1710328968,
          "currency": "usd",
          "customer": null,
          "description": "You bought http://edgarb7b67209967.test.gumroad.com:31337/l/u",
          "destination": null,
          "dispute": null,
          "disputed": false,
          "failure_balance_transaction": null,
          "failure_code": null,
          "failure_message": null,
          "fraud_details": {},
          "invoice": null,
          "livemode": false,
          "metadata": {
            "purchase": "P5ppE6H8XIjy2JSCgUhbAw=="
          },
          "on_behalf_of": null,
          "order": null,
          "outcome": {
            "network_status": "approved_by_network",
            "reason": null,
            "risk_level": "normal",
            "risk_score": 53,
            "seller_message": "Payment complete.",
            "type": "authorized"
          },
          "paid": true,
          "payment_intent": "pi_2OtptT9e1RjUNIyY0dEMcLfP",
          "payment_method": "pm_0OtptS9e1RjUNIyYqIokHt7G",
          "payment_method_details": {
            "card": {
              "amount_authorized": 600,
              "brand": "visa",
              "checks": {
                "address_line1_check": null,
                "address_postal_code_check": "pass",
                "cvc_check": "pass"
              },
              "country": "US",
              "exp_month": 12,
              "exp_year": 2024,
              "extended_authorization": {
                "status": "disabled"
              },
              "fingerprint": "W691J2Ye3VDoq6Ij",
              "funding": "credit",
              "incremental_authorization": {
                "status": "unavailable"
              },
              "installments": null,
              "last4": "4242",
              "mandate": null,
              "multicapture": {
                "status": "unavailable"
              },
              "network": "visa",
              "network_token": {
                "used": false
              },
              "overcapture": {
                "maximum_amount_capturable": 600,
                "status": "unavailable"
              },
              "three_d_secure": null,
              "wallet": null
            },
            "type": "card"
          },
          "radar_options": {},
          "receipt_email": null,
          "receipt_number": null,
          "receipt_url": "https://pay.stripe.com/receipts/payment/CAcaIgogOWUxUmpVTkl5WUdwQTlDZmgzUm1ReHhUemIxYWFrcEUoipnGrwYyBgTtPC1zdDosFviZMXa5MDP1pAFOabXGH40WS1-Du8eapfPJ8EUZqTksgECDn6RotwpJOsA",
          "refunded": false,
          "review": null,
          "shipping": null,
          "source": null,
          "source_transfer": null,
          "statement_descriptor": null,
          "statement_descriptor_suffix": "edgarb7b67209967",
          "status": "succeeded",
          "transfer_data": null,
          "transfer_group": "2"
        }
  recorded_at: Wed, 13 Mar 2024 11:22:50 GMT
recorded_with: VCR 6.2.0
