---
http_interactions:
- request:
    method: post
    uri: https://api.stripe.com/v1/tokens
    body:
      encoding: UTF-8
      string: card[number]=4000+0566+5566+5556&card[exp_month]=12&card[exp_year]=2024&card[cvc]=123&card[currency]=usd
    headers:
      User-Agent:
      - Stripe/v1 RubyBindings/12.5.0
      Authorization:
      - Bearer sk_test_4MnOc1f1gf16nKP6dyvP4TAD
      Content-Type:
      - application/x-www-form-urlencoded
      Idempotency-Key:
      - 5cca4067-3e0b-44c2-bd6f-b31b7f7ab575
      Stripe-Version:
      - '2023-10-16'
      X-Stripe-Client-User-Agent:
      - '{"bindings_version":"12.5.0","lang":"ruby","lang_version":"3.3.4 p94 (2024-07-09)","platform":"arm64-darwin23","engine":"ruby","publisher":"stripe","uname":"Darwin
        Connors-Gumroad-MacBook-Pro.local 23.6.0 Darwin Kernel Version 23.6.0: Mon
        Jul 29 21:14:30 PDT 2024; root:xnu-10063.141.2~1/RELEASE_ARM64_T6030 arm64","hostname":"Connors-Gumroad-MacBook-Pro.local"}'
      Accept-Encoding:
      - gzip;q=1.0,deflate;q=0.6,identity;q=0.3
      Accept:
      - "*/*"
  response:
    status:
      code: 200
      message: OK
    headers:
      Server:
      - nginx
      Date:
      - Wed, 28 Aug 2024 20:11:00 GMT
      Content-Type:
      - application/json
      Content-Length:
      - '871'
      Connection:
      - keep-alive
      Access-Control-Allow-Credentials:
      - 'true'
      Access-Control-Allow-Methods:
      - GET,HEAD,PUT,PATCH,POST,DELETE
      Access-Control-Allow-Origin:
      - "*"
      Access-Control-Expose-Headers:
      - Request-Id, Stripe-Manage-Version, Stripe-Should-Retry, X-Stripe-External-Auth-Required,
        X-Stripe-Privileged-Session-Required
      Access-Control-Max-Age:
      - '300'
      Cache-Control:
      - no-cache, no-store
      Content-Security-Policy:
      - report-uri https://q.stripe.com/csp-report?p=v1%2Ftokens; block-all-mixed-content;
        default-src 'none'; base-uri 'none'; form-action 'none'; frame-ancestors 'none';
        img-src 'self'; script-src 'self' 'report-sample'; style-src 'self'
      Cross-Origin-Opener-Policy-Report-Only:
      - same-origin; report-to="coop"
      Idempotency-Key:
      - 5cca4067-3e0b-44c2-bd6f-b31b7f7ab575
      Original-Request:
      - req_GZ0IkJyWs9QFSV
      Report-To:
      - '{"group":"coop","max_age":8640,"endpoints":[{"url":"https://q.stripe.com/coop-report?s=payins-bapi-srv"}],"include_subdomains":true}'
      Reporting-Endpoints:
      - coop="https://q.stripe.com/coop-report?s=payins-bapi-srv"
      Request-Id:
      - req_GZ0IkJyWs9QFSV
      Stripe-Should-Retry:
      - 'false'
      Stripe-Version:
      - '2023-10-16'
      Vary:
      - Origin
      X-Content-Type-Options:
      - nosniff
      X-Stripe-Priority-Routing-Enabled:
      - 'true'
      X-Stripe-Routing-Context-Priority-Tier:
      - api-testmode
      Strict-Transport-Security:
      - max-age=63072000; includeSubDomains; preload
    body:
      encoding: UTF-8
      string: |-
        {
          "id": "tok_0PssCm9e1RjUNIyYrX2a6fW2",
          "object": "token",
          "card": {
            "id": "card_0PssCm9e1RjUNIyYfE2QUOol",
            "object": "card",
            "address_city": null,
            "address_country": null,
            "address_line1": null,
            "address_line1_check": null,
            "address_line2": null,
            "address_state": null,
            "address_zip": null,
            "address_zip_check": null,
            "brand": "Visa",
            "country": "US",
            "currency": "usd",
            "cvc_check": "unchecked",
            "dynamic_last4": null,
            "exp_month": 12,
            "exp_year": 2024,
            "fingerprint": "5IdckE5bfj42lL1I",
            "funding": "debit",
            "last4": "5556",
            "metadata": {},
            "name": null,
            "networks": {
              "preferred": null
            },
            "tokenization_method": null,
            "wallet": null
          },
          "client_ip": "68.173.71.182",
          "created": 1724875860,
          "livemode": false,
          "type": "card",
          "used": false
        }
  recorded_at: Wed, 28 Aug 2024 20:11:00 GMT
- request:
    method: get
    uri: https://api.stripe.com/v1/tokens/tok_0PssCm9e1RjUNIyYrX2a6fW2
    body:
      encoding: US-ASCII
      string: ''
    headers:
      User-Agent:
      - Stripe/v1 RubyBindings/12.5.0
      Authorization:
      - Bearer sk_test_4MnOc1f1gf16nKP6dyvP4TAD
      Content-Type:
      - application/x-www-form-urlencoded
      X-Stripe-Client-Telemetry:
      - '{"last_request_metrics":{"request_id":"req_GZ0IkJyWs9QFSV","request_duration_ms":365}}'
      Stripe-Version:
      - '2023-10-16'
      X-Stripe-Client-User-Agent:
      - '{"bindings_version":"12.5.0","lang":"ruby","lang_version":"3.3.4 p94 (2024-07-09)","platform":"arm64-darwin23","engine":"ruby","publisher":"stripe","uname":"Darwin
        Connors-Gumroad-MacBook-Pro.local 23.6.0 Darwin Kernel Version 23.6.0: Mon
        Jul 29 21:14:30 PDT 2024; root:xnu-10063.141.2~1/RELEASE_ARM64_T6030 arm64","hostname":"Connors-Gumroad-MacBook-Pro.local"}'
      Accept-Encoding:
      - gzip;q=1.0,deflate;q=0.6,identity;q=0.3
      Accept:
      - "*/*"
  response:
    status:
      code: 200
      message: OK
    headers:
      Server:
      - nginx
      Date:
      - Wed, 28 Aug 2024 20:11:00 GMT
      Content-Type:
      - application/json
      Content-Length:
      - '871'
      Connection:
      - keep-alive
      Access-Control-Allow-Credentials:
      - 'true'
      Access-Control-Allow-Methods:
      - GET,HEAD,PUT,PATCH,POST,DELETE
      Access-Control-Allow-Origin:
      - "*"
      Access-Control-Expose-Headers:
      - Request-Id, Stripe-Manage-Version, Stripe-Should-Retry, X-Stripe-External-Auth-Required,
        X-Stripe-Privileged-Session-Required
      Access-Control-Max-Age:
      - '300'
      Cache-Control:
      - no-cache, no-store
      Content-Security-Policy:
      - report-uri https://q.stripe.com/csp-report?p=v1%2Ftokens%2F%3Atoken; block-all-mixed-content;
        default-src 'none'; base-uri 'none'; form-action 'none'; frame-ancestors 'none';
        img-src 'self'; script-src 'self' 'report-sample'; style-src 'self'
      Cross-Origin-Opener-Policy-Report-Only:
      - same-origin; report-to="coop"
      Report-To:
      - '{"group":"coop","max_age":8640,"endpoints":[{"url":"https://q.stripe.com/coop-report?s=payins-bapi-srv"}],"include_subdomains":true}'
      Reporting-Endpoints:
      - coop="https://q.stripe.com/coop-report?s=payins-bapi-srv"
      Request-Id:
      - req_cBir3i7bUZDUzh
      Stripe-Version:
      - '2023-10-16'
      Vary:
      - Origin
      X-Content-Type-Options:
      - nosniff
      X-Stripe-Priority-Routing-Enabled:
      - 'true'
      X-Stripe-Routing-Context-Priority-Tier:
      - api-testmode
      Strict-Transport-Security:
      - max-age=63072000; includeSubDomains; preload
    body:
      encoding: UTF-8
      string: |-
        {
          "id": "tok_0PssCm9e1RjUNIyYrX2a6fW2",
          "object": "token",
          "card": {
            "id": "card_0PssCm9e1RjUNIyYfE2QUOol",
            "object": "card",
            "address_city": null,
            "address_country": null,
            "address_line1": null,
            "address_line1_check": null,
            "address_line2": null,
            "address_state": null,
            "address_zip": null,
            "address_zip_check": null,
            "brand": "Visa",
            "country": "US",
            "currency": "usd",
            "cvc_check": "unchecked",
            "dynamic_last4": null,
            "exp_month": 12,
            "exp_year": 2024,
            "fingerprint": "5IdckE5bfj42lL1I",
            "funding": "debit",
            "last4": "5556",
            "metadata": {},
            "name": null,
            "networks": {
              "preferred": null
            },
            "tokenization_method": null,
            "wallet": null
          },
          "client_ip": "68.173.71.182",
          "created": 1724875860,
          "livemode": false,
          "type": "card",
          "used": false
        }
  recorded_at: Wed, 28 Aug 2024 20:11:00 GMT
- request:
    method: post
    uri: https://api.stripe.com/v1/customers
    body:
      encoding: UTF-8
      string: description=&card=tok_0PssCm9e1RjUNIyYrX2a6fW2&expand[0]=sources
    headers:
      User-Agent:
      - Stripe/v1 RubyBindings/12.5.0
      Authorization:
      - Bearer sk_test_4MnOc1f1gf16nKP6dyvP4TAD
      Content-Type:
      - application/x-www-form-urlencoded
      X-Stripe-Client-Telemetry:
      - '{"last_request_metrics":{"request_id":"req_cBir3i7bUZDUzh","request_duration_ms":206}}'
      Idempotency-Key:
      - 8c29b96c-a880-4cb9-97c6-298019283fa0
      Stripe-Version:
      - '2023-10-16'
      X-Stripe-Client-User-Agent:
      - '{"bindings_version":"12.5.0","lang":"ruby","lang_version":"3.3.4 p94 (2024-07-09)","platform":"arm64-darwin23","engine":"ruby","publisher":"stripe","uname":"Darwin
        Connors-Gumroad-MacBook-Pro.local 23.6.0 Darwin Kernel Version 23.6.0: Mon
        Jul 29 21:14:30 PDT 2024; root:xnu-10063.141.2~1/RELEASE_ARM64_T6030 arm64","hostname":"Connors-Gumroad-MacBook-Pro.local"}'
      Accept-Encoding:
      - gzip;q=1.0,deflate;q=0.6,identity;q=0.3
      Accept:
      - "*/*"
  response:
    status:
      code: 200
      message: OK
    headers:
      Server:
      - nginx
      Date:
      - Wed, 28 Aug 2024 20:11:01 GMT
      Content-Type:
      - application/json
      Content-Length:
      - '1554'
      Connection:
      - keep-alive
      Access-Control-Allow-Credentials:
      - 'true'
      Access-Control-Allow-Methods:
      - GET,HEAD,PUT,PATCH,POST,DELETE
      Access-Control-Allow-Origin:
      - "*"
      Access-Control-Expose-Headers:
      - Request-Id, Stripe-Manage-Version, Stripe-Should-Retry, X-Stripe-External-Auth-Required,
        X-Stripe-Privileged-Session-Required
      Access-Control-Max-Age:
      - '300'
      Cache-Control:
      - no-cache, no-store
      Content-Security-Policy:
      - report-uri https://q.stripe.com/csp-report?p=v1%2Fcustomers; block-all-mixed-content;
        default-src 'none'; base-uri 'none'; form-action 'none'; frame-ancestors 'none';
        img-src 'self'; script-src 'self' 'report-sample'; style-src 'self'
      Cross-Origin-Opener-Policy-Report-Only:
      - same-origin; report-to="coop"
      Idempotency-Key:
      - 8c29b96c-a880-4cb9-97c6-298019283fa0
      Original-Request:
      - req_eMTxUAnJa5oez9
      Report-To:
      - '{"group":"coop","max_age":8640,"endpoints":[{"url":"https://q.stripe.com/coop-report?s=mono-bapi-srv"}],"include_subdomains":true}'
      Reporting-Endpoints:
      - coop="https://q.stripe.com/coop-report?s=mono-bapi-srv"
      Request-Id:
      - req_eMTxUAnJa5oez9
      Stripe-Should-Retry:
      - 'false'
      Stripe-Version:
      - '2023-10-16'
      Vary:
      - Origin
      X-Content-Type-Options:
      - nosniff
      X-Stripe-Priority-Routing-Enabled:
      - 'true'
      X-Stripe-Routing-Context-Priority-Tier:
      - api-testmode
      Strict-Transport-Security:
      - max-age=63072000; includeSubDomains; preload
    body:
      encoding: UTF-8
      string: |-
        {
          "id": "cus_QkMw5xp6LbMTjk",
          "object": "customer",
          "address": null,
          "balance": 0,
          "created": 1724875860,
          "currency": null,
          "default_source": "card_0PssCm9e1RjUNIyYfE2QUOol",
          "delinquent": false,
          "description": null,
          "discount": null,
          "email": null,
          "invoice_prefix": "FA61086B",
          "invoice_settings": {
            "custom_fields": null,
            "default_payment_method": null,
            "footer": null,
            "rendering_options": null
          },
          "livemode": false,
          "metadata": {},
          "name": null,
          "next_invoice_sequence": 1,
          "phone": null,
          "preferred_locales": [],
          "shipping": null,
          "sources": {
            "object": "list",
            "data": [
              {
                "id": "card_0PssCm9e1RjUNIyYfE2QUOol",
                "object": "card",
                "address_city": null,
                "address_country": null,
                "address_line1": null,
                "address_line1_check": null,
                "address_line2": null,
                "address_state": null,
                "address_zip": null,
                "address_zip_check": null,
                "brand": "Visa",
                "country": "US",
                "customer": "cus_QkMw5xp6LbMTjk",
                "cvc_check": "pass",
                "dynamic_last4": null,
                "exp_month": 12,
                "exp_year": 2024,
                "fingerprint": "5IdckE5bfj42lL1I",
                "funding": "debit",
                "last4": "5556",
                "metadata": {},
                "name": null,
                "tokenization_method": null,
                "wallet": null
              }
            ],
            "has_more": false,
            "total_count": 1,
            "url": "/v1/customers/cus_QkMw5xp6LbMTjk/sources"
          },
          "tax_exempt": "none",
          "test_clock": null
        }
  recorded_at: Wed, 28 Aug 2024 20:11:01 GMT
recorded_with: VCR 6.2.0
