---
http_interactions:
- request:
    method: post
    uri: https://api.stripe.com/v1/payment_methods
    body:
      encoding: UTF-8
      string: type=card&card[number]=4000+0000+0000+0259&card[exp_month]=12&card[exp_year]=2023&card[cvc]=123
    headers:
      User-Agent:
      - Stripe/v1 RubyBindings/10.0.0
      Authorization:
      - Bearer sk_test_4MnOc1f1gf16nKP6dyvP4TAD
      Content-Type:
      - application/x-www-form-urlencoded
      X-Stripe-Client-Telemetry:
      - '{"last_request_metrics":{"request_id":"req_7zwk0MuHTavqx5","request_duration_ms":415}}'
      Idempotency-Key:
      - '09f233ea-92a9-4810-b780-d66a1fa4d6b3'
      Stripe-Version:
      - '2023-10-16'
      X-Stripe-Client-User-Agent:
      - '{"bindings_version":"10.0.0","lang":"ruby","lang_version":"3.2.2 p53 (2023-03-30)","platform":"arm64-darwin20","engine":"ruby","publisher":"stripe","uname":"Darwin
        Harbakshs-MacBook-Air.local 20.5.0 Darwin Kernel Version 20.5.0: Sat May  8
        05:10:31 PDT 2021; root:xnu-7195.121.3~9/RELEASE_ARM64_T8101 arm64","hostname":"Harbakshs-MacBook-Air.local"}'
      Accept-Encoding:
      - gzip;q=1.0,deflate;q=0.6,identity;q=0.3
      Accept:
      - "*/*"
  response:
    status:
      code: 200
      message: OK
    headers:
      Server:
      - nginx
      Date:
      - Mon, 30 Oct 2023 16:58:04 GMT
      Content-Type:
      - application/json
      Content-Length:
      - '931'
      Connection:
      - keep-alive
      Access-Control-Allow-Credentials:
      - 'true'
      Access-Control-Allow-Methods:
      - GET,HEAD,PUT,PATCH,POST,DELETE
      Access-Control-Allow-Origin:
      - "*"
      Access-Control-Expose-Headers:
      - Request-Id, Stripe-Manage-Version, Stripe-Should-Retry, X-Stripe-External-Auth-Required,
        X-Stripe-Privileged-Session-Required
      Access-Control-Max-Age:
      - '300'
      Cache-Control:
      - no-cache, no-store
      Content-Security-Policy-Report-Only:
      - report-uri https://q.stripe.com/csp-report?p=v1%2Fpayment_methods; block-all-mixed-content;
        default-src 'none'; base-uri 'none'; form-action 'none'; frame-ancestors 'none';
        img-src 'self'; script-src 'self' 'report-sample'; style-src 'self'
      Idempotency-Key:
      - '09f233ea-92a9-4810-b780-d66a1fa4d6b3'
      Original-Request:
      - req_exdBBCdsms1sHz
      Request-Id:
      - req_exdBBCdsms1sHz
      Stripe-Should-Retry:
      - 'false'
      Stripe-Version:
      - '2023-10-16'
      Vary:
      - Origin
      X-Stripe-Routing-Context-Priority-Tier:
      - api-testmode
      Strict-Transport-Security:
      - max-age=63072000; includeSubDomains; preload
    body:
      encoding: UTF-8
      string: |-
        {
          "id": "pm_0O6ymt9e1RjUNIyYzPBhWhwg",
          "object": "payment_method",
          "billing_details": {
            "address": {
              "city": null,
              "country": null,
              "line1": null,
              "line2": null,
              "postal_code": null,
              "state": null
            },
            "email": null,
            "name": null,
            "phone": null
          },
          "card": {
            "brand": "visa",
            "checks": {
              "address_line1_check": null,
              "address_postal_code_check": null,
              "cvc_check": "unchecked"
            },
            "country": "US",
            "exp_month": 12,
            "exp_year": 2023,
            "fingerprint": "VxUGbAs1AGxaj8mD",
            "funding": "credit",
            "generated_from": null,
            "last4": "0259",
            "networks": {
              "available": [
                "visa"
              ],
              "preferred": null
            },
            "three_d_secure_usage": {
              "supported": true
            },
            "wallet": null
          },
          "created": 1698685083,
          "customer": null,
          "livemode": false,
          "metadata": {},
          "type": "card"
        }
  recorded_at: Mon, 30 Oct 2023 16:58:04 GMT
- request:
    method: post
    uri: https://api.stripe.com/v1/accounts
    body:
      encoding: UTF-8
      string: country=CA&default_currency=cad&type=custom&business_type=individual&tos_acceptance[date]=1427846400&tos_acceptance[ip]=54.234.242.13&business_profile[url]=www.gumroad.com&business_profile[product_description]=Test+product&business_profile[mcc]=5734&individual[verification][document][front]=file_identity_document_success&individual[dob][day]=1&individual[dob][month]=1&individual[dob][year]=1901&individual[first_name]=Chuck&individual[last_name]=Bartowski&individual[phone]=0000000000&individual[id_number]=000000000&individual[email]=me%40example.com&individual[address][line1]=address_full_match&individual[address][city]=Toronto&individual[address][state]=ON&individual[address][postal_code]=M4C+1T2&individual[address][country]=CA&requested_capabilities[0]=card_payments&requested_capabilities[1]=transfers&external_account[object]=bank_account&external_account[country]=CA&external_account[currency]=cad&external_account[routing_number]=11000-000&external_account[account_number]=000123456789
    headers:
      User-Agent:
      - Stripe/v1 RubyBindings/10.0.0
      Authorization:
      - Bearer sk_test_4MnOc1f1gf16nKP6dyvP4TAD
      Content-Type:
      - application/x-www-form-urlencoded
      X-Stripe-Client-Telemetry:
      - '{"last_request_metrics":{"request_id":"req_exdBBCdsms1sHz","request_duration_ms":561}}'
      Idempotency-Key:
      - 70897bb4-5e58-4472-96b0-9cce83943e2e
      Stripe-Version:
      - '2023-10-16'
      X-Stripe-Client-User-Agent:
      - '{"bindings_version":"10.0.0","lang":"ruby","lang_version":"3.2.2 p53 (2023-03-30)","platform":"arm64-darwin20","engine":"ruby","publisher":"stripe","uname":"Darwin
        Harbakshs-MacBook-Air.local 20.5.0 Darwin Kernel Version 20.5.0: Sat May  8
        05:10:31 PDT 2021; root:xnu-7195.121.3~9/RELEASE_ARM64_T8101 arm64","hostname":"Harbakshs-MacBook-Air.local"}'
      Accept-Encoding:
      - gzip;q=1.0,deflate;q=0.6,identity;q=0.3
      Accept:
      - "*/*"
  response:
    status:
      code: 200
      message: OK
    headers:
      Server:
      - nginx
      Date:
      - Mon, 30 Oct 2023 16:58:08 GMT
      Content-Type:
      - application/json
      Content-Length:
      - '5427'
      Connection:
      - keep-alive
      Access-Control-Allow-Credentials:
      - 'true'
      Access-Control-Allow-Methods:
      - GET,HEAD,PUT,PATCH,POST,DELETE
      Access-Control-Allow-Origin:
      - "*"
      Access-Control-Expose-Headers:
      - Request-Id, Stripe-Manage-Version, Stripe-Should-Retry, X-Stripe-External-Auth-Required,
        X-Stripe-Privileged-Session-Required
      Access-Control-Max-Age:
      - '300'
      Cache-Control:
      - no-cache, no-store
      Content-Security-Policy-Report-Only:
      - report-uri https://q.stripe.com/csp-report?p=v1%2Faccounts; block-all-mixed-content;
        default-src 'none'; base-uri 'none'; form-action 'none'; frame-ancestors 'none';
        img-src 'self'; script-src 'self' 'report-sample'; style-src 'self'
      Idempotency-Key:
      - 70897bb4-5e58-4472-96b0-9cce83943e2e
      Original-Request:
      - req_5z1f0VSTQjg9IT
      Request-Id:
      - req_5z1f0VSTQjg9IT
      Stripe-Should-Retry:
      - 'false'
      Stripe-Version:
      - '2023-10-16'
      Vary:
      - Origin
      X-Stripe-Routing-Context-Priority-Tier:
      - api-testmode
      Strict-Transport-Security:
      - max-age=63072000; includeSubDomains; preload
    body:
      encoding: UTF-8
      string: |-
        {
          "id": "acct_1O6ymu2mHDqOP3XJ",
          "object": "account",
          "business_profile": {
            "mcc": "5734",
            "name": null,
            "product_description": "Test product",
            "support_address": null,
            "support_email": null,
            "support_phone": null,
            "support_url": null,
            "url": "www.gumroad.com"
          },
          "business_type": "individual",
          "capabilities": {
            "card_payments": "active",
            "transfers": "active"
          },
          "charges_enabled": true,
          "company": {
            "address": {
              "city": "Toronto",
              "country": "CA",
              "line1": "address_full_match",
              "line2": null,
              "postal_code": "M4C 1T2",
              "state": "ON"
            },
            "directors_provided": true,
            "executives_provided": true,
            "name": null,
            "owners_provided": true,
            "phone": "+10000000000",
            "tax_id_provided": false,
            "verification": {
              "document": {
                "back": null,
                "details": null,
                "details_code": null,
                "front": null
              }
            }
          },
          "country": "CA",
          "created": 1698685086,
          "default_currency": "cad",
          "details_submitted": true,
          "email": null,
          "external_accounts": {
            "object": "list",
            "data": [
              {
                "id": "ba_1O6ymu2mHDqOP3XJd5RqdFP3",
                "object": "bank_account",
                "account": "acct_1O6ymu2mHDqOP3XJ",
                "account_holder_name": null,
                "account_holder_type": null,
                "account_type": null,
                "available_payout_methods": [
                  "standard"
                ],
                "bank_name": "STRIPE TEST BANK",
                "country": "CA",
                "currency": "cad",
                "default_for_currency": true,
                "fingerprint": "bHAdUgrfRKNYlJ4L",
                "future_requirements": {
                  "currently_due": [],
                  "errors": [],
                  "past_due": [],
                  "pending_verification": []
                },
                "last4": "6789",
                "metadata": {},
                "requirements": {
                  "currently_due": [],
                  "errors": [],
                  "past_due": [],
                  "pending_verification": []
                },
                "routing_number": "11000-000",
                "status": "new"
              }
            ],
            "has_more": false,
            "total_count": 1,
            "url": "/v1/accounts/acct_1O6ymu2mHDqOP3XJ/external_accounts"
          },
          "future_requirements": {
            "alternatives": [],
            "current_deadline": null,
            "currently_due": [],
            "disabled_reason": null,
            "errors": [],
            "eventually_due": [],
            "past_due": [],
            "pending_verification": []
          },
          "individual": {
            "id": "person_1O6ymv2mHDqOP3XJuiGGIL2W",
            "object": "person",
            "account": "acct_1O6ymu2mHDqOP3XJ",
            "address": {
              "city": "Toronto",
              "country": "CA",
              "line1": "address_full_match",
              "line2": null,
              "postal_code": "M4C 1T2",
              "state": "ON"
            },
            "created": 1698685085,
            "dob": {
              "day": 1,
              "month": 1,
              "year": 1901
            },
            "email": "me@example.com",
            "first_name": "Chuck",
            "future_requirements": {
              "alternatives": [],
              "currently_due": [],
              "errors": [],
              "eventually_due": [],
              "past_due": [],
              "pending_verification": []
            },
            "id_number_provided": true,
            "last_name": "Bartowski",
            "metadata": {},
            "phone": "+10000000000",
            "relationship": {
              "director": false,
              "executive": false,
              "legal_guardian": false,
              "owner": false,
              "percent_ownership": null,
              "representative": true,
              "title": null
            },
            "requirements": {
              "alternatives": [],
              "currently_due": [],
              "errors": [],
              "eventually_due": [],
              "past_due": [],
              "pending_verification": []
            },
            "ssn_last_4_provided": true,
            "verification": {
              "additional_document": {
                "back": null,
                "details": null,
                "details_code": null,
                "front": null
              },
              "details": null,
              "details_code": null,
              "document": {
                "back": null,
                "details": null,
                "details_code": null,
                "front": "file_0O6ymu9e1RjUNIyYNh8OXKdV"
              },
              "status": "pending"
            }
          },
          "metadata": {},
          "payouts_enabled": true,
          "requirements": {
            "alternatives": [],
            "current_deadline": null,
            "currently_due": [],
            "disabled_reason": null,
            "errors": [],
            "eventually_due": [],
            "past_due": [],
            "pending_verification": []
          },
          "settings": {
            "bacs_debit_payments": {},
            "branding": {
              "icon": null,
              "logo": null,
              "primary_color": null,
              "secondary_color": null
            },
            "card_issuing": {
              "tos_acceptance": {
                "date": null,
                "ip": null
              }
            },
            "card_payments": {
              "decline_on": {
                "avs_failure": false,
                "cvc_failure": false
              },
              "statement_descriptor_prefix": "GUMROAD.CO",
              "statement_descriptor_prefix_kana": null,
              "statement_descriptor_prefix_kanji": null
            },
            "dashboard": {
              "display_name": "Gumroad",
              "timezone": "Etc/UTC"
            },
            "payments": {
              "statement_descriptor": "GUMROAD.COM",
              "statement_descriptor_kana": null,
              "statement_descriptor_kanji": null
            },
            "payouts": {
              "debit_negative_balances": false,
              "schedule": {
                "delay_days": 7,
                "interval": "daily"
              },
              "statement_descriptor": null
            },
            "sepa_debit_payments": {}
          },
          "tos_acceptance": {
            "date": 1427846400,
            "ip": "54.234.242.13",
            "user_agent": null
          },
          "type": "custom"
        }
  recorded_at: Mon, 30 Oct 2023 16:58:08 GMT
- request:
    method: get
    uri: https://api.stripe.com/v1/accounts/acct_1O6ymu2mHDqOP3XJ
    body:
      encoding: US-ASCII
      string: ''
    headers:
      User-Agent:
      - Stripe/v1 RubyBindings/10.0.0
      Authorization:
      - Bearer sk_test_4MnOc1f1gf16nKP6dyvP4TAD
      Content-Type:
      - application/x-www-form-urlencoded
      X-Stripe-Client-Telemetry:
      - '{"last_request_metrics":{"request_id":"req_5z1f0VSTQjg9IT","request_duration_ms":4025}}'
      Stripe-Version:
      - '2023-10-16'
      X-Stripe-Client-User-Agent:
      - '{"bindings_version":"10.0.0","lang":"ruby","lang_version":"3.2.2 p53 (2023-03-30)","platform":"arm64-darwin20","engine":"ruby","publisher":"stripe","uname":"Darwin
        Harbakshs-MacBook-Air.local 20.5.0 Darwin Kernel Version 20.5.0: Sat May  8
        05:10:31 PDT 2021; root:xnu-7195.121.3~9/RELEASE_ARM64_T8101 arm64","hostname":"Harbakshs-MacBook-Air.local"}'
      Accept-Encoding:
      - gzip;q=1.0,deflate;q=0.6,identity;q=0.3
      Accept:
      - "*/*"
  response:
    status:
      code: 200
      message: OK
    headers:
      Server:
      - nginx
      Date:
      - Mon, 30 Oct 2023 16:58:08 GMT
      Content-Type:
      - application/json
      Content-Length:
      - '5428'
      Connection:
      - keep-alive
      Access-Control-Allow-Credentials:
      - 'true'
      Access-Control-Allow-Methods:
      - GET,HEAD,PUT,PATCH,POST,DELETE
      Access-Control-Allow-Origin:
      - "*"
      Access-Control-Expose-Headers:
      - Request-Id, Stripe-Manage-Version, Stripe-Should-Retry, X-Stripe-External-Auth-Required,
        X-Stripe-Privileged-Session-Required
      Access-Control-Max-Age:
      - '300'
      Cache-Control:
      - no-cache, no-store
      Content-Security-Policy-Report-Only:
      - report-uri https://q.stripe.com/csp-report?p=v1%2Faccounts%2F%3Aaccount; block-all-mixed-content;
        default-src 'none'; base-uri 'none'; form-action 'none'; frame-ancestors 'none';
        img-src 'self'; script-src 'self' 'report-sample'; style-src 'self'
      Request-Id:
      - req_9uLmDO13z1h45j
      Stripe-Account:
      - acct_1O6ymu2mHDqOP3XJ
      Stripe-Version:
      - '2023-10-16'
      Vary:
      - Origin
      X-Stripe-Routing-Context-Priority-Tier:
      - api-testmode
      Strict-Transport-Security:
      - max-age=63072000; includeSubDomains; preload
    body:
      encoding: UTF-8
      string: |-
        {
          "id": "acct_1O6ymu2mHDqOP3XJ",
          "object": "account",
          "business_profile": {
            "mcc": "5734",
            "name": null,
            "product_description": "Test product",
            "support_address": null,
            "support_email": null,
            "support_phone": null,
            "support_url": null,
            "url": "www.gumroad.com"
          },
          "business_type": "individual",
          "capabilities": {
            "card_payments": "active",
            "transfers": "active"
          },
          "charges_enabled": true,
          "company": {
            "address": {
              "city": "Toronto",
              "country": "CA",
              "line1": "address_full_match",
              "line2": null,
              "postal_code": "M4C 1T2",
              "state": "ON"
            },
            "directors_provided": true,
            "executives_provided": true,
            "name": null,
            "owners_provided": true,
            "phone": "+10000000000",
            "tax_id_provided": false,
            "verification": {
              "document": {
                "back": null,
                "details": null,
                "details_code": null,
                "front": null
              }
            }
          },
          "country": "CA",
          "created": 1698685086,
          "default_currency": "cad",
          "details_submitted": true,
          "email": null,
          "external_accounts": {
            "object": "list",
            "data": [
              {
                "id": "ba_1O6ymu2mHDqOP3XJd5RqdFP3",
                "object": "bank_account",
                "account": "acct_1O6ymu2mHDqOP3XJ",
                "account_holder_name": null,
                "account_holder_type": null,
                "account_type": null,
                "available_payout_methods": [
                  "standard"
                ],
                "bank_name": "STRIPE TEST BANK",
                "country": "CA",
                "currency": "cad",
                "default_for_currency": true,
                "fingerprint": "bHAdUgrfRKNYlJ4L",
                "future_requirements": {
                  "currently_due": [],
                  "errors": [],
                  "past_due": [],
                  "pending_verification": []
                },
                "last4": "6789",
                "metadata": {},
                "requirements": {
                  "currently_due": [],
                  "errors": [],
                  "past_due": [],
                  "pending_verification": []
                },
                "routing_number": "11000-000",
                "status": "new"
              }
            ],
            "has_more": false,
            "total_count": 1,
            "url": "/v1/accounts/acct_1O6ymu2mHDqOP3XJ/external_accounts"
          },
          "future_requirements": {
            "alternatives": [],
            "current_deadline": null,
            "currently_due": [],
            "disabled_reason": null,
            "errors": [],
            "eventually_due": [],
            "past_due": [],
            "pending_verification": []
          },
          "individual": {
            "id": "person_1O6ymv2mHDqOP3XJuiGGIL2W",
            "object": "person",
            "account": "acct_1O6ymu2mHDqOP3XJ",
            "address": {
              "city": "Toronto",
              "country": "CA",
              "line1": "address_full_match",
              "line2": null,
              "postal_code": "M4C 1T2",
              "state": "ON"
            },
            "created": 1698685085,
            "dob": {
              "day": 1,
              "month": 1,
              "year": 1901
            },
            "email": "me@example.com",
            "first_name": "Chuck",
            "future_requirements": {
              "alternatives": [],
              "currently_due": [],
              "errors": [],
              "eventually_due": [],
              "past_due": [],
              "pending_verification": []
            },
            "id_number_provided": true,
            "last_name": "Bartowski",
            "metadata": {},
            "phone": "+10000000000",
            "relationship": {
              "director": false,
              "executive": false,
              "legal_guardian": false,
              "owner": false,
              "percent_ownership": null,
              "representative": true,
              "title": null
            },
            "requirements": {
              "alternatives": [],
              "currently_due": [],
              "errors": [],
              "eventually_due": [],
              "past_due": [],
              "pending_verification": []
            },
            "ssn_last_4_provided": true,
            "verification": {
              "additional_document": {
                "back": null,
                "details": null,
                "details_code": null,
                "front": null
              },
              "details": null,
              "details_code": null,
              "document": {
                "back": null,
                "details": null,
                "details_code": null,
                "front": "file_0O6ymu9e1RjUNIyYNh8OXKdV"
              },
              "status": "verified"
            }
          },
          "metadata": {},
          "payouts_enabled": true,
          "requirements": {
            "alternatives": [],
            "current_deadline": null,
            "currently_due": [],
            "disabled_reason": null,
            "errors": [],
            "eventually_due": [],
            "past_due": [],
            "pending_verification": []
          },
          "settings": {
            "bacs_debit_payments": {},
            "branding": {
              "icon": null,
              "logo": null,
              "primary_color": null,
              "secondary_color": null
            },
            "card_issuing": {
              "tos_acceptance": {
                "date": null,
                "ip": null
              }
            },
            "card_payments": {
              "decline_on": {
                "avs_failure": false,
                "cvc_failure": false
              },
              "statement_descriptor_prefix": "GUMROAD.CO",
              "statement_descriptor_prefix_kana": null,
              "statement_descriptor_prefix_kanji": null
            },
            "dashboard": {
              "display_name": "Gumroad",
              "timezone": "Etc/UTC"
            },
            "payments": {
              "statement_descriptor": "GUMROAD.COM",
              "statement_descriptor_kana": null,
              "statement_descriptor_kanji": null
            },
            "payouts": {
              "debit_negative_balances": false,
              "schedule": {
                "delay_days": 7,
                "interval": "daily"
              },
              "statement_descriptor": null
            },
            "sepa_debit_payments": {}
          },
          "tos_acceptance": {
            "date": 1427846400,
            "ip": "54.234.242.13",
            "user_agent": null
          },
          "type": "custom"
        }
  recorded_at: Mon, 30 Oct 2023 16:58:08 GMT
- request:
    method: post
    uri: https://api.stripe.com/v1/payment_intents
    body:
      encoding: UTF-8
      string: payment_method=pm_0O6ymt9e1RjUNIyYzPBhWhwg&confirmation_method=manual&payment_method_types[0]=card&confirm=true&currency=usd&amount=1000&transfer_data[destination]=acct_1O6ymu2mHDqOP3XJ&on_behalf_of=acct_1O6ymu2mHDqOP3XJ&application_fee_amount=100
    headers:
      User-Agent:
      - Stripe/v1 RubyBindings/10.0.0
      Authorization:
      - Bearer sk_test_4MnOc1f1gf16nKP6dyvP4TAD
      Content-Type:
      - application/x-www-form-urlencoded
      X-Stripe-Client-Telemetry:
      - '{"last_request_metrics":{"request_id":"req_9uLmDO13z1h45j","request_duration_ms":575}}'
      Idempotency-Key:
      - d41701e6-ea3c-43f4-8706-a49f472e6f24
      Stripe-Version:
      - '2023-10-16'
      X-Stripe-Client-User-Agent:
      - '{"bindings_version":"10.0.0","lang":"ruby","lang_version":"3.2.2 p53 (2023-03-30)","platform":"arm64-darwin20","engine":"ruby","publisher":"stripe","uname":"Darwin
        Harbakshs-MacBook-Air.local 20.5.0 Darwin Kernel Version 20.5.0: Sat May  8
        05:10:31 PDT 2021; root:xnu-7195.121.3~9/RELEASE_ARM64_T8101 arm64","hostname":"Harbakshs-MacBook-Air.local"}'
      Accept-Encoding:
      - gzip;q=1.0,deflate;q=0.6,identity;q=0.3
      Accept:
      - "*/*"
  response:
    status:
      code: 200
      message: OK
    headers:
      Server:
      - nginx
      Date:
      - Mon, 30 Oct 2023 16:58:11 GMT
      Content-Type:
      - application/json
      Content-Length:
      - '1453'
      Connection:
      - keep-alive
      Access-Control-Allow-Credentials:
      - 'true'
      Access-Control-Allow-Methods:
      - GET,HEAD,PUT,PATCH,POST,DELETE
      Access-Control-Allow-Origin:
      - "*"
      Access-Control-Expose-Headers:
      - Request-Id, Stripe-Manage-Version, Stripe-Should-Retry, X-Stripe-External-Auth-Required,
        X-Stripe-Privileged-Session-Required
      Access-Control-Max-Age:
      - '300'
      Cache-Control:
      - no-cache, no-store
      Content-Security-Policy-Report-Only:
      - report-uri https://q.stripe.com/csp-report?p=v1%2Fpayment_intents; block-all-mixed-content;
        default-src 'none'; base-uri 'none'; form-action 'none'; frame-ancestors 'none';
        img-src 'self'; script-src 'self' 'report-sample'; style-src 'self'
      Idempotency-Key:
      - d41701e6-ea3c-43f4-8706-a49f472e6f24
      Original-Request:
      - req_LVAed2wwSV3GXw
      Request-Id:
      - req_LVAed2wwSV3GXw
      Stripe-Should-Retry:
      - 'false'
      Stripe-Version:
      - '2023-10-16'
      Vary:
      - Origin
      X-Stripe-Routing-Context-Priority-Tier:
      - api-testmode
      Strict-Transport-Security:
      - max-age=63072000; includeSubDomains; preload
    body:
      encoding: UTF-8
      string: |-
        {
          "id": "pi_2O6ymy9e1RjUNIyY1ICKDWOb",
          "object": "payment_intent",
          "amount": 1000,
          "amount_capturable": 0,
          "amount_details": {
            "tip": {}
          },
          "amount_received": 1000,
          "application": null,
          "application_fee_amount": 100,
          "automatic_payment_methods": null,
          "canceled_at": null,
          "cancellation_reason": null,
          "capture_method": "automatic",
          "client_secret": "pi_2O6ymy9e1RjUNIyY1ICKDWOb_secret_LaFpYgXpFeUW3miAAuJOk0IHM",
          "confirmation_method": "manual",
          "created": 1698685088,
          "currency": "usd",
          "customer": null,
          "description": null,
          "invoice": null,
          "last_payment_error": null,
          "latest_charge": "ch_2O6ymy9e1RjUNIyY1MGLvaGT",
          "livemode": false,
          "metadata": {},
          "next_action": null,
          "on_behalf_of": "acct_1O6ymu2mHDqOP3XJ",
          "payment_method": "pm_0O6ymt9e1RjUNIyYzPBhWhwg",
          "payment_method_configuration_details": null,
          "payment_method_options": {
            "card": {
              "installments": null,
              "mandate_options": null,
              "network": null,
              "request_three_d_secure": "automatic"
            }
          },
          "payment_method_types": [
            "card"
          ],
          "processing": null,
          "receipt_email": null,
          "review": null,
          "setup_future_usage": null,
          "shipping": null,
          "source": null,
          "statement_descriptor": null,
          "statement_descriptor_suffix": null,
          "status": "succeeded",
          "transfer_data": {
            "destination": "acct_1O6ymu2mHDqOP3XJ"
          },
          "transfer_group": "group_pi_2O6ymy9e1RjUNIyY1ICKDWOb"
        }
  recorded_at: Mon, 30 Oct 2023 16:58:11 GMT
- request:
    method: get
    uri: https://api.stripe.com/v1/charges/ch_2O6ymy9e1RjUNIyY1MGLvaGT
    body:
      encoding: US-ASCII
      string: ''
    headers:
      User-Agent:
      - Stripe/v1 RubyBindings/10.0.0
      Authorization:
      - Bearer sk_test_4MnOc1f1gf16nKP6dyvP4TAD
      Content-Type:
      - application/x-www-form-urlencoded
      X-Stripe-Client-Telemetry:
      - '{"last_request_metrics":{"request_id":"req_LVAed2wwSV3GXw","request_duration_ms":2603}}'
      Stripe-Version:
      - '2023-10-16'
      X-Stripe-Client-User-Agent:
      - '{"bindings_version":"10.0.0","lang":"ruby","lang_version":"3.2.2 p53 (2023-03-30)","platform":"arm64-darwin20","engine":"ruby","publisher":"stripe","uname":"Darwin
        Harbakshs-MacBook-Air.local 20.5.0 Darwin Kernel Version 20.5.0: Sat May  8
        05:10:31 PDT 2021; root:xnu-7195.121.3~9/RELEASE_ARM64_T8101 arm64","hostname":"Harbakshs-MacBook-Air.local"}'
      Accept-Encoding:
      - gzip;q=1.0,deflate;q=0.6,identity;q=0.3
      Accept:
      - "*/*"
  response:
    status:
      code: 200
      message: OK
    headers:
      Server:
      - nginx
      Date:
      - Mon, 30 Oct 2023 16:58:11 GMT
      Content-Type:
      - application/json
      Content-Length:
      - '2946'
      Connection:
      - keep-alive
      Access-Control-Allow-Credentials:
      - 'true'
      Access-Control-Allow-Methods:
      - GET,HEAD,PUT,PATCH,POST,DELETE
      Access-Control-Allow-Origin:
      - "*"
      Access-Control-Expose-Headers:
      - Request-Id, Stripe-Manage-Version, Stripe-Should-Retry, X-Stripe-External-Auth-Required,
        X-Stripe-Privileged-Session-Required
      Access-Control-Max-Age:
      - '300'
      Cache-Control:
      - no-cache, no-store
      Content-Security-Policy-Report-Only:
      - report-uri https://q.stripe.com/csp-report?p=v1%2Fcharges%2F%3Acharge; block-all-mixed-content;
        default-src 'none'; base-uri 'none'; form-action 'none'; frame-ancestors 'none';
        img-src 'self'; script-src 'self' 'report-sample'; style-src 'self'
      Request-Id:
      - req_bv9GhEhrlBO1JK
      Stripe-Version:
      - '2023-10-16'
      Vary:
      - Origin
      X-Stripe-Routing-Context-Priority-Tier:
      - api-testmode
      Strict-Transport-Security:
      - max-age=63072000; includeSubDomains; preload
    body:
      encoding: UTF-8
      string: |-
        {
          "id": "ch_2O6ymy9e1RjUNIyY1MGLvaGT",
          "object": "charge",
          "amount": 1000,
          "amount_captured": 1000,
          "amount_refunded": 0,
          "amount_updates": [],
          "application": null,
          "application_fee": "fee_1O6ymz2mHDqOP3XJRBQtob3M",
          "application_fee_amount": 100,
          "balance_transaction": "txn_2O6ymy9e1RjUNIyY1bfWevpz",
          "billing_details": {
            "address": {
              "city": null,
              "country": null,
              "line1": null,
              "line2": null,
              "postal_code": null,
              "state": null
            },
            "email": null,
            "name": null,
            "phone": null
          },
          "calculated_statement_descriptor": "GUMROAD.COM",
          "captured": true,
          "created": 1698685089,
          "currency": "usd",
          "customer": null,
          "description": null,
          "destination": "acct_1O6ymu2mHDqOP3XJ",
          "dispute": "dp_0O6yn09e1RjUNIyYwsLD5Yvi",
          "disputed": true,
          "failure_balance_transaction": null,
          "failure_code": null,
          "failure_message": null,
          "fraud_details": {},
          "invoice": null,
          "livemode": false,
          "metadata": {},
          "on_behalf_of": "acct_1O6ymu2mHDqOP3XJ",
          "order": null,
          "outcome": {
            "network_status": "approved_by_network",
            "reason": null,
            "risk_level": "normal",
            "risk_score": 54,
            "seller_message": "Payment complete.",
            "type": "authorized"
          },
          "paid": true,
          "payment_intent": "pi_2O6ymy9e1RjUNIyY1ICKDWOb",
          "payment_method": "pm_0O6ymt9e1RjUNIyYzPBhWhwg",
          "payment_method_details": {
            "card": {
              "amount_authorized": 1000,
              "brand": "visa",
              "checks": {
                "address_line1_check": null,
                "address_postal_code_check": null,
                "cvc_check": "pass"
              },
              "country": "US",
              "exp_month": 12,
              "exp_year": 2023,
              "extended_authorization": {
                "status": "disabled"
              },
              "fingerprint": "VxUGbAs1AGxaj8mD",
              "funding": "credit",
              "incremental_authorization": {
                "status": "unavailable"
              },
              "installments": null,
              "last4": "0259",
              "mandate": null,
              "multicapture": {
                "status": "unavailable"
              },
              "network": "visa",
              "network_token": {
                "used": false
              },
              "overcapture": {
                "maximum_amount_capturable": 1000,
                "status": "unavailable"
              },
              "three_d_secure": null,
              "wallet": null
            },
            "type": "card"
          },
          "receipt_email": null,
          "receipt_number": null,
          "receipt_url": "https://pay.stripe.com/receipts/payment/CAcaIgogOWUxUmpVTkl5WUdwQTlDZmgzUm1ReHhUemIxYWFrcEUoo8H_qQYyBtEXiT7fazosFhDNiPc8woTcAhih5MccYsyl3YmBjw0ZXkNDXMAd70li6BsmzW-HPi9sUro",
          "refunded": false,
          "review": null,
          "shipping": null,
          "source": null,
          "source_transfer": null,
          "statement_descriptor": null,
          "statement_descriptor_suffix": null,
          "status": "succeeded",
          "transfer": "tr_2O6ymy9e1RjUNIyY1u0d7XXA",
          "transfer_data": {
            "amount": null,
            "destination": "acct_1O6ymu2mHDqOP3XJ"
          },
          "transfer_group": "group_pi_2O6ymy9e1RjUNIyY1ICKDWOb"
        }
  recorded_at: Mon, 30 Oct 2023 16:58:11 GMT
- request:
    method: get
    uri: https://api.stripe.com/v1/charges/ch_2O6ymy9e1RjUNIyY1MGLvaGT
    body:
      encoding: US-ASCII
      string: ''
    headers:
      User-Agent:
      - Stripe/v1 RubyBindings/10.0.0
      Authorization:
      - Bearer sk_test_4MnOc1f1gf16nKP6dyvP4TAD
      Content-Type:
      - application/x-www-form-urlencoded
      X-Stripe-Client-Telemetry:
      - '{"last_request_metrics":{"request_id":"req_bv9GhEhrlBO1JK","request_duration_ms":410}}'
      Stripe-Version:
      - '2023-10-16'
      X-Stripe-Client-User-Agent:
      - '{"bindings_version":"10.0.0","lang":"ruby","lang_version":"3.2.2 p53 (2023-03-30)","platform":"arm64-darwin20","engine":"ruby","publisher":"stripe","uname":"Darwin
        Harbakshs-MacBook-Air.local 20.5.0 Darwin Kernel Version 20.5.0: Sat May  8
        05:10:31 PDT 2021; root:xnu-7195.121.3~9/RELEASE_ARM64_T8101 arm64","hostname":"Harbakshs-MacBook-Air.local"}'
      Accept-Encoding:
      - gzip;q=1.0,deflate;q=0.6,identity;q=0.3
      Accept:
      - "*/*"
  response:
    status:
      code: 200
      message: OK
    headers:
      Server:
      - nginx
      Date:
      - Mon, 30 Oct 2023 16:58:12 GMT
      Content-Type:
      - application/json
      Content-Length:
      - '2946'
      Connection:
      - keep-alive
      Access-Control-Allow-Credentials:
      - 'true'
      Access-Control-Allow-Methods:
      - GET,HEAD,PUT,PATCH,POST,DELETE
      Access-Control-Allow-Origin:
      - "*"
      Access-Control-Expose-Headers:
      - Request-Id, Stripe-Manage-Version, Stripe-Should-Retry, X-Stripe-External-Auth-Required,
        X-Stripe-Privileged-Session-Required
      Access-Control-Max-Age:
      - '300'
      Cache-Control:
      - no-cache, no-store
      Content-Security-Policy-Report-Only:
      - report-uri https://q.stripe.com/csp-report?p=v1%2Fcharges%2F%3Acharge; block-all-mixed-content;
        default-src 'none'; base-uri 'none'; form-action 'none'; frame-ancestors 'none';
        img-src 'self'; script-src 'self' 'report-sample'; style-src 'self'
      Request-Id:
      - req_ftX2anGvhXbCBV
      Stripe-Version:
      - '2023-10-16'
      Vary:
      - Origin
      X-Stripe-Routing-Context-Priority-Tier:
      - api-testmode
      Strict-Transport-Security:
      - max-age=63072000; includeSubDomains; preload
    body:
      encoding: UTF-8
      string: |-
        {
          "id": "ch_2O6ymy9e1RjUNIyY1MGLvaGT",
          "object": "charge",
          "amount": 1000,
          "amount_captured": 1000,
          "amount_refunded": 0,
          "amount_updates": [],
          "application": null,
          "application_fee": "fee_1O6ymz2mHDqOP3XJRBQtob3M",
          "application_fee_amount": 100,
          "balance_transaction": "txn_2O6ymy9e1RjUNIyY1bfWevpz",
          "billing_details": {
            "address": {
              "city": null,
              "country": null,
              "line1": null,
              "line2": null,
              "postal_code": null,
              "state": null
            },
            "email": null,
            "name": null,
            "phone": null
          },
          "calculated_statement_descriptor": "GUMROAD.COM",
          "captured": true,
          "created": 1698685089,
          "currency": "usd",
          "customer": null,
          "description": null,
          "destination": "acct_1O6ymu2mHDqOP3XJ",
          "dispute": "dp_0O6yn09e1RjUNIyYwsLD5Yvi",
          "disputed": true,
          "failure_balance_transaction": null,
          "failure_code": null,
          "failure_message": null,
          "fraud_details": {},
          "invoice": null,
          "livemode": false,
          "metadata": {},
          "on_behalf_of": "acct_1O6ymu2mHDqOP3XJ",
          "order": null,
          "outcome": {
            "network_status": "approved_by_network",
            "reason": null,
            "risk_level": "normal",
            "risk_score": 54,
            "seller_message": "Payment complete.",
            "type": "authorized"
          },
          "paid": true,
          "payment_intent": "pi_2O6ymy9e1RjUNIyY1ICKDWOb",
          "payment_method": "pm_0O6ymt9e1RjUNIyYzPBhWhwg",
          "payment_method_details": {
            "card": {
              "amount_authorized": 1000,
              "brand": "visa",
              "checks": {
                "address_line1_check": null,
                "address_postal_code_check": null,
                "cvc_check": "pass"
              },
              "country": "US",
              "exp_month": 12,
              "exp_year": 2023,
              "extended_authorization": {
                "status": "disabled"
              },
              "fingerprint": "VxUGbAs1AGxaj8mD",
              "funding": "credit",
              "incremental_authorization": {
                "status": "unavailable"
              },
              "installments": null,
              "last4": "0259",
              "mandate": null,
              "multicapture": {
                "status": "unavailable"
              },
              "network": "visa",
              "network_token": {
                "used": false
              },
              "overcapture": {
                "maximum_amount_capturable": 1000,
                "status": "unavailable"
              },
              "three_d_secure": null,
              "wallet": null
            },
            "type": "card"
          },
          "receipt_email": null,
          "receipt_number": null,
          "receipt_url": "https://pay.stripe.com/receipts/payment/CAcaIgogOWUxUmpVTkl5WUdwQTlDZmgzUm1ReHhUemIxYWFrcEUoo8H_qQYyBvifKrayATosFpPCjrfcbdIKUdLx_rD0posqY1sHgPBtQbQc0S7w9Gk2IVDxYE0ePp0BqY0",
          "refunded": false,
          "review": null,
          "shipping": null,
          "source": null,
          "source_transfer": null,
          "statement_descriptor": null,
          "statement_descriptor_suffix": null,
          "status": "succeeded",
          "transfer": "tr_2O6ymy9e1RjUNIyY1u0d7XXA",
          "transfer_data": {
            "amount": null,
            "destination": "acct_1O6ymu2mHDqOP3XJ"
          },
          "transfer_group": "group_pi_2O6ymy9e1RjUNIyY1ICKDWOb"
        }
  recorded_at: Mon, 30 Oct 2023 16:58:12 GMT
- request:
    method: get
    uri: https://api.stripe.com/v1/disputes/dp_0O6yn09e1RjUNIyYwsLD5Yvi
    body:
      encoding: US-ASCII
      string: ''
    headers:
      User-Agent:
      - Stripe/v1 RubyBindings/10.0.0
      Authorization:
      - Bearer sk_test_4MnOc1f1gf16nKP6dyvP4TAD
      Content-Type:
      - application/x-www-form-urlencoded
      X-Stripe-Client-Telemetry:
      - '{"last_request_metrics":{"request_id":"req_ftX2anGvhXbCBV","request_duration_ms":390}}'
      Stripe-Version:
      - '2023-10-16'
      X-Stripe-Client-User-Agent:
      - '{"bindings_version":"10.0.0","lang":"ruby","lang_version":"3.2.2 p53 (2023-03-30)","platform":"arm64-darwin20","engine":"ruby","publisher":"stripe","uname":"Darwin
        Harbakshs-MacBook-Air.local 20.5.0 Darwin Kernel Version 20.5.0: Sat May  8
        05:10:31 PDT 2021; root:xnu-7195.121.3~9/RELEASE_ARM64_T8101 arm64","hostname":"Harbakshs-MacBook-Air.local"}'
      Accept-Encoding:
      - gzip;q=1.0,deflate;q=0.6,identity;q=0.3
      Accept:
      - "*/*"
  response:
    status:
      code: 200
      message: OK
    headers:
      Server:
      - nginx
      Date:
      - Mon, 30 Oct 2023 16:58:13 GMT
      Content-Type:
      - application/json
      Content-Length:
      - '2327'
      Connection:
      - keep-alive
      Access-Control-Allow-Credentials:
      - 'true'
      Access-Control-Allow-Methods:
      - GET,HEAD,PUT,PATCH,POST,DELETE
      Access-Control-Allow-Origin:
      - "*"
      Access-Control-Expose-Headers:
      - Request-Id, Stripe-Manage-Version, Stripe-Should-Retry, X-Stripe-External-Auth-Required,
        X-Stripe-Privileged-Session-Required
      Access-Control-Max-Age:
      - '300'
      Cache-Control:
      - no-cache, no-store
      Content-Security-Policy-Report-Only:
      - report-uri https://q.stripe.com/csp-report?p=v1%2Fdisputes%2F%3Adispute; block-all-mixed-content;
        default-src 'none'; base-uri 'none'; form-action 'none'; frame-ancestors 'none';
        img-src 'self'; script-src 'self' 'report-sample'; style-src 'self'
      Request-Id:
      - req_iBs6H9OZeEuaIn
      Stripe-Version:
      - '2023-10-16'
      Vary:
      - Origin
      X-Stripe-Routing-Context-Priority-Tier:
      - api-testmode
      Strict-Transport-Security:
      - max-age=63072000; includeSubDomains; preload
    body:
      encoding: UTF-8
      string: |-
        {
          "id": "dp_0O6yn09e1RjUNIyYwsLD5Yvi",
          "object": "dispute",
          "amount": 1000,
          "balance_transaction": "txn_0O6yn09e1RjUNIyYotWOsJZS",
          "balance_transactions": [
            {
              "id": "txn_0O6yn09e1RjUNIyYotWOsJZS",
              "object": "balance_transaction",
              "amount": -1356,
              "available_on": 1699228800,
              "created": 1698685090,
              "currency": "cad",
              "description": "Chargeback withdrawal for ch_2O6ymy9e1RjUNIyY1MGLvaGT",
              "exchange_rate": null,
              "fee": 1500,
              "fee_details": [
                {
                  "amount": 1500,
                  "application": null,
                  "currency": "cad",
                  "description": "Dispute fee",
                  "type": "stripe_fee"
                }
              ],
              "net": -2856,
              "reporting_category": "dispute",
              "source": "dp_0O6yn09e1RjUNIyYwsLD5Yvi",
              "status": "pending",
              "type": "adjustment"
            }
          ],
          "charge": "ch_2O6ymy9e1RjUNIyY1MGLvaGT",
          "created": 1698685090,
          "currency": "usd",
          "evidence": {
            "access_activity_log": null,
            "billing_address": null,
            "cancellation_policy": null,
            "cancellation_policy_disclosure": null,
            "cancellation_rebuttal": null,
            "customer_communication": null,
            "customer_email_address": null,
            "customer_name": null,
            "customer_purchase_ip": null,
            "customer_signature": null,
            "duplicate_charge_documentation": null,
            "duplicate_charge_explanation": null,
            "duplicate_charge_id": null,
            "product_description": null,
            "receipt": null,
            "refund_policy": null,
            "refund_policy_disclosure": null,
            "refund_refusal_explanation": null,
            "service_date": null,
            "service_documentation": null,
            "shipping_address": null,
            "shipping_carrier": null,
            "shipping_date": null,
            "shipping_documentation": null,
            "shipping_tracking_number": null,
            "uncategorized_file": null,
            "uncategorized_text": null
          },
          "evidence_details": {
            "due_by": 1699487999,
            "has_evidence": false,
            "past_due": false,
            "submission_count": 0
          },
          "is_charge_refundable": false,
          "livemode": false,
          "metadata": {},
          "payment_intent": "pi_2O6ymy9e1RjUNIyY1ICKDWOb",
          "payment_method_details": {
            "card": {
              "brand": "visa",
              "network_reason_code": "83"
            },
            "type": "card"
          },
          "reason": "fraudulent",
          "status": "needs_response"
        }
  recorded_at: Mon, 30 Oct 2023 16:58:13 GMT
- request:
    method: post
    uri: https://api.stripe.com/v1/disputes/dp_0O6yn09e1RjUNIyYwsLD5Yvi
    body:
      encoding: UTF-8
      string: evidence[uncategorized_text]=losing_evidence
    headers:
      User-Agent:
      - Stripe/v1 RubyBindings/10.0.0
      Authorization:
      - Bearer sk_test_4MnOc1f1gf16nKP6dyvP4TAD
      Content-Type:
      - application/x-www-form-urlencoded
      X-Stripe-Client-Telemetry:
      - '{"last_request_metrics":{"request_id":"req_iBs6H9OZeEuaIn","request_duration_ms":1405}}'
      Idempotency-Key:
      - fe8cfa72-ead1-42b4-9b7a-89f0b7ff7a91
      Stripe-Version:
      - '2023-10-16'
      X-Stripe-Client-User-Agent:
      - '{"bindings_version":"10.0.0","lang":"ruby","lang_version":"3.2.2 p53 (2023-03-30)","platform":"arm64-darwin20","engine":"ruby","publisher":"stripe","uname":"Darwin
        Harbakshs-MacBook-Air.local 20.5.0 Darwin Kernel Version 20.5.0: Sat May  8
        05:10:31 PDT 2021; root:xnu-7195.121.3~9/RELEASE_ARM64_T8101 arm64","hostname":"Harbakshs-MacBook-Air.local"}'
      Accept-Encoding:
      - gzip;q=1.0,deflate;q=0.6,identity;q=0.3
      Accept:
      - "*/*"
  response:
    status:
      code: 200
      message: OK
    headers:
      Server:
      - nginx
      Date:
      - Mon, 30 Oct 2023 16:58:14 GMT
      Content-Type:
      - application/json
      Content-Length:
      - '2337'
      Connection:
      - keep-alive
      Access-Control-Allow-Credentials:
      - 'true'
      Access-Control-Allow-Methods:
      - GET,HEAD,PUT,PATCH,POST,DELETE
      Access-Control-Allow-Origin:
      - "*"
      Access-Control-Expose-Headers:
      - Request-Id, Stripe-Manage-Version, Stripe-Should-Retry, X-Stripe-External-Auth-Required,
        X-Stripe-Privileged-Session-Required
      Access-Control-Max-Age:
      - '300'
      Cache-Control:
      - no-cache, no-store
      Content-Security-Policy-Report-Only:
      - report-uri https://q.stripe.com/csp-report?p=v1%2Fdisputes%2F%3Adispute; block-all-mixed-content;
        default-src 'none'; base-uri 'none'; form-action 'none'; frame-ancestors 'none';
        img-src 'self'; script-src 'self' 'report-sample'; style-src 'self'
      Idempotency-Key:
      - fe8cfa72-ead1-42b4-9b7a-89f0b7ff7a91
      Original-Request:
      - req_rtbH9XegWZr8vN
      Request-Id:
      - req_rtbH9XegWZr8vN
      Stripe-Should-Retry:
      - 'false'
      Stripe-Version:
      - '2023-10-16'
      Vary:
      - Origin
      X-Stripe-Routing-Context-Priority-Tier:
      - api-testmode
      Strict-Transport-Security:
      - max-age=63072000; includeSubDomains; preload
    body:
      encoding: UTF-8
      string: |-
        {
          "id": "dp_0O6yn09e1RjUNIyYwsLD5Yvi",
          "object": "dispute",
          "amount": 1000,
          "balance_transaction": "txn_0O6yn09e1RjUNIyYotWOsJZS",
          "balance_transactions": [
            {
              "id": "txn_0O6yn09e1RjUNIyYotWOsJZS",
              "object": "balance_transaction",
              "amount": -1356,
              "available_on": 1699228800,
              "created": 1698685090,
              "currency": "cad",
              "description": "Chargeback withdrawal for ch_2O6ymy9e1RjUNIyY1MGLvaGT",
              "exchange_rate": null,
              "fee": 1500,
              "fee_details": [
                {
                  "amount": 1500,
                  "application": null,
                  "currency": "cad",
                  "description": "Dispute fee",
                  "type": "stripe_fee"
                }
              ],
              "net": -2856,
              "reporting_category": "dispute",
              "source": "dp_0O6yn09e1RjUNIyYwsLD5Yvi",
              "status": "pending",
              "type": "adjustment"
            }
          ],
          "charge": "ch_2O6ymy9e1RjUNIyY1MGLvaGT",
          "created": 1698685090,
          "currency": "usd",
          "evidence": {
            "access_activity_log": null,
            "billing_address": null,
            "cancellation_policy": null,
            "cancellation_policy_disclosure": null,
            "cancellation_rebuttal": null,
            "customer_communication": null,
            "customer_email_address": null,
            "customer_name": null,
            "customer_purchase_ip": null,
            "customer_signature": null,
            "duplicate_charge_documentation": null,
            "duplicate_charge_explanation": null,
            "duplicate_charge_id": null,
            "product_description": null,
            "receipt": null,
            "refund_policy": null,
            "refund_policy_disclosure": null,
            "refund_refusal_explanation": null,
            "service_date": null,
            "service_documentation": null,
            "shipping_address": null,
            "shipping_carrier": null,
            "shipping_date": null,
            "shipping_documentation": null,
            "shipping_tracking_number": null,
            "uncategorized_file": null,
            "uncategorized_text": "losing_evidence"
          },
          "evidence_details": {
            "due_by": 1699487999,
            "has_evidence": true,
            "past_due": false,
            "submission_count": 1
          },
          "is_charge_refundable": false,
          "livemode": false,
          "metadata": {},
          "payment_intent": "pi_2O6ymy9e1RjUNIyY1ICKDWOb",
          "payment_method_details": {
            "card": {
              "brand": "visa",
              "network_reason_code": "83"
            },
            "type": "card"
          },
          "reason": "fraudulent",
          "status": "under_review"
        }
  recorded_at: Mon, 30 Oct 2023 16:58:14 GMT
- request:
    method: get
    uri: https://api.stripe.com/v1/disputes/dp_0O6yn09e1RjUNIyYwsLD5Yvi
    body:
      encoding: US-ASCII
      string: ''
    headers:
      User-Agent:
      - Stripe/v1 RubyBindings/10.0.0
      Authorization:
      - Bearer sk_test_4MnOc1f1gf16nKP6dyvP4TAD
      Content-Type:
      - application/x-www-form-urlencoded
      X-Stripe-Client-Telemetry:
      - '{"last_request_metrics":{"request_id":"req_rtbH9XegWZr8vN","request_duration_ms":668}}'
      Stripe-Version:
      - '2023-10-16'
      X-Stripe-Client-User-Agent:
      - '{"bindings_version":"10.0.0","lang":"ruby","lang_version":"3.2.2 p53 (2023-03-30)","platform":"arm64-darwin20","engine":"ruby","publisher":"stripe","uname":"Darwin
        Harbakshs-MacBook-Air.local 20.5.0 Darwin Kernel Version 20.5.0: Sat May  8
        05:10:31 PDT 2021; root:xnu-7195.121.3~9/RELEASE_ARM64_T8101 arm64","hostname":"Harbakshs-MacBook-Air.local"}'
      Accept-Encoding:
      - gzip;q=1.0,deflate;q=0.6,identity;q=0.3
      Accept:
      - "*/*"
  response:
    status:
      code: 200
      message: OK
    headers:
      Server:
      - nginx
      Date:
      - Mon, 30 Oct 2023 16:58:15 GMT
      Content-Type:
      - application/json
      Content-Length:
      - '2329'
      Connection:
      - keep-alive
      Access-Control-Allow-Credentials:
      - 'true'
      Access-Control-Allow-Methods:
      - GET,HEAD,PUT,PATCH,POST,DELETE
      Access-Control-Allow-Origin:
      - "*"
      Access-Control-Expose-Headers:
      - Request-Id, Stripe-Manage-Version, Stripe-Should-Retry, X-Stripe-External-Auth-Required,
        X-Stripe-Privileged-Session-Required
      Access-Control-Max-Age:
      - '300'
      Cache-Control:
      - no-cache, no-store
      Content-Security-Policy-Report-Only:
      - report-uri https://q.stripe.com/csp-report?p=v1%2Fdisputes%2F%3Adispute; block-all-mixed-content;
        default-src 'none'; base-uri 'none'; form-action 'none'; frame-ancestors 'none';
        img-src 'self'; script-src 'self' 'report-sample'; style-src 'self'
      Request-Id:
      - req_VkT3lvZf1nF3Fn
      Stripe-Version:
      - '2023-10-16'
      Vary:
      - Origin
      X-Stripe-Routing-Context-Priority-Tier:
      - api-testmode
      Strict-Transport-Security:
      - max-age=63072000; includeSubDomains; preload
    body:
      encoding: UTF-8
      string: |-
        {
          "id": "dp_0O6yn09e1RjUNIyYwsLD5Yvi",
          "object": "dispute",
          "amount": 1000,
          "balance_transaction": "txn_0O6yn09e1RjUNIyYotWOsJZS",
          "balance_transactions": [
            {
              "id": "txn_0O6yn09e1RjUNIyYotWOsJZS",
              "object": "balance_transaction",
              "amount": -1356,
              "available_on": 1699228800,
              "created": 1698685090,
              "currency": "cad",
              "description": "Chargeback withdrawal for ch_2O6ymy9e1RjUNIyY1MGLvaGT",
              "exchange_rate": null,
              "fee": 1500,
              "fee_details": [
                {
                  "amount": 1500,
                  "application": null,
                  "currency": "cad",
                  "description": "Dispute fee",
                  "type": "stripe_fee"
                }
              ],
              "net": -2856,
              "reporting_category": "dispute",
              "source": "dp_0O6yn09e1RjUNIyYwsLD5Yvi",
              "status": "pending",
              "type": "adjustment"
            }
          ],
          "charge": "ch_2O6ymy9e1RjUNIyY1MGLvaGT",
          "created": 1698685090,
          "currency": "usd",
          "evidence": {
            "access_activity_log": null,
            "billing_address": null,
            "cancellation_policy": null,
            "cancellation_policy_disclosure": null,
            "cancellation_rebuttal": null,
            "customer_communication": null,
            "customer_email_address": null,
            "customer_name": null,
            "customer_purchase_ip": null,
            "customer_signature": null,
            "duplicate_charge_documentation": null,
            "duplicate_charge_explanation": null,
            "duplicate_charge_id": null,
            "product_description": null,
            "receipt": null,
            "refund_policy": null,
            "refund_policy_disclosure": null,
            "refund_refusal_explanation": null,
            "service_date": null,
            "service_documentation": null,
            "shipping_address": null,
            "shipping_carrier": null,
            "shipping_date": null,
            "shipping_documentation": null,
            "shipping_tracking_number": null,
            "uncategorized_file": null,
            "uncategorized_text": "losing_evidence"
          },
          "evidence_details": {
            "due_by": 1699487999,
            "has_evidence": true,
            "past_due": false,
            "submission_count": 1
          },
          "is_charge_refundable": false,
          "livemode": false,
          "metadata": {},
          "payment_intent": "pi_2O6ymy9e1RjUNIyY1ICKDWOb",
          "payment_method_details": {
            "card": {
              "brand": "visa",
              "network_reason_code": "83"
            },
            "type": "card"
          },
          "reason": "fraudulent",
          "status": "lost"
        }
  recorded_at: Mon, 30 Oct 2023 16:58:15 GMT
- request:
    method: get
    uri: https://api.stripe.com/v1/charges/ch_2O6ymy9e1RjUNIyY1MGLvaGT
    body:
      encoding: US-ASCII
      string: ''
    headers:
      User-Agent:
      - Stripe/v1 RubyBindings/10.0.0
      Authorization:
      - Bearer sk_test_4MnOc1f1gf16nKP6dyvP4TAD
      Content-Type:
      - application/x-www-form-urlencoded
      X-Stripe-Client-Telemetry:
      - '{"last_request_metrics":{"request_id":"req_VkT3lvZf1nF3Fn","request_duration_ms":1243}}'
      Stripe-Version:
      - '2023-10-16'
      X-Stripe-Client-User-Agent:
      - '{"bindings_version":"10.0.0","lang":"ruby","lang_version":"3.2.2 p53 (2023-03-30)","platform":"arm64-darwin20","engine":"ruby","publisher":"stripe","uname":"Darwin
        Harbakshs-MacBook-Air.local 20.5.0 Darwin Kernel Version 20.5.0: Sat May  8
        05:10:31 PDT 2021; root:xnu-7195.121.3~9/RELEASE_ARM64_T8101 arm64","hostname":"Harbakshs-MacBook-Air.local"}'
      Accept-Encoding:
      - gzip;q=1.0,deflate;q=0.6,identity;q=0.3
      Accept:
      - "*/*"
  response:
    status:
      code: 200
      message: OK
    headers:
      Server:
      - nginx
      Date:
      - Mon, 30 Oct 2023 16:58:15 GMT
      Content-Type:
      - application/json
      Content-Length:
      - '2946'
      Connection:
      - keep-alive
      Access-Control-Allow-Credentials:
      - 'true'
      Access-Control-Allow-Methods:
      - GET,HEAD,PUT,PATCH,POST,DELETE
      Access-Control-Allow-Origin:
      - "*"
      Access-Control-Expose-Headers:
      - Request-Id, Stripe-Manage-Version, Stripe-Should-Retry, X-Stripe-External-Auth-Required,
        X-Stripe-Privileged-Session-Required
      Access-Control-Max-Age:
      - '300'
      Cache-Control:
      - no-cache, no-store
      Content-Security-Policy-Report-Only:
      - report-uri https://q.stripe.com/csp-report?p=v1%2Fcharges%2F%3Acharge; block-all-mixed-content;
        default-src 'none'; base-uri 'none'; form-action 'none'; frame-ancestors 'none';
        img-src 'self'; script-src 'self' 'report-sample'; style-src 'self'
      Request-Id:
      - req_GREdtCjP0juZOo
      Stripe-Version:
      - '2023-10-16'
      Vary:
      - Origin
      X-Stripe-Routing-Context-Priority-Tier:
      - api-testmode
      Strict-Transport-Security:
      - max-age=63072000; includeSubDomains; preload
    body:
      encoding: UTF-8
      string: |-
        {
          "id": "ch_2O6ymy9e1RjUNIyY1MGLvaGT",
          "object": "charge",
          "amount": 1000,
          "amount_captured": 1000,
          "amount_refunded": 0,
          "amount_updates": [],
          "application": null,
          "application_fee": "fee_1O6ymz2mHDqOP3XJRBQtob3M",
          "application_fee_amount": 100,
          "balance_transaction": "txn_2O6ymy9e1RjUNIyY1bfWevpz",
          "billing_details": {
            "address": {
              "city": null,
              "country": null,
              "line1": null,
              "line2": null,
              "postal_code": null,
              "state": null
            },
            "email": null,
            "name": null,
            "phone": null
          },
          "calculated_statement_descriptor": "GUMROAD.COM",
          "captured": true,
          "created": 1698685089,
          "currency": "usd",
          "customer": null,
          "description": null,
          "destination": "acct_1O6ymu2mHDqOP3XJ",
          "dispute": "dp_0O6yn09e1RjUNIyYwsLD5Yvi",
          "disputed": true,
          "failure_balance_transaction": null,
          "failure_code": null,
          "failure_message": null,
          "fraud_details": {},
          "invoice": null,
          "livemode": false,
          "metadata": {},
          "on_behalf_of": "acct_1O6ymu2mHDqOP3XJ",
          "order": null,
          "outcome": {
            "network_status": "approved_by_network",
            "reason": null,
            "risk_level": "normal",
            "risk_score": 54,
            "seller_message": "Payment complete.",
            "type": "authorized"
          },
          "paid": true,
          "payment_intent": "pi_2O6ymy9e1RjUNIyY1ICKDWOb",
          "payment_method": "pm_0O6ymt9e1RjUNIyYzPBhWhwg",
          "payment_method_details": {
            "card": {
              "amount_authorized": 1000,
              "brand": "visa",
              "checks": {
                "address_line1_check": null,
                "address_postal_code_check": null,
                "cvc_check": "pass"
              },
              "country": "US",
              "exp_month": 12,
              "exp_year": 2023,
              "extended_authorization": {
                "status": "disabled"
              },
              "fingerprint": "VxUGbAs1AGxaj8mD",
              "funding": "credit",
              "incremental_authorization": {
                "status": "unavailable"
              },
              "installments": null,
              "last4": "0259",
              "mandate": null,
              "multicapture": {
                "status": "unavailable"
              },
              "network": "visa",
              "network_token": {
                "used": false
              },
              "overcapture": {
                "maximum_amount_capturable": 1000,
                "status": "unavailable"
              },
              "three_d_secure": null,
              "wallet": null
            },
            "type": "card"
          },
          "receipt_email": null,
          "receipt_number": null,
          "receipt_url": "https://pay.stripe.com/receipts/payment/CAcaIgogOWUxUmpVTkl5WUdwQTlDZmgzUm1ReHhUemIxYWFrcEUop8H_qQYyBobgaMZ-vDosFg3XuMBrQQJPp-VnqmmxTpcwOvaCZj3DpdoWiQK4x3Hehca92y4iZc5Emk4",
          "refunded": false,
          "review": null,
          "shipping": null,
          "source": null,
          "source_transfer": null,
          "statement_descriptor": null,
          "statement_descriptor_suffix": null,
          "status": "succeeded",
          "transfer": "tr_2O6ymy9e1RjUNIyY1u0d7XXA",
          "transfer_data": {
            "amount": null,
            "destination": "acct_1O6ymu2mHDqOP3XJ"
          },
          "transfer_group": "group_pi_2O6ymy9e1RjUNIyY1ICKDWOb"
        }
  recorded_at: Mon, 30 Oct 2023 16:58:15 GMT
- request:
    method: get
    uri: https://api.stripe.com/v1/disputes/dp_0O6yn09e1RjUNIyYwsLD5Yvi?expand%5B%5D=balance_transactions
    body:
      encoding: US-ASCII
      string: ''
    headers:
      User-Agent:
      - Stripe/v1 RubyBindings/10.0.0
      Authorization:
      - Bearer sk_test_4MnOc1f1gf16nKP6dyvP4TAD
      Content-Type:
      - application/x-www-form-urlencoded
      X-Stripe-Client-Telemetry:
      - '{"last_request_metrics":{"request_id":"req_GREdtCjP0juZOo","request_duration_ms":513}}'
      Stripe-Version:
      - '2023-10-16'
      X-Stripe-Client-User-Agent:
      - '{"bindings_version":"10.0.0","lang":"ruby","lang_version":"3.2.2 p53 (2023-03-30)","platform":"arm64-darwin20","engine":"ruby","publisher":"stripe","uname":"Darwin
        Harbakshs-MacBook-Air.local 20.5.0 Darwin Kernel Version 20.5.0: Sat May  8
        05:10:31 PDT 2021; root:xnu-7195.121.3~9/RELEASE_ARM64_T8101 arm64","hostname":"Harbakshs-MacBook-Air.local"}'
      Accept-Encoding:
      - gzip;q=1.0,deflate;q=0.6,identity;q=0.3
      Accept:
      - "*/*"
  response:
    status:
      code: 200
      message: OK
    headers:
      Server:
      - nginx
      Date:
      - Mon, 30 Oct 2023 16:58:16 GMT
      Content-Type:
      - application/json
      Content-Length:
      - '2329'
      Connection:
      - keep-alive
      Access-Control-Allow-Credentials:
      - 'true'
      Access-Control-Allow-Methods:
      - GET,HEAD,PUT,PATCH,POST,DELETE
      Access-Control-Allow-Origin:
      - "*"
      Access-Control-Expose-Headers:
      - Request-Id, Stripe-Manage-Version, Stripe-Should-Retry, X-Stripe-External-Auth-Required,
        X-Stripe-Privileged-Session-Required
      Access-Control-Max-Age:
      - '300'
      Cache-Control:
      - no-cache, no-store
      Content-Security-Policy-Report-Only:
      - report-uri https://q.stripe.com/csp-report?p=v1%2Fdisputes%2F%3Adispute; block-all-mixed-content;
        default-src 'none'; base-uri 'none'; form-action 'none'; frame-ancestors 'none';
        img-src 'self'; script-src 'self' 'report-sample'; style-src 'self'
      Request-Id:
      - req_hRIGFW888dqP7B
      Stripe-Version:
      - '2023-10-16'
      Vary:
      - Origin
      X-Stripe-Routing-Context-Priority-Tier:
      - api-testmode
      Strict-Transport-Security:
      - max-age=63072000; includeSubDomains; preload
    body:
      encoding: UTF-8
      string: |-
        {
          "id": "dp_0O6yn09e1RjUNIyYwsLD5Yvi",
          "object": "dispute",
          "amount": 1000,
          "balance_transaction": "txn_0O6yn09e1RjUNIyYotWOsJZS",
          "balance_transactions": [
            {
              "id": "txn_0O6yn09e1RjUNIyYotWOsJZS",
              "object": "balance_transaction",
              "amount": -1356,
              "available_on": 1699228800,
              "created": 1698685090,
              "currency": "cad",
              "description": "Chargeback withdrawal for ch_2O6ymy9e1RjUNIyY1MGLvaGT",
              "exchange_rate": null,
              "fee": 1500,
              "fee_details": [
                {
                  "amount": 1500,
                  "application": null,
                  "currency": "cad",
                  "description": "Dispute fee",
                  "type": "stripe_fee"
                }
              ],
              "net": -2856,
              "reporting_category": "dispute",
              "source": "dp_0O6yn09e1RjUNIyYwsLD5Yvi",
              "status": "pending",
              "type": "adjustment"
            }
          ],
          "charge": "ch_2O6ymy9e1RjUNIyY1MGLvaGT",
          "created": 1698685090,
          "currency": "usd",
          "evidence": {
            "access_activity_log": null,
            "billing_address": null,
            "cancellation_policy": null,
            "cancellation_policy_disclosure": null,
            "cancellation_rebuttal": null,
            "customer_communication": null,
            "customer_email_address": null,
            "customer_name": null,
            "customer_purchase_ip": null,
            "customer_signature": null,
            "duplicate_charge_documentation": null,
            "duplicate_charge_explanation": null,
            "duplicate_charge_id": null,
            "product_description": null,
            "receipt": null,
            "refund_policy": null,
            "refund_policy_disclosure": null,
            "refund_refusal_explanation": null,
            "service_date": null,
            "service_documentation": null,
            "shipping_address": null,
            "shipping_carrier": null,
            "shipping_date": null,
            "shipping_documentation": null,
            "shipping_tracking_number": null,
            "uncategorized_file": null,
            "uncategorized_text": "losing_evidence"
          },
          "evidence_details": {
            "due_by": 1699487999,
            "has_evidence": true,
            "past_due": false,
            "submission_count": 1
          },
          "is_charge_refundable": false,
          "livemode": false,
          "metadata": {},
          "payment_intent": "pi_2O6ymy9e1RjUNIyY1ICKDWOb",
          "payment_method_details": {
            "card": {
              "brand": "visa",
              "network_reason_code": "83"
            },
            "type": "card"
          },
          "reason": "fraudulent",
          "status": "lost"
        }
  recorded_at: Mon, 30 Oct 2023 16:58:16 GMT
- request:
    method: get
    uri: https://api.stripe.com/v1/charges/ch_2O6ymy9e1RjUNIyY1MGLvaGT?expand%5B%5D=application_fee.refunds.data.balance_transaction&expand%5B%5D=balance_transaction&expand%5B%5D=transfer.reversals.data.balance_transaction
    body:
      encoding: US-ASCII
      string: ''
    headers:
      User-Agent:
      - Stripe/v1 RubyBindings/10.0.0
      Authorization:
      - Bearer sk_test_4MnOc1f1gf16nKP6dyvP4TAD
      Content-Type:
      - application/x-www-form-urlencoded
      X-Stripe-Client-Telemetry:
      - '{"last_request_metrics":{"request_id":"req_hRIGFW888dqP7B","request_duration_ms":383}}'
      Stripe-Version:
      - '2023-10-16'
      X-Stripe-Client-User-Agent:
      - '{"bindings_version":"10.0.0","lang":"ruby","lang_version":"3.2.2 p53 (2023-03-30)","platform":"arm64-darwin20","engine":"ruby","publisher":"stripe","uname":"Darwin
        Harbakshs-MacBook-Air.local 20.5.0 Darwin Kernel Version 20.5.0: Sat May  8
        05:10:31 PDT 2021; root:xnu-7195.121.3~9/RELEASE_ARM64_T8101 arm64","hostname":"Harbakshs-MacBook-Air.local"}'
      Accept-Encoding:
      - gzip;q=1.0,deflate;q=0.6,identity;q=0.3
      Accept:
      - "*/*"
  response:
    status:
      code: 200
      message: OK
    headers:
      Server:
      - nginx
      Date:
      - Mon, 30 Oct 2023 16:58:19 GMT
      Content-Type:
      - application/json
      Content-Length:
      - '6796'
      Connection:
      - keep-alive
      Access-Control-Allow-Credentials:
      - 'true'
      Access-Control-Allow-Methods:
      - GET,HEAD,PUT,PATCH,POST,DELETE
      Access-Control-Allow-Origin:
      - "*"
      Access-Control-Expose-Headers:
      - Request-Id, Stripe-Manage-Version, Stripe-Should-Retry, X-Stripe-External-Auth-Required,
        X-Stripe-Privileged-Session-Required
      Access-Control-Max-Age:
      - '300'
      Cache-Control:
      - no-cache, no-store
      Content-Security-Policy-Report-Only:
      - report-uri https://q.stripe.com/csp-report?p=v1%2Fcharges%2F%3Acharge; block-all-mixed-content;
        default-src 'none'; base-uri 'none'; form-action 'none'; frame-ancestors 'none';
        img-src 'self'; script-src 'self' 'report-sample'; style-src 'self'
      Request-Id:
      - req_Y3xJ7jlpc3cTD4
      Stripe-Version:
      - '2023-10-16'
      Vary:
      - Origin
      X-Stripe-Routing-Context-Priority-Tier:
      - api-testmode
      Strict-Transport-Security:
      - max-age=63072000; includeSubDomains; preload
    body:
      encoding: UTF-8
      string: |-
        {
          "id": "ch_2O6ymy9e1RjUNIyY1MGLvaGT",
          "object": "charge",
          "amount": 1000,
          "amount_captured": 1000,
          "amount_refunded": 0,
          "amount_updates": [],
          "application": null,
          "application_fee": {
            "id": "fee_1O6ymz2mHDqOP3XJRBQtob3M",
            "object": "application_fee",
            "account": "acct_1O6ymu2mHDqOP3XJ",
            "amount": 100,
            "amount_refunded": 100,
            "application": "ca_42fpqGTJ6VQbAkyhmnG4BLS1vq0slNN4",
            "balance_transaction": "txn_0O6yn29e1RjUNIyYUN9OeiTM",
            "charge": "py_1O6ymz2mHDqOP3XJfiuCzbeT",
            "created": 1698685089,
            "currency": "usd",
            "livemode": false,
            "originating_transaction": "ch_2O6ymy9e1RjUNIyY1MGLvaGT",
            "refunded": true,
            "refunds": {
              "object": "list",
              "data": [
                {
                  "id": "fr_1O6yn52mHDqOP3XJKRfhbvut",
                  "object": "fee_refund",
                  "amount": 136,
                  "balance_transaction": {
                    "id": "txn_0O6yn69e1RjUNIyYPhsOxD3t",
                    "object": "balance_transaction",
                    "amount": -100,
                    "available_on": 1699228800,
                    "created": 1698685095,
                    "currency": "usd",
                    "description": "REFUND FOR APPLICATION FEE",
                    "exchange_rate": 1.38343,
                    "fee": 0,
                    "fee_details": [],
                    "net": -100,
                    "reporting_category": "platform_earning_refund",
                    "source": "fee_1O6ymz2mHDqOP3XJRBQtob3M",
                    "status": "pending",
                    "type": "application_fee_refund"
                  },
                  "created": 1698685095,
                  "currency": "cad",
                  "fee": "fee_1O6ymz2mHDqOP3XJRBQtob3M",
                  "metadata": {}
                }
              ],
              "has_more": false,
              "total_count": 1,
              "url": "/v1/application_fees/fee_1O6ymz2mHDqOP3XJRBQtob3M/refunds"
            }
          },
          "application_fee_amount": 100,
          "balance_transaction": {
            "id": "txn_2O6ymy9e1RjUNIyY1bfWevpz",
            "object": "balance_transaction",
            "amount": 1356,
            "available_on": 1699228800,
            "created": 1698685089,
            "currency": "cad",
            "description": null,
            "exchange_rate": 1.35576,
            "fee": 69,
            "fee_details": [
              {
                "amount": 69,
                "application": null,
                "currency": "cad",
                "description": "Stripe processing fees",
                "type": "stripe_fee"
              }
            ],
            "net": 1287,
            "reporting_category": "charge",
            "source": "ch_2O6ymy9e1RjUNIyY1MGLvaGT",
            "status": "pending",
            "type": "charge"
          },
          "billing_details": {
            "address": {
              "city": null,
              "country": null,
              "line1": null,
              "line2": null,
              "postal_code": null,
              "state": null
            },
            "email": null,
            "name": null,
            "phone": null
          },
          "calculated_statement_descriptor": "GUMROAD.COM",
          "captured": true,
          "created": 1698685089,
          "currency": "usd",
          "customer": null,
          "description": null,
          "destination": "acct_1O6ymu2mHDqOP3XJ",
          "dispute": "dp_0O6yn09e1RjUNIyYwsLD5Yvi",
          "disputed": true,
          "failure_balance_transaction": null,
          "failure_code": null,
          "failure_message": null,
          "fraud_details": {},
          "invoice": null,
          "livemode": false,
          "metadata": {},
          "on_behalf_of": "acct_1O6ymu2mHDqOP3XJ",
          "order": null,
          "outcome": {
            "network_status": "approved_by_network",
            "reason": null,
            "risk_level": "normal",
            "risk_score": 54,
            "seller_message": "Payment complete.",
            "type": "authorized"
          },
          "paid": true,
          "payment_intent": "pi_2O6ymy9e1RjUNIyY1ICKDWOb",
          "payment_method": "pm_0O6ymt9e1RjUNIyYzPBhWhwg",
          "payment_method_details": {
            "card": {
              "amount_authorized": 1000,
              "brand": "visa",
              "checks": {
                "address_line1_check": null,
                "address_postal_code_check": null,
                "cvc_check": "pass"
              },
              "country": "US",
              "exp_month": 12,
              "exp_year": 2023,
              "extended_authorization": {
                "status": "disabled"
              },
              "fingerprint": "VxUGbAs1AGxaj8mD",
              "funding": "credit",
              "incremental_authorization": {
                "status": "unavailable"
              },
              "installments": null,
              "last4": "0259",
              "mandate": null,
              "multicapture": {
                "status": "unavailable"
              },
              "network": "visa",
              "network_token": {
                "used": false
              },
              "overcapture": {
                "maximum_amount_capturable": 1000,
                "status": "unavailable"
              },
              "three_d_secure": null,
              "wallet": null
            },
            "type": "card"
          },
          "receipt_email": null,
          "receipt_number": null,
          "receipt_url": "https://pay.stripe.com/receipts/payment/CAcaIgogOWUxUmpVTkl5WUdwQTlDZmgzUm1ReHhUemIxYWFrcEUoq8H_qQYyBhCg3nNuGDosFq27KiO_WnL8djTQKJjTzGmQiVeRlBK2WkNk6-9YQIYSNIy_DTFc1vbMfA0",
          "refunded": false,
          "review": null,
          "shipping": null,
          "source": null,
          "source_transfer": null,
          "statement_descriptor": null,
          "statement_descriptor_suffix": null,
          "status": "succeeded",
          "transfer": {
            "id": "tr_2O6ymy9e1RjUNIyY1u0d7XXA",
            "object": "transfer",
            "amount": 1356,
            "amount_reversed": 1356,
            "balance_transaction": "txn_2O6ymy9e1RjUNIyY1FjhO8a8",
            "created": 1698685089,
            "currency": "cad",
            "description": null,
            "destination": "acct_1O6ymu2mHDqOP3XJ",
            "destination_payment": "py_1O6ymz2mHDqOP3XJfiuCzbeT",
            "livemode": false,
            "metadata": {},
            "reversals": {
              "object": "list",
              "data": [
                {
                  "id": "trr_0O6yn59e1RjUNIyYctrS9q5m",
                  "object": "transfer_reversal",
                  "amount": 1356,
                  "balance_transaction": {
                    "id": "txn_0O6yn69e1RjUNIyY8yEq6EgY",
                    "object": "balance_transaction",
                    "amount": 1356,
                    "available_on": 1699228800,
                    "created": 1698685095,
                    "currency": "cad",
                    "description": "REFUND FOR TRANSFER",
                    "exchange_rate": null,
                    "fee": 0,
                    "fee_details": [],
                    "net": 1356,
                    "reporting_category": "transfer_reversal",
                    "source": "tr_2O6ymy9e1RjUNIyY1u0d7XXA",
                    "status": "pending",
                    "type": "transfer_refund"
                  },
                  "created": 1698685095,
                  "currency": "cad",
                  "destination_payment_refund": "pyr_1O6yn52mHDqOP3XJNRupqXGi",
                  "metadata": {},
                  "source_refund": null,
                  "transfer": "tr_2O6ymy9e1RjUNIyY1u0d7XXA"
                }
              ],
              "has_more": false,
              "total_count": 1,
              "url": "/v1/transfers/tr_2O6ymy9e1RjUNIyY1u0d7XXA/reversals"
            },
            "reversed": true,
            "source_transaction": "ch_2O6ymy9e1RjUNIyY1MGLvaGT",
            "source_type": "card",
            "transfer_group": "group_pi_2O6ymy9e1RjUNIyY1ICKDWOb"
          },
          "transfer_data": {
            "amount": null,
            "destination": "acct_1O6ymu2mHDqOP3XJ"
          },
          "transfer_group": "group_pi_2O6ymy9e1RjUNIyY1ICKDWOb"
        }
  recorded_at: Mon, 30 Oct 2023 16:58:19 GMT
recorded_with: VCR 6.2.0
