---
http_interactions:
- request:
    method: post
    uri: https://api.stripe.com/v1/payment_methods
    body:
      encoding: UTF-8
      string: type=card&card[number]=4242+4242+4242+4242&card[exp_month]=12&card[exp_year]=2023&card[cvc]=123
    headers:
      User-Agent:
      - Stripe/v1 RubyBindings/10.0.0
      Authorization:
      - Bearer sk_test_4MnOc1f1gf16nKP6dyvP4TAD
      Content-Type:
      - application/x-www-form-urlencoded
      X-Stripe-Client-Telemetry:
      - '{"last_request_metrics":{"request_id":"req_KshvuHM1HMoW2F","request_duration_ms":718}}'
      Idempotency-Key:
      - 40e8ffbb-4262-4bb3-b873-4e30988d71c4
      Stripe-Version:
      - '2023-10-16'
      X-Stripe-Client-User-Agent:
      - '{"bindings_version":"10.0.0","lang":"ruby","lang_version":"3.2.2 p53 (2023-03-30)","platform":"arm64-darwin20","engine":"ruby","publisher":"stripe","uname":"Darwin
        Harbakshs-MacBook-Air.local 20.5.0 Darwin Kernel Version 20.5.0: Sat May  8
        05:10:31 PDT 2021; root:xnu-7195.121.3~9/RELEASE_ARM64_T8101 arm64","hostname":"Harbakshs-MacBook-Air.local"}'
      Accept-Encoding:
      - gzip;q=1.0,deflate;q=0.6,identity;q=0.3
      Accept:
      - "*/*"
  response:
    status:
      code: 200
      message: OK
    headers:
      Server:
      - nginx
      Date:
      - Tue, 31 Oct 2023 19:46:04 GMT
      Content-Type:
      - application/json
      Content-Length:
      - '931'
      Connection:
      - keep-alive
      Access-Control-Allow-Credentials:
      - 'true'
      Access-Control-Allow-Methods:
      - GET,HEAD,PUT,PATCH,POST,DELETE
      Access-Control-Allow-Origin:
      - "*"
      Access-Control-Expose-Headers:
      - Request-Id, Stripe-Manage-Version, Stripe-Should-Retry, X-Stripe-External-Auth-Required,
        X-Stripe-Privileged-Session-Required
      Access-Control-Max-Age:
      - '300'
      Cache-Control:
      - no-cache, no-store
      Content-Security-Policy-Report-Only:
      - report-uri https://q.stripe.com/csp-report?p=v1%2Fpayment_methods; block-all-mixed-content;
        default-src 'none'; base-uri 'none'; form-action 'none'; frame-ancestors 'none';
        img-src 'self'; script-src 'self' 'report-sample'; style-src 'self'
      Idempotency-Key:
      - 40e8ffbb-4262-4bb3-b873-4e30988d71c4
      Original-Request:
      - req_rA1Em6Jhf9vWX1
      Request-Id:
      - req_rA1Em6Jhf9vWX1
      Stripe-Should-Retry:
      - 'false'
      Stripe-Version:
      - '2023-10-16'
      Vary:
      - Origin
      X-Stripe-Routing-Context-Priority-Tier:
      - api-testmode
      Strict-Transport-Security:
      - max-age=63072000; includeSubDomains; preload
    body:
      encoding: UTF-8
      string: |-
        {
          "id": "pm_0O7Nt19e1RjUNIyYGh9fW18R",
          "object": "payment_method",
          "billing_details": {
            "address": {
              "city": null,
              "country": null,
              "line1": null,
              "line2": null,
              "postal_code": null,
              "state": null
            },
            "email": null,
            "name": null,
            "phone": null
          },
          "card": {
            "brand": "visa",
            "checks": {
              "address_line1_check": null,
              "address_postal_code_check": null,
              "cvc_check": "unchecked"
            },
            "country": "US",
            "exp_month": 12,
            "exp_year": 2023,
            "fingerprint": "W691J2Ye3VDoq6Ij",
            "funding": "credit",
            "generated_from": null,
            "last4": "4242",
            "networks": {
              "available": [
                "visa"
              ],
              "preferred": null
            },
            "three_d_secure_usage": {
              "supported": true
            },
            "wallet": null
          },
          "created": 1698781563,
          "customer": null,
          "livemode": false,
          "metadata": {},
          "type": "card"
        }
  recorded_at: Tue, 31 Oct 2023 19:46:04 GMT
- request:
    method: post
    uri: https://api.stripe.com/v1/payment_methods
    body:
      encoding: UTF-8
      string: type=card&card[number]=4000+0000+0000+0341&card[exp_month]=12&card[exp_year]=2023&card[cvc]=123
    headers:
      User-Agent:
      - Stripe/v1 RubyBindings/10.0.0
      Authorization:
      - Bearer sk_test_4MnOc1f1gf16nKP6dyvP4TAD
      Content-Type:
      - application/x-www-form-urlencoded
      X-Stripe-Client-Telemetry:
      - '{"last_request_metrics":{"request_id":"req_rA1Em6Jhf9vWX1","request_duration_ms":597}}'
      Idempotency-Key:
      - 43c503a3-45ff-4082-9e8d-f084dfd29b4b
      Stripe-Version:
      - '2023-10-16'
      X-Stripe-Client-User-Agent:
      - '{"bindings_version":"10.0.0","lang":"ruby","lang_version":"3.2.2 p53 (2023-03-30)","platform":"arm64-darwin20","engine":"ruby","publisher":"stripe","uname":"Darwin
        Harbakshs-MacBook-Air.local 20.5.0 Darwin Kernel Version 20.5.0: Sat May  8
        05:10:31 PDT 2021; root:xnu-7195.121.3~9/RELEASE_ARM64_T8101 arm64","hostname":"Harbakshs-MacBook-Air.local"}'
      Accept-Encoding:
      - gzip;q=1.0,deflate;q=0.6,identity;q=0.3
      Accept:
      - "*/*"
  response:
    status:
      code: 200
      message: OK
    headers:
      Server:
      - nginx
      Date:
      - Tue, 31 Oct 2023 19:46:04 GMT
      Content-Type:
      - application/json
      Content-Length:
      - '931'
      Connection:
      - keep-alive
      Access-Control-Allow-Credentials:
      - 'true'
      Access-Control-Allow-Methods:
      - GET,HEAD,PUT,PATCH,POST,DELETE
      Access-Control-Allow-Origin:
      - "*"
      Access-Control-Expose-Headers:
      - Request-Id, Stripe-Manage-Version, Stripe-Should-Retry, X-Stripe-External-Auth-Required,
        X-Stripe-Privileged-Session-Required
      Access-Control-Max-Age:
      - '300'
      Cache-Control:
      - no-cache, no-store
      Content-Security-Policy-Report-Only:
      - report-uri https://q.stripe.com/csp-report?p=v1%2Fpayment_methods; block-all-mixed-content;
        default-src 'none'; base-uri 'none'; form-action 'none'; frame-ancestors 'none';
        img-src 'self'; script-src 'self' 'report-sample'; style-src 'self'
      Idempotency-Key:
      - 43c503a3-45ff-4082-9e8d-f084dfd29b4b
      Original-Request:
      - req_tdG5AmAdM3j9gt
      Request-Id:
      - req_tdG5AmAdM3j9gt
      Stripe-Should-Retry:
      - 'false'
      Stripe-Version:
      - '2023-10-16'
      Vary:
      - Origin
      X-Stripe-Routing-Context-Priority-Tier:
      - api-testmode
      Strict-Transport-Security:
      - max-age=63072000; includeSubDomains; preload
    body:
      encoding: UTF-8
      string: |-
        {
          "id": "pm_0O7Nt29e1RjUNIyYGYwTUC3I",
          "object": "payment_method",
          "billing_details": {
            "address": {
              "city": null,
              "country": null,
              "line1": null,
              "line2": null,
              "postal_code": null,
              "state": null
            },
            "email": null,
            "name": null,
            "phone": null
          },
          "card": {
            "brand": "visa",
            "checks": {
              "address_line1_check": null,
              "address_postal_code_check": null,
              "cvc_check": "unchecked"
            },
            "country": "US",
            "exp_month": 12,
            "exp_year": 2023,
            "fingerprint": "waikMtIz0irgsfaY",
            "funding": "credit",
            "generated_from": null,
            "last4": "0341",
            "networks": {
              "available": [
                "visa"
              ],
              "preferred": null
            },
            "three_d_secure_usage": {
              "supported": true
            },
            "wallet": null
          },
          "created": 1698781564,
          "customer": null,
          "livemode": false,
          "metadata": {},
          "type": "card"
        }
  recorded_at: Tue, 31 Oct 2023 19:46:04 GMT
- request:
    method: get
    uri: https://api.stripe.com/v1/payment_methods/pm_0O7Nt19e1RjUNIyYGh9fW18R
    body:
      encoding: US-ASCII
      string: ''
    headers:
      User-Agent:
      - Stripe/v1 RubyBindings/10.0.0
      Authorization:
      - Bearer sk_test_4MnOc1f1gf16nKP6dyvP4TAD
      Content-Type:
      - application/x-www-form-urlencoded
      X-Stripe-Client-Telemetry:
      - '{"last_request_metrics":{"request_id":"req_tdG5AmAdM3j9gt","request_duration_ms":523}}'
      Stripe-Version:
      - '2023-10-16'
      X-Stripe-Client-User-Agent:
      - '{"bindings_version":"10.0.0","lang":"ruby","lang_version":"3.2.2 p53 (2023-03-30)","platform":"arm64-darwin20","engine":"ruby","publisher":"stripe","uname":"Darwin
        Harbakshs-MacBook-Air.local 20.5.0 Darwin Kernel Version 20.5.0: Sat May  8
        05:10:31 PDT 2021; root:xnu-7195.121.3~9/RELEASE_ARM64_T8101 arm64","hostname":"Harbakshs-MacBook-Air.local"}'
      Accept-Encoding:
      - gzip;q=1.0,deflate;q=0.6,identity;q=0.3
      Accept:
      - "*/*"
  response:
    status:
      code: 200
      message: OK
    headers:
      Server:
      - nginx
      Date:
      - Tue, 31 Oct 2023 19:46:05 GMT
      Content-Type:
      - application/json
      Content-Length:
      - '931'
      Connection:
      - keep-alive
      Access-Control-Allow-Credentials:
      - 'true'
      Access-Control-Allow-Methods:
      - GET,HEAD,PUT,PATCH,POST,DELETE
      Access-Control-Allow-Origin:
      - "*"
      Access-Control-Expose-Headers:
      - Request-Id, Stripe-Manage-Version, Stripe-Should-Retry, X-Stripe-External-Auth-Required,
        X-Stripe-Privileged-Session-Required
      Access-Control-Max-Age:
      - '300'
      Cache-Control:
      - no-cache, no-store
      Content-Security-Policy-Report-Only:
      - report-uri https://q.stripe.com/csp-report?p=v1%2Fpayment_methods%2F%3Apayment_method;
        block-all-mixed-content; default-src 'none'; base-uri 'none'; form-action
        'none'; frame-ancestors 'none'; img-src 'self'; script-src 'self' 'report-sample';
        style-src 'self'
      Request-Id:
      - req_Qo8QZhPb7OQ2Oa
      Stripe-Version:
      - '2023-10-16'
      Vary:
      - Origin
      X-Stripe-Routing-Context-Priority-Tier:
      - api-testmode
      Strict-Transport-Security:
      - max-age=63072000; includeSubDomains; preload
    body:
      encoding: UTF-8
      string: |-
        {
          "id": "pm_0O7Nt19e1RjUNIyYGh9fW18R",
          "object": "payment_method",
          "billing_details": {
            "address": {
              "city": null,
              "country": null,
              "line1": null,
              "line2": null,
              "postal_code": null,
              "state": null
            },
            "email": null,
            "name": null,
            "phone": null
          },
          "card": {
            "brand": "visa",
            "checks": {
              "address_line1_check": null,
              "address_postal_code_check": null,
              "cvc_check": "unchecked"
            },
            "country": "US",
            "exp_month": 12,
            "exp_year": 2023,
            "fingerprint": "W691J2Ye3VDoq6Ij",
            "funding": "credit",
            "generated_from": null,
            "last4": "4242",
            "networks": {
              "available": [
                "visa"
              ],
              "preferred": null
            },
            "three_d_secure_usage": {
              "supported": true
            },
            "wallet": null
          },
          "created": 1698781563,
          "customer": null,
          "livemode": false,
          "metadata": {},
          "type": "card"
        }
  recorded_at: Tue, 31 Oct 2023 19:46:05 GMT
- request:
    method: post
    uri: https://api.stripe.com/v1/customers
    body:
      encoding: UTF-8
      string: description=&payment_method=pm_0O7Nt19e1RjUNIyYGh9fW18R
    headers:
      User-Agent:
      - Stripe/v1 RubyBindings/10.0.0
      Authorization:
      - Bearer sk_test_4MnOc1f1gf16nKP6dyvP4TAD
      Content-Type:
      - application/x-www-form-urlencoded
      X-Stripe-Client-Telemetry:
      - '{"last_request_metrics":{"request_id":"req_Qo8QZhPb7OQ2Oa","request_duration_ms":364}}'
      Idempotency-Key:
      - d0bb882c-ff97-4bd4-b502-2166f345d3a0
      Stripe-Version:
      - '2023-10-16'
      X-Stripe-Client-User-Agent:
      - '{"bindings_version":"10.0.0","lang":"ruby","lang_version":"3.2.2 p53 (2023-03-30)","platform":"arm64-darwin20","engine":"ruby","publisher":"stripe","uname":"Darwin
        Harbakshs-MacBook-Air.local 20.5.0 Darwin Kernel Version 20.5.0: Sat May  8
        05:10:31 PDT 2021; root:xnu-7195.121.3~9/RELEASE_ARM64_T8101 arm64","hostname":"Harbakshs-MacBook-Air.local"}'
      Accept-Encoding:
      - gzip;q=1.0,deflate;q=0.6,identity;q=0.3
      Accept:
      - "*/*"
  response:
    status:
      code: 200
      message: OK
    headers:
      Server:
      - nginx
      Date:
      - Tue, 31 Oct 2023 19:46:06 GMT
      Content-Type:
      - application/json
      Content-Length:
      - '614'
      Connection:
      - keep-alive
      Access-Control-Allow-Credentials:
      - 'true'
      Access-Control-Allow-Methods:
      - GET,HEAD,PUT,PATCH,POST,DELETE
      Access-Control-Allow-Origin:
      - "*"
      Access-Control-Expose-Headers:
      - Request-Id, Stripe-Manage-Version, Stripe-Should-Retry, X-Stripe-External-Auth-Required,
        X-Stripe-Privileged-Session-Required
      Access-Control-Max-Age:
      - '300'
      Cache-Control:
      - no-cache, no-store
      Content-Security-Policy-Report-Only:
      - report-uri https://q.stripe.com/csp-report?p=v1%2Fcustomers; block-all-mixed-content;
        default-src 'none'; base-uri 'none'; form-action 'none'; frame-ancestors 'none';
        img-src 'self'; script-src 'self' 'report-sample'; style-src 'self'
      Idempotency-Key:
      - d0bb882c-ff97-4bd4-b502-2166f345d3a0
      Original-Request:
      - req_rWuwy5ZGhhu5Rg
      Request-Id:
      - req_rWuwy5ZGhhu5Rg
      Stripe-Should-Retry:
      - 'false'
      Stripe-Version:
      - '2023-10-16'
      Vary:
      - Origin
      X-Stripe-Routing-Context-Priority-Tier:
      - api-testmode
      Strict-Transport-Security:
      - max-age=63072000; includeSubDomains; preload
    body:
      encoding: UTF-8
      string: |-
        {
          "id": "cus_OvELNydAVQUF44",
          "object": "customer",
          "address": null,
          "balance": 0,
          "created": 1698781565,
          "currency": null,
          "default_source": null,
          "delinquent": false,
          "description": null,
          "discount": null,
          "email": null,
          "invoice_prefix": "7A6465E9",
          "invoice_settings": {
            "custom_fields": null,
            "default_payment_method": null,
            "footer": null,
            "rendering_options": null
          },
          "livemode": false,
          "metadata": {},
          "name": null,
          "next_invoice_sequence": 1,
          "phone": null,
          "preferred_locales": [],
          "shipping": null,
          "tax_exempt": "none",
          "test_clock": null
        }
  recorded_at: Tue, 31 Oct 2023 19:46:06 GMT
- request:
    method: post
    uri: https://api.stripe.com/v1/setup_intents
    body:
      encoding: UTF-8
      string: confirm=true&payment_method_types[0]=card&usage=off_session&payment_method=pm_0O7Nt19e1RjUNIyYGh9fW18R&customer=cus_OvELNydAVQUF44
    headers:
      User-Agent:
      - Stripe/v1 RubyBindings/10.0.0
      Authorization:
      - Bearer sk_test_4MnOc1f1gf16nKP6dyvP4TAD
      Content-Type:
      - application/x-www-form-urlencoded
      X-Stripe-Client-Telemetry:
      - '{"last_request_metrics":{"request_id":"req_rWuwy5ZGhhu5Rg","request_duration_ms":898}}'
      Idempotency-Key:
      - d977440a-12dd-4daf-a82b-1265215adb5b
      Stripe-Version:
      - '2023-10-16'
      X-Stripe-Client-User-Agent:
      - '{"bindings_version":"10.0.0","lang":"ruby","lang_version":"3.2.2 p53 (2023-03-30)","platform":"arm64-darwin20","engine":"ruby","publisher":"stripe","uname":"Darwin
        Harbakshs-MacBook-Air.local 20.5.0 Darwin Kernel Version 20.5.0: Sat May  8
        05:10:31 PDT 2021; root:xnu-7195.121.3~9/RELEASE_ARM64_T8101 arm64","hostname":"Harbakshs-MacBook-Air.local"}'
      Accept-Encoding:
      - gzip;q=1.0,deflate;q=0.6,identity;q=0.3
      Accept:
      - "*/*"
  response:
    status:
      code: 200
      message: OK
    headers:
      Server:
      - nginx
      Date:
      - Tue, 31 Oct 2023 19:46:07 GMT
      Content-Type:
      - application/json
      Content-Length:
      - '929'
      Connection:
      - keep-alive
      Access-Control-Allow-Credentials:
      - 'true'
      Access-Control-Allow-Methods:
      - GET,HEAD,PUT,PATCH,POST,DELETE
      Access-Control-Allow-Origin:
      - "*"
      Access-Control-Expose-Headers:
      - Request-Id, Stripe-Manage-Version, Stripe-Should-Retry, X-Stripe-External-Auth-Required,
        X-Stripe-Privileged-Session-Required
      Access-Control-Max-Age:
      - '300'
      Cache-Control:
      - no-cache, no-store
      Content-Security-Policy-Report-Only:
      - report-uri https://q.stripe.com/csp-report?p=v1%2Fsetup_intents; block-all-mixed-content;
        default-src 'none'; base-uri 'none'; form-action 'none'; frame-ancestors 'none';
        img-src 'self'; script-src 'self' 'report-sample'; style-src 'self'
      Idempotency-Key:
      - d977440a-12dd-4daf-a82b-1265215adb5b
      Original-Request:
      - req_nG6N8HQyDuKGC6
      Request-Id:
      - req_nG6N8HQyDuKGC6
      Stripe-Should-Retry:
      - 'false'
      Stripe-Version:
      - '2023-10-16'
      Vary:
      - Origin
      X-Stripe-Routing-Context-Priority-Tier:
      - api-testmode
      Strict-Transport-Security:
      - max-age=63072000; includeSubDomains; preload
    body:
      encoding: UTF-8
      string: |-
        {
          "id": "seti_0O7Nt49e1RjUNIyYDpKgQ6Dk",
          "object": "setup_intent",
          "application": null,
          "automatic_payment_methods": null,
          "cancellation_reason": null,
          "client_secret": "seti_0O7Nt49e1RjUNIyYDpKgQ6Dk_secret_OvELp9DESuiwoOZitjsZwJEbjGxmvaH",
          "created": 1698781566,
          "customer": "cus_OvELNydAVQUF44",
          "description": null,
          "flow_directions": null,
          "last_setup_error": null,
          "latest_attempt": "setatt_0O7Nt49e1RjUNIyYJz4u2jDF",
          "livemode": false,
          "mandate": null,
          "metadata": {},
          "next_action": null,
          "on_behalf_of": null,
          "payment_method": "pm_0O7Nt19e1RjUNIyYGh9fW18R",
          "payment_method_configuration_details": null,
          "payment_method_options": {
            "card": {
              "mandate_options": null,
              "network": null,
              "request_three_d_secure": "automatic"
            }
          },
          "payment_method_types": [
            "card"
          ],
          "single_use_mandate": null,
          "status": "succeeded",
          "usage": "off_session"
        }
  recorded_at: Tue, 31 Oct 2023 19:46:07 GMT
recorded_with: VCR 6.2.0
