---
http_interactions:
- request:
    method: post
    uri: https://api.stripe.com/v1/accounts
    body:
      encoding: UTF-8
      string: type=custom&requested_capabilities[0]=card_payments&requested_capabilities[1]=transfers&country=US&default_currency=usd&metadata[user_id]=4229535303752&metadata[tos_agreement_id]=dQMAHeiff1UMsaDDxJzpTQ%3D%3D&metadata[user_compliance_info_id]=dQMAHeiff1UMsaDDxJzpTQ%3D%3D&metadata[bank_account_id]=GCNaB6KFAA5mlIj83tg18g%3D%3D&tos_acceptance[date]=1732706330&tos_acceptance[ip]=54.234.242.13&business_type=individual&business_profile[name]=Chuck+Bartowski&business_profile[url]=https%3A%2F%2Fvipul.gumroad.com%2F&business_profile[product_description]=Chuck+Bartowski&individual[first_name]=Chuck&individual[last_name]=Bartowski&individual[email]=edgar6ca62ec5_89%40gumroad.com&individual[phone]=0000000000&individual[dob][day]=1&individual[dob][month]=1&individual[dob][year]=1901&individual[address][line1]=address_full_match&individual[address][city]=San+Francisco&individual[address][state]=California&individual[address][postal_code]=94107&individual[address][country]=US&individual[id_number]=000000000&bank_account[country]=US&bank_account[currency]=usd&bank_account[account_number]=000123456789&bank_account[routing_number]=110000000&settings[payouts][schedule][interval]=manual&settings[payouts][debit_negative_balances]=true
    headers:
      User-Agent:
      - Stripe/v1 RubyBindings/12.5.0
      Authorization:
      - Bearer sk_test_4MnOc1f1gf16nKP6dyvP4TAD
      Content-Type:
      - application/x-www-form-urlencoded
      X-Stripe-Client-Telemetry:
      - '{"last_request_metrics":{"request_id":"req_AUxb4op21k8GY3","request_duration_ms":1453}}'
      Idempotency-Key:
      - 100e3a63-c700-4cc8-9861-028d87e1f9a3
      Stripe-Version:
      - 2023-10-16; risk_in_requirements_beta=v1
      X-Stripe-Client-User-Agent:
      - '{"bindings_version":"12.5.0","lang":"ruby","lang_version":"3.3.4 p94 (2024-07-09)","platform":"arm64-darwin20","engine":"ruby","publisher":"stripe","uname":"Darwin
        Harbakshs-MacBook-Air.local 20.5.0 Darwin Kernel Version 20.5.0: Sat May  8
        05:10:31 PDT 2021; root:xnu-7195.121.3~9/RELEASE_ARM64_T8101 arm64","hostname":"Harbakshs-MacBook-Air.local"}'
      Accept-Encoding:
      - gzip;q=1.0,deflate;q=0.6,identity;q=0.3
      Accept:
      - "*/*"
  response:
    status:
      code: 200
      message: OK
    headers:
      Server:
      - nginx
      Date:
      - Wed, 27 Nov 2024 11:18:55 GMT
      Content-Type:
      - application/json
      Content-Length:
      - '7086'
      Connection:
      - keep-alive
      Access-Control-Allow-Credentials:
      - 'true'
      Access-Control-Allow-Methods:
      - GET, HEAD, PUT, PATCH, POST, DELETE
      Access-Control-Allow-Origin:
      - "*"
      Access-Control-Expose-Headers:
      - Request-Id, Stripe-Manage-Version, Stripe-Should-Retry, X-Stripe-External-Auth-Required,
        X-Stripe-Privileged-Session-Required
      Access-Control-Max-Age:
      - '300'
      Cache-Control:
      - no-cache, no-store
      Content-Security-Policy:
      - report-uri https://q.stripe.com/csp-report?p=v1%2Faccounts; block-all-mixed-content;
        default-src 'none'; base-uri 'none'; form-action 'none'; frame-ancestors 'none';
        img-src 'self'; script-src 'self' 'report-sample'; style-src 'self'
      Cross-Origin-Opener-Policy-Report-Only:
      - same-origin; report-to="coop"
      Idempotency-Key:
      - 100e3a63-c700-4cc8-9861-028d87e1f9a3
      Original-Request:
      - req_9mBVf3GfzqqsVt
      Report-To:
      - '{"group":"coop","max_age":8640,"endpoints":[{"url":"https://q.stripe.com/coop-report"}],"include_subdomains":true}'
      Reporting-Endpoints:
      - coop="https://q.stripe.com/coop-report"
      Request-Id:
      - req_9mBVf3GfzqqsVt
      Stripe-Should-Retry:
      - 'false'
      Stripe-Version:
      - 2023-10-16; risk_in_requirements_beta=v1
      Vary:
      - Origin
      X-Content-Type-Options:
      - nosniff
      X-Stripe-Priority-Routing-Enabled:
      - 'true'
      X-Stripe-Routing-Context-Priority-Tier:
      - api-testmode
      X-Wc:
      - A
      Strict-Transport-Security:
      - max-age=63072000; includeSubDomains; preload
    body:
      encoding: UTF-8
      string: |-
        {
          "id": "acct_1QPjGgS8ORJngMZi",
          "object": "account",
          "business_profile": {
            "annual_revenue": null,
            "estimated_worker_count": null,
            "mcc": "5192",
            "name": "Chuck Bartowski",
            "product_description": "Chuck Bartowski",
            "support_address": null,
            "support_email": null,
            "support_phone": null,
            "support_url": null,
            "url": "https://vipul.gumroad.com/"
          },
          "business_type": "individual",
          "capabilities": {
            "card_payments": "pending",
            "transfers": "pending"
          },
          "charges_enabled": false,
          "company": {
            "address": {
              "city": "San Francisco",
              "country": "US",
              "line1": "address_full_match",
              "line2": null,
              "postal_code": "94107",
              "state": "California"
            },
            "directors_provided": true,
            "executives_provided": true,
            "name": null,
            "owners_provided": true,
            "phone": "+10000000000",
            "tax_id_provided": false,
            "verification": {
              "document": {
                "back": null,
                "details": null,
                "details_code": null,
                "front": null
              }
            }
          },
          "controller": {
            "fees": {
              "payer": "application_custom"
            },
            "is_controller": true,
            "losses": {
              "payments": "application"
            },
            "requirement_collection": "application",
            "stripe_dashboard": {
              "type": "none"
            },
            "type": "application"
          },
          "country": "US",
          "created": 1732706332,
          "default_currency": "usd",
          "details_submitted": true,
          "email": null,
          "external_accounts": {
            "object": "list",
            "data": [
              {
                "id": "ba_1QPjGgS8ORJngMZid23FqZid",
                "object": "bank_account",
                "account": "acct_1QPjGgS8ORJngMZi",
                "account_holder_name": null,
                "account_holder_type": null,
                "account_type": null,
                "available_payout_methods": [
                  "standard",
                  "instant"
                ],
                "bank_name": "STRIPE TEST BANK",
                "country": "US",
                "currency": "usd",
                "default_for_currency": true,
                "fingerprint": "dx7dqwoGHEQDKLLK",
                "future_requirements": {
                  "currently_due": [],
                  "errors": [],
                  "past_due": [],
                  "pending_verification": []
                },
                "last4": "6789",
                "metadata": {},
                "requirements": {
                  "currently_due": [],
                  "errors": [],
                  "past_due": [],
                  "pending_verification": []
                },
                "routing_number": "110000000",
                "status": "new"
              }
            ],
            "has_more": false,
            "total_count": 1,
            "url": "/v1/accounts/acct_1QPjGgS8ORJngMZi/external_accounts"
          },
          "future_requirements": {
            "alternatives": [],
            "current_deadline": 1717516800,
            "currently_due": [],
            "disabled_reason": null,
            "errors": [],
            "eventually_due": [],
            "past_due": [],
            "pending_verification": [
              "business_profile.url",
              "individual.address.city",
              "individual.address.line1",
              "individual.address.postal_code",
              "individual.address.state",
              "individual.id_number",
              "individual.verification.document"
            ]
          },
          "individual": {
            "id": "person_1QPjGhS8ORJngMZiJCkf1Ts1",
            "object": "person",
            "account": "acct_1QPjGgS8ORJngMZi",
            "address": {
              "city": "San Francisco",
              "country": "US",
              "line1": "address_full_match",
              "line2": null,
              "postal_code": "94107",
              "state": "California"
            },
            "created": 1732706332,
            "dob": {
              "day": 1,
              "month": 1,
              "year": 1901
            },
            "email": "edgar6ca62ec5_89@gumroad.com",
            "first_name": "Chuck",
            "future_requirements": {
              "alternatives": [],
              "currently_due": [],
              "errors": [],
              "eventually_due": [],
              "past_due": [],
              "pending_verification": [
                "address.city",
                "address.line1",
                "address.postal_code",
                "address.state",
                "id_number",
                "verification.document"
              ]
            },
            "id_number_provided": true,
            "last_name": "Bartowski",
            "metadata": {},
            "phone": "+10000000000",
            "relationship": {
              "authorizer": false,
              "director": false,
              "executive": false,
              "legal_guardian": false,
              "owner": false,
              "percent_ownership": null,
              "representative": true,
              "title": null
            },
            "requirements": {
              "alternatives": [],
              "currently_due": [],
              "errors": [],
              "eventually_due": [],
              "past_due": [],
              "pending_verification": [
                "address.city",
                "address.line1",
                "address.postal_code",
                "address.state",
                "id_number",
                "verification.document"
              ]
            },
            "ssn_last_4_provided": true,
            "verification": {
              "additional_document": {
                "back": null,
                "details": null,
                "details_code": null,
                "front": null
              },
              "details": null,
              "details_code": null,
              "document": {
                "back": null,
                "details": null,
                "details_code": null,
                "front": null
              },
              "status": "pending"
            }
          },
          "metadata": {
            "bank_account_id": "GCNaB6KFAA5mlIj83tg18g==",
            "tos_agreement_id": "dQMAHeiff1UMsaDDxJzpTQ==",
            "user_compliance_info_id": "dQMAHeiff1UMsaDDxJzpTQ==",
            "user_id": "4229535303752"
          },
          "payouts_enabled": false,
          "requirements": {
            "alternatives": [],
            "current_deadline": null,
            "currently_due": [],
            "disabled_reason": "requirements.pending_verification",
            "errors": [],
            "eventually_due": [],
            "past_due": [],
            "pending_verification": [
              "business_profile.url",
              "individual.address.city",
              "individual.address.line1",
              "individual.address.postal_code",
              "individual.address.state",
              "individual.id_number",
              "individual.verification.document"
            ]
          },
          "settings": {
            "bacs_debit_payments": {
              "display_name": null,
              "service_user_number": null
            },
            "branding": {
              "icon": null,
              "logo": null,
              "primary_color": null,
              "secondary_color": null
            },
            "capital": {},
            "card_issuing": {
              "tos_acceptance": {
                "date": null,
                "ip": null
              }
            },
            "card_payments": {
              "decline_on": {
                "avs_failure": false,
                "cvc_failure": false
              },
              "statement_descriptor_prefix": "CHUCK BART",
              "statement_descriptor_prefix_kana": null,
              "statement_descriptor_prefix_kanji": null
            },
            "dashboard": {
              "display_name": "Chuck Bartowski",
              "timezone": "Etc/UTC"
            },
            "invoices": {
              "default_account_tax_ids": null
            },
            "payments": {
              "statement_descriptor": "CHUCK BARTOWSKI",
              "statement_descriptor_kana": null,
              "statement_descriptor_kanji": null
            },
            "payouts": {
              "debit_negative_balances": true,
              "schedule": {
                "delay_days": 1,
                "interval": "manual"
              },
              "statement_descriptor": null
            },
            "sepa_debit_payments": {}
          },
          "tos_acceptance": {
            "date": 1732706330,
            "ip": "54.234.242.13",
            "user_agent": null
          },
          "type": "custom"
        }
  recorded_at: Wed, 27 Nov 2024 11:18:55 GMT
- request:
    method: get
    uri: https://api.stripe.com/v1/accounts/acct_1QPjGgS8ORJngMZi/persons
    body:
      encoding: US-ASCII
      string: ''
    headers:
      User-Agent:
      - Stripe/v1 RubyBindings/12.5.0
      Authorization:
      - Bearer sk_test_4MnOc1f1gf16nKP6dyvP4TAD
      Content-Type:
      - application/x-www-form-urlencoded
      X-Stripe-Client-Telemetry:
      - '{"last_request_metrics":{"request_id":"req_9mBVf3GfzqqsVt","request_duration_ms":4955}}'
      Stripe-Version:
      - 2023-10-16; risk_in_requirements_beta=v1
      X-Stripe-Client-User-Agent:
      - '{"bindings_version":"12.5.0","lang":"ruby","lang_version":"3.3.4 p94 (2024-07-09)","platform":"arm64-darwin20","engine":"ruby","publisher":"stripe","uname":"Darwin
        Harbakshs-MacBook-Air.local 20.5.0 Darwin Kernel Version 20.5.0: Sat May  8
        05:10:31 PDT 2021; root:xnu-7195.121.3~9/RELEASE_ARM64_T8101 arm64","hostname":"Harbakshs-MacBook-Air.local"}'
      Accept-Encoding:
      - gzip;q=1.0,deflate;q=0.6,identity;q=0.3
      Accept:
      - "*/*"
  response:
    status:
      code: 200
      message: OK
    headers:
      Server:
      - nginx
      Date:
      - Wed, 27 Nov 2024 11:18:55 GMT
      Content-Type:
      - application/json
      Content-Length:
      - '2383'
      Connection:
      - keep-alive
      Access-Control-Allow-Credentials:
      - 'true'
      Access-Control-Allow-Methods:
      - GET, HEAD, PUT, PATCH, POST, DELETE
      Access-Control-Allow-Origin:
      - "*"
      Access-Control-Expose-Headers:
      - Request-Id, Stripe-Manage-Version, Stripe-Should-Retry, X-Stripe-External-Auth-Required,
        X-Stripe-Privileged-Session-Required
      Access-Control-Max-Age:
      - '300'
      Cache-Control:
      - no-cache, no-store
      Content-Security-Policy:
      - report-uri https://q.stripe.com/csp-report?p=v1%2Faccounts%2F%3Aaccount%2Fpersons;
        block-all-mixed-content; default-src 'none'; base-uri 'none'; form-action
        'none'; frame-ancestors 'none'; img-src 'self'; script-src 'self' 'report-sample';
        style-src 'self'
      Cross-Origin-Opener-Policy-Report-Only:
      - same-origin; report-to="coop"
      Report-To:
      - '{"group":"coop","max_age":8640,"endpoints":[{"url":"https://q.stripe.com/coop-report"}],"include_subdomains":true}'
      Reporting-Endpoints:
      - coop="https://q.stripe.com/coop-report"
      Request-Id:
      - req_G5owc4qnMh5hr1
      Stripe-Account:
      - acct_1QPjGgS8ORJngMZi
      Stripe-Version:
      - 2023-10-16; risk_in_requirements_beta=v1
      Vary:
      - Origin
      X-Content-Type-Options:
      - nosniff
      X-Stripe-Priority-Routing-Enabled:
      - 'true'
      X-Stripe-Routing-Context-Priority-Tier:
      - api-testmode
      X-Wc:
      - A
      Strict-Transport-Security:
      - max-age=63072000; includeSubDomains; preload
    body:
      encoding: UTF-8
      string: |-
        {
          "object": "list",
          "data": [
            {
              "id": "person_1QPjGhS8ORJngMZiJCkf1Ts1",
              "object": "person",
              "account": "acct_1QPjGgS8ORJngMZi",
              "additional_tos_acceptances": {
                "account": {
                  "date": null,
                  "ip": null,
                  "user_agent": null
                }
              },
              "address": {
                "city": "San Francisco",
                "country": "US",
                "line1": "address_full_match",
                "line2": null,
                "postal_code": "94107",
                "state": "California"
              },
              "created": 1732706332,
              "dob": {
                "day": 1,
                "month": 1,
                "year": 1901
              },
              "email": "edgar6ca62ec5_89@gumroad.com",
              "first_name": "Chuck",
              "future_requirements": {
                "alternatives": [],
                "currently_due": [],
                "errors": [],
                "eventually_due": [],
                "past_due": [],
                "pending_verification": [
                  "address.city",
                  "address.line1",
                  "address.postal_code",
                  "address.state",
                  "id_number",
                  "verification.document"
                ]
              },
              "id_number_provided": true,
              "last_name": "Bartowski",
              "metadata": {},
              "phone": "+10000000000",
              "relationship": {
                "authorizer": false,
                "director": false,
                "executive": false,
                "legal_guardian": false,
                "owner": false,
                "percent_ownership": null,
                "representative": true,
                "title": null
              },
              "requirements": {
                "alternatives": [],
                "currently_due": [],
                "errors": [],
                "eventually_due": [],
                "past_due": [],
                "pending_verification": [
                  "address.city",
                  "address.line1",
                  "address.postal_code",
                  "address.state",
                  "id_number",
                  "verification.document"
                ]
              },
              "ssn_last_4_provided": true,
              "verification": {
                "additional_document": {
                  "back": null,
                  "details": null,
                  "details_code": null,
                  "front": null
                },
                "details": null,
                "details_code": null,
                "document": {
                  "back": null,
                  "details": null,
                  "details_code": null,
                  "front": null
                },
                "status": "pending"
              }
            }
          ],
          "has_more": false,
          "url": "/v1/accounts/acct_1QPjGgS8ORJngMZi/persons"
        }
  recorded_at: Wed, 27 Nov 2024 11:18:55 GMT
- request:
    method: post
    uri: https://api.stripe.com/v1/accounts/acct_1QPjGgS8ORJngMZi/persons/person_1QPjGhS8ORJngMZiJCkf1Ts1
    body:
      encoding: UTF-8
      string: verification[document][front]=file_identity_document_success
    headers:
      User-Agent:
      - Stripe/v1 RubyBindings/12.5.0
      Authorization:
      - Bearer sk_test_4MnOc1f1gf16nKP6dyvP4TAD
      Content-Type:
      - application/x-www-form-urlencoded
      X-Stripe-Client-Telemetry:
      - '{"last_request_metrics":{"request_id":"req_G5owc4qnMh5hr1","request_duration_ms":391}}'
      Idempotency-Key:
      - d9e66269-2768-478c-a97b-347af88a0554
      Stripe-Version:
      - 2023-10-16; risk_in_requirements_beta=v1
      X-Stripe-Client-User-Agent:
      - '{"bindings_version":"12.5.0","lang":"ruby","lang_version":"3.3.4 p94 (2024-07-09)","platform":"arm64-darwin20","engine":"ruby","publisher":"stripe","uname":"Darwin
        Harbakshs-MacBook-Air.local 20.5.0 Darwin Kernel Version 20.5.0: Sat May  8
        05:10:31 PDT 2021; root:xnu-7195.121.3~9/RELEASE_ARM64_T8101 arm64","hostname":"Harbakshs-MacBook-Air.local"}'
      Accept-Encoding:
      - gzip;q=1.0,deflate;q=0.6,identity;q=0.3
      Accept:
      - "*/*"
  response:
    status:
      code: 200
      message: OK
    headers:
      Server:
      - nginx
      Date:
      - Wed, 27 Nov 2024 11:18:58 GMT
      Content-Type:
      - application/json
      Content-Length:
      - '1934'
      Connection:
      - keep-alive
      Access-Control-Allow-Credentials:
      - 'true'
      Access-Control-Allow-Methods:
      - GET, HEAD, PUT, PATCH, POST, DELETE
      Access-Control-Allow-Origin:
      - "*"
      Access-Control-Expose-Headers:
      - Request-Id, Stripe-Manage-Version, Stripe-Should-Retry, X-Stripe-External-Auth-Required,
        X-Stripe-Privileged-Session-Required
      Access-Control-Max-Age:
      - '300'
      Cache-Control:
      - no-cache, no-store
      Content-Security-Policy:
      - report-uri https://q.stripe.com/csp-report?p=v1%2Faccounts%2F%3Aaccount%2Fpersons%2F%3Aperson;
        block-all-mixed-content; default-src 'none'; base-uri 'none'; form-action
        'none'; frame-ancestors 'none'; img-src 'self'; script-src 'self' 'report-sample';
        style-src 'self'
      Cross-Origin-Opener-Policy-Report-Only:
      - same-origin; report-to="coop"
      Idempotency-Key:
      - d9e66269-2768-478c-a97b-347af88a0554
      Original-Request:
      - req_OAaxIjZZSIDD3f
      Report-To:
      - '{"group":"coop","max_age":8640,"endpoints":[{"url":"https://q.stripe.com/coop-report"}],"include_subdomains":true}'
      Reporting-Endpoints:
      - coop="https://q.stripe.com/coop-report"
      Request-Id:
      - req_OAaxIjZZSIDD3f
      Stripe-Account:
      - acct_1QPjGgS8ORJngMZi
      Stripe-Should-Retry:
      - 'false'
      Stripe-Version:
      - 2023-10-16; risk_in_requirements_beta=v1
      Vary:
      - Origin
      X-Content-Type-Options:
      - nosniff
      X-Stripe-Priority-Routing-Enabled:
      - 'true'
      X-Stripe-Routing-Context-Priority-Tier:
      - api-testmode
      X-Wc:
      - A
      Strict-Transport-Security:
      - max-age=63072000; includeSubDomains; preload
    body:
      encoding: UTF-8
      string: |-
        {
          "id": "person_1QPjGhS8ORJngMZiJCkf1Ts1",
          "object": "person",
          "account": "acct_1QPjGgS8ORJngMZi",
          "additional_tos_acceptances": {
            "account": {
              "date": null,
              "ip": null,
              "user_agent": null
            }
          },
          "address": {
            "city": "San Francisco",
            "country": "US",
            "line1": "address_full_match",
            "line2": null,
            "postal_code": "94107",
            "state": "California"
          },
          "created": 1732706332,
          "dob": {
            "day": 1,
            "month": 1,
            "year": 1901
          },
          "email": "edgar6ca62ec5_89@gumroad.com",
          "first_name": "Chuck",
          "future_requirements": {
            "alternatives": [],
            "currently_due": [],
            "errors": [],
            "eventually_due": [],
            "past_due": [],
            "pending_verification": [
              "address.city",
              "address.line1",
              "address.postal_code",
              "address.state",
              "id_number",
              "verification.document"
            ]
          },
          "id_number_provided": true,
          "last_name": "Bartowski",
          "metadata": {},
          "phone": "+10000000000",
          "relationship": {
            "authorizer": false,
            "director": false,
            "executive": false,
            "legal_guardian": false,
            "owner": false,
            "percent_ownership": null,
            "representative": true,
            "title": null
          },
          "requirements": {
            "alternatives": [],
            "currently_due": [],
            "errors": [],
            "eventually_due": [],
            "past_due": [],
            "pending_verification": [
              "address.city",
              "address.line1",
              "address.postal_code",
              "address.state",
              "id_number",
              "verification.document"
            ]
          },
          "ssn_last_4_provided": true,
          "verification": {
            "additional_document": {
              "back": null,
              "details": null,
              "details_code": null,
              "front": null
            },
            "details": null,
            "details_code": null,
            "document": {
              "back": null,
              "details": null,
              "details_code": null,
              "front": "file_1QPjGnS8ORJngMZiAdrDTXRF"
            },
            "status": "pending"
          }
        }
  recorded_at: Wed, 27 Nov 2024 11:18:58 GMT
- request:
    method: get
    uri: https://api.stripe.com/v1/accounts/acct_1QPjGgS8ORJngMZi
    body:
      encoding: US-ASCII
      string: ''
    headers:
      User-Agent:
      - Stripe/v1 RubyBindings/12.5.0
      Authorization:
      - Bearer sk_test_4MnOc1f1gf16nKP6dyvP4TAD
      Content-Type:
      - application/x-www-form-urlencoded
      X-Stripe-Client-Telemetry:
      - '{"last_request_metrics":{"request_id":"req_OAaxIjZZSIDD3f","request_duration_ms":3105}}'
      Stripe-Version:
      - 2023-10-16; risk_in_requirements_beta=v1
      X-Stripe-Client-User-Agent:
      - '{"bindings_version":"12.5.0","lang":"ruby","lang_version":"3.3.4 p94 (2024-07-09)","platform":"arm64-darwin20","engine":"ruby","publisher":"stripe","uname":"Darwin
        Harbakshs-MacBook-Air.local 20.5.0 Darwin Kernel Version 20.5.0: Sat May  8
        05:10:31 PDT 2021; root:xnu-7195.121.3~9/RELEASE_ARM64_T8101 arm64","hostname":"Harbakshs-MacBook-Air.local"}'
      Accept-Encoding:
      - gzip;q=1.0,deflate;q=0.6,identity;q=0.3
      Accept:
      - "*/*"
  response:
    status:
      code: 200
      message: OK
    headers:
      Server:
      - nginx
      Date:
      - Wed, 27 Nov 2024 11:18:59 GMT
      Content-Type:
      - application/json
      Content-Length:
      - '7113'
      Connection:
      - keep-alive
      Access-Control-Allow-Credentials:
      - 'true'
      Access-Control-Allow-Methods:
      - GET, HEAD, PUT, PATCH, POST, DELETE
      Access-Control-Allow-Origin:
      - "*"
      Access-Control-Expose-Headers:
      - Request-Id, Stripe-Manage-Version, Stripe-Should-Retry, X-Stripe-External-Auth-Required,
        X-Stripe-Privileged-Session-Required
      Access-Control-Max-Age:
      - '300'
      Cache-Control:
      - no-cache, no-store
      Content-Security-Policy:
      - report-uri https://q.stripe.com/csp-report?p=v1%2Faccounts%2F%3Aaccount; block-all-mixed-content;
        default-src 'none'; base-uri 'none'; form-action 'none'; frame-ancestors 'none';
        img-src 'self'; script-src 'self' 'report-sample'; style-src 'self'
      Cross-Origin-Opener-Policy-Report-Only:
      - same-origin; report-to="coop"
      Report-To:
      - '{"group":"coop","max_age":8640,"endpoints":[{"url":"https://q.stripe.com/coop-report"}],"include_subdomains":true}'
      Reporting-Endpoints:
      - coop="https://q.stripe.com/coop-report"
      Request-Id:
      - req_n26rrFHlfur2yY
      Stripe-Account:
      - acct_1QPjGgS8ORJngMZi
      Stripe-Version:
      - 2023-10-16; risk_in_requirements_beta=v1
      Vary:
      - Origin
      X-Content-Type-Options:
      - nosniff
      X-Stripe-Priority-Routing-Enabled:
      - 'true'
      X-Stripe-Routing-Context-Priority-Tier:
      - api-testmode
      X-Wc:
      - A
      Strict-Transport-Security:
      - max-age=63072000; includeSubDomains; preload
    body:
      encoding: UTF-8
      string: |-
        {
          "id": "acct_1QPjGgS8ORJngMZi",
          "object": "account",
          "business_profile": {
            "annual_revenue": null,
            "estimated_worker_count": null,
            "mcc": "5192",
            "name": "Chuck Bartowski",
            "product_description": "Chuck Bartowski",
            "support_address": null,
            "support_email": null,
            "support_phone": null,
            "support_url": null,
            "url": "https://vipul.gumroad.com/"
          },
          "business_type": "individual",
          "capabilities": {
            "card_payments": "pending",
            "transfers": "pending"
          },
          "charges_enabled": false,
          "company": {
            "address": {
              "city": "San Francisco",
              "country": "US",
              "line1": "address_full_match",
              "line2": null,
              "postal_code": "94107",
              "state": "California"
            },
            "directors_provided": true,
            "executives_provided": true,
            "name": null,
            "owners_provided": true,
            "phone": "+10000000000",
            "tax_id_provided": false,
            "verification": {
              "document": {
                "back": null,
                "details": null,
                "details_code": null,
                "front": null
              }
            }
          },
          "controller": {
            "fees": {
              "payer": "application_custom"
            },
            "is_controller": true,
            "losses": {
              "payments": "application"
            },
            "requirement_collection": "application",
            "stripe_dashboard": {
              "type": "none"
            },
            "type": "application"
          },
          "country": "US",
          "created": 1732706332,
          "default_currency": "usd",
          "details_submitted": true,
          "email": null,
          "external_accounts": {
            "object": "list",
            "data": [
              {
                "id": "ba_1QPjGgS8ORJngMZid23FqZid",
                "object": "bank_account",
                "account": "acct_1QPjGgS8ORJngMZi",
                "account_holder_name": null,
                "account_holder_type": null,
                "account_type": null,
                "available_payout_methods": [
                  "standard",
                  "instant"
                ],
                "bank_name": "STRIPE TEST BANK",
                "country": "US",
                "currency": "usd",
                "default_for_currency": true,
                "fingerprint": "dx7dqwoGHEQDKLLK",
                "future_requirements": {
                  "currently_due": [],
                  "errors": [],
                  "past_due": [],
                  "pending_verification": []
                },
                "last4": "6789",
                "metadata": {},
                "requirements": {
                  "currently_due": [],
                  "errors": [],
                  "past_due": [],
                  "pending_verification": []
                },
                "routing_number": "110000000",
                "status": "new"
              }
            ],
            "has_more": false,
            "total_count": 1,
            "url": "/v1/accounts/acct_1QPjGgS8ORJngMZi/external_accounts"
          },
          "future_requirements": {
            "alternatives": [],
            "current_deadline": 1717516800,
            "currently_due": [],
            "disabled_reason": null,
            "errors": [],
            "eventually_due": [],
            "past_due": [],
            "pending_verification": [
              "business_profile.url",
              "individual.address.city",
              "individual.address.line1",
              "individual.address.postal_code",
              "individual.address.state",
              "individual.id_number",
              "individual.verification.document"
            ]
          },
          "individual": {
            "id": "person_1QPjGhS8ORJngMZiJCkf1Ts1",
            "object": "person",
            "account": "acct_1QPjGgS8ORJngMZi",
            "address": {
              "city": "San Francisco",
              "country": "US",
              "line1": "address_full_match",
              "line2": null,
              "postal_code": "94107",
              "state": "California"
            },
            "created": 1732706332,
            "dob": {
              "day": 1,
              "month": 1,
              "year": 1901
            },
            "email": "edgar6ca62ec5_89@gumroad.com",
            "first_name": "Chuck",
            "future_requirements": {
              "alternatives": [],
              "currently_due": [],
              "errors": [],
              "eventually_due": [],
              "past_due": [],
              "pending_verification": [
                "address.city",
                "address.line1",
                "address.postal_code",
                "address.state",
                "id_number",
                "verification.document"
              ]
            },
            "id_number_provided": true,
            "last_name": "Bartowski",
            "metadata": {},
            "phone": "+10000000000",
            "relationship": {
              "authorizer": false,
              "director": false,
              "executive": false,
              "legal_guardian": false,
              "owner": false,
              "percent_ownership": null,
              "representative": true,
              "title": null
            },
            "requirements": {
              "alternatives": [],
              "currently_due": [],
              "errors": [],
              "eventually_due": [],
              "past_due": [],
              "pending_verification": [
                "address.city",
                "address.line1",
                "address.postal_code",
                "address.state",
                "id_number",
                "verification.document"
              ]
            },
            "ssn_last_4_provided": true,
            "verification": {
              "additional_document": {
                "back": null,
                "details": null,
                "details_code": null,
                "front": null
              },
              "details": null,
              "details_code": null,
              "document": {
                "back": null,
                "details": null,
                "details_code": null,
                "front": "file_1QPjGnS8ORJngMZiAdrDTXRF"
              },
              "status": "pending"
            }
          },
          "metadata": {
            "bank_account_id": "GCNaB6KFAA5mlIj83tg18g==",
            "tos_agreement_id": "dQMAHeiff1UMsaDDxJzpTQ==",
            "user_compliance_info_id": "dQMAHeiff1UMsaDDxJzpTQ==",
            "user_id": "4229535303752"
          },
          "payouts_enabled": false,
          "requirements": {
            "alternatives": [],
            "current_deadline": null,
            "currently_due": [],
            "disabled_reason": "requirements.pending_verification",
            "errors": [],
            "eventually_due": [],
            "past_due": [],
            "pending_verification": [
              "business_profile.url",
              "individual.address.city",
              "individual.address.line1",
              "individual.address.postal_code",
              "individual.address.state",
              "individual.id_number",
              "individual.verification.document"
            ]
          },
          "settings": {
            "bacs_debit_payments": {
              "display_name": null,
              "service_user_number": null
            },
            "branding": {
              "icon": null,
              "logo": null,
              "primary_color": null,
              "secondary_color": null
            },
            "capital": {},
            "card_issuing": {
              "tos_acceptance": {
                "date": null,
                "ip": null
              }
            },
            "card_payments": {
              "decline_on": {
                "avs_failure": false,
                "cvc_failure": false
              },
              "statement_descriptor_prefix": "CHUCK BART",
              "statement_descriptor_prefix_kana": null,
              "statement_descriptor_prefix_kanji": null
            },
            "dashboard": {
              "display_name": "Chuck Bartowski",
              "timezone": "Etc/UTC"
            },
            "invoices": {
              "default_account_tax_ids": null
            },
            "payments": {
              "statement_descriptor": "CHUCK BARTOWSKI",
              "statement_descriptor_kana": null,
              "statement_descriptor_kanji": null
            },
            "payouts": {
              "debit_negative_balances": true,
              "schedule": {
                "delay_days": 1,
                "interval": "manual"
              },
              "statement_descriptor": null
            },
            "sepa_debit_payments": {}
          },
          "tos_acceptance": {
            "date": 1732706330,
            "ip": "54.234.242.13",
            "user_agent": null
          },
          "type": "custom"
        }
  recorded_at: Wed, 27 Nov 2024 11:18:59 GMT
- request:
    method: get
    uri: https://api.stripe.com/v1/accounts/acct_1QPjGgS8ORJngMZi
    body:
      encoding: US-ASCII
      string: ''
    headers:
      User-Agent:
      - Stripe/v1 RubyBindings/12.5.0
      Authorization:
      - Bearer sk_test_4MnOc1f1gf16nKP6dyvP4TAD
      Content-Type:
      - application/x-www-form-urlencoded
      X-Stripe-Client-Telemetry:
      - '{"last_request_metrics":{"request_id":"req_n26rrFHlfur2yY","request_duration_ms":723}}'
      Stripe-Version:
      - 2023-10-16; risk_in_requirements_beta=v1
      X-Stripe-Client-User-Agent:
      - '{"bindings_version":"12.5.0","lang":"ruby","lang_version":"3.3.4 p94 (2024-07-09)","platform":"arm64-darwin20","engine":"ruby","publisher":"stripe","uname":"Darwin
        Harbakshs-MacBook-Air.local 20.5.0 Darwin Kernel Version 20.5.0: Sat May  8
        05:10:31 PDT 2021; root:xnu-7195.121.3~9/RELEASE_ARM64_T8101 arm64","hostname":"Harbakshs-MacBook-Air.local"}'
      Accept-Encoding:
      - gzip;q=1.0,deflate;q=0.6,identity;q=0.3
      Accept:
      - "*/*"
  response:
    status:
      code: 200
      message: OK
    headers:
      Server:
      - nginx
      Date:
      - Wed, 27 Nov 2024 11:19:10 GMT
      Content-Type:
      - application/json
      Content-Length:
      - '7114'
      Connection:
      - keep-alive
      Access-Control-Allow-Credentials:
      - 'true'
      Access-Control-Allow-Methods:
      - GET, HEAD, PUT, PATCH, POST, DELETE
      Access-Control-Allow-Origin:
      - "*"
      Access-Control-Expose-Headers:
      - Request-Id, Stripe-Manage-Version, Stripe-Should-Retry, X-Stripe-External-Auth-Required,
        X-Stripe-Privileged-Session-Required
      Access-Control-Max-Age:
      - '300'
      Cache-Control:
      - no-cache, no-store
      Content-Security-Policy:
      - report-uri https://q.stripe.com/csp-report?p=v1%2Faccounts%2F%3Aaccount; block-all-mixed-content;
        default-src 'none'; base-uri 'none'; form-action 'none'; frame-ancestors 'none';
        img-src 'self'; script-src 'self' 'report-sample'; style-src 'self'
      Cross-Origin-Opener-Policy-Report-Only:
      - same-origin; report-to="coop"
      Report-To:
      - '{"group":"coop","max_age":8640,"endpoints":[{"url":"https://q.stripe.com/coop-report"}],"include_subdomains":true}'
      Reporting-Endpoints:
      - coop="https://q.stripe.com/coop-report"
      Request-Id:
      - req_7zD1WtOKxKiG30
      Stripe-Account:
      - acct_1QPjGgS8ORJngMZi
      Stripe-Version:
      - 2023-10-16; risk_in_requirements_beta=v1
      Vary:
      - Origin
      X-Content-Type-Options:
      - nosniff
      X-Stripe-Priority-Routing-Enabled:
      - 'true'
      X-Stripe-Routing-Context-Priority-Tier:
      - api-testmode
      X-Wc:
      - A
      Strict-Transport-Security:
      - max-age=63072000; includeSubDomains; preload
    body:
      encoding: UTF-8
      string: |-
        {
          "id": "acct_1QPjGgS8ORJngMZi",
          "object": "account",
          "business_profile": {
            "annual_revenue": null,
            "estimated_worker_count": null,
            "mcc": "5192",
            "name": "Chuck Bartowski",
            "product_description": "Chuck Bartowski",
            "support_address": null,
            "support_email": null,
            "support_phone": null,
            "support_url": null,
            "url": "https://vipul.gumroad.com/"
          },
          "business_type": "individual",
          "capabilities": {
            "card_payments": "pending",
            "transfers": "pending"
          },
          "charges_enabled": false,
          "company": {
            "address": {
              "city": "San Francisco",
              "country": "US",
              "line1": "address_full_match",
              "line2": null,
              "postal_code": "94107",
              "state": "California"
            },
            "directors_provided": true,
            "executives_provided": true,
            "name": null,
            "owners_provided": true,
            "phone": "+10000000000",
            "tax_id_provided": false,
            "verification": {
              "document": {
                "back": null,
                "details": null,
                "details_code": null,
                "front": null
              }
            }
          },
          "controller": {
            "fees": {
              "payer": "application_custom"
            },
            "is_controller": true,
            "losses": {
              "payments": "application"
            },
            "requirement_collection": "application",
            "stripe_dashboard": {
              "type": "none"
            },
            "type": "application"
          },
          "country": "US",
          "created": 1732706332,
          "default_currency": "usd",
          "details_submitted": true,
          "email": null,
          "external_accounts": {
            "object": "list",
            "data": [
              {
                "id": "ba_1QPjGgS8ORJngMZid23FqZid",
                "object": "bank_account",
                "account": "acct_1QPjGgS8ORJngMZi",
                "account_holder_name": null,
                "account_holder_type": null,
                "account_type": null,
                "available_payout_methods": [
                  "standard",
                  "instant"
                ],
                "bank_name": "STRIPE TEST BANK",
                "country": "US",
                "currency": "usd",
                "default_for_currency": true,
                "fingerprint": "dx7dqwoGHEQDKLLK",
                "future_requirements": {
                  "currently_due": [],
                  "errors": [],
                  "past_due": [],
                  "pending_verification": []
                },
                "last4": "6789",
                "metadata": {},
                "requirements": {
                  "currently_due": [],
                  "errors": [],
                  "past_due": [],
                  "pending_verification": []
                },
                "routing_number": "110000000",
                "status": "new"
              }
            ],
            "has_more": false,
            "total_count": 1,
            "url": "/v1/accounts/acct_1QPjGgS8ORJngMZi/external_accounts"
          },
          "future_requirements": {
            "alternatives": [],
            "current_deadline": 1717516800,
            "currently_due": [],
            "disabled_reason": null,
            "errors": [],
            "eventually_due": [],
            "past_due": [],
            "pending_verification": [
              "business_profile.url",
              "individual.address.city",
              "individual.address.line1",
              "individual.address.postal_code",
              "individual.address.state",
              "individual.id_number",
              "individual.verification.document"
            ]
          },
          "individual": {
            "id": "person_1QPjGhS8ORJngMZiJCkf1Ts1",
            "object": "person",
            "account": "acct_1QPjGgS8ORJngMZi",
            "address": {
              "city": "San Francisco",
              "country": "US",
              "line1": "address_full_match",
              "line2": null,
              "postal_code": "94107",
              "state": "California"
            },
            "created": 1732706332,
            "dob": {
              "day": 1,
              "month": 1,
              "year": 1901
            },
            "email": "edgar6ca62ec5_89@gumroad.com",
            "first_name": "Chuck",
            "future_requirements": {
              "alternatives": [],
              "currently_due": [],
              "errors": [],
              "eventually_due": [],
              "past_due": [],
              "pending_verification": [
                "address.city",
                "address.line1",
                "address.postal_code",
                "address.state",
                "id_number",
                "verification.document"
              ]
            },
            "id_number_provided": true,
            "last_name": "Bartowski",
            "metadata": {},
            "phone": "+10000000000",
            "relationship": {
              "authorizer": false,
              "director": false,
              "executive": false,
              "legal_guardian": false,
              "owner": false,
              "percent_ownership": null,
              "representative": true,
              "title": null
            },
            "requirements": {
              "alternatives": [],
              "currently_due": [],
              "errors": [],
              "eventually_due": [],
              "past_due": [],
              "pending_verification": [
                "address.city",
                "address.line1",
                "address.postal_code",
                "address.state",
                "id_number",
                "verification.document"
              ]
            },
            "ssn_last_4_provided": true,
            "verification": {
              "additional_document": {
                "back": null,
                "details": null,
                "details_code": null,
                "front": null
              },
              "details": null,
              "details_code": null,
              "document": {
                "back": null,
                "details": null,
                "details_code": null,
                "front": "file_1QPjGnS8ORJngMZiAdrDTXRF"
              },
              "status": "verified"
            }
          },
          "metadata": {
            "bank_account_id": "GCNaB6KFAA5mlIj83tg18g==",
            "tos_agreement_id": "dQMAHeiff1UMsaDDxJzpTQ==",
            "user_compliance_info_id": "dQMAHeiff1UMsaDDxJzpTQ==",
            "user_id": "4229535303752"
          },
          "payouts_enabled": false,
          "requirements": {
            "alternatives": [],
            "current_deadline": null,
            "currently_due": [],
            "disabled_reason": "requirements.pending_verification",
            "errors": [],
            "eventually_due": [],
            "past_due": [],
            "pending_verification": [
              "business_profile.url",
              "individual.address.city",
              "individual.address.line1",
              "individual.address.postal_code",
              "individual.address.state",
              "individual.id_number",
              "individual.verification.document"
            ]
          },
          "settings": {
            "bacs_debit_payments": {
              "display_name": null,
              "service_user_number": null
            },
            "branding": {
              "icon": null,
              "logo": null,
              "primary_color": null,
              "secondary_color": null
            },
            "capital": {},
            "card_issuing": {
              "tos_acceptance": {
                "date": null,
                "ip": null
              }
            },
            "card_payments": {
              "decline_on": {
                "avs_failure": false,
                "cvc_failure": false
              },
              "statement_descriptor_prefix": "CHUCK BART",
              "statement_descriptor_prefix_kana": null,
              "statement_descriptor_prefix_kanji": null
            },
            "dashboard": {
              "display_name": "Chuck Bartowski",
              "timezone": "Etc/UTC"
            },
            "invoices": {
              "default_account_tax_ids": null
            },
            "payments": {
              "statement_descriptor": "CHUCK BARTOWSKI",
              "statement_descriptor_kana": null,
              "statement_descriptor_kanji": null
            },
            "payouts": {
              "debit_negative_balances": true,
              "schedule": {
                "delay_days": 1,
                "interval": "manual"
              },
              "statement_descriptor": null
            },
            "sepa_debit_payments": {}
          },
          "tos_acceptance": {
            "date": 1732706330,
            "ip": "54.234.242.13",
            "user_agent": null
          },
          "type": "custom"
        }
  recorded_at: Wed, 27 Nov 2024 11:19:10 GMT
- request:
    method: get
    uri: https://api.stripe.com/v1/accounts/acct_1QPjGgS8ORJngMZi
    body:
      encoding: US-ASCII
      string: ''
    headers:
      User-Agent:
      - Stripe/v1 RubyBindings/12.5.0
      Authorization:
      - Bearer sk_test_4MnOc1f1gf16nKP6dyvP4TAD
      Content-Type:
      - application/x-www-form-urlencoded
      X-Stripe-Client-Telemetry:
      - '{"last_request_metrics":{"request_id":"req_7zD1WtOKxKiG30","request_duration_ms":665}}'
      Stripe-Version:
      - 2023-10-16; risk_in_requirements_beta=v1
      X-Stripe-Client-User-Agent:
      - '{"bindings_version":"12.5.0","lang":"ruby","lang_version":"3.3.4 p94 (2024-07-09)","platform":"arm64-darwin20","engine":"ruby","publisher":"stripe","uname":"Darwin
        Harbakshs-MacBook-Air.local 20.5.0 Darwin Kernel Version 20.5.0: Sat May  8
        05:10:31 PDT 2021; root:xnu-7195.121.3~9/RELEASE_ARM64_T8101 arm64","hostname":"Harbakshs-MacBook-Air.local"}'
      Accept-Encoding:
      - gzip;q=1.0,deflate;q=0.6,identity;q=0.3
      Accept:
      - "*/*"
  response:
    status:
      code: 200
      message: OK
    headers:
      Server:
      - nginx
      Date:
      - Wed, 27 Nov 2024 11:19:20 GMT
      Content-Type:
      - application/json
      Content-Length:
      - '6255'
      Connection:
      - keep-alive
      Access-Control-Allow-Credentials:
      - 'true'
      Access-Control-Allow-Methods:
      - GET, HEAD, PUT, PATCH, POST, DELETE
      Access-Control-Allow-Origin:
      - "*"
      Access-Control-Expose-Headers:
      - Request-Id, Stripe-Manage-Version, Stripe-Should-Retry, X-Stripe-External-Auth-Required,
        X-Stripe-Privileged-Session-Required
      Access-Control-Max-Age:
      - '300'
      Cache-Control:
      - no-cache, no-store
      Content-Security-Policy:
      - report-uri https://q.stripe.com/csp-report?p=v1%2Faccounts%2F%3Aaccount; block-all-mixed-content;
        default-src 'none'; base-uri 'none'; form-action 'none'; frame-ancestors 'none';
        img-src 'self'; script-src 'self' 'report-sample'; style-src 'self'
      Cross-Origin-Opener-Policy-Report-Only:
      - same-origin; report-to="coop"
      Report-To:
      - '{"group":"coop","max_age":8640,"endpoints":[{"url":"https://q.stripe.com/coop-report"}],"include_subdomains":true}'
      Reporting-Endpoints:
      - coop="https://q.stripe.com/coop-report"
      Request-Id:
      - req_nAyVdRFItyE2vH
      Stripe-Account:
      - acct_1QPjGgS8ORJngMZi
      Stripe-Version:
      - 2023-10-16; risk_in_requirements_beta=v1
      Vary:
      - Origin
      X-Content-Type-Options:
      - nosniff
      X-Stripe-Priority-Routing-Enabled:
      - 'true'
      X-Stripe-Routing-Context-Priority-Tier:
      - api-testmode
      X-Wc:
      - A
      Strict-Transport-Security:
      - max-age=63072000; includeSubDomains; preload
    body:
      encoding: UTF-8
      string: |-
        {
          "id": "acct_1QPjGgS8ORJngMZi",
          "object": "account",
          "business_profile": {
            "annual_revenue": null,
            "estimated_worker_count": null,
            "mcc": "5192",
            "name": "Chuck Bartowski",
            "product_description": "Chuck Bartowski",
            "support_address": null,
            "support_email": null,
            "support_phone": null,
            "support_url": null,
            "url": "https://vipul.gumroad.com/"
          },
          "business_type": "individual",
          "capabilities": {
            "card_payments": "active",
            "transfers": "active"
          },
          "charges_enabled": true,
          "company": {
            "address": {
              "city": "San Francisco",
              "country": "US",
              "line1": "address_full_match",
              "line2": null,
              "postal_code": "94107",
              "state": "California"
            },
            "directors_provided": true,
            "executives_provided": true,
            "name": null,
            "owners_provided": true,
            "phone": "+10000000000",
            "tax_id_provided": false,
            "verification": {
              "document": {
                "back": null,
                "details": null,
                "details_code": null,
                "front": null
              }
            }
          },
          "controller": {
            "fees": {
              "payer": "application_custom"
            },
            "is_controller": true,
            "losses": {
              "payments": "application"
            },
            "requirement_collection": "application",
            "stripe_dashboard": {
              "type": "none"
            },
            "type": "application"
          },
          "country": "US",
          "created": 1732706332,
          "default_currency": "usd",
          "details_submitted": true,
          "email": null,
          "external_accounts": {
            "object": "list",
            "data": [
              {
                "id": "ba_1QPjGgS8ORJngMZid23FqZid",
                "object": "bank_account",
                "account": "acct_1QPjGgS8ORJngMZi",
                "account_holder_name": null,
                "account_holder_type": null,
                "account_type": null,
                "available_payout_methods": [
                  "standard",
                  "instant"
                ],
                "bank_name": "STRIPE TEST BANK",
                "country": "US",
                "currency": "usd",
                "default_for_currency": true,
                "fingerprint": "dx7dqwoGHEQDKLLK",
                "future_requirements": {
                  "currently_due": [],
                  "errors": [],
                  "past_due": [],
                  "pending_verification": []
                },
                "last4": "6789",
                "metadata": {},
                "requirements": {
                  "currently_due": [],
                  "errors": [],
                  "past_due": [],
                  "pending_verification": []
                },
                "routing_number": "110000000",
                "status": "new"
              }
            ],
            "has_more": false,
            "total_count": 1,
            "url": "/v1/accounts/acct_1QPjGgS8ORJngMZi/external_accounts"
          },
          "future_requirements": {
            "alternatives": [],
            "current_deadline": 1717516800,
            "currently_due": [],
            "disabled_reason": null,
            "errors": [],
            "eventually_due": [],
            "past_due": [],
            "pending_verification": []
          },
          "individual": {
            "id": "person_1QPjGhS8ORJngMZiJCkf1Ts1",
            "object": "person",
            "account": "acct_1QPjGgS8ORJngMZi",
            "address": {
              "city": "San Francisco",
              "country": "US",
              "line1": "address_full_match",
              "line2": null,
              "postal_code": "94107",
              "state": "California"
            },
            "created": 1732706332,
            "dob": {
              "day": 1,
              "month": 1,
              "year": 1901
            },
            "email": "edgar6ca62ec5_89@gumroad.com",
            "first_name": "Chuck",
            "future_requirements": {
              "alternatives": [],
              "currently_due": [],
              "errors": [],
              "eventually_due": [],
              "past_due": [],
              "pending_verification": []
            },
            "id_number_provided": true,
            "last_name": "Bartowski",
            "metadata": {},
            "phone": "+10000000000",
            "relationship": {
              "authorizer": false,
              "director": false,
              "executive": false,
              "legal_guardian": false,
              "owner": false,
              "percent_ownership": null,
              "representative": true,
              "title": null
            },
            "requirements": {
              "alternatives": [],
              "currently_due": [],
              "errors": [],
              "eventually_due": [],
              "past_due": [],
              "pending_verification": []
            },
            "ssn_last_4_provided": true,
            "verification": {
              "additional_document": {
                "back": null,
                "details": null,
                "details_code": null,
                "front": null
              },
              "details": null,
              "details_code": null,
              "document": {
                "back": null,
                "details": null,
                "details_code": null,
                "front": "file_1QPjGnS8ORJngMZiAdrDTXRF"
              },
              "status": "verified"
            }
          },
          "metadata": {
            "bank_account_id": "GCNaB6KFAA5mlIj83tg18g==",
            "tos_agreement_id": "dQMAHeiff1UMsaDDxJzpTQ==",
            "user_compliance_info_id": "dQMAHeiff1UMsaDDxJzpTQ==",
            "user_id": "4229535303752"
          },
          "payouts_enabled": true,
          "requirements": {
            "alternatives": [],
            "current_deadline": null,
            "currently_due": [],
            "disabled_reason": null,
            "errors": [],
            "eventually_due": [],
            "past_due": [],
            "pending_verification": []
          },
          "settings": {
            "bacs_debit_payments": {
              "display_name": null,
              "service_user_number": null
            },
            "branding": {
              "icon": null,
              "logo": null,
              "primary_color": null,
              "secondary_color": null
            },
            "capital": {},
            "card_issuing": {
              "tos_acceptance": {
                "date": null,
                "ip": null
              }
            },
            "card_payments": {
              "decline_on": {
                "avs_failure": false,
                "cvc_failure": false
              },
              "statement_descriptor_prefix": "CHUCK BART",
              "statement_descriptor_prefix_kana": null,
              "statement_descriptor_prefix_kanji": null
            },
            "dashboard": {
              "display_name": "Chuck Bartowski",
              "timezone": "Etc/UTC"
            },
            "invoices": {
              "default_account_tax_ids": null
            },
            "payments": {
              "statement_descriptor": "CHUCK BARTOWSKI",
              "statement_descriptor_kana": null,
              "statement_descriptor_kanji": null
            },
            "payouts": {
              "debit_negative_balances": true,
              "schedule": {
                "delay_days": 1,
                "interval": "manual"
              },
              "statement_descriptor": null
            },
            "sepa_debit_payments": {}
          },
          "tos_acceptance": {
            "date": 1732706330,
            "ip": "54.234.242.13",
            "user_agent": null
          },
          "type": "custom"
        }
  recorded_at: Wed, 27 Nov 2024 11:19:20 GMT
- request:
    method: post
    uri: https://api.stripe.com/v1/payment_methods
    body:
      encoding: UTF-8
      string: type=card&card[number]=4000+0000+0000+0077&card[exp_month]=12&card[exp_year]=2024&card[cvc]=123
    headers:
      User-Agent:
      - Stripe/v1 RubyBindings/12.5.0
      Authorization:
      - Bearer sk_test_4MnOc1f1gf16nKP6dyvP4TAD
      Content-Type:
      - application/x-www-form-urlencoded
      X-Stripe-Client-Telemetry:
      - '{"last_request_metrics":{"request_id":"req_nAyVdRFItyE2vH","request_duration_ms":677}}'
      Idempotency-Key:
      - b22edc55-5ccd-4272-87bc-3b3552ecee29
      Stripe-Version:
      - 2023-10-16; risk_in_requirements_beta=v1
      X-Stripe-Client-User-Agent:
      - '{"bindings_version":"12.5.0","lang":"ruby","lang_version":"3.3.4 p94 (2024-07-09)","platform":"arm64-darwin20","engine":"ruby","publisher":"stripe","uname":"Darwin
        Harbakshs-MacBook-Air.local 20.5.0 Darwin Kernel Version 20.5.0: Sat May  8
        05:10:31 PDT 2021; root:xnu-7195.121.3~9/RELEASE_ARM64_T8101 arm64","hostname":"Harbakshs-MacBook-Air.local"}'
      Accept-Encoding:
      - gzip;q=1.0,deflate;q=0.6,identity;q=0.3
      Accept:
      - "*/*"
  response:
    status:
      code: 200
      message: OK
    headers:
      Server:
      - nginx
      Date:
      - Wed, 27 Nov 2024 11:19:21 GMT
      Content-Type:
      - application/json
      Content-Length:
      - '996'
      Connection:
      - keep-alive
      Access-Control-Allow-Credentials:
      - 'true'
      Access-Control-Allow-Methods:
      - GET, HEAD, PUT, PATCH, POST, DELETE
      Access-Control-Allow-Origin:
      - "*"
      Access-Control-Expose-Headers:
      - Request-Id, Stripe-Manage-Version, Stripe-Should-Retry, X-Stripe-External-Auth-Required,
        X-Stripe-Privileged-Session-Required
      Access-Control-Max-Age:
      - '300'
      Cache-Control:
      - no-cache, no-store
      Content-Security-Policy:
      - report-uri https://q.stripe.com/csp-report?p=v1%2Fpayment_methods; block-all-mixed-content;
        default-src 'none'; base-uri 'none'; form-action 'none'; frame-ancestors 'none';
        img-src 'self'; script-src 'self' 'report-sample'; style-src 'self'
      Cross-Origin-Opener-Policy-Report-Only:
      - same-origin; report-to="coop"
      Idempotency-Key:
      - b22edc55-5ccd-4272-87bc-3b3552ecee29
      Original-Request:
      - req_f0v6vU95WedTUF
      Report-To:
      - '{"group":"coop","max_age":8640,"endpoints":[{"url":"https://q.stripe.com/coop-report"}],"include_subdomains":true}'
      Reporting-Endpoints:
      - coop="https://q.stripe.com/coop-report"
      Request-Id:
      - req_f0v6vU95WedTUF
      Stripe-Should-Retry:
      - 'false'
      Stripe-Version:
      - 2023-10-16; risk_in_requirements_beta=v1
      Vary:
      - Origin
      X-Content-Type-Options:
      - nosniff
      X-Stripe-Priority-Routing-Enabled:
      - 'true'
      X-Stripe-Routing-Context-Priority-Tier:
      - api-testmode
      X-Wc:
      - A
      Strict-Transport-Security:
      - max-age=63072000; includeSubDomains; preload
    body:
      encoding: UTF-8
      string: |-
        {
          "id": "pm_0QPjHB9e1RjUNIyYtqAsb0dU",
          "object": "payment_method",
          "allow_redisplay": "unspecified",
          "billing_details": {
            "address": {
              "city": null,
              "country": null,
              "line1": null,
              "line2": null,
              "postal_code": null,
              "state": null
            },
            "email": null,
            "name": null,
            "phone": null
          },
          "card": {
            "brand": "visa",
            "checks": {
              "address_line1_check": null,
              "address_postal_code_check": null,
              "cvc_check": "unchecked"
            },
            "country": "US",
            "display_brand": "visa",
            "exp_month": 12,
            "exp_year": 2024,
            "fingerprint": "bZOtlsHP7jNsUpt3",
            "funding": "credit",
            "generated_from": null,
            "last4": "0077",
            "networks": {
              "available": [
                "visa"
              ],
              "preferred": null
            },
            "three_d_secure_usage": {
              "supported": true
            },
            "wallet": null
          },
          "created": 1732706361,
          "customer": null,
          "livemode": false,
          "metadata": {},
          "type": "card"
        }
  recorded_at: Wed, 27 Nov 2024 11:19:21 GMT
- request:
    method: post
    uri: https://api.stripe.com/v1/payment_intents
    body:
      encoding: UTF-8
      string: payment_method=pm_0QPjHB9e1RjUNIyYtqAsb0dU&payment_method_types[0]=card&amount=60000&currency=usd&transfer_data[destination]=acct_1QPjGgS8ORJngMZi
    headers:
      User-Agent:
      - Stripe/v1 RubyBindings/12.5.0
      Authorization:
      - Bearer sk_test_4MnOc1f1gf16nKP6dyvP4TAD
      Content-Type:
      - application/x-www-form-urlencoded
      X-Stripe-Client-Telemetry:
      - '{"last_request_metrics":{"request_id":"req_f0v6vU95WedTUF","request_duration_ms":446}}'
      Idempotency-Key:
      - f2bb4fd4-2b03-4eab-9dd5-43c12acebd9b
      Stripe-Version:
      - 2023-10-16; risk_in_requirements_beta=v1
      X-Stripe-Client-User-Agent:
      - '{"bindings_version":"12.5.0","lang":"ruby","lang_version":"3.3.4 p94 (2024-07-09)","platform":"arm64-darwin20","engine":"ruby","publisher":"stripe","uname":"Darwin
        Harbakshs-MacBook-Air.local 20.5.0 Darwin Kernel Version 20.5.0: Sat May  8
        05:10:31 PDT 2021; root:xnu-7195.121.3~9/RELEASE_ARM64_T8101 arm64","hostname":"Harbakshs-MacBook-Air.local"}'
      Accept-Encoding:
      - gzip;q=1.0,deflate;q=0.6,identity;q=0.3
      Accept:
      - "*/*"
  response:
    status:
      code: 200
      message: OK
    headers:
      Server:
      - nginx
      Date:
      - Wed, 27 Nov 2024 11:19:21 GMT
      Content-Type:
      - application/json
      Content-Length:
      - '1392'
      Connection:
      - keep-alive
      Access-Control-Allow-Credentials:
      - 'true'
      Access-Control-Allow-Methods:
      - GET, HEAD, PUT, PATCH, POST, DELETE
      Access-Control-Allow-Origin:
      - "*"
      Access-Control-Expose-Headers:
      - Request-Id, Stripe-Manage-Version, Stripe-Should-Retry, X-Stripe-External-Auth-Required,
        X-Stripe-Privileged-Session-Required
      Access-Control-Max-Age:
      - '300'
      Cache-Control:
      - no-cache, no-store
      Content-Security-Policy:
      - report-uri https://q.stripe.com/csp-report?p=v1%2Fpayment_intents; block-all-mixed-content;
        default-src 'none'; base-uri 'none'; form-action 'none'; frame-ancestors 'none';
        img-src 'self'; script-src 'self' 'report-sample'; style-src 'self'
      Cross-Origin-Opener-Policy-Report-Only:
      - same-origin; report-to="coop"
      Idempotency-Key:
      - f2bb4fd4-2b03-4eab-9dd5-43c12acebd9b
      Original-Request:
      - req_5L9yxjUkRS7qxy
      Report-To:
      - '{"group":"coop","max_age":8640,"endpoints":[{"url":"https://q.stripe.com/coop-report"}],"include_subdomains":true}'
      Reporting-Endpoints:
      - coop="https://q.stripe.com/coop-report"
      Request-Id:
      - req_5L9yxjUkRS7qxy
      Stripe-Should-Retry:
      - 'false'
      Stripe-Version:
      - 2023-10-16; risk_in_requirements_beta=v1
      Vary:
      - Origin
      X-Content-Type-Options:
      - nosniff
      X-Stripe-Priority-Routing-Enabled:
      - 'true'
      X-Stripe-Routing-Context-Priority-Tier:
      - api-testmode
      X-Wc:
      - A
      Strict-Transport-Security:
      - max-age=63072000; includeSubDomains; preload
    body:
      encoding: UTF-8
      string: |-
        {
          "id": "pi_2QPjHB9e1RjUNIyY177p7TYI",
          "object": "payment_intent",
          "amount": 60000,
          "amount_capturable": 0,
          "amount_details": {
            "tip": {}
          },
          "amount_received": 0,
          "application": null,
          "application_fee_amount": null,
          "automatic_payment_methods": null,
          "canceled_at": null,
          "cancellation_reason": null,
          "capture_method": "automatic",
          "client_secret": "pi_2QPjHB9e1RjUNIyY177p7TYI_secret_v8W2PSYSO54qZoClPTrEfKfSU",
          "confirmation_method": "automatic",
          "created": 1732706361,
          "currency": "usd",
          "customer": null,
          "description": null,
          "invoice": null,
          "last_payment_error": null,
          "latest_charge": null,
          "livemode": false,
          "metadata": {},
          "next_action": null,
          "on_behalf_of": null,
          "payment_method": "pm_0QPjHB9e1RjUNIyYtqAsb0dU",
          "payment_method_configuration_details": null,
          "payment_method_options": {
            "card": {
              "installments": null,
              "mandate_options": null,
              "network": null,
              "request_three_d_secure": "automatic"
            }
          },
          "payment_method_types": [
            "card"
          ],
          "processing": null,
          "receipt_email": null,
          "review": null,
          "setup_future_usage": null,
          "shipping": null,
          "source": null,
          "statement_descriptor": null,
          "statement_descriptor_suffix": null,
          "status": "requires_confirmation",
          "transfer_data": {
            "destination": "acct_1QPjGgS8ORJngMZi"
          },
          "transfer_group": null
        }
  recorded_at: Wed, 27 Nov 2024 11:19:21 GMT
- request:
    method: post
    uri: https://api.stripe.com/v1/payment_intents/pi_2QPjHB9e1RjUNIyY177p7TYI/confirm
    body:
      encoding: US-ASCII
      string: ''
    headers:
      User-Agent:
      - Stripe/v1 RubyBindings/12.5.0
      Authorization:
      - Bearer sk_test_4MnOc1f1gf16nKP6dyvP4TAD
      Content-Type:
      - application/x-www-form-urlencoded
      X-Stripe-Client-Telemetry:
      - '{"last_request_metrics":{"request_id":"req_5L9yxjUkRS7qxy","request_duration_ms":411}}'
      Idempotency-Key:
      - 1ae109cf-cbd9-43fa-8c2f-a73f35b306c2
      Stripe-Version:
      - 2023-10-16; risk_in_requirements_beta=v1
      X-Stripe-Client-User-Agent:
      - '{"bindings_version":"12.5.0","lang":"ruby","lang_version":"3.3.4 p94 (2024-07-09)","platform":"arm64-darwin20","engine":"ruby","publisher":"stripe","uname":"Darwin
        Harbakshs-MacBook-Air.local 20.5.0 Darwin Kernel Version 20.5.0: Sat May  8
        05:10:31 PDT 2021; root:xnu-7195.121.3~9/RELEASE_ARM64_T8101 arm64","hostname":"Harbakshs-MacBook-Air.local"}'
      Accept-Encoding:
      - gzip;q=1.0,deflate;q=0.6,identity;q=0.3
      Accept:
      - "*/*"
  response:
    status:
      code: 200
      message: OK
    headers:
      Server:
      - nginx
      Date:
      - Wed, 27 Nov 2024 11:19:23 GMT
      Content-Type:
      - application/json
      Content-Length:
      - '1440'
      Connection:
      - keep-alive
      Access-Control-Allow-Credentials:
      - 'true'
      Access-Control-Allow-Methods:
      - GET, HEAD, PUT, PATCH, POST, DELETE
      Access-Control-Allow-Origin:
      - "*"
      Access-Control-Expose-Headers:
      - Request-Id, Stripe-Manage-Version, Stripe-Should-Retry, X-Stripe-External-Auth-Required,
        X-Stripe-Privileged-Session-Required
      Access-Control-Max-Age:
      - '300'
      Cache-Control:
      - no-cache, no-store
      Content-Security-Policy:
      - report-uri https://q.stripe.com/csp-report?p=v1%2Fpayment_intents%2F%3Aintent%2Fconfirm;
        block-all-mixed-content; default-src 'none'; base-uri 'none'; form-action
        'none'; frame-ancestors 'none'; img-src 'self'; script-src 'self' 'report-sample';
        style-src 'self'
      Cross-Origin-Opener-Policy-Report-Only:
      - same-origin; report-to="coop"
      Idempotency-Key:
      - 1ae109cf-cbd9-43fa-8c2f-a73f35b306c2
      Original-Request:
      - req_mGxfAfav4DfgpP
      Report-To:
      - '{"group":"coop","max_age":8640,"endpoints":[{"url":"https://q.stripe.com/coop-report"}],"include_subdomains":true}'
      Reporting-Endpoints:
      - coop="https://q.stripe.com/coop-report"
      Request-Id:
      - req_mGxfAfav4DfgpP
      Stripe-Should-Retry:
      - 'false'
      Stripe-Version:
      - 2023-10-16; risk_in_requirements_beta=v1
      Vary:
      - Origin
      X-Content-Type-Options:
      - nosniff
      X-Stripe-Priority-Routing-Enabled:
      - 'true'
      X-Stripe-Routing-Context-Priority-Tier:
      - api-testmode
      X-Wc:
      - A
      Strict-Transport-Security:
      - max-age=63072000; includeSubDomains; preload
    body:
      encoding: UTF-8
      string: |-
        {
          "id": "pi_2QPjHB9e1RjUNIyY177p7TYI",
          "object": "payment_intent",
          "amount": 60000,
          "amount_capturable": 0,
          "amount_details": {
            "tip": {}
          },
          "amount_received": 60000,
          "application": null,
          "application_fee_amount": null,
          "automatic_payment_methods": null,
          "canceled_at": null,
          "cancellation_reason": null,
          "capture_method": "automatic",
          "client_secret": "pi_2QPjHB9e1RjUNIyY177p7TYI_secret_v8W2PSYSO54qZoClPTrEfKfSU",
          "confirmation_method": "automatic",
          "created": 1732706361,
          "currency": "usd",
          "customer": null,
          "description": null,
          "invoice": null,
          "last_payment_error": null,
          "latest_charge": "ch_2QPjHB9e1RjUNIyY1TxtHGf5",
          "livemode": false,
          "metadata": {},
          "next_action": null,
          "on_behalf_of": null,
          "payment_method": "pm_0QPjHB9e1RjUNIyYtqAsb0dU",
          "payment_method_configuration_details": null,
          "payment_method_options": {
            "card": {
              "installments": null,
              "mandate_options": null,
              "network": null,
              "request_three_d_secure": "automatic"
            }
          },
          "payment_method_types": [
            "card"
          ],
          "processing": null,
          "receipt_email": null,
          "review": null,
          "setup_future_usage": null,
          "shipping": null,
          "source": null,
          "statement_descriptor": null,
          "statement_descriptor_suffix": null,
          "status": "succeeded",
          "transfer_data": {
            "destination": "acct_1QPjGgS8ORJngMZi"
          },
          "transfer_group": "group_pi_2QPjHB9e1RjUNIyY177p7TYI"
        }
  recorded_at: Wed, 27 Nov 2024 11:19:23 GMT
- request:
    method: get
    uri: https://api.stripe.com/v1/charges/ch_2QPjHB9e1RjUNIyY1TxtHGf5
    body:
      encoding: US-ASCII
      string: ''
    headers:
      User-Agent:
      - Stripe/v1 RubyBindings/12.5.0
      Authorization:
      - Bearer sk_test_4MnOc1f1gf16nKP6dyvP4TAD
      Content-Type:
      - application/x-www-form-urlencoded
      X-Stripe-Client-Telemetry:
      - '{"last_request_metrics":{"request_id":"req_mGxfAfav4DfgpP","request_duration_ms":1542}}'
      Stripe-Version:
      - 2023-10-16; risk_in_requirements_beta=v1
      X-Stripe-Client-User-Agent:
      - '{"bindings_version":"12.5.0","lang":"ruby","lang_version":"3.3.4 p94 (2024-07-09)","platform":"arm64-darwin20","engine":"ruby","publisher":"stripe","uname":"Darwin
        Harbakshs-MacBook-Air.local 20.5.0 Darwin Kernel Version 20.5.0: Sat May  8
        05:10:31 PDT 2021; root:xnu-7195.121.3~9/RELEASE_ARM64_T8101 arm64","hostname":"Harbakshs-MacBook-Air.local"}'
      Accept-Encoding:
      - gzip;q=1.0,deflate;q=0.6,identity;q=0.3
      Accept:
      - "*/*"
  response:
    status:
      code: 200
      message: OK
    headers:
      Server:
      - nginx
      Date:
      - Wed, 27 Nov 2024 11:19:23 GMT
      Content-Type:
      - application/json
      Content-Length:
      - '3008'
      Connection:
      - keep-alive
      Access-Control-Allow-Credentials:
      - 'true'
      Access-Control-Allow-Methods:
      - GET, HEAD, PUT, PATCH, POST, DELETE
      Access-Control-Allow-Origin:
      - "*"
      Access-Control-Expose-Headers:
      - Request-Id, Stripe-Manage-Version, Stripe-Should-Retry, X-Stripe-External-Auth-Required,
        X-Stripe-Privileged-Session-Required
      Access-Control-Max-Age:
      - '300'
      Cache-Control:
      - no-cache, no-store
      Content-Security-Policy:
      - report-uri https://q.stripe.com/csp-report?p=v1%2Fcharges%2F%3Acharge; block-all-mixed-content;
        default-src 'none'; base-uri 'none'; form-action 'none'; frame-ancestors 'none';
        img-src 'self'; script-src 'self' 'report-sample'; style-src 'self'
      Cross-Origin-Opener-Policy-Report-Only:
      - same-origin; report-to="coop"
      Report-To:
      - '{"group":"coop","max_age":8640,"endpoints":[{"url":"https://q.stripe.com/coop-report"}],"include_subdomains":true}'
      Reporting-Endpoints:
      - coop="https://q.stripe.com/coop-report"
      Request-Id:
      - req_fVpRGcGQjVbqgR
      Stripe-Version:
      - 2023-10-16; risk_in_requirements_beta=v1
      Vary:
      - Origin
      X-Content-Type-Options:
      - nosniff
      X-Stripe-Priority-Routing-Enabled:
      - 'true'
      X-Stripe-Routing-Context-Priority-Tier:
      - api-testmode
      X-Wc:
      - A
      Strict-Transport-Security:
      - max-age=63072000; includeSubDomains; preload
    body:
      encoding: UTF-8
      string: |-
        {
          "id": "ch_2QPjHB9e1RjUNIyY1TxtHGf5",
          "object": "charge",
          "amount": 60000,
          "amount_captured": 60000,
          "amount_refunded": 0,
          "amount_updates": [],
          "application": null,
          "application_fee": null,
          "application_fee_amount": null,
          "balance_transaction": "txn_2QPjHB9e1RjUNIyY17GXbK6D",
          "billing_details": {
            "address": {
              "city": null,
              "country": null,
              "line1": null,
              "line2": null,
              "postal_code": null,
              "state": null
            },
            "email": null,
            "name": null,
            "phone": null
          },
          "calculated_statement_descriptor": "GUMROAD.COM/C",
          "captured": true,
          "created": 1732706362,
          "currency": "usd",
          "customer": null,
          "description": null,
          "destination": "acct_1QPjGgS8ORJngMZi",
          "dispute": null,
          "disputed": false,
          "failure_balance_transaction": null,
          "failure_code": null,
          "failure_message": null,
          "fraud_details": {},
          "invoice": null,
          "livemode": false,
          "metadata": {},
          "on_behalf_of": null,
          "order": null,
          "outcome": {
            "network_advice_code": null,
            "network_decline_code": null,
            "network_status": "approved_by_network",
            "reason": null,
            "risk_level": "normal",
            "risk_score": 45,
            "seller_message": "Payment complete.",
            "type": "authorized"
          },
          "paid": true,
          "payment_intent": "pi_2QPjHB9e1RjUNIyY177p7TYI",
          "payment_method": "pm_0QPjHB9e1RjUNIyYtqAsb0dU",
          "payment_method_details": {
            "card": {
              "amount_authorized": 60000,
              "authorization_code": null,
              "brand": "visa",
              "checks": {
                "address_line1_check": null,
                "address_postal_code_check": null,
                "cvc_check": "pass"
              },
              "country": "US",
              "exp_month": 12,
              "exp_year": 2024,
              "extended_authorization": {
                "status": "disabled"
              },
              "fingerprint": "bZOtlsHP7jNsUpt3",
              "funding": "credit",
              "incremental_authorization": {
                "status": "unavailable"
              },
              "installments": null,
              "last4": "0077",
              "mandate": null,
              "multicapture": {
                "status": "unavailable"
              },
              "network": "visa",
              "network_token": {
                "used": false
              },
              "overcapture": {
                "maximum_amount_capturable": 60000,
                "status": "unavailable"
              },
              "three_d_secure": null,
              "wallet": null
            },
            "type": "card"
          },
          "radar_options": {},
          "receipt_email": null,
          "receipt_number": null,
          "receipt_url": "https://pay.stripe.com/receipts/payment/CAcaIgogOWUxUmpVTkl5WUdwQTlDZmgzUm1ReHhUemIxYWFrcEUou4CcugYyBn9bR6c0fzosFhBPuRMGhXxBrVvbL7LnSfcIxYJPTWJ_B4AmdUw9qz_C8VDjY9XtaLIIY5c",
          "refunded": false,
          "review": null,
          "shipping": null,
          "source": null,
          "source_transfer": null,
          "statement_descriptor": null,
          "statement_descriptor_suffix": null,
          "status": "succeeded",
          "transfer": "tr_2QPjHB9e1RjUNIyY12Ge6qVK",
          "transfer_data": {
            "amount": null,
            "destination": "acct_1QPjGgS8ORJngMZi"
          },
          "transfer_group": "group_pi_2QPjHB9e1RjUNIyY177p7TYI"
        }
  recorded_at: Wed, 27 Nov 2024 11:19:23 GMT
- request:
    method: post
    uri: https://api.stripe.com/v1/payouts
    body:
      encoding: UTF-8
      string: amount=58252&currency=usd&destination=ba_1QPjGgS8ORJngMZid23FqZid&statement_descriptor=Gumroad&description=GCNaB6KFAA5mlIj83tg18g%3D%3D&metadata[payment]=GCNaB6KFAA5mlIj83tg18g%3D%3D&metadata[bank_account]=GCNaB6KFAA5mlIj83tg18g%3D%3D&metadata[balances%7B0%7D]=xOT-Wgl-S6m0PIhTlK8qfg%3D%3D%2C7S4JkjZTyTd3FMg_kDUo_w%3D%3D%2Ccz-riRN1s5OXKV0XwkPSvA%3D%3D%2CMftiWN5bmw1BFzfyYVVb7A%3D%3D%2CSUjRfoCd6BV4DRnUUyWQ9Q%3D%3D&method=instant
    headers:
      User-Agent:
      - Stripe/v1 RubyBindings/12.5.0
      Authorization:
      - Bearer sk_test_4MnOc1f1gf16nKP6dyvP4TAD
      Content-Type:
      - application/x-www-form-urlencoded
      X-Stripe-Client-Telemetry:
      - '{"last_request_metrics":{"request_id":"req_fVpRGcGQjVbqgR","request_duration_ms":356}}'
      Idempotency-Key:
      - fcc3fd12-4c8a-4d1b-8a53-60563a3fd4a5
      Stripe-Version:
      - 2023-10-16; risk_in_requirements_beta=v1
      X-Stripe-Client-User-Agent:
      - '{"bindings_version":"12.5.0","lang":"ruby","lang_version":"3.3.4 p94 (2024-07-09)","platform":"arm64-darwin20","engine":"ruby","publisher":"stripe","uname":"Darwin
        Harbakshs-MacBook-Air.local 20.5.0 Darwin Kernel Version 20.5.0: Sat May  8
        05:10:31 PDT 2021; root:xnu-7195.121.3~9/RELEASE_ARM64_T8101 arm64","hostname":"Harbakshs-MacBook-Air.local"}'
      Stripe-Account:
      - acct_1QPjGgS8ORJngMZi
      Accept-Encoding:
      - gzip;q=1.0,deflate;q=0.6,identity;q=0.3
      Accept:
      - "*/*"
  response:
    status:
      code: 200
      message: OK
    headers:
      Server:
      - nginx
      Date:
      - Wed, 27 Nov 2024 11:19:25 GMT
      Content-Type:
      - application/json
      Content-Length:
      - '1079'
      Connection:
      - keep-alive
      Access-Control-Allow-Credentials:
      - 'true'
      Access-Control-Allow-Methods:
      - GET, HEAD, PUT, PATCH, POST, DELETE
      Access-Control-Allow-Origin:
      - "*"
      Access-Control-Expose-Headers:
      - Request-Id, Stripe-Manage-Version, Stripe-Should-Retry, X-Stripe-External-Auth-Required,
        X-Stripe-Privileged-Session-Required
      Access-Control-Max-Age:
      - '300'
      Cache-Control:
      - no-cache, no-store
      Content-Security-Policy:
      - report-uri https://q.stripe.com/csp-report?p=v1%2Fpayouts; block-all-mixed-content;
        default-src 'none'; base-uri 'none'; form-action 'none'; frame-ancestors 'none';
        img-src 'self'; script-src 'self' 'report-sample'; style-src 'self'
      Cross-Origin-Opener-Policy-Report-Only:
      - same-origin; report-to="coop"
      Idempotency-Key:
      - fcc3fd12-4c8a-4d1b-8a53-60563a3fd4a5
      Original-Request:
      - req_5sEwr5InYN4DNL
      Report-To:
      - '{"group":"coop","max_age":8640,"endpoints":[{"url":"https://q.stripe.com/coop-report"}],"include_subdomains":true}'
      Reporting-Endpoints:
      - coop="https://q.stripe.com/coop-report"
      Request-Id:
      - req_5sEwr5InYN4DNL
      Stripe-Account:
      - acct_1QPjGgS8ORJngMZi
      Stripe-Should-Retry:
      - 'false'
      Stripe-Version:
      - 2023-10-16; risk_in_requirements_beta=v1
      Vary:
      - Origin
      X-Content-Type-Options:
      - nosniff
      X-Stripe-Priority-Routing-Enabled:
      - 'true'
      X-Stripe-Routing-Context-Priority-Tier:
      - api-testmode
      X-Wc:
      - A
      Strict-Transport-Security:
      - max-age=63072000; includeSubDomains; preload
    body:
      encoding: UTF-8
      string: |-
        {
          "id": "po_1QPjHES8ORJngMZiLjzocVlk",
          "object": "payout",
          "amount": 58252,
          "application_fee": "fee_1QPjHES8ORJngMZimWsil0hV",
          "application_fee_amount": 1748,
          "arrival_date": 1732706364,
          "automatic": false,
          "balance_transaction": "txn_1QPjHES8ORJngMZi36Bj57Fv",
          "created": 1732706364,
          "currency": "usd",
          "description": "GCNaB6KFAA5mlIj83tg18g==",
          "destination": "ba_1QPjGgS8ORJngMZid23FqZid",
          "failure_balance_transaction": null,
          "failure_code": null,
          "failure_message": null,
          "livemode": false,
          "metadata": {
            "balances{0}": "xOT-Wgl-S6m0PIhTlK8qfg==,7S4JkjZTyTd3FMg_kDUo_w==,cz-riRN1s5OXKV0XwkPSvA==,MftiWN5bmw1BFzfyYVVb7A==,SUjRfoCd6BV4DRnUUyWQ9Q==",
            "bank_account": "GCNaB6KFAA5mlIj83tg18g==",
            "payment": "GCNaB6KFAA5mlIj83tg18g=="
          },
          "method": "instant",
          "original_payout": null,
          "reconciliation_status": "not_applicable",
          "reversed_by": null,
          "source_type": "card",
          "statement_descriptor": "Gumroad",
          "status": "pending",
          "trace_id": {
            "status": "pending",
            "value": null
          },
          "type": "bank_account"
        }
  recorded_at: Wed, 27 Nov 2024 11:19:25 GMT
recorded_with: VCR 6.2.0
