---
http_interactions:
- request:
    method: post
    uri: https://api.stripe.com/v1/payment_methods
    body:
      encoding: UTF-8
      string: type=card&card[number]=4000+0000+0000+0077&card[exp_month]=12&card[exp_year]=2023&card[cvc]=123
    headers:
      User-Agent:
      - Stripe/v1 RubyBindings/10.0.0
      Authorization:
      - Bearer sk_test_4MnOc1f1gf16nKP6dyvP4TAD
      Content-Type:
      - application/x-www-form-urlencoded
      X-Stripe-Client-Telemetry:
      - '{"last_request_metrics":{"request_id":"req_pLKBm5LV88mvGL","request_duration_ms":457}}'
      Idempotency-Key:
      - ac5ac6f4-6b84-4364-b6f6-cd8488d93204
      Stripe-Version:
      - '2023-10-16'
      X-Stripe-Client-User-Agent:
      - '{"bindings_version":"10.0.0","lang":"ruby","lang_version":"3.2.2 p53 (2023-03-30)","platform":"arm64-darwin20","engine":"ruby","publisher":"stripe","uname":"Darwin
        Harbakshs-MacBook-Air.local 20.5.0 Darwin Kernel Version 20.5.0: Sat May  8
        05:10:31 PDT 2021; root:xnu-7195.121.3~9/RELEASE_ARM64_T8101 arm64","hostname":"Harbakshs-MacBook-Air.local"}'
      Accept-Encoding:
      - gzip;q=1.0,deflate;q=0.6,identity;q=0.3
      Accept:
      - "*/*"
  response:
    status:
      code: 200
      message: OK
    headers:
      Server:
      - nginx
      Date:
      - Mon, 30 Oct 2023 19:07:38 GMT
      Content-Type:
      - application/json
      Content-Length:
      - '931'
      Connection:
      - keep-alive
      Access-Control-Allow-Credentials:
      - 'true'
      Access-Control-Allow-Methods:
      - GET,HEAD,PUT,PATCH,POST,DELETE
      Access-Control-Allow-Origin:
      - "*"
      Access-Control-Expose-Headers:
      - Request-Id, Stripe-Manage-Version, Stripe-Should-Retry, X-Stripe-External-Auth-Required,
        X-Stripe-Privileged-Session-Required
      Access-Control-Max-Age:
      - '300'
      Cache-Control:
      - no-cache, no-store
      Content-Security-Policy-Report-Only:
      - report-uri https://q.stripe.com/csp-report?p=v1%2Fpayment_methods; block-all-mixed-content;
        default-src 'none'; base-uri 'none'; form-action 'none'; frame-ancestors 'none';
        img-src 'self'; script-src 'self' 'report-sample'; style-src 'self'
      Idempotency-Key:
      - ac5ac6f4-6b84-4364-b6f6-cd8488d93204
      Original-Request:
      - req_2tLtFBh2qj6cue
      Request-Id:
      - req_2tLtFBh2qj6cue
      Stripe-Should-Retry:
      - 'false'
      Stripe-Version:
      - '2023-10-16'
      Vary:
      - Origin
      X-Stripe-Routing-Context-Priority-Tier:
      - api-testmode
      Strict-Transport-Security:
      - max-age=63072000; includeSubDomains; preload
    body:
      encoding: UTF-8
      string: |-
        {
          "id": "pm_0O70oI9e1RjUNIyYCLu4m5rs",
          "object": "payment_method",
          "billing_details": {
            "address": {
              "city": null,
              "country": null,
              "line1": null,
              "line2": null,
              "postal_code": null,
              "state": null
            },
            "email": null,
            "name": null,
            "phone": null
          },
          "card": {
            "brand": "visa",
            "checks": {
              "address_line1_check": null,
              "address_postal_code_check": null,
              "cvc_check": "unchecked"
            },
            "country": "US",
            "exp_month": 12,
            "exp_year": 2023,
            "fingerprint": "bZOtlsHP7jNsUpt3",
            "funding": "credit",
            "generated_from": null,
            "last4": "0077",
            "networks": {
              "available": [
                "visa"
              ],
              "preferred": null
            },
            "three_d_secure_usage": {
              "supported": true
            },
            "wallet": null
          },
          "created": 1698692858,
          "customer": null,
          "livemode": false,
          "metadata": {},
          "type": "card"
        }
  recorded_at: Mon, 30 Oct 2023 19:07:39 GMT
- request:
    method: post
    uri: https://api.stripe.com/v1/payment_intents
    body:
      encoding: UTF-8
      string: payment_method=pm_0O70oI9e1RjUNIyYCLu4m5rs&confirmation_method=manual&payment_method_types[0]=card&confirm=true&amount=100&currency=usd
    headers:
      User-Agent:
      - Stripe/v1 RubyBindings/10.0.0
      Authorization:
      - Bearer sk_test_4MnOc1f1gf16nKP6dyvP4TAD
      Content-Type:
      - application/x-www-form-urlencoded
      X-Stripe-Client-Telemetry:
      - '{"last_request_metrics":{"request_id":"req_2tLtFBh2qj6cue","request_duration_ms":645}}'
      Idempotency-Key:
      - 896a6d89-cec0-4b89-aea1-8dcc765ea65a
      Stripe-Version:
      - '2023-10-16'
      X-Stripe-Client-User-Agent:
      - '{"bindings_version":"10.0.0","lang":"ruby","lang_version":"3.2.2 p53 (2023-03-30)","platform":"arm64-darwin20","engine":"ruby","publisher":"stripe","uname":"Darwin
        Harbakshs-MacBook-Air.local 20.5.0 Darwin Kernel Version 20.5.0: Sat May  8
        05:10:31 PDT 2021; root:xnu-7195.121.3~9/RELEASE_ARM64_T8101 arm64","hostname":"Harbakshs-MacBook-Air.local"}'
      Accept-Encoding:
      - gzip;q=1.0,deflate;q=0.6,identity;q=0.3
      Accept:
      - "*/*"
  response:
    status:
      code: 200
      message: OK
    headers:
      Server:
      - nginx
      Date:
      - Mon, 30 Oct 2023 19:07:40 GMT
      Content-Type:
      - application/json
      Content-Length:
      - '1358'
      Connection:
      - keep-alive
      Access-Control-Allow-Credentials:
      - 'true'
      Access-Control-Allow-Methods:
      - GET,HEAD,PUT,PATCH,POST,DELETE
      Access-Control-Allow-Origin:
      - "*"
      Access-Control-Expose-Headers:
      - Request-Id, Stripe-Manage-Version, Stripe-Should-Retry, X-Stripe-External-Auth-Required,
        X-Stripe-Privileged-Session-Required
      Access-Control-Max-Age:
      - '300'
      Cache-Control:
      - no-cache, no-store
      Content-Security-Policy-Report-Only:
      - report-uri https://q.stripe.com/csp-report?p=v1%2Fpayment_intents; block-all-mixed-content;
        default-src 'none'; base-uri 'none'; form-action 'none'; frame-ancestors 'none';
        img-src 'self'; script-src 'self' 'report-sample'; style-src 'self'
      Idempotency-Key:
      - 896a6d89-cec0-4b89-aea1-8dcc765ea65a
      Original-Request:
      - req_bo9LjMtQnxI8EP
      Request-Id:
      - req_bo9LjMtQnxI8EP
      Stripe-Should-Retry:
      - 'false'
      Stripe-Version:
      - '2023-10-16'
      Vary:
      - Origin
      X-Stripe-Routing-Context-Priority-Tier:
      - api-testmode
      Strict-Transport-Security:
      - max-age=63072000; includeSubDomains; preload
    body:
      encoding: UTF-8
      string: |-
        {
          "id": "pi_2O70oJ9e1RjUNIyY1U0T6AdI",
          "object": "payment_intent",
          "amount": 100,
          "amount_capturable": 0,
          "amount_details": {
            "tip": {}
          },
          "amount_received": 100,
          "application": null,
          "application_fee_amount": null,
          "automatic_payment_methods": null,
          "canceled_at": null,
          "cancellation_reason": null,
          "capture_method": "automatic",
          "client_secret": "pi_2O70oJ9e1RjUNIyY1U0T6AdI_secret_iWSnDbGR3HQNl50fQpZoa8q7p",
          "confirmation_method": "manual",
          "created": 1698692859,
          "currency": "usd",
          "customer": null,
          "description": null,
          "invoice": null,
          "last_payment_error": null,
          "latest_charge": "ch_2O70oJ9e1RjUNIyY1p6n6JCi",
          "livemode": false,
          "metadata": {},
          "next_action": null,
          "on_behalf_of": null,
          "payment_method": "pm_0O70oI9e1RjUNIyYCLu4m5rs",
          "payment_method_configuration_details": null,
          "payment_method_options": {
            "card": {
              "installments": null,
              "mandate_options": null,
              "network": null,
              "request_three_d_secure": "automatic"
            }
          },
          "payment_method_types": [
            "card"
          ],
          "processing": null,
          "receipt_email": null,
          "review": null,
          "setup_future_usage": null,
          "shipping": null,
          "source": null,
          "statement_descriptor": null,
          "statement_descriptor_suffix": null,
          "status": "succeeded",
          "transfer_data": null,
          "transfer_group": null
        }
  recorded_at: Mon, 30 Oct 2023 19:07:40 GMT
- request:
    method: get
    uri: https://api.stripe.com/v1/charges/ch_2O70oJ9e1RjUNIyY1p6n6JCi
    body:
      encoding: US-ASCII
      string: ''
    headers:
      User-Agent:
      - Stripe/v1 RubyBindings/10.0.0
      Authorization:
      - Bearer sk_test_4MnOc1f1gf16nKP6dyvP4TAD
      Content-Type:
      - application/x-www-form-urlencoded
      X-Stripe-Client-Telemetry:
      - '{"last_request_metrics":{"request_id":"req_bo9LjMtQnxI8EP","request_duration_ms":1191}}'
      Stripe-Version:
      - '2023-10-16'
      X-Stripe-Client-User-Agent:
      - '{"bindings_version":"10.0.0","lang":"ruby","lang_version":"3.2.2 p53 (2023-03-30)","platform":"arm64-darwin20","engine":"ruby","publisher":"stripe","uname":"Darwin
        Harbakshs-MacBook-Air.local 20.5.0 Darwin Kernel Version 20.5.0: Sat May  8
        05:10:31 PDT 2021; root:xnu-7195.121.3~9/RELEASE_ARM64_T8101 arm64","hostname":"Harbakshs-MacBook-Air.local"}'
      Accept-Encoding:
      - gzip;q=1.0,deflate;q=0.6,identity;q=0.3
      Accept:
      - "*/*"
  response:
    status:
      code: 200
      message: OK
    headers:
      Server:
      - nginx
      Date:
      - Mon, 30 Oct 2023 19:07:40 GMT
      Content-Type:
      - application/json
      Content-Length:
      - '2716'
      Connection:
      - keep-alive
      Access-Control-Allow-Credentials:
      - 'true'
      Access-Control-Allow-Methods:
      - GET,HEAD,PUT,PATCH,POST,DELETE
      Access-Control-Allow-Origin:
      - "*"
      Access-Control-Expose-Headers:
      - Request-Id, Stripe-Manage-Version, Stripe-Should-Retry, X-Stripe-External-Auth-Required,
        X-Stripe-Privileged-Session-Required
      Access-Control-Max-Age:
      - '300'
      Cache-Control:
      - no-cache, no-store
      Content-Security-Policy-Report-Only:
      - report-uri https://q.stripe.com/csp-report?p=v1%2Fcharges%2F%3Acharge; block-all-mixed-content;
        default-src 'none'; base-uri 'none'; form-action 'none'; frame-ancestors 'none';
        img-src 'self'; script-src 'self' 'report-sample'; style-src 'self'
      Request-Id:
      - req_l5cADCMiNAPJ9Y
      Stripe-Version:
      - '2023-10-16'
      Vary:
      - Origin
      X-Stripe-Routing-Context-Priority-Tier:
      - api-testmode
      Strict-Transport-Security:
      - max-age=63072000; includeSubDomains; preload
    body:
      encoding: UTF-8
      string: |-
        {
          "id": "ch_2O70oJ9e1RjUNIyY1p6n6JCi",
          "object": "charge",
          "amount": 100,
          "amount_captured": 100,
          "amount_refunded": 0,
          "amount_updates": [],
          "application": null,
          "application_fee": null,
          "application_fee_amount": null,
          "balance_transaction": "txn_2O70oJ9e1RjUNIyY1nC9FxYB",
          "billing_details": {
            "address": {
              "city": null,
              "country": null,
              "line1": null,
              "line2": null,
              "postal_code": null,
              "state": null
            },
            "email": null,
            "name": null,
            "phone": null
          },
          "calculated_statement_descriptor": "GUMROAD.COM/C",
          "captured": true,
          "created": 1698692859,
          "currency": "usd",
          "customer": null,
          "description": null,
          "destination": null,
          "dispute": null,
          "disputed": false,
          "failure_balance_transaction": null,
          "failure_code": null,
          "failure_message": null,
          "fraud_details": {},
          "invoice": null,
          "livemode": false,
          "metadata": {},
          "on_behalf_of": null,
          "order": null,
          "outcome": {
            "network_status": "approved_by_network",
            "reason": null,
            "risk_level": "normal",
            "risk_score": 2,
            "seller_message": "Payment complete.",
            "type": "authorized"
          },
          "paid": true,
          "payment_intent": "pi_2O70oJ9e1RjUNIyY1U0T6AdI",
          "payment_method": "pm_0O70oI9e1RjUNIyYCLu4m5rs",
          "payment_method_details": {
            "card": {
              "amount_authorized": 100,
              "brand": "visa",
              "checks": {
                "address_line1_check": null,
                "address_postal_code_check": null,
                "cvc_check": "pass"
              },
              "country": "US",
              "exp_month": 12,
              "exp_year": 2023,
              "extended_authorization": {
                "status": "disabled"
              },
              "fingerprint": "bZOtlsHP7jNsUpt3",
              "funding": "credit",
              "incremental_authorization": {
                "status": "unavailable"
              },
              "installments": null,
              "last4": "0077",
              "mandate": null,
              "multicapture": {
                "status": "unavailable"
              },
              "network": "visa",
              "network_token": {
                "used": false
              },
              "overcapture": {
                "maximum_amount_capturable": 100,
                "status": "unavailable"
              },
              "three_d_secure": null,
              "wallet": null
            },
            "type": "card"
          },
          "receipt_email": null,
          "receipt_number": null,
          "receipt_url": "https://pay.stripe.com/receipts/payment/CAcaIgogOWUxUmpVTkl5WUdwQTlDZmgzUm1ReHhUemIxYWFrcEUo_P3_qQYyBnjdzGbrQzosFtS5OZ3bQrx4zhnSONUl05Q565rMNh6HINDaovd2h3Wu3YWePRLxXTzrRRU",
          "refunded": false,
          "review": null,
          "shipping": null,
          "source": null,
          "source_transfer": null,
          "statement_descriptor": null,
          "statement_descriptor_suffix": null,
          "status": "succeeded",
          "transfer_data": null,
          "transfer_group": null
        }
  recorded_at: Mon, 30 Oct 2023 19:07:40 GMT
- request:
    method: get
    uri: https://api.stripe.com/v1/balance
    body:
      encoding: US-ASCII
      string: ''
    headers:
      User-Agent:
      - Stripe/v1 RubyBindings/10.0.0
      Authorization:
      - Bearer sk_test_4MnOc1f1gf16nKP6dyvP4TAD
      Content-Type:
      - application/x-www-form-urlencoded
      X-Stripe-Client-Telemetry:
      - '{"last_request_metrics":{"request_id":"req_l5cADCMiNAPJ9Y","request_duration_ms":374}}'
      Stripe-Version:
      - '2023-10-16'
      X-Stripe-Client-User-Agent:
      - '{"bindings_version":"10.0.0","lang":"ruby","lang_version":"3.2.2 p53 (2023-03-30)","platform":"arm64-darwin20","engine":"ruby","publisher":"stripe","uname":"Darwin
        Harbakshs-MacBook-Air.local 20.5.0 Darwin Kernel Version 20.5.0: Sat May  8
        05:10:31 PDT 2021; root:xnu-7195.121.3~9/RELEASE_ARM64_T8101 arm64","hostname":"Harbakshs-MacBook-Air.local"}'
      Accept-Encoding:
      - gzip;q=1.0,deflate;q=0.6,identity;q=0.3
      Accept:
      - "*/*"
  response:
    status:
      code: 200
      message: OK
    headers:
      Server:
      - nginx
      Date:
      - Mon, 30 Oct 2023 19:07:41 GMT
      Content-Type:
      - application/json
      Content-Length:
      - '4478'
      Connection:
      - keep-alive
      Access-Control-Allow-Credentials:
      - 'true'
      Access-Control-Allow-Methods:
      - GET,HEAD,PUT,PATCH,POST,DELETE
      Access-Control-Allow-Origin:
      - "*"
      Access-Control-Expose-Headers:
      - Request-Id, Stripe-Manage-Version, Stripe-Should-Retry, X-Stripe-External-Auth-Required,
        X-Stripe-Privileged-Session-Required
      Access-Control-Max-Age:
      - '300'
      Cache-Control:
      - no-cache, no-store
      Content-Security-Policy-Report-Only:
      - report-uri https://q.stripe.com/csp-report?p=v1%2Fbalance; block-all-mixed-content;
        default-src 'none'; base-uri 'none'; form-action 'none'; frame-ancestors 'none';
        img-src 'self'; script-src 'self' 'report-sample'; style-src 'self'
      Request-Id:
      - req_LhVWaOqbpNvqA4
      Stripe-Version:
      - '2023-10-16'
      Vary:
      - Origin
      X-Stripe-Routing-Context-Priority-Tier:
      - api-testmode
      Strict-Transport-Security:
      - max-age=63072000; includeSubDomains; preload
    body:
      encoding: UTF-8
      string: |-
        {
          "object": "balance",
          "available": [
            {
              "amount": -561920,
              "currency": "krw",
              "source_types": {
                "card": -561920
              }
            },
            {
              "amount": -465551,
              "currency": "php",
              "source_types": {
                "card": -465551
              }
            },
            {
              "amount": -52,
              "currency": "eur",
              "source_types": {
                "card": -52
              }
            },
            {
              "amount": -3738,
              "currency": "gbp",
              "source_types": {
                "card": -3738
              }
            },
            {
              "amount": -12813,
              "currency": "sgd",
              "source_types": {
                "card": -12813
              }
            },
            {
              "amount": -58731,
              "currency": "thb",
              "source_types": {
                "card": -58731
              }
            },
            {
              "amount": -5966151,
              "currency": "cad",
              "source_types": {
                "card": -5966151
              }
            },
            {
              "amount": 99879747,
              "currency": "usd",
              "source_types": {
                "card": 99879747
              }
            },
            {
              "amount": -60971,
              "currency": "ttd",
              "source_types": {
                "card": -60971
              }
            },
            {
              "amount": -30258,
              "currency": "ils",
              "source_types": {
                "card": -30258
              }
            },
            {
              "amount": 0,
              "currency": "aed",
              "source_types": {
                "card": 0
              }
            },
            {
              "amount": 0,
              "currency": "aud",
              "source_types": {
                "card": 0
              }
            }
          ],
          "connect_reserved": [
            {
              "amount": 561920,
              "currency": "krw"
            },
            {
              "amount": 465551,
              "currency": "php"
            },
            {
              "amount": 52,
              "currency": "eur"
            },
            {
              "amount": 0,
              "currency": "gbp"
            },
            {
              "amount": 70,
              "currency": "sgd"
            },
            {
              "amount": 58731,
              "currency": "thb"
            },
            {
              "amount": 34574,
              "currency": "cad"
            },
            {
              "amount": 53011,
              "currency": "usd"
            },
            {
              "amount": 60971,
              "currency": "ttd"
            },
            {
              "amount": 30258,
              "currency": "ils"
            },
            {
              "amount": 0,
              "currency": "aed"
            },
            {
              "amount": 0,
              "currency": "aud"
            }
          ],
          "instant_available": [
            {
              "amount": 1000000,
              "currency": "usd",
              "source_types": {
                "card": 1000000
              }
            }
          ],
          "issuing": {
            "available": [
              {
                "amount": 0,
                "currency": "krw"
              },
              {
                "amount": 0,
                "currency": "php"
              },
              {
                "amount": 0,
                "currency": "eur"
              },
              {
                "amount": 0,
                "currency": "gbp"
              },
              {
                "amount": 0,
                "currency": "sgd"
              },
              {
                "amount": 0,
                "currency": "thb"
              },
              {
                "amount": 0,
                "currency": "cad"
              },
              {
                "amount": 0,
                "currency": "usd"
              },
              {
                "amount": 0,
                "currency": "ttd"
              },
              {
                "amount": 0,
                "currency": "ils"
              },
              {
                "amount": 0,
                "currency": "aed"
              },
              {
                "amount": 0,
                "currency": "aud"
              }
            ]
          },
          "livemode": false,
          "pending": [
            {
              "amount": 0,
              "currency": "krw",
              "source_types": {
                "card": 0
              }
            },
            {
              "amount": 0,
              "currency": "php",
              "source_types": {
                "card": 0
              }
            },
            {
              "amount": 0,
              "currency": "eur",
              "source_types": {
                "card": 0
              }
            },
            {
              "amount": 0,
              "currency": "gbp",
              "source_types": {
                "card": 0
              }
            },
            {
              "amount": 0,
              "currency": "sgd",
              "source_types": {
                "card": 0
              }
            },
            {
              "amount": 0,
              "currency": "thb",
              "source_types": {
                "card": 0
              }
            },
            {
              "amount": -113395,
              "currency": "cad",
              "source_types": {
                "card": -113395
              }
            },
            {
              "amount": 108620667,
              "currency": "usd",
              "source_types": {
                "card": 108620667
              }
            },
            {
              "amount": 0,
              "currency": "ttd",
              "source_types": {
                "card": 0
              }
            },
            {
              "amount": 0,
              "currency": "ils",
              "source_types": {
                "card": 0
              }
            },
            {
              "amount": 0,
              "currency": "aed",
              "source_types": {
                "card": 0
              }
            },
            {
              "amount": 0,
              "currency": "aud",
              "source_types": {
                "card": 0
              }
            }
          ]
        }
  recorded_at: Mon, 30 Oct 2023 19:07:41 GMT
- request:
    method: get
    uri: https://api.stripe.com/v1/balance
    body:
      encoding: US-ASCII
      string: ''
    headers:
      User-Agent:
      - Stripe/v1 RubyBindings/10.0.0
      Authorization:
      - Bearer sk_test_4MnOc1f1gf16nKP6dyvP4TAD
      Content-Type:
      - application/x-www-form-urlencoded
      X-Stripe-Client-Telemetry:
      - '{"last_request_metrics":{"request_id":"req_LhVWaOqbpNvqA4","request_duration_ms":486}}'
      Stripe-Version:
      - '2023-10-16'
      X-Stripe-Client-User-Agent:
      - '{"bindings_version":"10.0.0","lang":"ruby","lang_version":"3.2.2 p53 (2023-03-30)","platform":"arm64-darwin20","engine":"ruby","publisher":"stripe","uname":"Darwin
        Harbakshs-MacBook-Air.local 20.5.0 Darwin Kernel Version 20.5.0: Sat May  8
        05:10:31 PDT 2021; root:xnu-7195.121.3~9/RELEASE_ARM64_T8101 arm64","hostname":"Harbakshs-MacBook-Air.local"}'
      Accept-Encoding:
      - gzip;q=1.0,deflate;q=0.6,identity;q=0.3
      Accept:
      - "*/*"
  response:
    status:
      code: 200
      message: OK
    headers:
      Server:
      - nginx
      Date:
      - Mon, 30 Oct 2023 19:07:41 GMT
      Content-Type:
      - application/json
      Content-Length:
      - '4478'
      Connection:
      - keep-alive
      Access-Control-Allow-Credentials:
      - 'true'
      Access-Control-Allow-Methods:
      - GET,HEAD,PUT,PATCH,POST,DELETE
      Access-Control-Allow-Origin:
      - "*"
      Access-Control-Expose-Headers:
      - Request-Id, Stripe-Manage-Version, Stripe-Should-Retry, X-Stripe-External-Auth-Required,
        X-Stripe-Privileged-Session-Required
      Access-Control-Max-Age:
      - '300'
      Cache-Control:
      - no-cache, no-store
      Content-Security-Policy-Report-Only:
      - report-uri https://q.stripe.com/csp-report?p=v1%2Fbalance; block-all-mixed-content;
        default-src 'none'; base-uri 'none'; form-action 'none'; frame-ancestors 'none';
        img-src 'self'; script-src 'self' 'report-sample'; style-src 'self'
      Request-Id:
      - req_RcsqPSHIAXjS1O
      Stripe-Version:
      - '2023-10-16'
      Vary:
      - Origin
      X-Stripe-Routing-Context-Priority-Tier:
      - api-testmode
      Strict-Transport-Security:
      - max-age=63072000; includeSubDomains; preload
    body:
      encoding: UTF-8
      string: |-
        {
          "object": "balance",
          "available": [
            {
              "amount": -465551,
              "currency": "php",
              "source_types": {
                "card": -465551
              }
            },
            {
              "amount": -52,
              "currency": "eur",
              "source_types": {
                "card": -52
              }
            },
            {
              "amount": -5966151,
              "currency": "cad",
              "source_types": {
                "card": -5966151
              }
            },
            {
              "amount": 99879747,
              "currency": "usd",
              "source_types": {
                "card": 99879747
              }
            },
            {
              "amount": -60971,
              "currency": "ttd",
              "source_types": {
                "card": -60971
              }
            },
            {
              "amount": -561920,
              "currency": "krw",
              "source_types": {
                "card": -561920
              }
            },
            {
              "amount": -3738,
              "currency": "gbp",
              "source_types": {
                "card": -3738
              }
            },
            {
              "amount": -12813,
              "currency": "sgd",
              "source_types": {
                "card": -12813
              }
            },
            {
              "amount": -58731,
              "currency": "thb",
              "source_types": {
                "card": -58731
              }
            },
            {
              "amount": -30258,
              "currency": "ils",
              "source_types": {
                "card": -30258
              }
            },
            {
              "amount": 0,
              "currency": "aed",
              "source_types": {
                "card": 0
              }
            },
            {
              "amount": 0,
              "currency": "aud",
              "source_types": {
                "card": 0
              }
            }
          ],
          "connect_reserved": [
            {
              "amount": 465551,
              "currency": "php"
            },
            {
              "amount": 52,
              "currency": "eur"
            },
            {
              "amount": 34574,
              "currency": "cad"
            },
            {
              "amount": 53011,
              "currency": "usd"
            },
            {
              "amount": 60971,
              "currency": "ttd"
            },
            {
              "amount": 561920,
              "currency": "krw"
            },
            {
              "amount": 0,
              "currency": "gbp"
            },
            {
              "amount": 70,
              "currency": "sgd"
            },
            {
              "amount": 58731,
              "currency": "thb"
            },
            {
              "amount": 30258,
              "currency": "ils"
            },
            {
              "amount": 0,
              "currency": "aed"
            },
            {
              "amount": 0,
              "currency": "aud"
            }
          ],
          "instant_available": [
            {
              "amount": 1000000,
              "currency": "usd",
              "source_types": {
                "card": 1000000
              }
            }
          ],
          "issuing": {
            "available": [
              {
                "amount": 0,
                "currency": "php"
              },
              {
                "amount": 0,
                "currency": "eur"
              },
              {
                "amount": 0,
                "currency": "cad"
              },
              {
                "amount": 0,
                "currency": "usd"
              },
              {
                "amount": 0,
                "currency": "ttd"
              },
              {
                "amount": 0,
                "currency": "krw"
              },
              {
                "amount": 0,
                "currency": "gbp"
              },
              {
                "amount": 0,
                "currency": "sgd"
              },
              {
                "amount": 0,
                "currency": "thb"
              },
              {
                "amount": 0,
                "currency": "ils"
              },
              {
                "amount": 0,
                "currency": "aed"
              },
              {
                "amount": 0,
                "currency": "aud"
              }
            ]
          },
          "livemode": false,
          "pending": [
            {
              "amount": 0,
              "currency": "php",
              "source_types": {
                "card": 0
              }
            },
            {
              "amount": 0,
              "currency": "eur",
              "source_types": {
                "card": 0
              }
            },
            {
              "amount": -113395,
              "currency": "cad",
              "source_types": {
                "card": -113395
              }
            },
            {
              "amount": 108620667,
              "currency": "usd",
              "source_types": {
                "card": 108620667
              }
            },
            {
              "amount": 0,
              "currency": "ttd",
              "source_types": {
                "card": 0
              }
            },
            {
              "amount": 0,
              "currency": "krw",
              "source_types": {
                "card": 0
              }
            },
            {
              "amount": 0,
              "currency": "gbp",
              "source_types": {
                "card": 0
              }
            },
            {
              "amount": 0,
              "currency": "sgd",
              "source_types": {
                "card": 0
              }
            },
            {
              "amount": 0,
              "currency": "thb",
              "source_types": {
                "card": 0
              }
            },
            {
              "amount": 0,
              "currency": "ils",
              "source_types": {
                "card": 0
              }
            },
            {
              "amount": 0,
              "currency": "aed",
              "source_types": {
                "card": 0
              }
            },
            {
              "amount": 0,
              "currency": "aud",
              "source_types": {
                "card": 0
              }
            }
          ]
        }
  recorded_at: Mon, 30 Oct 2023 19:07:41 GMT
recorded_with: VCR 6.2.0
