---
http_interactions:
- request:
    method: get
    uri: https://api.stripe.com/v1/refunds/re_2Q7bRK9e1RjUNIyY1icyswlr?expand%5B%5D=balance_transaction
    body:
      encoding: US-ASCII
      string: ''
    headers:
      User-Agent:
      - Stripe/v1 RubyBindings/12.5.0
      Authorization:
      - Bearer sk_test_4MnOc1f1gf16nKP6dyvP4TAD
      Content-Type:
      - application/x-www-form-urlencoded
      Stripe-Version:
      - 2023-10-16; risk_in_requirements_beta=v1
      X-Stripe-Client-User-Agent:
      - '{"bindings_version":"12.5.0","lang":"ruby","lang_version":"3.3.4 p94 (2024-07-09)","platform":"arm64-darwin20","engine":"ruby","publisher":"stripe","uname":"Darwin
        Harbakshs-MacBook-Air.local 20.5.0 Darwin Kernel Version 20.5.0: Sat May  8
        05:10:31 PDT 2021; root:xnu-7195.121.3~9/RELEASE_ARM64_T8101 arm64","hostname":"Harbakshs-MacBook-Air.local"}'
      Accept-Encoding:
      - gzip;q=1.0,deflate;q=0.6,identity;q=0.3
      Accept:
      - "*/*"
  response:
    status:
      code: 200
      message: OK
    headers:
      Server:
      - nginx
      Date:
      - Wed, 09 Oct 2024 14:15:10 GMT
      Content-Type:
      - application/json
      Content-Length:
      - '1326'
      Connection:
      - keep-alive
      Access-Control-Allow-Credentials:
      - 'true'
      Access-Control-Allow-Methods:
      - GET,HEAD,PUT,PATCH,POST,DELETE
      Access-Control-Allow-Origin:
      - "*"
      Access-Control-Expose-Headers:
      - Request-Id, Stripe-Manage-Version, Stripe-Should-Retry, X-Stripe-External-Auth-Required,
        X-Stripe-Privileged-Session-Required
      Access-Control-Max-Age:
      - '300'
      Cache-Control:
      - no-cache, no-store
      Content-Security-Policy:
      - report-uri https://q.stripe.com/csp-report?p=v1%2Frefunds%2F%3Arefund; block-all-mixed-content;
        default-src 'none'; base-uri 'none'; form-action 'none'; frame-ancestors 'none';
        img-src 'self'; script-src 'self' 'report-sample'; style-src 'self'
      Cross-Origin-Opener-Policy-Report-Only:
      - same-origin; report-to="coop"
      Report-To:
      - '{"group":"coop","max_age":8640,"endpoints":[{"url":"https://q.stripe.com/coop-report?s=payins-bapi-srv"}],"include_subdomains":true}'
      Reporting-Endpoints:
      - coop="https://q.stripe.com/coop-report?s=payins-bapi-srv"
      Request-Id:
      - req_Ci49RM1gbxfQ3G
      Stripe-Version:
      - 2023-10-16; risk_in_requirements_beta=v1
      Vary:
      - Origin
      X-Content-Type-Options:
      - nosniff
      X-Stripe-Priority-Routing-Enabled:
      - 'true'
      X-Stripe-Routing-Context-Priority-Tier:
      - api-testmode
      X-Wc:
      - A
      Strict-Transport-Security:
      - max-age=63072000; includeSubDomains; preload
    body:
      encoding: UTF-8
      string: |-
        {
          "id": "re_2Q7bRK9e1RjUNIyY1icyswlr",
          "object": "refund",
          "amount": 1700,
          "balance_transaction": {
            "id": "txn_2Q7bRK9e1RjUNIyY1hpvIOPN",
            "object": "balance_transaction",
            "amount": -1700,
            "available_on": 1728432000,
            "created": 1728386832,
            "currency": "usd",
            "description": "REFUND FOR CHARGE (Gumroad Charge G_-mnBf9b1j9A7a4ub4nFQ==)",
            "exchange_rate": null,
            "fee": -64,
            "fee_details": [
              {
                "amount": -64,
                "application": null,
                "currency": "usd",
                "description": "Stripe processing fee refund",
                "type": "stripe_fee"
              }
            ],
            "net": -1636,
            "reporting_category": "refund",
            "source": "re_2Q7bRK9e1RjUNIyY1icyswlr",
            "status": "available",
            "type": "refund"
          },
          "charge": "ch_2Q7bRK9e1RjUNIyY1SMUhNqu",
          "created": 1728386832,
          "currency": "usd",
          "destination_details": {
            "card": {
              "reference": "9737533023580908",
              "reference_status": "available",
              "reference_type": "acquirer_reference_number",
              "type": "refund"
            },
            "type": "card"
          },
          "metadata": {},
          "payment_intent": "pi_2Q7bRK9e1RjUNIyY1J2BBTCh",
          "reason": "fraudulent",
          "receipt_number": null,
          "source_transfer_reversal": null,
          "status": "succeeded",
          "transfer_reversal": "trr_0Q7bZN9e1RjUNIyYH7vxI14k"
        }
  recorded_at: Wed, 09 Oct 2024 14:15:10 GMT
- request:
    method: get
    uri: https://api.stripe.com/v1/charges/ch_2Q7bRK9e1RjUNIyY1SMUhNqu?expand%5B%5D=application_fee.refunds.data.balance_transaction&expand%5B%5D=balance_transaction
    body:
      encoding: US-ASCII
      string: ''
    headers:
      User-Agent:
      - Stripe/v1 RubyBindings/12.5.0
      Authorization:
      - Bearer sk_test_4MnOc1f1gf16nKP6dyvP4TAD
      Content-Type:
      - application/x-www-form-urlencoded
      X-Stripe-Client-Telemetry:
      - '{"last_request_metrics":{"request_id":"req_Ci49RM1gbxfQ3G","request_duration_ms":536}}'
      Stripe-Version:
      - 2023-10-16; risk_in_requirements_beta=v1
      X-Stripe-Client-User-Agent:
      - '{"bindings_version":"12.5.0","lang":"ruby","lang_version":"3.3.4 p94 (2024-07-09)","platform":"arm64-darwin20","engine":"ruby","publisher":"stripe","uname":"Darwin
        Harbakshs-MacBook-Air.local 20.5.0 Darwin Kernel Version 20.5.0: Sat May  8
        05:10:31 PDT 2021; root:xnu-7195.121.3~9/RELEASE_ARM64_T8101 arm64","hostname":"Harbakshs-MacBook-Air.local"}'
      Accept-Encoding:
      - gzip;q=1.0,deflate;q=0.6,identity;q=0.3
      Accept:
      - "*/*"
  response:
    status:
      code: 200
      message: OK
    headers:
      Server:
      - nginx
      Date:
      - Wed, 09 Oct 2024 14:15:10 GMT
      Content-Type:
      - application/json
      Content-Length:
      - '3668'
      Connection:
      - keep-alive
      Access-Control-Allow-Credentials:
      - 'true'
      Access-Control-Allow-Methods:
      - GET,HEAD,PUT,PATCH,POST,DELETE
      Access-Control-Allow-Origin:
      - "*"
      Access-Control-Expose-Headers:
      - Request-Id, Stripe-Manage-Version, Stripe-Should-Retry, X-Stripe-External-Auth-Required,
        X-Stripe-Privileged-Session-Required
      Access-Control-Max-Age:
      - '300'
      Cache-Control:
      - no-cache, no-store
      Content-Security-Policy:
      - report-uri https://q.stripe.com/csp-report?p=v1%2Fcharges%2F%3Acharge; block-all-mixed-content;
        default-src 'none'; base-uri 'none'; form-action 'none'; frame-ancestors 'none';
        img-src 'self'; script-src 'self' 'report-sample'; style-src 'self'
      Cross-Origin-Opener-Policy-Report-Only:
      - same-origin; report-to="coop"
      Report-To:
      - '{"group":"coop","max_age":8640,"endpoints":[{"url":"https://q.stripe.com/coop-report?s=payins-bapi-srv"}],"include_subdomains":true}'
      Reporting-Endpoints:
      - coop="https://q.stripe.com/coop-report?s=payins-bapi-srv"
      Request-Id:
      - req_tpLwtFRrfgEAHO
      Stripe-Version:
      - 2023-10-16; risk_in_requirements_beta=v1
      Vary:
      - Origin
      X-Content-Type-Options:
      - nosniff
      X-Stripe-Priority-Routing-Enabled:
      - 'true'
      X-Stripe-Routing-Context-Priority-Tier:
      - api-testmode
      X-Wc:
      - A
      Strict-Transport-Security:
      - max-age=63072000; includeSubDomains; preload
    body:
      encoding: UTF-8
      string: |-
        {
          "id": "ch_2Q7bRK9e1RjUNIyY1SMUhNqu",
          "object": "charge",
          "amount": 1700,
          "amount_captured": 1700,
          "amount_refunded": 1700,
          "amount_updates": [],
          "application": null,
          "application_fee": null,
          "application_fee_amount": null,
          "balance_transaction": {
            "id": "txn_2Q7bRK9e1RjUNIyY1ElxUvrW",
            "object": "balance_transaction",
            "amount": 1700,
            "available_on": 1728432000,
            "created": 1728386335,
            "currency": "usd",
            "description": "Gumroad Charge G_-mnBf9b1j9A7a4ub4nFQ==",
            "exchange_rate": null,
            "fee": 64,
            "fee_details": [
              {
                "amount": 64,
                "application": null,
                "currency": "usd",
                "description": "Stripe processing fees",
                "type": "stripe_fee"
              }
            ],
            "net": 1636,
            "reporting_category": "charge",
            "source": "ch_2Q7bRK9e1RjUNIyY1SMUhNqu",
            "status": "available",
            "type": "charge"
          },
          "billing_details": {
            "address": {
              "city": null,
              "country": null,
              "line1": null,
              "line2": null,
              "postal_code": "",
              "state": null
            },
            "email": null,
            "name": null,
            "phone": null
          },
          "calculated_statement_descriptor": "GUMROAD.CO* SUREHOWABO",
          "captured": true,
          "created": 1728386335,
          "currency": "usd",
          "customer": "cus_QzacgJrOwgsMn5",
          "description": "Gumroad Charge G_-mnBf9b1j9A7a4ub4nFQ==",
          "destination": "acct_1Q7bDYS88hpHw07j",
          "dispute": null,
          "disputed": false,
          "failure_balance_transaction": null,
          "failure_code": null,
          "failure_message": null,
          "fraud_details": {},
          "invoice": null,
          "livemode": false,
          "metadata": {
            "purchases{0}": "NBKNZwwDs8H_JBX8R4qB3w==,bEtKQ3Zu9SgNopem0-ZywA=="
          },
          "on_behalf_of": null,
          "order": null,
          "outcome": {
            "network_status": "approved_by_network",
            "reason": null,
            "risk_level": "normal",
            "risk_score": 7,
            "seller_message": "Payment complete.",
            "type": "authorized"
          },
          "paid": true,
          "payment_intent": "pi_2Q7bRK9e1RjUNIyY1J2BBTCh",
          "payment_method": "pm_0Q7bRF9e1RjUNIyY7lejic3c",
          "payment_method_details": {
            "card": {
              "amount_authorized": 1700,
              "authorization_code": null,
              "brand": "visa",
              "checks": {
                "address_line1_check": null,
                "address_postal_code_check": null,
                "cvc_check": "pass"
              },
              "country": "US",
              "exp_month": 12,
              "exp_year": 2028,
              "extended_authorization": {
                "status": "disabled"
              },
              "fingerprint": "W691J2Ye3VDoq6Ij",
              "funding": "credit",
              "incremental_authorization": {
                "status": "unavailable"
              },
              "installments": null,
              "last4": "4242",
              "mandate": null,
              "multicapture": {
                "status": "unavailable"
              },
              "network": "visa",
              "network_token": {
                "used": false
              },
              "overcapture": {
                "maximum_amount_capturable": 1700,
                "status": "unavailable"
              },
              "three_d_secure": null,
              "wallet": null
            },
            "type": "card"
          },
          "radar_options": {},
          "receipt_email": null,
          "receipt_number": null,
          "receipt_url": "https://pay.stripe.com/receipts/payment/CAcaIgogOWUxUmpVTkl5WUdwQTlDZmgzUm1ReHhUemIxYWFrcEUo7p-auAYyBoQ3_OOHqzosFjWdv_wEQgS--HPzGkyAtfMWzlBlVd8lSuI2EU782zElRawF0HQNG0_VGRE",
          "refunded": true,
          "review": null,
          "shipping": null,
          "source": null,
          "source_transfer": null,
          "statement_descriptor": null,
          "statement_descriptor_suffix": "surehowabouttheusern",
          "status": "succeeded",
          "transfer": "tr_2Q7bRK9e1RjUNIyY1Ec54YVV",
          "transfer_data": {
            "amount": 1421,
            "destination": "acct_1Q7bDYS88hpHw07j"
          },
          "transfer_group": "CH-1"
        }
  recorded_at: Wed, 09 Oct 2024 14:15:10 GMT
- request:
    method: get
    uri: https://api.stripe.com/v1/transfers/tr_2Q7bRK9e1RjUNIyY1Ec54YVV
    body:
      encoding: US-ASCII
      string: ''
    headers:
      User-Agent:
      - Stripe/v1 RubyBindings/12.5.0
      Authorization:
      - Bearer sk_test_4MnOc1f1gf16nKP6dyvP4TAD
      Content-Type:
      - application/x-www-form-urlencoded
      X-Stripe-Client-Telemetry:
      - '{"last_request_metrics":{"request_id":"req_tpLwtFRrfgEAHO","request_duration_ms":537}}'
      Stripe-Version:
      - 2023-10-16; risk_in_requirements_beta=v1
      X-Stripe-Client-User-Agent:
      - '{"bindings_version":"12.5.0","lang":"ruby","lang_version":"3.3.4 p94 (2024-07-09)","platform":"arm64-darwin20","engine":"ruby","publisher":"stripe","uname":"Darwin
        Harbakshs-MacBook-Air.local 20.5.0 Darwin Kernel Version 20.5.0: Sat May  8
        05:10:31 PDT 2021; root:xnu-7195.121.3~9/RELEASE_ARM64_T8101 arm64","hostname":"Harbakshs-MacBook-Air.local"}'
      Accept-Encoding:
      - gzip;q=1.0,deflate;q=0.6,identity;q=0.3
      Accept:
      - "*/*"
  response:
    status:
      code: 200
      message: OK
    headers:
      Server:
      - nginx
      Date:
      - Wed, 09 Oct 2024 14:15:11 GMT
      Content-Type:
      - application/json
      Content-Length:
      - '1122'
      Connection:
      - keep-alive
      Access-Control-Allow-Credentials:
      - 'true'
      Access-Control-Allow-Methods:
      - GET,HEAD,PUT,PATCH,POST,DELETE
      Access-Control-Allow-Origin:
      - "*"
      Access-Control-Expose-Headers:
      - Request-Id, Stripe-Manage-Version, Stripe-Should-Retry, X-Stripe-External-Auth-Required,
        X-Stripe-Privileged-Session-Required
      Access-Control-Max-Age:
      - '300'
      Cache-Control:
      - no-cache, no-store
      Content-Security-Policy:
      - report-uri https://q.stripe.com/csp-report?p=v1%2Ftransfers%2F%3Atransfer;
        block-all-mixed-content; default-src 'none'; base-uri 'none'; form-action
        'none'; frame-ancestors 'none'; img-src 'self'; script-src 'self' 'report-sample';
        style-src 'self'
      Cross-Origin-Opener-Policy-Report-Only:
      - same-origin; report-to="coop"
      Report-To:
      - '{"group":"coop","max_age":8640,"endpoints":[{"url":"https://q.stripe.com/coop-report?s=mms-bapi-srv"}],"include_subdomains":true}'
      Reporting-Endpoints:
      - coop="https://q.stripe.com/coop-report?s=mms-bapi-srv"
      Request-Id:
      - req_rhduXuuC2e3tRZ
      Stripe-Version:
      - 2023-10-16; risk_in_requirements_beta=v1
      Vary:
      - Origin
      X-Content-Type-Options:
      - nosniff
      X-Stripe-Priority-Routing-Enabled:
      - 'true'
      X-Stripe-Routing-Context-Priority-Tier:
      - api-testmode
      X-Wc:
      - A
      Strict-Transport-Security:
      - max-age=63072000; includeSubDomains; preload
    body:
      encoding: UTF-8
      string: |-
        {
          "id": "tr_2Q7bRK9e1RjUNIyY1Ec54YVV",
          "object": "transfer",
          "amount": 1421,
          "amount_reversed": 1421,
          "balance_transaction": "txn_2Q7bRK9e1RjUNIyY1UQC6aIM",
          "created": 1728386335,
          "currency": "usd",
          "description": null,
          "destination": "acct_1Q7bDYS88hpHw07j",
          "destination_payment": "py_1Q7bRLS88hpHw07jMDkrEOLq",
          "livemode": false,
          "metadata": {},
          "reversals": {
            "object": "list",
            "data": [
              {
                "id": "trr_0Q7bZN9e1RjUNIyYH7vxI14k",
                "object": "transfer_reversal",
                "amount": 1421,
                "balance_transaction": "txn_0Q7bZN9e1RjUNIyYc2ldgcU7",
                "created": 1728386833,
                "currency": "usd",
                "destination_payment_refund": "pyr_1Q7bZNS88hpHw07jJoJqr11q",
                "metadata": {},
                "source_refund": "re_2Q7bRK9e1RjUNIyY1icyswlr",
                "transfer": "tr_2Q7bRK9e1RjUNIyY1Ec54YVV"
              }
            ],
            "has_more": false,
            "total_count": 1,
            "url": "/v1/transfers/tr_2Q7bRK9e1RjUNIyY1Ec54YVV/reversals"
          },
          "reversed": true,
          "source_transaction": "ch_2Q7bRK9e1RjUNIyY1SMUhNqu",
          "source_type": "card",
          "transfer_group": "CH-1"
        }
  recorded_at: Wed, 09 Oct 2024 14:15:11 GMT
- request:
    method: get
    uri: https://api.stripe.com/v1/charges/py_1Q7bRLS88hpHw07jMDkrEOLq?expand%5B%5D=application_fee.refunds&expand%5B%5D=refunds.data.balance_transaction
    body:
      encoding: US-ASCII
      string: ''
    headers:
      User-Agent:
      - Stripe/v1 RubyBindings/12.5.0
      Authorization:
      - Bearer sk_test_4MnOc1f1gf16nKP6dyvP4TAD
      Content-Type:
      - application/x-www-form-urlencoded
      X-Stripe-Client-Telemetry:
      - '{"last_request_metrics":{"request_id":"req_rhduXuuC2e3tRZ","request_duration_ms":312}}'
      Stripe-Version:
      - 2023-10-16; risk_in_requirements_beta=v1
      X-Stripe-Client-User-Agent:
      - '{"bindings_version":"12.5.0","lang":"ruby","lang_version":"3.3.4 p94 (2024-07-09)","platform":"arm64-darwin20","engine":"ruby","publisher":"stripe","uname":"Darwin
        Harbakshs-MacBook-Air.local 20.5.0 Darwin Kernel Version 20.5.0: Sat May  8
        05:10:31 PDT 2021; root:xnu-7195.121.3~9/RELEASE_ARM64_T8101 arm64","hostname":"Harbakshs-MacBook-Air.local"}'
      Stripe-Account:
      - acct_1Q7bDYS88hpHw07j
      Accept-Encoding:
      - gzip;q=1.0,deflate;q=0.6,identity;q=0.3
      Accept:
      - "*/*"
  response:
    status:
      code: 200
      message: OK
    headers:
      Server:
      - nginx
      Date:
      - Wed, 09 Oct 2024 14:15:11 GMT
      Content-Type:
      - application/json
      Content-Length:
      - '3365'
      Connection:
      - keep-alive
      Access-Control-Allow-Credentials:
      - 'true'
      Access-Control-Allow-Methods:
      - GET,HEAD,PUT,PATCH,POST,DELETE
      Access-Control-Allow-Origin:
      - "*"
      Access-Control-Expose-Headers:
      - Request-Id, Stripe-Manage-Version, Stripe-Should-Retry, X-Stripe-External-Auth-Required,
        X-Stripe-Privileged-Session-Required
      Access-Control-Max-Age:
      - '300'
      Cache-Control:
      - no-cache, no-store
      Content-Security-Policy:
      - report-uri https://q.stripe.com/csp-report?p=v1%2Fcharges%2F%3Acharge; block-all-mixed-content;
        default-src 'none'; base-uri 'none'; form-action 'none'; frame-ancestors 'none';
        img-src 'self'; script-src 'self' 'report-sample'; style-src 'self'
      Cross-Origin-Opener-Policy-Report-Only:
      - same-origin; report-to="coop"
      Report-To:
      - '{"group":"coop","max_age":8640,"endpoints":[{"url":"https://q.stripe.com/coop-report?s=payins-bapi-srv"}],"include_subdomains":true}'
      Reporting-Endpoints:
      - coop="https://q.stripe.com/coop-report?s=payins-bapi-srv"
      Request-Id:
      - req_DXJfHy4IYOmREr
      Stripe-Account:
      - acct_1Q7bDYS88hpHw07j
      Stripe-Version:
      - 2023-10-16; risk_in_requirements_beta=v1
      Vary:
      - Origin
      X-Content-Type-Options:
      - nosniff
      X-Stripe-Priority-Routing-Enabled:
      - 'true'
      X-Stripe-Routing-Context-Priority-Tier:
      - api-testmode
      X-Wc:
      - A
      Strict-Transport-Security:
      - max-age=63072000; includeSubDomains; preload
    body:
      encoding: UTF-8
      string: |-
        {
          "id": "py_1Q7bRLS88hpHw07jMDkrEOLq",
          "object": "charge",
          "amount": 1421,
          "amount_captured": 1421,
          "amount_refunded": 1421,
          "application": "ca_42fpqGTJ6VQbAkyhmnG4BLS1vq0slNN4",
          "application_fee": null,
          "application_fee_amount": null,
          "balance_transaction": "txn_1Q7bRLS88hpHw07jEV1L4WH5",
          "billing_details": {
            "address": {
              "city": null,
              "country": null,
              "line1": null,
              "line2": null,
              "postal_code": null,
              "state": null
            },
            "email": null,
            "name": null,
            "phone": null
          },
          "calculated_statement_descriptor": null,
          "captured": true,
          "created": 1728386335,
          "currency": "usd",
          "customer": null,
          "description": null,
          "destination": null,
          "dispute": null,
          "disputed": false,
          "failure_balance_transaction": null,
          "failure_code": null,
          "failure_message": null,
          "fraud_details": {},
          "invoice": null,
          "livemode": false,
          "metadata": {},
          "on_behalf_of": null,
          "order": null,
          "outcome": null,
          "paid": true,
          "payment_intent": null,
          "payment_method": null,
          "payment_method_details": {
            "stripe_account": {},
            "type": "stripe_account"
          },
          "receipt_email": null,
          "receipt_number": null,
          "receipt_url": "https://pay.stripe.com/receipts/payment/CAcaFwoVYWNjdF8xUTdiRFlTODhocEh3MDdqKO-fmrgGMgYxVweoPfg6LBaIREBg1AArBd_bPYWdCiteeyOUtL_j9EMKW7IpbaJ1mDzX40cMXaV1g2NG",
          "refunded": true,
          "refunds": {
            "object": "list",
            "data": [
              {
                "id": "pyr_1Q7bZNS88hpHw07jJoJqr11q",
                "object": "refund",
                "amount": 1421,
                "balance_transaction": {
                  "id": "txn_1Q7bZNS88hpHw07j9tZJkKkE",
                  "object": "balance_transaction",
                  "amount": -1421,
                  "available_on": 1728432000,
                  "created": 1728386833,
                  "currency": "usd",
                  "description": "REFUND FOR PAYMENT",
                  "exchange_rate": null,
                  "fee": 0,
                  "fee_details": [],
                  "net": -1421,
                  "reporting_category": "refund",
                  "source": "pyr_1Q7bZNS88hpHw07jJoJqr11q",
                  "status": "available",
                  "type": "payment_refund"
                },
                "charge": "py_1Q7bRLS88hpHw07jMDkrEOLq",
                "created": 1728386833,
                "currency": "usd",
                "metadata": {},
                "payment_intent": null,
                "reason": null,
                "receipt_number": null,
                "source_transfer_reversal": "trr_0Q7bZN9e1RjUNIyYH7vxI14k",
                "status": "succeeded",
                "transfer_reversal": "trr_0Q7bZN9e1RjUNIyYH7vxI14k"
              }
            ],
            "has_more": false,
            "total_count": 1,
            "url": "/v1/charges/py_1Q7bRLS88hpHw07jMDkrEOLq/refunds"
          },
          "review": null,
          "shipping": null,
          "source": {
            "id": "9e1RjUNIyYGpA9Cfh3RmQxxTzb1aakpE",
            "object": "account",
            "application_icon": "https://files.stripe.com/links/MDB8OWUxUmpVTkl5WUdwQTlDZmgzUm1ReHhUemIxYWFrcEV8ZmxfbGl2ZV96QURJZllYTVhmQTEwQWswUmg3MlRpOGI00M3h6olFO",
            "application_logo": "https://files.stripe.com/links/MDB8OWUxUmpVTkl5WUdwQTlDZmgzUm1ReHhUemIxYWFrcEV8ZmxfbGl2ZV9WNnByazhHekswejFlUGh3a1M0dnRxZko00eY1DsvrA",
            "application_name": "Gumroad",
            "application_url": "https://gumroad.com"
          },
          "source_transfer": "tr_2Q7bRK9e1RjUNIyY1Ec54YVV",
          "statement_descriptor": null,
          "statement_descriptor_suffix": null,
          "status": "succeeded",
          "transfer_data": null,
          "transfer_group": null
        }
  recorded_at: Wed, 09 Oct 2024 14:15:11 GMT
recorded_with: VCR 6.2.0
