---
http_interactions:
- request:
    method: post
    uri: https://api.stripe.com/v1/payment_methods
    body:
      encoding: UTF-8
      string: type=card&card[number]=4000+0000+0000+0036&card[exp_month]=12&card[exp_year]=2023&card[cvc]=123&billing_details[address][postal_code]=12345
    headers:
      User-Agent:
      - Stripe/v1 RubyBindings/10.4.0
      Authorization:
      - Bearer sk_test_4MnOc1f1gf16nKP6dyvP4TAD
      Content-Type:
      - application/x-www-form-urlencoded
      X-Stripe-Client-Telemetry:
      - '{"last_request_metrics":{"request_id":"req_kswL9awv8iP0MX","request_duration_ms":1196}}'
      Idempotency-Key:
      - 4834284d-f7be-46de-9526-5d3d53590b0c
      Stripe-Version:
      - '2023-10-16'
      X-Stripe-Client-User-Agent:
      - '{"bindings_version":"10.4.0","lang":"ruby","lang_version":"3.2.2 p53 (2023-03-30)","platform":"arm64-darwin20","engine":"ruby","publisher":"stripe","uname":"Darwin
        Harbakshs-MacBook-Air.local 20.5.0 Darwin Kernel Version 20.5.0: Sat May  8
        05:10:31 PDT 2021; root:xnu-7195.121.3~9/RELEASE_ARM64_T8101 arm64","hostname":"Harbakshs-MacBook-Air.local"}'
      Accept-Encoding:
      - gzip;q=1.0,deflate;q=0.6,identity;q=0.3
      Accept:
      - "*/*"
  response:
    status:
      code: 200
      message: OK
    headers:
      Server:
      - nginx
      Date:
      - Fri, 29 Dec 2023 12:17:20 GMT
      Content-Type:
      - application/json
      Content-Length:
      - '941'
      Connection:
      - keep-alive
      Access-Control-Allow-Credentials:
      - 'true'
      Access-Control-Allow-Methods:
      - GET,HEAD,PUT,PATCH,POST,DELETE
      Access-Control-Allow-Origin:
      - "*"
      Access-Control-Expose-Headers:
      - Request-Id, Stripe-Manage-Version, Stripe-Should-Retry, X-Stripe-External-Auth-Required,
        X-Stripe-Privileged-Session-Required
      Access-Control-Max-Age:
      - '300'
      Cache-Control:
      - no-cache, no-store
      Content-Security-Policy:
      - report-uri https://q.stripe.com/csp-report?p=v1%2Fpayment_methods; block-all-mixed-content;
        default-src 'none'; base-uri 'none'; form-action 'none'; frame-ancestors 'none';
        img-src 'self'; script-src 'self' 'report-sample'; style-src 'self'
      Idempotency-Key:
      - 4834284d-f7be-46de-9526-5d3d53590b0c
      Original-Request:
      - req_SI5xg1HMmUEX43
      Request-Id:
      - req_SI5xg1HMmUEX43
      Stripe-Should-Retry:
      - 'false'
      Stripe-Version:
      - '2023-10-16'
      Vary:
      - Origin
      X-Stripe-Routing-Context-Priority-Tier:
      - api-testmode
      Strict-Transport-Security:
      - max-age=63072000; includeSubDomains; preload
    body:
      encoding: UTF-8
      string: |-
        {
          "id": "pm_0OSf089e1RjUNIyYergRTTRv",
          "object": "payment_method",
          "billing_details": {
            "address": {
              "city": null,
              "country": null,
              "line1": null,
              "line2": null,
              "postal_code": "12345",
              "state": null
            },
            "email": null,
            "name": null,
            "phone": null
          },
          "card": {
            "brand": "visa",
            "checks": {
              "address_line1_check": null,
              "address_postal_code_check": "unchecked",
              "cvc_check": "unchecked"
            },
            "country": "US",
            "exp_month": 12,
            "exp_year": 2023,
            "fingerprint": "nPSe1apG4W9vdMFZ",
            "funding": "credit",
            "generated_from": null,
            "last4": "0036",
            "networks": {
              "available": [
                "visa"
              ],
              "preferred": null
            },
            "three_d_secure_usage": {
              "supported": true
            },
            "wallet": null
          },
          "created": 1703852240,
          "customer": null,
          "livemode": false,
          "metadata": {},
          "type": "card"
        }
  recorded_at: Fri, 29 Dec 2023 12:17:20 GMT
- request:
    method: get
    uri: https://api.stripe.com/v1/payment_methods/pm_0OSf089e1RjUNIyYergRTTRv
    body:
      encoding: US-ASCII
      string: ''
    headers:
      User-Agent:
      - Stripe/v1 RubyBindings/10.4.0
      Authorization:
      - Bearer sk_test_4MnOc1f1gf16nKP6dyvP4TAD
      Content-Type:
      - application/x-www-form-urlencoded
      X-Stripe-Client-Telemetry:
      - '{"last_request_metrics":{"request_id":"req_SI5xg1HMmUEX43","request_duration_ms":483}}'
      Stripe-Version:
      - '2023-10-16'
      X-Stripe-Client-User-Agent:
      - '{"bindings_version":"10.4.0","lang":"ruby","lang_version":"3.2.2 p53 (2023-03-30)","platform":"arm64-darwin20","engine":"ruby","publisher":"stripe","uname":"Darwin
        Harbakshs-MacBook-Air.local 20.5.0 Darwin Kernel Version 20.5.0: Sat May  8
        05:10:31 PDT 2021; root:xnu-7195.121.3~9/RELEASE_ARM64_T8101 arm64","hostname":"Harbakshs-MacBook-Air.local"}'
      Accept-Encoding:
      - gzip;q=1.0,deflate;q=0.6,identity;q=0.3
      Accept:
      - "*/*"
  response:
    status:
      code: 200
      message: OK
    headers:
      Server:
      - nginx
      Date:
      - Fri, 29 Dec 2023 12:17:21 GMT
      Content-Type:
      - application/json
      Content-Length:
      - '941'
      Connection:
      - keep-alive
      Access-Control-Allow-Credentials:
      - 'true'
      Access-Control-Allow-Methods:
      - GET,HEAD,PUT,PATCH,POST,DELETE
      Access-Control-Allow-Origin:
      - "*"
      Access-Control-Expose-Headers:
      - Request-Id, Stripe-Manage-Version, Stripe-Should-Retry, X-Stripe-External-Auth-Required,
        X-Stripe-Privileged-Session-Required
      Access-Control-Max-Age:
      - '300'
      Cache-Control:
      - no-cache, no-store
      Content-Security-Policy:
      - report-uri https://q.stripe.com/csp-report?p=v1%2Fpayment_methods%2F%3Apayment_method;
        block-all-mixed-content; default-src 'none'; base-uri 'none'; form-action
        'none'; frame-ancestors 'none'; img-src 'self'; script-src 'self' 'report-sample';
        style-src 'self'
      Request-Id:
      - req_AZDcULFRDLCGZa
      Stripe-Version:
      - '2023-10-16'
      Vary:
      - Origin
      X-Stripe-Routing-Context-Priority-Tier:
      - api-testmode
      Strict-Transport-Security:
      - max-age=63072000; includeSubDomains; preload
    body:
      encoding: UTF-8
      string: |-
        {
          "id": "pm_0OSf089e1RjUNIyYergRTTRv",
          "object": "payment_method",
          "billing_details": {
            "address": {
              "city": null,
              "country": null,
              "line1": null,
              "line2": null,
              "postal_code": "12345",
              "state": null
            },
            "email": null,
            "name": null,
            "phone": null
          },
          "card": {
            "brand": "visa",
            "checks": {
              "address_line1_check": null,
              "address_postal_code_check": "unchecked",
              "cvc_check": "unchecked"
            },
            "country": "US",
            "exp_month": 12,
            "exp_year": 2023,
            "fingerprint": "nPSe1apG4W9vdMFZ",
            "funding": "credit",
            "generated_from": null,
            "last4": "0036",
            "networks": {
              "available": [
                "visa"
              ],
              "preferred": null
            },
            "three_d_secure_usage": {
              "supported": true
            },
            "wallet": null
          },
          "created": 1703852240,
          "customer": null,
          "livemode": false,
          "metadata": {},
          "type": "card"
        }
  recorded_at: Fri, 29 Dec 2023 12:17:21 GMT
- request:
    method: post
    uri: https://api.stripe.com/v1/payment_intents
    body:
      encoding: UTF-8
      string: amount=1500&currency=usd&description=Gumroad+Charge+SPeQ3g4fi7RaWxFSnJftwQ%3D%3D&metadata[Fv_QtG2yp2Cv-UdmS_QwLw%3D%3D]=%7B%3Aprice_cents%3D%3E500%2C+%3Afee_cents%3D%3E75%2C+%3Aaffiliate_credit_cents%3D%3E0%2C+%3Agumroad_tax_cents%3D%3E0%2C+%3Atotal_transaction_cents%3D%3E500%7D&metadata[YcNI1bKSqgFoa_RNyKa-SQ%3D%3D]=%7B%3Aprice_cents%3D%3E1000%2C+%3Afee_cents%3D%3E120%2C+%3Aaffiliate_credit_cents%3D%3E0%2C+%3Agumroad_tax_cents%3D%3E0%2C+%3Atotal_transaction_cents%3D%3E1000%7D&transfer_group=CH-31&payment_method_types[0]=card&off_session=false&payment_method=pm_0OSf089e1RjUNIyYergRTTRv&statement_descriptor_suffix=edgare0b0993049
    headers:
      User-Agent:
      - Stripe/v1 RubyBindings/10.4.0
      Authorization:
      - Bearer sk_test_4MnOc1f1gf16nKP6dyvP4TAD
      Content-Type:
      - application/x-www-form-urlencoded
      X-Stripe-Client-Telemetry:
      - '{"last_request_metrics":{"request_id":"req_AZDcULFRDLCGZa","request_duration_ms":352}}'
      Idempotency-Key:
      - 94f93cee-e044-497f-8118-c55d3ada8065
      Stripe-Version:
      - '2023-10-16'
      X-Stripe-Client-User-Agent:
      - '{"bindings_version":"10.4.0","lang":"ruby","lang_version":"3.2.2 p53 (2023-03-30)","platform":"arm64-darwin20","engine":"ruby","publisher":"stripe","uname":"Darwin
        Harbakshs-MacBook-Air.local 20.5.0 Darwin Kernel Version 20.5.0: Sat May  8
        05:10:31 PDT 2021; root:xnu-7195.121.3~9/RELEASE_ARM64_T8101 arm64","hostname":"Harbakshs-MacBook-Air.local"}'
      Accept-Encoding:
      - gzip;q=1.0,deflate;q=0.6,identity;q=0.3
      Accept:
      - "*/*"
  response:
    status:
      code: 200
      message: OK
    headers:
      Server:
      - nginx
      Date:
      - Fri, 29 Dec 2023 12:17:22 GMT
      Content-Type:
      - application/json
      Content-Length:
      - '1711'
      Connection:
      - keep-alive
      Access-Control-Allow-Credentials:
      - 'true'
      Access-Control-Allow-Methods:
      - GET,HEAD,PUT,PATCH,POST,DELETE
      Access-Control-Allow-Origin:
      - "*"
      Access-Control-Expose-Headers:
      - Request-Id, Stripe-Manage-Version, Stripe-Should-Retry, X-Stripe-External-Auth-Required,
        X-Stripe-Privileged-Session-Required
      Access-Control-Max-Age:
      - '300'
      Cache-Control:
      - no-cache, no-store
      Content-Security-Policy:
      - report-uri https://q.stripe.com/csp-report?p=v1%2Fpayment_intents; block-all-mixed-content;
        default-src 'none'; base-uri 'none'; form-action 'none'; frame-ancestors 'none';
        img-src 'self'; script-src 'self' 'report-sample'; style-src 'self'
      Idempotency-Key:
      - 94f93cee-e044-497f-8118-c55d3ada8065
      Original-Request:
      - req_9iRc9ePvIsEGVz
      Request-Id:
      - req_9iRc9ePvIsEGVz
      Stripe-Should-Retry:
      - 'false'
      Stripe-Version:
      - '2023-10-16'
      Vary:
      - Origin
      X-Stripe-Routing-Context-Priority-Tier:
      - api-testmode
      Strict-Transport-Security:
      - max-age=63072000; includeSubDomains; preload
    body:
      encoding: UTF-8
      string: |-
        {
          "id": "pi_2OSf0A9e1RjUNIyY1oMHbCdv",
          "object": "payment_intent",
          "amount": 1500,
          "amount_capturable": 0,
          "amount_details": {
            "tip": {}
          },
          "amount_received": 0,
          "application": null,
          "application_fee_amount": null,
          "automatic_payment_methods": null,
          "canceled_at": null,
          "cancellation_reason": null,
          "capture_method": "automatic",
          "client_secret": "pi_2OSf0A9e1RjUNIyY1oMHbCdv_secret_YVr0REwhPkCWjNmVCWEnOwtKf",
          "confirmation_method": "automatic",
          "created": 1703852242,
          "currency": "usd",
          "customer": null,
          "description": "Gumroad Charge SPeQ3g4fi7RaWxFSnJftwQ==",
          "invoice": null,
          "last_payment_error": null,
          "latest_charge": null,
          "livemode": false,
          "metadata": {
            "Fv_QtG2yp2Cv-UdmS_QwLw==": "{:price_cents=>500, :fee_cents=>75, :affiliate_credit_cents=>0, :gumroad_tax_cents=>0, :total_transaction_cents=>500}",
            "YcNI1bKSqgFoa_RNyKa-SQ==": "{:price_cents=>1000, :fee_cents=>120, :affiliate_credit_cents=>0, :gumroad_tax_cents=>0, :total_transaction_cents=>1000}"
          },
          "next_action": null,
          "on_behalf_of": null,
          "payment_method": "pm_0OSf089e1RjUNIyYergRTTRv",
          "payment_method_configuration_details": null,
          "payment_method_options": {
            "card": {
              "installments": null,
              "mandate_options": null,
              "network": null,
              "request_three_d_secure": "automatic"
            }
          },
          "payment_method_types": [
            "card"
          ],
          "processing": null,
          "receipt_email": null,
          "review": null,
          "setup_future_usage": null,
          "shipping": null,
          "source": null,
          "statement_descriptor": null,
          "statement_descriptor_suffix": "edgare0b0993049",
          "status": "requires_confirmation",
          "transfer_data": null,
          "transfer_group": "CH-31"
        }
  recorded_at: Fri, 29 Dec 2023 12:17:22 GMT
- request:
    method: post
    uri: https://api.stripe.com/v1/payment_intents/pi_2OSf0A9e1RjUNIyY1oMHbCdv/confirm
    body:
      encoding: US-ASCII
      string: ''
    headers:
      User-Agent:
      - Stripe/v1 RubyBindings/10.4.0
      Authorization:
      - Bearer sk_test_4MnOc1f1gf16nKP6dyvP4TAD
      Content-Type:
      - application/x-www-form-urlencoded
      X-Stripe-Client-Telemetry:
      - '{"last_request_metrics":{"request_id":"req_9iRc9ePvIsEGVz","request_duration_ms":461}}'
      Idempotency-Key:
      - 04454dcc-5b13-4ef3-9fb3-a309499556fe
      Stripe-Version:
      - '2023-10-16'
      X-Stripe-Client-User-Agent:
      - '{"bindings_version":"10.4.0","lang":"ruby","lang_version":"3.2.2 p53 (2023-03-30)","platform":"arm64-darwin20","engine":"ruby","publisher":"stripe","uname":"Darwin
        Harbakshs-MacBook-Air.local 20.5.0 Darwin Kernel Version 20.5.0: Sat May  8
        05:10:31 PDT 2021; root:xnu-7195.121.3~9/RELEASE_ARM64_T8101 arm64","hostname":"Harbakshs-MacBook-Air.local"}'
      Accept-Encoding:
      - gzip;q=1.0,deflate;q=0.6,identity;q=0.3
      Accept:
      - "*/*"
  response:
    status:
      code: 402
      message: Payment Required
    headers:
      Server:
      - nginx
      Date:
      - Fri, 29 Dec 2023 12:17:23 GMT
      Content-Type:
      - application/json
      Content-Length:
      - '5365'
      Connection:
      - keep-alive
      Access-Control-Allow-Credentials:
      - 'true'
      Access-Control-Allow-Methods:
      - GET,HEAD,PUT,PATCH,POST,DELETE
      Access-Control-Allow-Origin:
      - "*"
      Access-Control-Expose-Headers:
      - Request-Id, Stripe-Manage-Version, Stripe-Should-Retry, X-Stripe-External-Auth-Required,
        X-Stripe-Privileged-Session-Required
      Access-Control-Max-Age:
      - '300'
      Cache-Control:
      - no-cache, no-store
      Content-Security-Policy:
      - report-uri https://q.stripe.com/csp-report?p=v1%2Fpayment_intents%2F%3Aintent%2Fconfirm;
        block-all-mixed-content; default-src 'none'; base-uri 'none'; form-action
        'none'; frame-ancestors 'none'; img-src 'self'; script-src 'self' 'report-sample';
        style-src 'self'
      Idempotency-Key:
      - 04454dcc-5b13-4ef3-9fb3-a309499556fe
      Original-Request:
      - req_qwNRXzASbnF1Qd
      Request-Id:
      - req_qwNRXzASbnF1Qd
      Stripe-Should-Retry:
      - 'false'
      Stripe-Version:
      - '2023-10-16'
      Vary:
      - Origin
      X-Stripe-Routing-Context-Priority-Tier:
      - api-testmode
      Strict-Transport-Security:
      - max-age=63072000; includeSubDomains; preload
    body:
      encoding: UTF-8
      string: |
        {
          "error": {
            "charge": "ch_2OSf0A9e1RjUNIyY1q3erhrz",
            "code": "incorrect_zip",
            "doc_url": "https://stripe.com/docs/error-codes/incorrect-zip",
            "message": "Your card could not be authorized using the postal code provided. Please update the postal code, or contact your card issuer for further details.",
            "param": "address_zip",
            "payment_intent": {
              "id": "pi_2OSf0A9e1RjUNIyY1oMHbCdv",
              "object": "payment_intent",
              "amount": 1500,
              "amount_capturable": 0,
              "amount_details": {
                "tip": {
                }
              },
              "amount_received": 0,
              "application": null,
              "application_fee_amount": null,
              "automatic_payment_methods": null,
              "canceled_at": null,
              "cancellation_reason": null,
              "capture_method": "automatic",
              "client_secret": "pi_2OSf0A9e1RjUNIyY1oMHbCdv_secret_YVr0REwhPkCWjNmVCWEnOwtKf",
              "confirmation_method": "automatic",
              "created": 1703852242,
              "currency": "usd",
              "customer": null,
              "description": "Gumroad Charge SPeQ3g4fi7RaWxFSnJftwQ==",
              "invoice": null,
              "last_payment_error": {
                "charge": "ch_2OSf0A9e1RjUNIyY1q3erhrz",
                "code": "incorrect_zip",
                "doc_url": "https://stripe.com/docs/error-codes/incorrect-zip",
                "message": "Your card could not be authorized using the postal code provided. Please update the postal code, or contact your card issuer for further details.",
                "param": "address_zip",
                "payment_method": {
                  "id": "pm_0OSf089e1RjUNIyYergRTTRv",
                  "object": "payment_method",
                  "billing_details": {
                    "address": {
                      "city": null,
                      "country": null,
                      "line1": null,
                      "line2": null,
                      "postal_code": "12345",
                      "state": null
                    },
                    "email": null,
                    "name": null,
                    "phone": null
                  },
                  "card": {
                    "brand": "visa",
                    "checks": {
                      "address_line1_check": null,
                      "address_postal_code_check": "fail",
                      "cvc_check": "pass"
                    },
                    "country": "US",
                    "exp_month": 12,
                    "exp_year": 2023,
                    "fingerprint": "nPSe1apG4W9vdMFZ",
                    "funding": "credit",
                    "generated_from": null,
                    "last4": "0036",
                    "networks": {
                      "available": [
                        "visa"
                      ],
                      "preferred": null
                    },
                    "three_d_secure_usage": {
                      "supported": true
                    },
                    "wallet": null
                  },
                  "created": 1703852240,
                  "customer": null,
                  "livemode": false,
                  "metadata": {
                  },
                  "type": "card"
                },
                "type": "card_error"
              },
              "latest_charge": "ch_2OSf0A9e1RjUNIyY1q3erhrz",
              "livemode": false,
              "metadata": {
                "Fv_QtG2yp2Cv-UdmS_QwLw==": "{:price_cents=\u003E500, :fee_cents=\u003E75, :affiliate_credit_cents=\u003E0, :gumroad_tax_cents=\u003E0, :total_transaction_cents=\u003E500}",
                "YcNI1bKSqgFoa_RNyKa-SQ==": "{:price_cents=\u003E1000, :fee_cents=\u003E120, :affiliate_credit_cents=\u003E0, :gumroad_tax_cents=\u003E0, :total_transaction_cents=\u003E1000}"
              },
              "next_action": null,
              "on_behalf_of": null,
              "payment_method": null,
              "payment_method_configuration_details": null,
              "payment_method_options": {
                "card": {
                  "installments": null,
                  "mandate_options": null,
                  "network": null,
                  "request_three_d_secure": "automatic"
                }
              },
              "payment_method_types": [
                "card"
              ],
              "processing": null,
              "receipt_email": null,
              "review": null,
              "setup_future_usage": null,
              "shipping": null,
              "source": null,
              "statement_descriptor": null,
              "statement_descriptor_suffix": "edgare0b0993049",
              "status": "requires_payment_method",
              "transfer_data": null,
              "transfer_group": "CH-31"
            },
            "payment_method": {
              "id": "pm_0OSf089e1RjUNIyYergRTTRv",
              "object": "payment_method",
              "billing_details": {
                "address": {
                  "city": null,
                  "country": null,
                  "line1": null,
                  "line2": null,
                  "postal_code": "12345",
                  "state": null
                },
                "email": null,
                "name": null,
                "phone": null
              },
              "card": {
                "brand": "visa",
                "checks": {
                  "address_line1_check": null,
                  "address_postal_code_check": "fail",
                  "cvc_check": "pass"
                },
                "country": "US",
                "exp_month": 12,
                "exp_year": 2023,
                "fingerprint": "nPSe1apG4W9vdMFZ",
                "funding": "credit",
                "generated_from": null,
                "last4": "0036",
                "networks": {
                  "available": [
                    "visa"
                  ],
                  "preferred": null
                },
                "three_d_secure_usage": {
                  "supported": true
                },
                "wallet": null
              },
              "created": 1703852240,
              "customer": null,
              "livemode": false,
              "metadata": {
              },
              "type": "card"
            },
            "request_log_url": "https://dashboard.stripe.com/test/logs/req_qwNRXzASbnF1Qd?t=1703852242",
            "type": "card_error"
          }
        }
  recorded_at: Fri, 29 Dec 2023 12:17:23 GMT
recorded_with: VCR 6.2.0
