---
http_interactions:
- request:
    method: post
    uri: https://api.stripe.com/v1/payment_methods
    body:
      encoding: UTF-8
      string: type=card&card[number]=4242+4242+4242+4242&card[exp_month]=12&card[exp_year]=2024&card[cvc]=123
    headers:
      User-Agent:
      - Stripe/v1 RubyBindings/10.9.0
      Authorization:
      - Bearer sk_test_4MnOc1f1gf16nKP6dyvP4TAD
      Content-Type:
      - application/x-www-form-urlencoded
      X-Stripe-Client-Telemetry:
      - '{"last_request_metrics":{"request_id":"req_FrJVGvWU237R9s","request_duration_ms":152}}'
      Idempotency-Key:
      - 52583768-1821-4a90-8c8c-40525e2c241a
      Stripe-Version:
      - '2023-10-16'
      X-Stripe-Client-User-Agent:
      - '{"bindings_version":"10.9.0","lang":"ruby","lang_version":"3.2.2 p53 (2023-03-30)","platform":"arm64-darwin22","engine":"ruby","publisher":"stripe","uname":"Darwin
        Curtiss-MacBook-Pro.local 22.3.0 Darwin Kernel Version 22.3.0: Mon Jan 30
        20:38:37 PST 2023; root:xnu-8792.81.3~2/RELEASE_ARM64_T6000 arm64","hostname":"Curtiss-MacBook-Pro.local"}'
      Accept-Encoding:
      - gzip;q=1.0,deflate;q=0.6,identity;q=0.3
      Accept:
      - "*/*"
  response:
    status:
      code: 200
      message: OK
    headers:
      Server:
      - nginx
      Date:
      - Tue, 20 Feb 2024 23:37:35 GMT
      Content-Type:
      - application/json
      Content-Length:
      - '960'
      Connection:
      - keep-alive
      Access-Control-Allow-Credentials:
      - 'true'
      Access-Control-Allow-Methods:
      - GET,HEAD,PUT,PATCH,POST,DELETE
      Access-Control-Allow-Origin:
      - "*"
      Access-Control-Expose-Headers:
      - Request-Id, Stripe-Manage-Version, Stripe-Should-Retry, X-Stripe-External-Auth-Required,
        X-Stripe-Privileged-Session-Required
      Access-Control-Max-Age:
      - '300'
      Cache-Control:
      - no-cache, no-store
      Content-Security-Policy:
      - report-uri https://q.stripe.com/csp-report?p=v1%2Fpayment_methods; block-all-mixed-content;
        default-src 'none'; base-uri 'none'; form-action 'none'; frame-ancestors 'none';
        img-src 'self'; script-src 'self' 'report-sample'; style-src 'self'
      Idempotency-Key:
      - 52583768-1821-4a90-8c8c-40525e2c241a
      Original-Request:
      - req_cDNF9beWqpZqD3
      Request-Id:
      - req_cDNF9beWqpZqD3
      Stripe-Should-Retry:
      - 'false'
      Stripe-Version:
      - '2023-10-16'
      Vary:
      - Origin
      X-Stripe-Routing-Context-Priority-Tier:
      - api-testmode
      Strict-Transport-Security:
      - max-age=63072000; includeSubDomains; preload
    body:
      encoding: UTF-8
      string: |-
        {
          "id": "pm_0Om2sV9e1RjUNIyY6grm8WgG",
          "object": "payment_method",
          "billing_details": {
            "address": {
              "city": null,
              "country": null,
              "line1": null,
              "line2": null,
              "postal_code": null,
              "state": null
            },
            "email": null,
            "name": null,
            "phone": null
          },
          "card": {
            "brand": "visa",
            "checks": {
              "address_line1_check": null,
              "address_postal_code_check": null,
              "cvc_check": "unchecked"
            },
            "country": "US",
            "display_brand": "visa",
            "exp_month": 12,
            "exp_year": 2024,
            "fingerprint": "W691J2Ye3VDoq6Ij",
            "funding": "credit",
            "generated_from": null,
            "last4": "4242",
            "networks": {
              "available": [
                "visa"
              ],
              "preferred": null
            },
            "three_d_secure_usage": {
              "supported": true
            },
            "wallet": null
          },
          "created": 1708472255,
          "customer": null,
          "livemode": false,
          "metadata": {},
          "type": "card"
        }
  recorded_at: Tue, 20 Feb 2024 11:37:35 GMT
- request:
    method: get
    uri: https://api.stripe.com/v1/payment_methods/pm_0Om2sV9e1RjUNIyY6grm8WgG
    body:
      encoding: US-ASCII
      string: ''
    headers:
      User-Agent:
      - Stripe/v1 RubyBindings/10.9.0
      Authorization:
      - Bearer sk_test_4MnOc1f1gf16nKP6dyvP4TAD
      Content-Type:
      - application/x-www-form-urlencoded
      X-Stripe-Client-Telemetry:
      - '{"last_request_metrics":{"request_id":"req_cDNF9beWqpZqD3","request_duration_ms":292}}'
      Stripe-Version:
      - '2023-10-16'
      X-Stripe-Client-User-Agent:
      - '{"bindings_version":"10.9.0","lang":"ruby","lang_version":"3.2.2 p53 (2023-03-30)","platform":"arm64-darwin22","engine":"ruby","publisher":"stripe","uname":"Darwin
        Curtiss-MacBook-Pro.local 22.3.0 Darwin Kernel Version 22.3.0: Mon Jan 30
        20:38:37 PST 2023; root:xnu-8792.81.3~2/RELEASE_ARM64_T6000 arm64","hostname":"Curtiss-MacBook-Pro.local"}'
      Accept-Encoding:
      - gzip;q=1.0,deflate;q=0.6,identity;q=0.3
      Accept:
      - "*/*"
  response:
    status:
      code: 200
      message: OK
    headers:
      Server:
      - nginx
      Date:
      - Tue, 20 Feb 2024 23:37:35 GMT
      Content-Type:
      - application/json
      Content-Length:
      - '960'
      Connection:
      - keep-alive
      Access-Control-Allow-Credentials:
      - 'true'
      Access-Control-Allow-Methods:
      - GET,HEAD,PUT,PATCH,POST,DELETE
      Access-Control-Allow-Origin:
      - "*"
      Access-Control-Expose-Headers:
      - Request-Id, Stripe-Manage-Version, Stripe-Should-Retry, X-Stripe-External-Auth-Required,
        X-Stripe-Privileged-Session-Required
      Access-Control-Max-Age:
      - '300'
      Cache-Control:
      - no-cache, no-store
      Content-Security-Policy:
      - report-uri https://q.stripe.com/csp-report?p=v1%2Fpayment_methods%2F%3Apayment_method;
        block-all-mixed-content; default-src 'none'; base-uri 'none'; form-action
        'none'; frame-ancestors 'none'; img-src 'self'; script-src 'self' 'report-sample';
        style-src 'self'
      Request-Id:
      - req_xTQppkWvuvTSuz
      Stripe-Version:
      - '2023-10-16'
      Vary:
      - Origin
      X-Stripe-Routing-Context-Priority-Tier:
      - api-testmode
      Strict-Transport-Security:
      - max-age=63072000; includeSubDomains; preload
    body:
      encoding: UTF-8
      string: |-
        {
          "id": "pm_0Om2sV9e1RjUNIyY6grm8WgG",
          "object": "payment_method",
          "billing_details": {
            "address": {
              "city": null,
              "country": null,
              "line1": null,
              "line2": null,
              "postal_code": null,
              "state": null
            },
            "email": null,
            "name": null,
            "phone": null
          },
          "card": {
            "brand": "visa",
            "checks": {
              "address_line1_check": null,
              "address_postal_code_check": null,
              "cvc_check": "unchecked"
            },
            "country": "US",
            "display_brand": "visa",
            "exp_month": 12,
            "exp_year": 2024,
            "fingerprint": "W691J2Ye3VDoq6Ij",
            "funding": "credit",
            "generated_from": null,
            "last4": "4242",
            "networks": {
              "available": [
                "visa"
              ],
              "preferred": null
            },
            "three_d_secure_usage": {
              "supported": true
            },
            "wallet": null
          },
          "created": 1708472255,
          "customer": null,
          "livemode": false,
          "metadata": {},
          "type": "card"
        }
  recorded_at: Tue, 20 Feb 2024 11:37:35 GMT
- request:
    method: post
    uri: https://api.stripe.com/v1/payment_intents
    body:
      encoding: UTF-8
      string: amount=100&currency=usd&description=You+bought+http%3A%2F%2Fedgarbc2d4a485.test.gumroad.com%3A31337%2Fl%2Fy&metadata[purchase]=bEtKQ3Zu9SgNopem0-ZywA%3D%3D&transfer_group=7&payment_method_types[0]=card&off_session=true&confirm=true&payment_method=pm_0Om2sV9e1RjUNIyY6grm8WgG&statement_descriptor_suffix=edgarbc2d4a485
    headers:
      User-Agent:
      - Stripe/v1 RubyBindings/10.9.0
      Authorization:
      - Bearer sk_test_4MnOc1f1gf16nKP6dyvP4TAD
      Content-Type:
      - application/x-www-form-urlencoded
      X-Stripe-Client-Telemetry:
      - '{"last_request_metrics":{"request_id":"req_xTQppkWvuvTSuz","request_duration_ms":149}}'
      Idempotency-Key:
      - 7d276868-18ca-44b7-b4af-c778a6f57892
      Stripe-Version:
      - '2023-10-16'
      X-Stripe-Client-User-Agent:
      - '{"bindings_version":"10.9.0","lang":"ruby","lang_version":"3.2.2 p53 (2023-03-30)","platform":"arm64-darwin22","engine":"ruby","publisher":"stripe","uname":"Darwin
        Curtiss-MacBook-Pro.local 22.3.0 Darwin Kernel Version 22.3.0: Mon Jan 30
        20:38:37 PST 2023; root:xnu-8792.81.3~2/RELEASE_ARM64_T6000 arm64","hostname":"Curtiss-MacBook-Pro.local"}'
      Accept-Encoding:
      - gzip;q=1.0,deflate;q=0.6,identity;q=0.3
      Accept:
      - "*/*"
  response:
    status:
      code: 200
      message: OK
    headers:
      Server:
      - nginx
      Date:
      - Tue, 20 Feb 2024 23:37:36 GMT
      Content-Type:
      - application/json
      Content-Length:
      - '1475'
      Connection:
      - keep-alive
      Access-Control-Allow-Credentials:
      - 'true'
      Access-Control-Allow-Methods:
      - GET,HEAD,PUT,PATCH,POST,DELETE
      Access-Control-Allow-Origin:
      - "*"
      Access-Control-Expose-Headers:
      - Request-Id, Stripe-Manage-Version, Stripe-Should-Retry, X-Stripe-External-Auth-Required,
        X-Stripe-Privileged-Session-Required
      Access-Control-Max-Age:
      - '300'
      Cache-Control:
      - no-cache, no-store
      Content-Security-Policy:
      - report-uri https://q.stripe.com/csp-report?p=v1%2Fpayment_intents; block-all-mixed-content;
        default-src 'none'; base-uri 'none'; form-action 'none'; frame-ancestors 'none';
        img-src 'self'; script-src 'self' 'report-sample'; style-src 'self'
      Idempotency-Key:
      - 7d276868-18ca-44b7-b4af-c778a6f57892
      Original-Request:
      - req_g0oS1n2U5W76Ta
      Request-Id:
      - req_g0oS1n2U5W76Ta
      Stripe-Should-Retry:
      - 'false'
      Stripe-Version:
      - '2023-10-16'
      Vary:
      - Origin
      X-Stripe-Routing-Context-Priority-Tier:
      - api-testmode
      Strict-Transport-Security:
      - max-age=63072000; includeSubDomains; preload
    body:
      encoding: UTF-8
      string: |-
        {
          "id": "pi_2Om2sV9e1RjUNIyY0dceBlFO",
          "object": "payment_intent",
          "amount": 100,
          "amount_capturable": 0,
          "amount_details": {
            "tip": {}
          },
          "amount_received": 100,
          "application": null,
          "application_fee_amount": null,
          "automatic_payment_methods": null,
          "canceled_at": null,
          "cancellation_reason": null,
          "capture_method": "automatic",
          "client_secret": "pi_2Om2sV9e1RjUNIyY0dceBlFO_secret_7ABNpda0a4BxDdc4Wv68xsBPB",
          "confirmation_method": "automatic",
          "created": 1708472255,
          "currency": "usd",
          "customer": null,
          "description": "You bought http://edgarbc2d4a485.test.gumroad.com:31337/l/y",
          "invoice": null,
          "last_payment_error": null,
          "latest_charge": "ch_2Om2sV9e1RjUNIyY0bcCoRqu",
          "livemode": false,
          "metadata": {
            "purchase": "bEtKQ3Zu9SgNopem0-ZywA=="
          },
          "next_action": null,
          "on_behalf_of": null,
          "payment_method": "pm_0Om2sV9e1RjUNIyY6grm8WgG",
          "payment_method_configuration_details": null,
          "payment_method_options": {
            "card": {
              "installments": null,
              "mandate_options": null,
              "network": null,
              "request_three_d_secure": "automatic"
            }
          },
          "payment_method_types": [
            "card"
          ],
          "processing": null,
          "receipt_email": null,
          "review": null,
          "setup_future_usage": null,
          "shipping": null,
          "source": null,
          "statement_descriptor": null,
          "statement_descriptor_suffix": "edgarbc2d4a485",
          "status": "succeeded",
          "transfer_data": null,
          "transfer_group": "7"
        }
  recorded_at: Tue, 20 Feb 2024 11:37:35 GMT
- request:
    method: get
    uri: https://api.stripe.com/v1/charges/ch_2Om2sV9e1RjUNIyY0bcCoRqu?expand%5B%5D=application_fee.balance_transaction&expand%5B%5D=balance_transaction
    body:
      encoding: US-ASCII
      string: ''
    headers:
      User-Agent:
      - Stripe/v1 RubyBindings/10.9.0
      Authorization:
      - Bearer sk_test_4MnOc1f1gf16nKP6dyvP4TAD
      Content-Type:
      - application/x-www-form-urlencoded
      X-Stripe-Client-Telemetry:
      - '{"last_request_metrics":{"request_id":"req_g0oS1n2U5W76Ta","request_duration_ms":975}}'
      Stripe-Version:
      - '2023-10-16'
      X-Stripe-Client-User-Agent:
      - '{"bindings_version":"10.9.0","lang":"ruby","lang_version":"3.2.2 p53 (2023-03-30)","platform":"arm64-darwin22","engine":"ruby","publisher":"stripe","uname":"Darwin
        Curtiss-MacBook-Pro.local 22.3.0 Darwin Kernel Version 22.3.0: Mon Jan 30
        20:38:37 PST 2023; root:xnu-8792.81.3~2/RELEASE_ARM64_T6000 arm64","hostname":"Curtiss-MacBook-Pro.local"}'
      Accept-Encoding:
      - gzip;q=1.0,deflate;q=0.6,identity;q=0.3
      Accept:
      - "*/*"
  response:
    status:
      code: 200
      message: OK
    headers:
      Server:
      - nginx
      Date:
      - Tue, 20 Feb 2024 23:37:37 GMT
      Content-Type:
      - application/json
      Content-Length:
      - '3484'
      Connection:
      - keep-alive
      Access-Control-Allow-Credentials:
      - 'true'
      Access-Control-Allow-Methods:
      - GET,HEAD,PUT,PATCH,POST,DELETE
      Access-Control-Allow-Origin:
      - "*"
      Access-Control-Expose-Headers:
      - Request-Id, Stripe-Manage-Version, Stripe-Should-Retry, X-Stripe-External-Auth-Required,
        X-Stripe-Privileged-Session-Required
      Access-Control-Max-Age:
      - '300'
      Cache-Control:
      - no-cache, no-store
      Content-Security-Policy:
      - report-uri https://q.stripe.com/csp-report?p=v1%2Fcharges%2F%3Acharge; block-all-mixed-content;
        default-src 'none'; base-uri 'none'; form-action 'none'; frame-ancestors 'none';
        img-src 'self'; script-src 'self' 'report-sample'; style-src 'self'
      Request-Id:
      - req_w99jtnjtP87WRv
      Stripe-Version:
      - '2023-10-16'
      Vary:
      - Origin
      X-Stripe-Routing-Context-Priority-Tier:
      - api-testmode
      Strict-Transport-Security:
      - max-age=63072000; includeSubDomains; preload
    body:
      encoding: UTF-8
      string: |-
        {
          "id": "ch_2Om2sV9e1RjUNIyY0bcCoRqu",
          "object": "charge",
          "amount": 100,
          "amount_captured": 100,
          "amount_refunded": 0,
          "amount_updates": [],
          "application": null,
          "application_fee": null,
          "application_fee_amount": null,
          "balance_transaction": {
            "id": "txn_2Om2sV9e1RjUNIyY0fYGDHPV",
            "object": "balance_transaction",
            "amount": 100,
            "available_on": 1708560000,
            "created": 1708472256,
            "currency": "usd",
            "description": "You bought http://edgarbc2d4a485.test.gumroad.com:31337/l/y",
            "exchange_rate": null,
            "fee": 10,
            "fee_details": [
              {
                "amount": 10,
                "application": null,
                "currency": "usd",
                "description": "Stripe processing fees",
                "type": "stripe_fee"
              }
            ],
            "net": 90,
            "reporting_category": "charge",
            "source": "ch_2Om2sV9e1RjUNIyY0bcCoRqu",
            "status": "pending",
            "type": "charge"
          },
          "billing_details": {
            "address": {
              "city": null,
              "country": null,
              "line1": null,
              "line2": null,
              "postal_code": null,
              "state": null
            },
            "email": null,
            "name": null,
            "phone": null
          },
          "calculated_statement_descriptor": "GUMRD.COM* EDGARBC2D4A",
          "captured": true,
          "created": 1708472256,
          "currency": "usd",
          "customer": null,
          "description": "You bought http://edgarbc2d4a485.test.gumroad.com:31337/l/y",
          "destination": null,
          "dispute": null,
          "disputed": false,
          "failure_balance_transaction": null,
          "failure_code": null,
          "failure_message": null,
          "fraud_details": {},
          "invoice": null,
          "livemode": false,
          "metadata": {
            "purchase": "bEtKQ3Zu9SgNopem0-ZywA=="
          },
          "on_behalf_of": null,
          "order": null,
          "outcome": {
            "network_status": "approved_by_network",
            "reason": null,
            "risk_level": "normal",
            "risk_score": 40,
            "seller_message": "Payment complete.",
            "type": "authorized"
          },
          "paid": true,
          "payment_intent": "pi_2Om2sV9e1RjUNIyY0dceBlFO",
          "payment_method": "pm_0Om2sV9e1RjUNIyY6grm8WgG",
          "payment_method_details": {
            "card": {
              "amount_authorized": 100,
              "brand": "visa",
              "checks": {
                "address_line1_check": null,
                "address_postal_code_check": null,
                "cvc_check": "pass"
              },
              "country": "US",
              "exp_month": 12,
              "exp_year": 2024,
              "extended_authorization": {
                "status": "disabled"
              },
              "fingerprint": "W691J2Ye3VDoq6Ij",
              "funding": "credit",
              "incremental_authorization": {
                "status": "unavailable"
              },
              "installments": null,
              "last4": "4242",
              "mandate": null,
              "multicapture": {
                "status": "unavailable"
              },
              "network": "visa",
              "network_token": {
                "used": false
              },
              "overcapture": {
                "maximum_amount_capturable": 100,
                "status": "unavailable"
              },
              "three_d_secure": null,
              "wallet": null
            },
            "type": "card"
          },
          "radar_options": {},
          "receipt_email": null,
          "receipt_number": null,
          "receipt_url": "https://pay.stripe.com/receipts/payment/CAcaIgogOWUxUmpVTkl5WUdwQTlDZmgzUm1ReHhUemIxYWFrcEUowe_UrgYyBq0HozpEezosFl8IXu4oREk4W3WTgdD2kJNNtbhKY2hkVzAZDjvaArdBexmRZ8oRCGfquCo",
          "refunded": false,
          "review": null,
          "shipping": null,
          "source": null,
          "source_transfer": null,
          "statement_descriptor": null,
          "statement_descriptor_suffix": "edgarbc2d4a485",
          "status": "succeeded",
          "transfer_data": null,
          "transfer_group": "7"
        }
  recorded_at: Tue, 20 Feb 2024 11:37:35 GMT
- request:
    method: get
    uri: https://api.stripe.com/v1/charges/ch_2Om2sV9e1RjUNIyY0bcCoRqu?expand%5B%5D=application_fee.balance_transaction&expand%5B%5D=balance_transaction
    body:
      encoding: US-ASCII
      string: ''
    headers:
      User-Agent:
      - Stripe/v1 RubyBindings/10.9.0
      Authorization:
      - Bearer sk_test_4MnOc1f1gf16nKP6dyvP4TAD
      Content-Type:
      - application/x-www-form-urlencoded
      X-Stripe-Client-Telemetry:
      - '{"last_request_metrics":{"request_id":"req_w99jtnjtP87WRv","request_duration_ms":615}}'
      Stripe-Version:
      - '2023-10-16'
      X-Stripe-Client-User-Agent:
      - '{"bindings_version":"10.9.0","lang":"ruby","lang_version":"3.2.2 p53 (2023-03-30)","platform":"arm64-darwin22","engine":"ruby","publisher":"stripe","uname":"Darwin
        Curtiss-MacBook-Pro.local 22.3.0 Darwin Kernel Version 22.3.0: Mon Jan 30
        20:38:37 PST 2023; root:xnu-8792.81.3~2/RELEASE_ARM64_T6000 arm64","hostname":"Curtiss-MacBook-Pro.local"}'
      Accept-Encoding:
      - gzip;q=1.0,deflate;q=0.6,identity;q=0.3
      Accept:
      - "*/*"
  response:
    status:
      code: 200
      message: OK
    headers:
      Server:
      - nginx
      Date:
      - Tue, 20 Feb 2024 23:37:37 GMT
      Content-Type:
      - application/json
      Content-Length:
      - '3484'
      Connection:
      - keep-alive
      Access-Control-Allow-Credentials:
      - 'true'
      Access-Control-Allow-Methods:
      - GET,HEAD,PUT,PATCH,POST,DELETE
      Access-Control-Allow-Origin:
      - "*"
      Access-Control-Expose-Headers:
      - Request-Id, Stripe-Manage-Version, Stripe-Should-Retry, X-Stripe-External-Auth-Required,
        X-Stripe-Privileged-Session-Required
      Access-Control-Max-Age:
      - '300'
      Cache-Control:
      - no-cache, no-store
      Content-Security-Policy:
      - report-uri https://q.stripe.com/csp-report?p=v1%2Fcharges%2F%3Acharge; block-all-mixed-content;
        default-src 'none'; base-uri 'none'; form-action 'none'; frame-ancestors 'none';
        img-src 'self'; script-src 'self' 'report-sample'; style-src 'self'
      Request-Id:
      - req_55KyUVOngTBlzI
      Stripe-Version:
      - '2023-10-16'
      Vary:
      - Origin
      X-Stripe-Routing-Context-Priority-Tier:
      - api-testmode
      Strict-Transport-Security:
      - max-age=63072000; includeSubDomains; preload
    body:
      encoding: UTF-8
      string: |-
        {
          "id": "ch_2Om2sV9e1RjUNIyY0bcCoRqu",
          "object": "charge",
          "amount": 100,
          "amount_captured": 100,
          "amount_refunded": 0,
          "amount_updates": [],
          "application": null,
          "application_fee": null,
          "application_fee_amount": null,
          "balance_transaction": {
            "id": "txn_2Om2sV9e1RjUNIyY0fYGDHPV",
            "object": "balance_transaction",
            "amount": 100,
            "available_on": 1708560000,
            "created": 1708472256,
            "currency": "usd",
            "description": "You bought http://edgarbc2d4a485.test.gumroad.com:31337/l/y",
            "exchange_rate": null,
            "fee": 10,
            "fee_details": [
              {
                "amount": 10,
                "application": null,
                "currency": "usd",
                "description": "Stripe processing fees",
                "type": "stripe_fee"
              }
            ],
            "net": 90,
            "reporting_category": "charge",
            "source": "ch_2Om2sV9e1RjUNIyY0bcCoRqu",
            "status": "pending",
            "type": "charge"
          },
          "billing_details": {
            "address": {
              "city": null,
              "country": null,
              "line1": null,
              "line2": null,
              "postal_code": null,
              "state": null
            },
            "email": null,
            "name": null,
            "phone": null
          },
          "calculated_statement_descriptor": "GUMRD.COM* EDGARBC2D4A",
          "captured": true,
          "created": 1708472256,
          "currency": "usd",
          "customer": null,
          "description": "You bought http://edgarbc2d4a485.test.gumroad.com:31337/l/y",
          "destination": null,
          "dispute": null,
          "disputed": false,
          "failure_balance_transaction": null,
          "failure_code": null,
          "failure_message": null,
          "fraud_details": {},
          "invoice": null,
          "livemode": false,
          "metadata": {
            "purchase": "bEtKQ3Zu9SgNopem0-ZywA=="
          },
          "on_behalf_of": null,
          "order": null,
          "outcome": {
            "network_status": "approved_by_network",
            "reason": null,
            "risk_level": "normal",
            "risk_score": 40,
            "seller_message": "Payment complete.",
            "type": "authorized"
          },
          "paid": true,
          "payment_intent": "pi_2Om2sV9e1RjUNIyY0dceBlFO",
          "payment_method": "pm_0Om2sV9e1RjUNIyY6grm8WgG",
          "payment_method_details": {
            "card": {
              "amount_authorized": 100,
              "brand": "visa",
              "checks": {
                "address_line1_check": null,
                "address_postal_code_check": null,
                "cvc_check": "pass"
              },
              "country": "US",
              "exp_month": 12,
              "exp_year": 2024,
              "extended_authorization": {
                "status": "disabled"
              },
              "fingerprint": "W691J2Ye3VDoq6Ij",
              "funding": "credit",
              "incremental_authorization": {
                "status": "unavailable"
              },
              "installments": null,
              "last4": "4242",
              "mandate": null,
              "multicapture": {
                "status": "unavailable"
              },
              "network": "visa",
              "network_token": {
                "used": false
              },
              "overcapture": {
                "maximum_amount_capturable": 100,
                "status": "unavailable"
              },
              "three_d_secure": null,
              "wallet": null
            },
            "type": "card"
          },
          "radar_options": {},
          "receipt_email": null,
          "receipt_number": null,
          "receipt_url": "https://pay.stripe.com/receipts/payment/CAcaIgogOWUxUmpVTkl5WUdwQTlDZmgzUm1ReHhUemIxYWFrcEUowe_UrgYyBn0c6986MTosFosooPp6rWPg2cyJXR8kCwAH6QWZVxCHWe6Xh_sul2B-F2sQP1_C1m7tcRk",
          "refunded": false,
          "review": null,
          "shipping": null,
          "source": null,
          "source_transfer": null,
          "statement_descriptor": null,
          "statement_descriptor_suffix": "edgarbc2d4a485",
          "status": "succeeded",
          "transfer_data": null,
          "transfer_group": "7"
        }
  recorded_at: Tue, 20 Feb 2024 23:37:37 GMT
- request:
    method: get
    uri: https://api.stripe.com/v1/charges/ch_2Om2sV9e1RjUNIyY0bcCoRqu
    body:
      encoding: US-ASCII
      string: ''
    headers:
      User-Agent:
      - Stripe/v1 RubyBindings/10.9.0
      Authorization:
      - Bearer sk_test_4MnOc1f1gf16nKP6dyvP4TAD
      Content-Type:
      - application/x-www-form-urlencoded
      X-Stripe-Client-Telemetry:
      - '{"last_request_metrics":{"request_id":"req_55KyUVOngTBlzI","request_duration_ms":204}}'
      Stripe-Version:
      - '2023-10-16'
      X-Stripe-Client-User-Agent:
      - '{"bindings_version":"10.9.0","lang":"ruby","lang_version":"3.2.2 p53 (2023-03-30)","platform":"arm64-darwin22","engine":"ruby","publisher":"stripe","uname":"Darwin
        Curtiss-MacBook-Pro.local 22.3.0 Darwin Kernel Version 22.3.0: Mon Jan 30
        20:38:37 PST 2023; root:xnu-8792.81.3~2/RELEASE_ARM64_T6000 arm64","hostname":"Curtiss-MacBook-Pro.local"}'
      Accept-Encoding:
      - gzip;q=1.0,deflate;q=0.6,identity;q=0.3
      Accept:
      - "*/*"
  response:
    status:
      code: 200
      message: OK
    headers:
      Server:
      - nginx
      Date:
      - Tue, 20 Feb 2024 23:37:37 GMT
      Content-Type:
      - application/json
      Content-Length:
      - '2863'
      Connection:
      - keep-alive
      Access-Control-Allow-Credentials:
      - 'true'
      Access-Control-Allow-Methods:
      - GET,HEAD,PUT,PATCH,POST,DELETE
      Access-Control-Allow-Origin:
      - "*"
      Access-Control-Expose-Headers:
      - Request-Id, Stripe-Manage-Version, Stripe-Should-Retry, X-Stripe-External-Auth-Required,
        X-Stripe-Privileged-Session-Required
      Access-Control-Max-Age:
      - '300'
      Cache-Control:
      - no-cache, no-store
      Content-Security-Policy:
      - report-uri https://q.stripe.com/csp-report?p=v1%2Fcharges%2F%3Acharge; block-all-mixed-content;
        default-src 'none'; base-uri 'none'; form-action 'none'; frame-ancestors 'none';
        img-src 'self'; script-src 'self' 'report-sample'; style-src 'self'
      Request-Id:
      - req_59Ukhem0OkXHUq
      Stripe-Version:
      - '2023-10-16'
      Vary:
      - Origin
      X-Stripe-Routing-Context-Priority-Tier:
      - api-testmode
      Strict-Transport-Security:
      - max-age=63072000; includeSubDomains; preload
    body:
      encoding: UTF-8
      string: |-
        {
          "id": "ch_2Om2sV9e1RjUNIyY0bcCoRqu",
          "object": "charge",
          "amount": 100,
          "amount_captured": 100,
          "amount_refunded": 0,
          "amount_updates": [],
          "application": null,
          "application_fee": null,
          "application_fee_amount": null,
          "balance_transaction": "txn_2Om2sV9e1RjUNIyY0fYGDHPV",
          "billing_details": {
            "address": {
              "city": null,
              "country": null,
              "line1": null,
              "line2": null,
              "postal_code": null,
              "state": null
            },
            "email": null,
            "name": null,
            "phone": null
          },
          "calculated_statement_descriptor": "GUMRD.COM* EDGARBC2D4A",
          "captured": true,
          "created": 1708472256,
          "currency": "usd",
          "customer": null,
          "description": "You bought http://edgarbc2d4a485.test.gumroad.com:31337/l/y",
          "destination": null,
          "dispute": null,
          "disputed": false,
          "failure_balance_transaction": null,
          "failure_code": null,
          "failure_message": null,
          "fraud_details": {},
          "invoice": null,
          "livemode": false,
          "metadata": {
            "purchase": "bEtKQ3Zu9SgNopem0-ZywA=="
          },
          "on_behalf_of": null,
          "order": null,
          "outcome": {
            "network_status": "approved_by_network",
            "reason": null,
            "risk_level": "normal",
            "risk_score": 40,
            "seller_message": "Payment complete.",
            "type": "authorized"
          },
          "paid": true,
          "payment_intent": "pi_2Om2sV9e1RjUNIyY0dceBlFO",
          "payment_method": "pm_0Om2sV9e1RjUNIyY6grm8WgG",
          "payment_method_details": {
            "card": {
              "amount_authorized": 100,
              "brand": "visa",
              "checks": {
                "address_line1_check": null,
                "address_postal_code_check": null,
                "cvc_check": "pass"
              },
              "country": "US",
              "exp_month": 12,
              "exp_year": 2024,
              "extended_authorization": {
                "status": "disabled"
              },
              "fingerprint": "W691J2Ye3VDoq6Ij",
              "funding": "credit",
              "incremental_authorization": {
                "status": "unavailable"
              },
              "installments": null,
              "last4": "4242",
              "mandate": null,
              "multicapture": {
                "status": "unavailable"
              },
              "network": "visa",
              "network_token": {
                "used": false
              },
              "overcapture": {
                "maximum_amount_capturable": 100,
                "status": "unavailable"
              },
              "three_d_secure": null,
              "wallet": null
            },
            "type": "card"
          },
          "radar_options": {},
          "receipt_email": null,
          "receipt_number": null,
          "receipt_url": "https://pay.stripe.com/receipts/payment/CAcaIgogOWUxUmpVTkl5WUdwQTlDZmgzUm1ReHhUemIxYWFrcEUowe_UrgYyBku_HT3uFjosFsZCW5yCnkUiMSnNogLCOgc8PAfMfG_OS352H5c5-NmMrvei3Kk_kDWdmrU",
          "refunded": false,
          "review": null,
          "shipping": null,
          "source": null,
          "source_transfer": null,
          "statement_descriptor": null,
          "statement_descriptor_suffix": "edgarbc2d4a485",
          "status": "succeeded",
          "transfer_data": null,
          "transfer_group": "7"
        }
  recorded_at: Tue, 20 Feb 2024 23:37:37 GMT
- request:
    method: post
    uri: https://api.stripe.com/v1/refunds
    body:
      encoding: UTF-8
      string: charge=ch_2Om2sV9e1RjUNIyY0bcCoRqu
    headers:
      User-Agent:
      - Stripe/v1 RubyBindings/10.9.0
      Authorization:
      - Bearer sk_test_4MnOc1f1gf16nKP6dyvP4TAD
      Content-Type:
      - application/x-www-form-urlencoded
      X-Stripe-Client-Telemetry:
      - '{"last_request_metrics":{"request_id":"req_59Ukhem0OkXHUq","request_duration_ms":177}}'
      Idempotency-Key:
      - 677b07be-d501-4313-a6b9-9bf3d828098e
      Stripe-Version:
      - '2023-10-16'
      X-Stripe-Client-User-Agent:
      - '{"bindings_version":"10.9.0","lang":"ruby","lang_version":"3.2.2 p53 (2023-03-30)","platform":"arm64-darwin22","engine":"ruby","publisher":"stripe","uname":"Darwin
        Curtiss-MacBook-Pro.local 22.3.0 Darwin Kernel Version 22.3.0: Mon Jan 30
        20:38:37 PST 2023; root:xnu-8792.81.3~2/RELEASE_ARM64_T6000 arm64","hostname":"Curtiss-MacBook-Pro.local"}'
      Accept-Encoding:
      - gzip;q=1.0,deflate;q=0.6,identity;q=0.3
      Accept:
      - "*/*"
  response:
    status:
      code: 200
      message: OK
    headers:
      Server:
      - nginx
      Date:
      - Tue, 20 Feb 2024 23:37:38 GMT
      Content-Type:
      - application/json
      Content-Length:
      - '614'
      Connection:
      - keep-alive
      Access-Control-Allow-Credentials:
      - 'true'
      Access-Control-Allow-Methods:
      - GET,HEAD,PUT,PATCH,POST,DELETE
      Access-Control-Allow-Origin:
      - "*"
      Access-Control-Expose-Headers:
      - Request-Id, Stripe-Manage-Version, Stripe-Should-Retry, X-Stripe-External-Auth-Required,
        X-Stripe-Privileged-Session-Required
      Access-Control-Max-Age:
      - '300'
      Cache-Control:
      - no-cache, no-store
      Content-Security-Policy:
      - report-uri https://q.stripe.com/csp-report?p=v1%2Frefunds; block-all-mixed-content;
        default-src 'none'; base-uri 'none'; form-action 'none'; frame-ancestors 'none';
        img-src 'self'; script-src 'self' 'report-sample'; style-src 'self'
      Idempotency-Key:
      - 677b07be-d501-4313-a6b9-9bf3d828098e
      Original-Request:
      - req_YK32u4ioWHeAwn
      Request-Id:
      - req_YK32u4ioWHeAwn
      Stripe-Should-Retry:
      - 'false'
      Stripe-Version:
      - '2023-10-16'
      Vary:
      - Origin
      X-Stripe-Routing-Context-Priority-Tier:
      - api-testmode
      Strict-Transport-Security:
      - max-age=63072000; includeSubDomains; preload
    body:
      encoding: UTF-8
      string: |-
        {
          "id": "re_2Om2sV9e1RjUNIyY0NLQuy7u",
          "object": "refund",
          "amount": 100,
          "balance_transaction": "txn_2Om2sV9e1RjUNIyY078oIua2",
          "charge": "ch_2Om2sV9e1RjUNIyY0bcCoRqu",
          "created": 1708472258,
          "currency": "usd",
          "destination_details": {
            "card": {
              "reference_status": "pending",
              "reference_type": "acquirer_reference_number",
              "type": "refund"
            },
            "type": "card"
          },
          "metadata": {},
          "payment_intent": "pi_2Om2sV9e1RjUNIyY0dceBlFO",
          "reason": null,
          "receipt_number": null,
          "source_transfer_reversal": null,
          "status": "succeeded",
          "transfer_reversal": null
        }
  recorded_at: Tue, 20 Feb 2024 23:37:38 GMT
- request:
    method: get
    uri: https://api.stripe.com/v1/refunds/re_2Om2sV9e1RjUNIyY0NLQuy7u?expand%5B%5D=balance_transaction
    body:
      encoding: US-ASCII
      string: ''
    headers:
      User-Agent:
      - Stripe/v1 RubyBindings/10.9.0
      Authorization:
      - Bearer sk_test_4MnOc1f1gf16nKP6dyvP4TAD
      Content-Type:
      - application/x-www-form-urlencoded
      X-Stripe-Client-Telemetry:
      - '{"last_request_metrics":{"request_id":"req_YK32u4ioWHeAwn","request_duration_ms":1011}}'
      Stripe-Version:
      - '2023-10-16'
      X-Stripe-Client-User-Agent:
      - '{"bindings_version":"10.9.0","lang":"ruby","lang_version":"3.2.2 p53 (2023-03-30)","platform":"arm64-darwin22","engine":"ruby","publisher":"stripe","uname":"Darwin
        Curtiss-MacBook-Pro.local 22.3.0 Darwin Kernel Version 22.3.0: Mon Jan 30
        20:38:37 PST 2023; root:xnu-8792.81.3~2/RELEASE_ARM64_T6000 arm64","hostname":"Curtiss-MacBook-Pro.local"}'
      Accept-Encoding:
      - gzip;q=1.0,deflate;q=0.6,identity;q=0.3
      Accept:
      - "*/*"
  response:
    status:
      code: 200
      message: OK
    headers:
      Server:
      - nginx
      Date:
      - Tue, 20 Feb 2024 23:37:39 GMT
      Content-Type:
      - application/json
      Content-Length:
      - '1265'
      Connection:
      - keep-alive
      Access-Control-Allow-Credentials:
      - 'true'
      Access-Control-Allow-Methods:
      - GET,HEAD,PUT,PATCH,POST,DELETE
      Access-Control-Allow-Origin:
      - "*"
      Access-Control-Expose-Headers:
      - Request-Id, Stripe-Manage-Version, Stripe-Should-Retry, X-Stripe-External-Auth-Required,
        X-Stripe-Privileged-Session-Required
      Access-Control-Max-Age:
      - '300'
      Cache-Control:
      - no-cache, no-store
      Content-Security-Policy:
      - report-uri https://q.stripe.com/csp-report?p=v1%2Frefunds%2F%3Arefund; block-all-mixed-content;
        default-src 'none'; base-uri 'none'; form-action 'none'; frame-ancestors 'none';
        img-src 'self'; script-src 'self' 'report-sample'; style-src 'self'
      Request-Id:
      - req_2fv2CHqPTVlwvR
      Stripe-Version:
      - '2023-10-16'
      Vary:
      - Origin
      X-Stripe-Routing-Context-Priority-Tier:
      - api-testmode
      Strict-Transport-Security:
      - max-age=63072000; includeSubDomains; preload
    body:
      encoding: UTF-8
      string: |-
        {
          "id": "re_2Om2sV9e1RjUNIyY0NLQuy7u",
          "object": "refund",
          "amount": 100,
          "balance_transaction": {
            "id": "txn_2Om2sV9e1RjUNIyY078oIua2",
            "object": "balance_transaction",
            "amount": -100,
            "available_on": 1708560000,
            "created": 1708472258,
            "currency": "usd",
            "description": "REFUND FOR CHARGE (You bought http://edgarbc2d4a485.test.gumroad.com:31337/l/y)",
            "exchange_rate": null,
            "fee": -10,
            "fee_details": [
              {
                "amount": -10,
                "application": null,
                "currency": "usd",
                "description": "Stripe processing fee refund",
                "type": "stripe_fee"
              }
            ],
            "net": -90,
            "reporting_category": "refund",
            "source": "re_2Om2sV9e1RjUNIyY0NLQuy7u",
            "status": "pending",
            "type": "refund"
          },
          "charge": "ch_2Om2sV9e1RjUNIyY0bcCoRqu",
          "created": 1708472258,
          "currency": "usd",
          "destination_details": {
            "card": {
              "reference_status": "pending",
              "reference_type": "acquirer_reference_number",
              "type": "refund"
            },
            "type": "card"
          },
          "metadata": {},
          "payment_intent": "pi_2Om2sV9e1RjUNIyY0dceBlFO",
          "reason": null,
          "receipt_number": null,
          "source_transfer_reversal": null,
          "status": "succeeded",
          "transfer_reversal": null
        }
  recorded_at: Tue, 20 Feb 2024 23:37:39 GMT
- request:
    method: get
    uri: https://api.stripe.com/v1/charges/ch_2Om2sV9e1RjUNIyY0bcCoRqu?expand%5B%5D=application_fee.refunds.data.balance_transaction&expand%5B%5D=balance_transaction
    body:
      encoding: US-ASCII
      string: ''
    headers:
      User-Agent:
      - Stripe/v1 RubyBindings/10.9.0
      Authorization:
      - Bearer sk_test_4MnOc1f1gf16nKP6dyvP4TAD
      Content-Type:
      - application/x-www-form-urlencoded
      X-Stripe-Client-Telemetry:
      - '{"last_request_metrics":{"request_id":"req_2fv2CHqPTVlwvR","request_duration_ms":188}}'
      Stripe-Version:
      - '2023-10-16'
      X-Stripe-Client-User-Agent:
      - '{"bindings_version":"10.9.0","lang":"ruby","lang_version":"3.2.2 p53 (2023-03-30)","platform":"arm64-darwin22","engine":"ruby","publisher":"stripe","uname":"Darwin
        Curtiss-MacBook-Pro.local 22.3.0 Darwin Kernel Version 22.3.0: Mon Jan 30
        20:38:37 PST 2023; root:xnu-8792.81.3~2/RELEASE_ARM64_T6000 arm64","hostname":"Curtiss-MacBook-Pro.local"}'
      Accept-Encoding:
      - gzip;q=1.0,deflate;q=0.6,identity;q=0.3
      Accept:
      - "*/*"
  response:
    status:
      code: 200
      message: OK
    headers:
      Server:
      - nginx
      Date:
      - Tue, 20 Feb 2024 23:37:39 GMT
      Content-Type:
      - application/json
      Content-Length:
      - '3485'
      Connection:
      - keep-alive
      Access-Control-Allow-Credentials:
      - 'true'
      Access-Control-Allow-Methods:
      - GET,HEAD,PUT,PATCH,POST,DELETE
      Access-Control-Allow-Origin:
      - "*"
      Access-Control-Expose-Headers:
      - Request-Id, Stripe-Manage-Version, Stripe-Should-Retry, X-Stripe-External-Auth-Required,
        X-Stripe-Privileged-Session-Required
      Access-Control-Max-Age:
      - '300'
      Cache-Control:
      - no-cache, no-store
      Content-Security-Policy:
      - report-uri https://q.stripe.com/csp-report?p=v1%2Fcharges%2F%3Acharge; block-all-mixed-content;
        default-src 'none'; base-uri 'none'; form-action 'none'; frame-ancestors 'none';
        img-src 'self'; script-src 'self' 'report-sample'; style-src 'self'
      Request-Id:
      - req_LEmg44unzyYVWa
      Stripe-Version:
      - '2023-10-16'
      Vary:
      - Origin
      X-Stripe-Routing-Context-Priority-Tier:
      - api-testmode
      Strict-Transport-Security:
      - max-age=63072000; includeSubDomains; preload
    body:
      encoding: UTF-8
      string: |-
        {
          "id": "ch_2Om2sV9e1RjUNIyY0bcCoRqu",
          "object": "charge",
          "amount": 100,
          "amount_captured": 100,
          "amount_refunded": 100,
          "amount_updates": [],
          "application": null,
          "application_fee": null,
          "application_fee_amount": null,
          "balance_transaction": {
            "id": "txn_2Om2sV9e1RjUNIyY0fYGDHPV",
            "object": "balance_transaction",
            "amount": 100,
            "available_on": 1708560000,
            "created": 1708472256,
            "currency": "usd",
            "description": "You bought http://edgarbc2d4a485.test.gumroad.com:31337/l/y",
            "exchange_rate": null,
            "fee": 10,
            "fee_details": [
              {
                "amount": 10,
                "application": null,
                "currency": "usd",
                "description": "Stripe processing fees",
                "type": "stripe_fee"
              }
            ],
            "net": 90,
            "reporting_category": "charge",
            "source": "ch_2Om2sV9e1RjUNIyY0bcCoRqu",
            "status": "pending",
            "type": "charge"
          },
          "billing_details": {
            "address": {
              "city": null,
              "country": null,
              "line1": null,
              "line2": null,
              "postal_code": null,
              "state": null
            },
            "email": null,
            "name": null,
            "phone": null
          },
          "calculated_statement_descriptor": "GUMRD.COM* EDGARBC2D4A",
          "captured": true,
          "created": 1708472256,
          "currency": "usd",
          "customer": null,
          "description": "You bought http://edgarbc2d4a485.test.gumroad.com:31337/l/y",
          "destination": null,
          "dispute": null,
          "disputed": false,
          "failure_balance_transaction": null,
          "failure_code": null,
          "failure_message": null,
          "fraud_details": {},
          "invoice": null,
          "livemode": false,
          "metadata": {
            "purchase": "bEtKQ3Zu9SgNopem0-ZywA=="
          },
          "on_behalf_of": null,
          "order": null,
          "outcome": {
            "network_status": "approved_by_network",
            "reason": null,
            "risk_level": "normal",
            "risk_score": 40,
            "seller_message": "Payment complete.",
            "type": "authorized"
          },
          "paid": true,
          "payment_intent": "pi_2Om2sV9e1RjUNIyY0dceBlFO",
          "payment_method": "pm_0Om2sV9e1RjUNIyY6grm8WgG",
          "payment_method_details": {
            "card": {
              "amount_authorized": 100,
              "brand": "visa",
              "checks": {
                "address_line1_check": null,
                "address_postal_code_check": null,
                "cvc_check": "pass"
              },
              "country": "US",
              "exp_month": 12,
              "exp_year": 2024,
              "extended_authorization": {
                "status": "disabled"
              },
              "fingerprint": "W691J2Ye3VDoq6Ij",
              "funding": "credit",
              "incremental_authorization": {
                "status": "unavailable"
              },
              "installments": null,
              "last4": "4242",
              "mandate": null,
              "multicapture": {
                "status": "unavailable"
              },
              "network": "visa",
              "network_token": {
                "used": false
              },
              "overcapture": {
                "maximum_amount_capturable": 100,
                "status": "unavailable"
              },
              "three_d_secure": null,
              "wallet": null
            },
            "type": "card"
          },
          "radar_options": {},
          "receipt_email": null,
          "receipt_number": null,
          "receipt_url": "https://pay.stripe.com/receipts/payment/CAcaIgogOWUxUmpVTkl5WUdwQTlDZmgzUm1ReHhUemIxYWFrcEUow-_UrgYyBhSTcLXVvzosFr9Z-mF8AH8UD2KFPFb_NKQHt3jSXerrma6QtmJgXQ_RGu7K5u4cJAttMKo",
          "refunded": true,
          "review": null,
          "shipping": null,
          "source": null,
          "source_transfer": null,
          "statement_descriptor": null,
          "statement_descriptor_suffix": "edgarbc2d4a485",
          "status": "succeeded",
          "transfer_data": null,
          "transfer_group": "7"
        }
  recorded_at: Tue, 20 Feb 2024 23:37:39 GMT
recorded_with: VCR 6.2.0
