---
http_interactions:
- request:
    method: post
    uri: https://api.sandbox.paypal.com/v1/oauth2/token
    body:
      encoding: UTF-8
      string: grant_type=client_credentials
    headers:
      Accept:
      - application/json
      Accept-Language:
      - en_US
      Accept-Encoding:
      - gzip;q=1.0,deflate;q=0.6,identity;q=0.3
      User-Agent:
      - Ruby
      Authorization:
      - Basic QWFEdkxJeUYwVFRlVUJqUEIwM3BBVkdjRFM1S0JNenFkcktyNU9VRXN2TWdBNnM5czNTNHdaY1U0cm1VUDI0WjczeEk2eHRlY2I2MjVibDY6RVBMQ2dJOE9CY2g2RzUyeHRTeHNBSVVDbGdobVJqZ3o2T2FvNndmT1RXMGtZN3F1UXFCa1ZsT3c0RFdqU2NlWnNQQ0x4OWczSEEyOFhUbzU=
  response:
    status:
      code: 200
      message: OK
    headers:
      Content-Type:
      - application/json
      Content-Length:
      - '1723'
      Connection:
      - keep-alive
      Date:
      - Thu, 09 Jan 2025 04:03:37 GMT
      Access-Control-Expose-Headers:
      - Server-Timing
      Cache-Control:
      - max-age=0, no-cache, no-store, must-revalidate
      Paypal-Debug-Id:
      - 8d088dc21d7e9
      Pragma:
      - no-cache
      Server-Timing:
      - traceparent;desc="00-00000000000000000008d088dc21d7e9-b88fb1d607a5aea7-01"
      Traceparent:
      - 00-00000000000000000008d088dc21d7e9-7dd93299de64d3f2-01
      Vary:
      - Accept-Encoding
      X-Paypal-Token-Service:
      - IAAS
      Http-X-Pp-Az-Locator:
      - ccg18.slc
      Strict-Transport-Security:
      - max-age=31536000; includeSubDomains
    body:
      encoding: UTF-8
      string: '{"scope":"https://uri.paypal.com/services/customer/partner-referrals/readwrite
        https://uri.paypal.com/services/payments/partnerfee https://uri.paypal.com/services/invoicing
        https://uri.paypal.com/services/payments/futurepayments https://uri.paypal.com/services/payments/realtimepayment
        https://uri.paypal.com/services/customer/onboarding/user https://api.paypal.com/v1/vault/credit-card
        https://api.paypal.com/v1/payments/.* https://uri.paypal.com/services/payments/referenced-payouts-items/readwrite
        https://uri.paypal.com/services/reporting/search/read https://uri.paypal.com/services/customer/partner
        https://uri.paypal.com/services/customer/merchant-integrations/read https://uri.paypal.com/services/applications/webhooks
        https://uri.paypal.com/services/disputes/update-seller https://uri.paypal.com/services/payments/payment/authcapture
        openid https://uri.paypal.com/services/disputes/read-seller https://uri.paypal.com/services/payments/refund
        https://uri.paypal.com/services/risk/raas/transaction-context https://uri.paypal.com/services/customer/consumer-referrals/create
        https://uri.paypal.com/services/partners/merchant-accounts/readwrite https://uri.paypal.com/services/identity/grantdelegation
        https://uri.paypal.com/services/customer/onboarding/account https://uri.paypal.com/payments/payouts
        https://uri.paypal.com/services/customer/onboarding/sessions https://api.paypal.com/v1/vault/credit-card/.*
        https://uri.paypal.com/services/subscriptions","access_token":"A21AAIkW3jBqGTJIimJhz0QN06v6K2aarMax-SLWSJnW-uEMLbTDqqTR2jqXSfpUGPJ_2CrqlsBe7px0Gp-AO5vtzVKDgsIdg","token_type":"Bearer","app_id":"APP-80W284485P519543T","expires_in":32400,"nonce":"2025-01-09T04:03:37ZVqeLqqn9NfsugQqu2CNL7w4fHxERox3JXhdhlWYfnRU"}'
  recorded_at: Thu, 09 Jan 2025 04:03:37 GMT
- request:
    method: post
    uri: https://api.sandbox.paypal.com/v2/checkout/orders
    body:
      encoding: UTF-8
      string: '{"intent":"CAPTURE","purchase_units":[{"amount":{"currency_code":"gbp","value":"7.97","breakdown":{"shipping":{"currency_code":"GBP","value":"0.0"},"tax_total":{"currency_code":"GBP","value":"1.44"},"item_total":{"currency_code":"GBP","value":"6.53"}}},"payee":{"merchant_id":"CJS32DZ7NDN5L"},"items":[{"name":"The
        Works of Edgar Gumstein","unit_amount":{"currency_code":"GBP","value":"6.53"},"quantity":1,"sku":"a"}],"soft_descriptor":"edgar78188e3d1","payment_instruction":{"platform_fees":[{"amount":{"currency_code":"GBP","value":"2.41"},"payee":{"email_address":"paypal-api-facilitator@gumroad.com"}}]},"invoice_id":"G_-mnBf9b1j9A7a4ub4nFQ=="}],"application_context":{"brand_name":"Gumroad","shipping_preference":"NO_SHIPPING"}}'
    headers:
      Accept:
      - application/json
      Accept-Language:
      - en_US
      Authorization:
      - Bearer A21AAIkW3jBqGTJIimJhz0QN06v6K2aarMax-SLWSJnW-uEMLbTDqqTR2jqXSfpUGPJ_2CrqlsBe7px0Gp-AO5vtzVKDgsIdg
      Content-Type:
      - application/json
      Paypal-Partner-Attribution-Id:
      - Gumroad_SP_PCPP
      Paypal-Request-Id:
      - '1736395417488698'
      Prefer:
      - return=representation
      Accept-Encoding:
      - gzip
      Sdk-Name:
      - Checkout SDK
      Sdk-Version:
      - 1.0.4
      Sdk-Tech-Stack:
      - Ruby3.3.4
      Api-Integration-Type:
      - PAYPALSDK
      User-Agent:
      - PayPalSDK/rest-sdk-ruby 1.0.4 (paypal-checkout-sdk 1.0.4; ruby 3.3.4p94-arm64-darwin22;OpenSSL
        3.3.1 4 Jun 2024)
  response:
    status:
      code: 201
      message: Created
    headers:
      Content-Type:
      - application/json
      Content-Length:
      - '1255'
      Connection:
      - keep-alive
      Date:
      - Thu, 09 Jan 2025 04:03:38 GMT
      Access-Control-Expose-Headers:
      - Server-Timing
      Application-Id:
      - APP-80W284485P519543T
      Cache-Control:
      - max-age=0, no-cache, no-store, must-revalidate
      Caller-Acct-Num:
      - HU29XVVCZXNFN
      Paypal-Debug-Id:
      - b84e42379fa51
      Server-Timing:
      - traceparent;desc="00-0000000000000000000b84e42379fa51-166df0ba9b5ea07c-01"
      Traceparent:
      - 00-0000000000000000000b84e42379fa51-6e905e605b7b462e-01
      Vary:
      - Accept-Encoding
      Http-X-Pp-Az-Locator:
      - ccg18.slc
      Strict-Transport-Security:
      - max-age=31536000; includeSubDomains
    body:
      encoding: UTF-8
      string: '{"id":"3U678678AD891893A","intent":"CAPTURE","status":"CREATED","purchase_units":[{"reference_id":"default","amount":{"currency_code":"GBP","value":"7.97","breakdown":{"item_total":{"currency_code":"GBP","value":"6.53"},"shipping":{"currency_code":"GBP","value":"0.00"},"tax_total":{"currency_code":"GBP","value":"1.44"}}},"payee":{"merchant_id":"CJS32DZ7NDN5L","display_data":{"brand_name":"Gumroad"}},"payment_instruction":{"platform_fees":[{"amount":{"currency_code":"GBP","value":"2.41"},"payee":{"email_address":"paypal-api-facilitator@gumroad.com"}}]},"invoice_id":"G_-mnBf9b1j9A7a4ub4nFQ==","soft_descriptor":"edgar78188e3d1","items":[{"name":"The
        Works of Edgar Gumstein","unit_amount":{"currency_code":"GBP","value":"6.53"},"quantity":"1","sku":"a"}]}],"create_time":"2025-01-09T04:03:38Z","links":[{"href":"https://api.sandbox.paypal.com/v2/checkout/orders/3U678678AD891893A","rel":"self","method":"GET"},{"href":"https://www.sandbox.paypal.com/checkoutnow?token=3U678678AD891893A","rel":"approve","method":"GET"},{"href":"https://api.sandbox.paypal.com/v2/checkout/orders/3U678678AD891893A","rel":"update","method":"PATCH"},{"href":"https://api.sandbox.paypal.com/v2/checkout/orders/3U678678AD891893A/capture","rel":"capture","method":"POST"}]}'
  recorded_at: Thu, 09 Jan 2025 04:03:38 GMT
- request:
    method: post
    uri: https://api.sandbox.paypal.com/v2/checkout/orders/3U678678AD891893A/capture
    body:
      encoding: UTF-8
      string: '{"payment_source":{"token":{"id":"B-8AM85704X2276171X","type":"BILLING_AGREEMENT"}}}'
    headers:
      Accept:
      - application/json
      Accept-Language:
      - en_US
      Authorization:
      - Bearer A21AAIkW3jBqGTJIimJhz0QN06v6K2aarMax-SLWSJnW-uEMLbTDqqTR2jqXSfpUGPJ_2CrqlsBe7px0Gp-AO5vtzVKDgsIdg
      Content-Type:
      - application/json
      Paypal-Partner-Attribution-Id:
      - Gumroad_SP_PCPP
      Paypal-Request-Id:
      - capture-3U678678AD891893A
      Prefer:
      - return=representation
      Accept-Encoding:
      - gzip
      Sdk-Name:
      - Checkout SDK
      Sdk-Version:
      - 1.0.4
      Sdk-Tech-Stack:
      - Ruby3.3.4
      Api-Integration-Type:
      - PAYPALSDK
      User-Agent:
      - PayPalSDK/rest-sdk-ruby 1.0.4 (paypal-checkout-sdk 1.0.4; ruby 3.3.4p94-arm64-darwin22;OpenSSL
        3.3.1 4 Jun 2024)
  response:
    status:
      code: 201
      message: Created
    headers:
      Content-Type:
      - application/json
      Content-Length:
      - '2841'
      Connection:
      - keep-alive
      Date:
      - Thu, 09 Jan 2025 04:03:41 GMT
      Access-Control-Expose-Headers:
      - Server-Timing
      Application-Id:
      - APP-80W284485P519543T
      Cache-Control:
      - max-age=0, no-cache, no-store, must-revalidate
      Caller-Acct-Num:
      - HU29XVVCZXNFN
      Paypal-Debug-Id:
      - d43eef6c47b05
      Server-Timing:
      - traceparent;desc="00-0000000000000000000d43eef6c47b05-55619773e059bcda-01"
      Traceparent:
      - 00-0000000000000000000d43eef6c47b05-3bd7125610a48b24-01
      Vary:
      - Accept-Encoding
      Http-X-Pp-Az-Locator:
      - ccg18.slc
      Strict-Transport-Security:
      - max-age=31536000; includeSubDomains
    body:
      encoding: UTF-8
      string: '{"id":"3U678678AD891893A","intent":"CAPTURE","status":"COMPLETED","payment_source":{"paypal":{"email_address":"paypal-gr-integspecs@gumroad.com","account_id":"92SVVJSWYT72E","account_status":"VERIFIED","name":{"given_name":"Gumbot","surname":"Gumstein"},"address":{"address_line_1":"1
        Main St","admin_area_2":"San Jose","admin_area_1":"CA","postal_code":"95131","country_code":"US"}}},"purchase_units":[{"reference_id":"default","amount":{"currency_code":"GBP","value":"7.97","breakdown":{"item_total":{"currency_code":"GBP","value":"6.53"},"shipping":{"currency_code":"GBP","value":"0.00"},"handling":{"currency_code":"GBP","value":"0.00"},"tax_total":{"currency_code":"GBP","value":"1.44"},"insurance":{"currency_code":"GBP","value":"0.00"},"shipping_discount":{"currency_code":"GBP","value":"0.00"}}},"payee":{"merchant_id":"CJS32DZ7NDN5L","display_data":{"brand_name":"Gumroad"}},"payment_instruction":{"platform_fees":[{"amount":{"currency_code":"GBP","value":"2.41"},"payee":{"email_address":"paypal-api-facilitator@gumroad.com","merchant_id":"HU29XVVCZXNFN"}}]},"description":"The
        Works of Edgar Gumstein","invoice_id":"G_-mnBf9b1j9A7a4ub4nFQ==","items":[{"name":"The
        Works of Edgar Gumstein","unit_amount":{"currency_code":"GBP","value":"6.53"},"tax":{"currency_code":"GBP","value":"0.00"},"quantity":"1","sku":"a"}],"shipping":{},"payments":{"captures":[{"id":"2N471174LA006020G","status":"COMPLETED","amount":{"currency_code":"GBP","value":"7.97"},"final_capture":true,"disbursement_mode":"INSTANT","seller_protection":{"status":"ELIGIBLE","dispute_categories":["ITEM_NOT_RECEIVED","UNAUTHORIZED_TRANSACTION"]},"seller_receivable_breakdown":{"gross_amount":{"currency_code":"GBP","value":"7.97"},"paypal_fee":{"currency_code":"GBP","value":"0.51"},"platform_fees":[{"amount":{"currency_code":"GBP","value":"2.41"},"payee":{"merchant_id":"HU29XVVCZXNFN"}}],"net_amount":{"currency_code":"GBP","value":"5.05"}},"invoice_id":"G_-mnBf9b1j9A7a4ub4nFQ==","links":[{"href":"https://api.sandbox.paypal.com/v2/payments/captures/2N471174LA006020G","rel":"self","method":"GET"},{"href":"https://api.sandbox.paypal.com/v2/payments/captures/2N471174LA006020G/refund","rel":"refund","method":"POST"},{"href":"https://api.sandbox.paypal.com/v2/checkout/orders/3U678678AD891893A","rel":"up","method":"GET"}],"create_time":"2025-01-09T04:03:40Z","update_time":"2025-01-09T04:03:40Z"}]}}],"payer":{"name":{"given_name":"Gumbot","surname":"Gumstein"},"email_address":"paypal-gr-integspecs@gumroad.com","payer_id":"92SVVJSWYT72E","address":{"address_line_1":"1
        Main St","admin_area_2":"San Jose","admin_area_1":"CA","postal_code":"95131","country_code":"US"}},"create_time":"2025-01-09T04:03:38Z","update_time":"2025-01-09T04:03:40Z","links":[{"href":"https://api.sandbox.paypal.com/v2/checkout/orders/3U678678AD891893A","rel":"self","method":"GET"}]}'
  recorded_at: Thu, 09 Jan 2025 04:03:41 GMT
recorded_with: VCR 6.2.0
